Clock: clk_i
Sources: clk_i 
Generated: no
Virtual: yes
Propagated: no
Period: 100.000000

===========================================================================
report_clock_properties
============================================================================
Clock                   Period          Waveform
----------------------------------------------------
clk_i               100.000000    0.000000 50.000000

===========================================================================
report_clock_latency
============================================================================
Clock clk_i
rise -> rise
    min     max
0.000000 0.000000 source latency
1.901218         network latency _61011_/CLK
        2.161590 network latency _61885_/CLK
---------------
1.901218 2.161590 latency
        0.260372 skew

fall -> fall
    min     max
0.000000 0.000000 source latency
1.785129         network latency _61690_/CLK
        2.006864 network latency _61885_/CLK
---------------
1.785129 2.006864 latency
        0.221736 skew



===========================================================================
report_clock_min_period
============================================================================
clk_i period_min = 13.80 fmax = 72.45
