Clock: clk_i
Sources: clk_i 
Generated: no
Virtual: yes
Propagated: no
Period: 50.000000

===========================================================================
report_clock_properties
============================================================================
Clock                   Period          Waveform
----------------------------------------------------
clk_i                50.000000    0.000000 25.000000

===========================================================================
report_clock_latency
============================================================================
Clock clk_i
rise -> rise
    min     max
0.000000 0.000000 source latency
1.663006         network latency _61789_/CLK
        1.977378 network latency _61386_/CLK
---------------
1.663006 1.977378 latency
        0.314372 skew

fall -> fall
    min     max
0.000000 0.000000 source latency
1.534119         network latency _61788_/CLK
        1.852392 network latency _61027_/CLK
---------------
1.534119 1.852392 latency
        0.318273 skew



===========================================================================
report_clock_min_period
============================================================================
clk_i period_min = 14.11 fmax = 70.86
