┏━━━━━━━━━━━━━━━━━━━━━━┳━━━━━━━━━━┳━━━━━━━━━━┳━━━━━━━━━━┳━━━━━━━━━━┳━━━━━━━━━━━┳━━━━━━━━━━┳━━━━━━━━━━━┳━━━━━━━━━━┳━━━━━━━━━━━┳━━━━━━━━━━┳━━━━━━━━━━━┳━━━━━━━━━━┓
┃                      ┃ Hold     ┃ Reg to   ┃          ┃          ┃ of which  ┃ Setup    ┃           ┃          ┃           ┃ of which ┃           ┃          ┃
┃                      ┃ Worst    ┃ Reg      ┃          ┃ Hold Vio ┃ reg to    ┃ Worst    ┃ Reg to    ┃ Setup    ┃ Setup Vio ┃ reg to   ┃ Max Cap   ┃ Max Slew ┃
┃ Corner/Group         ┃ Slack    ┃ Paths    ┃ Hold TNS ┃ Count    ┃ reg       ┃ Slack    ┃ Reg Paths ┃ TNS      ┃ Count     ┃ reg      ┃ Violatio… ┃ Violati… ┃
┡━━━━━━━━━━━━━━━━━━━━━━╇━━━━━━━━━━╇━━━━━━━━━━╇━━━━━━━━━━╇━━━━━━━━━━╇━━━━━━━━━━━╇━━━━━━━━━━╇━━━━━━━━━━━╇━━━━━━━━━━╇━━━━━━━━━━━╇━━━━━━━━━━╇━━━━━━━━━━━╇━━━━━━━━━━┩
│ Overall              │ 0.0661   │ 0.0662   │ 0.0000   │ 0        │ 0         │ 20.8615  │ 38.7692   │ 0.0000   │ 0         │ 0        │ 0         │ 591      │
│ nom_tt_025C_5v00     │ 0.2776   │ 0.2776   │ 0.0000   │ 0        │ 0         │ 24.9329  │ 43.9504   │ 0.0000   │ 0         │ 0        │ 0         │ 0        │
│ nom_ss_125C_4v50     │ 0.7601   │ 0.7601   │ 0.0000   │ 0        │ 0         │ 21.0817  │ 39.1481   │ 0.0000   │ 0         │ 0        │ 0         │ 79       │
│ nom_ff_n40C_5v50     │ 0.0677   │ 0.0677   │ 0.0000   │ 0        │ 0         │ 26.6715  │ 46.0641   │ 0.0000   │ 0         │ 0        │ 0         │ 0        │
│ min_tt_025C_5v00     │ 0.2799   │ 0.2799   │ 0.0000   │ 0        │ 0         │ 25.0354  │ 44.1298   │ 0.0000   │ 0         │ 0        │ 0         │ 0        │
│ min_ss_125C_4v50     │ 0.7645   │ 0.7645   │ 0.0000   │ 0        │ 0         │ 21.2596  │ 39.4634   │ 0.0000   │ 0         │ 0        │ 0         │ 17       │
│ min_ff_n40C_5v50     │ 0.0689   │ 0.0689   │ 0.0000   │ 0        │ 0         │ 26.7378  │ 46.1848   │ 0.0000   │ 0         │ 0        │ 0         │ 0        │
│ max_tt_025C_5v00     │ 0.2746   │ 0.2746   │ 0.0000   │ 0        │ 0         │ 24.8079  │ 43.7311   │ 0.0000   │ 0         │ 0        │ 0         │ 0        │
│ max_ss_125C_4v50     │ 0.7543   │ 0.7543   │ 0.0000   │ 0        │ 0         │ 20.8615  │ 38.7692   │ 0.0000   │ 0         │ 0        │ 0         │ 591      │
│ max_ff_n40C_5v50     │ 0.0661   │ 0.0662   │ 0.0000   │ 0        │ 0         │ 26.5897  │ 45.9190   │ 0.0000   │ 0         │ 0        │ 0         │ 0        │
└──────────────────────┴──────────┴──────────┴──────────┴──────────┴───────────┴──────────┴───────────┴──────────┴───────────┴──────────┴───────────┴──────────┘
