Clock: clk_i
Sources: clk_i 
Generated: no
Virtual: yes
Propagated: no
Period: 50.000000

===========================================================================
report_clock_properties
============================================================================
Clock                   Period          Waveform
----------------------------------------------------
clk_i                50.000000    0.000000 25.000000

===========================================================================
report_clock_latency
============================================================================
Clock clk_i
rise -> rise
    min     max
0.000000 0.000000 source latency
1.669801         network latency _61894_/CLK
        2.009660 network latency _56712_/CLK
---------------
1.669801 2.009660 latency
        0.339859 skew

fall -> fall
    min     max
0.000000 0.000000 source latency
1.499822         network latency _61894_/CLK
        1.873792 network latency _56712_/CLK
---------------
1.499822 1.873792 latency
        0.373969 skew



===========================================================================
report_clock_min_period
============================================================================
clk_i period_min = 13.52 fmax = 73.97
