
===========================================================================
 report_power
============================================================================
======================= nom_ff_n40C_5v50 Corner ===================================

Group                    Internal    Switching      Leakage        Total
                            Power        Power        Power        Power (Watts)
------------------------------------------------------------------------
Sequential           7.261147e-02 3.973788e-06 2.787535e-06 7.261822e-02  52.2%
Combinational        1.909031e-04 4.437380e-04 4.337595e-06 6.389786e-04   0.5%
Clock                3.605618e-02 2.973494e-02 2.434849e-06 6.579355e-02  47.3%
Macro                0.000000e+00 0.000000e+00 0.000000e+00 0.000000e+00   0.0%
Pad                  0.000000e+00 0.000000e+00 0.000000e+00 0.000000e+00   0.0%
------------------------------------------------------------------------
Total                1.088585e-01 3.018264e-02 9.558563e-06 1.390507e-01 100.0%
                            78.3%        21.7%         0.0%

