
===========================================================================
report_checks -unconstrained
===========================================================================
======================= max_ss_125C_4v50 Corner ===================================

Startpoint: rst_ni (input port clocked by clk_i)
Endpoint: _59087_ (recovery check against rising-edge clock clk_i)
Path Group: asynchronous
Path Type: max
Corner: max_ss_125C_4v50

Fanout         Cap        Slew       Delay        Time   Description
---------------------------------------------------------------------------------------------
                                  0.000000    0.000000   clock clk_i (rise edge)
                                  0.000000    0.000000   clock network delay (propagated)
                                 10.000000   10.000000 ^ input external delay
     1    0.005554    0.239338    0.088986   10.088986 ^ rst_ni (in)
                                                         rst_ni (net)
                      0.239338    0.000000   10.088986 ^ input3/I (gf180mcu_fd_sc_mcu7t5v0__buf_1)
     1    0.052289    1.512789    1.137337   11.226323 ^ input3/Z (gf180mcu_fd_sc_mcu7t5v0__buf_1)
                                                         net3 (net)
                      1.512789    0.001044   11.227366 ^ wire1596/I (gf180mcu_fd_sc_mcu7t5v0__buf_4)
     2    0.108462    0.805420    0.781422   12.008789 ^ wire1596/Z (gf180mcu_fd_sc_mcu7t5v0__buf_4)
                                                         net1596 (net)
                      0.805435    0.001876   12.010665 ^ fanout1534/I (gf180mcu_fd_sc_mcu7t5v0__dlyb_1)
     6    0.096905    2.723974    3.201540   15.212205 ^ fanout1534/Z (gf180mcu_fd_sc_mcu7t5v0__dlyb_1)
                                                         net1534 (net)
                      2.723974    0.001792   15.213998 ^ wire1535/I (gf180mcu_fd_sc_mcu7t5v0__buf_4)
     4    0.100467    0.764838    0.763748   15.977746 ^ wire1535/Z (gf180mcu_fd_sc_mcu7t5v0__buf_4)
                                                         net1535 (net)
                      0.764840    0.001743   15.979488 ^ fanout1458/I (gf180mcu_fd_sc_mcu7t5v0__dlyb_1)
     8    0.092414    2.602242    3.129781   19.109270 ^ fanout1458/Z (gf180mcu_fd_sc_mcu7t5v0__dlyb_1)
                                                         net1458 (net)
                      2.602242    0.001604   19.110874 ^ fanout1456/I (gf180mcu_fd_sc_mcu7t5v0__dlyb_1)
     5    0.053583    1.555588    2.514574   21.625446 ^ fanout1456/Z (gf180mcu_fd_sc_mcu7t5v0__dlyb_1)
                                                         net1456 (net)
                      1.555588    0.000950   21.626398 ^ fanout1455/I (gf180mcu_fd_sc_mcu7t5v0__dlyb_1)
    10    0.100767    2.827079    3.274799   24.901196 ^ fanout1455/Z (gf180mcu_fd_sc_mcu7t5v0__dlyb_1)
                                                         net1455 (net)
                      2.827079    0.001746   24.902943 ^ fanout1453/I (gf180mcu_fd_sc_mcu7t5v0__dlyb_1)
    10    0.093672    2.636045    3.125905   28.028847 ^ fanout1453/Z (gf180mcu_fd_sc_mcu7t5v0__dlyb_1)
                                                         net1453 (net)
                      2.636045    0.001737   28.030584 ^ load_slew1454/I (gf180mcu_fd_sc_mcu7t5v0__buf_4)
     7    0.063534    0.521622    0.620226   28.650810 ^ load_slew1454/Z (gf180mcu_fd_sc_mcu7t5v0__buf_4)
                                                         net1454 (net)
                      0.521623    0.001195   28.652006 ^ _59087_/RN (gf180mcu_fd_sc_mcu7t5v0__dffrnq_1)
                                             28.652006   data arrival time

                                 50.000000   50.000000   clock clk_i (rise edge)
                                  0.000000   50.000000   clock source latency
     2    0.186239    1.323224    0.732857   50.732857 ^ clk_i (in)
                                                         clk_i (net)
                      1.323224    0.000000   50.732857 ^ delaybuf_2_clk_i/I (gf180mcu_fd_sc_mcu7t5v0__clkbuf_16)
     1    0.060542    0.247649    0.659259   51.392117 ^ delaybuf_2_clk_i/Z (gf180mcu_fd_sc_mcu7t5v0__clkbuf_16)
                                                         delaynet_2_clk_i (net)
                      0.247652    0.001407   51.393520 ^ delaybuf_3_clk_i/I (gf180mcu_fd_sc_mcu7t5v0__clkbuf_16)
     1    0.062279    0.223110    0.468766   51.862289 ^ delaybuf_3_clk_i/Z (gf180mcu_fd_sc_mcu7t5v0__clkbuf_16)
                                                         delaynet_3_clk_i (net)
                      0.223112    0.001435   51.863724 ^ delaybuf_4_clk_i/I (gf180mcu_fd_sc_mcu7t5v0__clkbuf_16)
     1    0.060176    0.219848    0.460805   52.324528 ^ delaybuf_4_clk_i/Z (gf180mcu_fd_sc_mcu7t5v0__clkbuf_16)
                                                         delaynet_4_clk_i (net)
                      0.219850    0.001396   52.325924 ^ clkbuf_regs_0_clk_i/I (gf180mcu_fd_sc_mcu7t5v0__clkbuf_16)
     1    0.025818    0.167300    0.418996   52.744923 ^ clkbuf_regs_0_clk_i/Z (gf180mcu_fd_sc_mcu7t5v0__clkbuf_16)
                                                         clk_i_regs (net)
                      0.167301    0.000817   52.745739 ^ clkbuf_0_clk_i_regs/I (gf180mcu_fd_sc_mcu7t5v0__clkbuf_16)
     8    0.236757    0.496923    0.638352   53.384090 ^ clkbuf_0_clk_i_regs/Z (gf180mcu_fd_sc_mcu7t5v0__clkbuf_16)
                                                         clknet_0_clk_i_regs (net)
                      0.496938    0.004178   53.388268 ^ clkbuf_3_4_0_clk_i_regs/I (gf180mcu_fd_sc_mcu7t5v0__clkbuf_8)
     2    0.062379    0.315268    0.584588   53.972855 ^ clkbuf_3_4_0_clk_i_regs/Z (gf180mcu_fd_sc_mcu7t5v0__clkbuf_8)
                                                         clknet_3_4_0_clk_i_regs (net)
                      0.315269    0.001435   53.974293 ^ clkbuf_4_9__f_clk_i_regs/I (gf180mcu_fd_sc_mcu7t5v0__clkbuf_16)
    10    0.159065    0.374396    0.592785   54.567078 ^ clkbuf_4_9__f_clk_i_regs/Z (gf180mcu_fd_sc_mcu7t5v0__clkbuf_16)
                                                         clknet_4_9__leaf_clk_i_regs (net)
                      0.374437    0.002871   54.569946 ^ clkbuf_leaf_123_clk_i_regs/I (gf180mcu_fd_sc_mcu7t5v0__clkbuf_8)
    11    0.057183    0.297187    0.546020   55.115967 ^ clkbuf_leaf_123_clk_i_regs/Z (gf180mcu_fd_sc_mcu7t5v0__clkbuf_8)
                                                         clknet_leaf_123_clk_i_regs (net)
                      0.297187    0.001023   55.116989 ^ _59087_/CLK (gf180mcu_fd_sc_mcu7t5v0__dffrnq_1)
                                 -0.250000   54.866989   clock uncertainty
                                  0.000000   54.866989   clock reconvergence pessimism
                                  0.436403   55.303394   library recovery time
                                             55.303394   data required time
---------------------------------------------------------------------------------------------
                                             55.303394   data required time
                                            -28.652006   data arrival time
---------------------------------------------------------------------------------------------
                                             26.651388   slack (MET)


Startpoint: _60499_ (falling edge-triggered flip-flop clocked by clk_i)
Endpoint: spi_flash_sd_io_OUT[3] (output port clocked by clk_i)
Path Group: clk_i
Path Type: max
Corner: max_ss_125C_4v50

Fanout         Cap        Slew       Delay        Time   Description
---------------------------------------------------------------------------------------------
                                 25.000000   25.000000   clock clk_i (fall edge)
                                  0.000000   25.000000   clock source latency
     2    0.186239    0.771979    0.452815   25.452814 v clk_i (in)
                                                         clk_i (net)
                      0.771979    0.000000   25.452814 v delaybuf_2_clk_i/I (gf180mcu_fd_sc_mcu7t5v0__clkbuf_16)
     1    0.060542    0.227336    0.620870   26.073685 v delaybuf_2_clk_i/Z (gf180mcu_fd_sc_mcu7t5v0__clkbuf_16)
                                                         delaynet_2_clk_i (net)
                      0.227338    0.001405   26.075090 v delaybuf_3_clk_i/I (gf180mcu_fd_sc_mcu7t5v0__clkbuf_16)
     1    0.062279    0.218906    0.466692   26.541780 v delaybuf_3_clk_i/Z (gf180mcu_fd_sc_mcu7t5v0__clkbuf_16)
                                                         delaynet_3_clk_i (net)
                      0.218908    0.001434   26.543215 v delaybuf_4_clk_i/I (gf180mcu_fd_sc_mcu7t5v0__clkbuf_16)
     1    0.060176    0.215759    0.461506   27.004721 v delaybuf_4_clk_i/Z (gf180mcu_fd_sc_mcu7t5v0__clkbuf_16)
                                                         delaynet_4_clk_i (net)
                      0.215762    0.001398   27.006119 v clkbuf_regs_0_clk_i/I (gf180mcu_fd_sc_mcu7t5v0__clkbuf_16)
     1    0.025818    0.162735    0.416238   27.422358 v clkbuf_regs_0_clk_i/Z (gf180mcu_fd_sc_mcu7t5v0__clkbuf_16)
                                                         clk_i_regs (net)
                      0.162736    0.000817   27.423174 v clkbuf_0_clk_i_regs/I (gf180mcu_fd_sc_mcu7t5v0__clkbuf_16)
     8    0.236757    0.485600    0.646843   28.070017 v clkbuf_0_clk_i_regs/Z (gf180mcu_fd_sc_mcu7t5v0__clkbuf_16)
                                                         clknet_0_clk_i_regs (net)
                      0.485718    0.004178   28.074194 v clkbuf_3_0_0_clk_i_regs/I (gf180mcu_fd_sc_mcu7t5v0__clkbuf_8)
     2    0.072611    0.370762    0.659005   28.733200 v clkbuf_3_0_0_clk_i_regs/Z (gf180mcu_fd_sc_mcu7t5v0__clkbuf_8)
                                                         clknet_3_0_0_clk_i_regs (net)
                      0.370762    0.001606   28.734806 v clkbuf_4_1__f_clk_i_regs/I (gf180mcu_fd_sc_mcu7t5v0__clkbuf_16)
    10    0.170557    0.386535    0.638948   29.373755 v clkbuf_4_1__f_clk_i_regs/Z (gf180mcu_fd_sc_mcu7t5v0__clkbuf_16)
                                                         clknet_4_1__leaf_clk_i_regs (net)
                      0.386545    0.003061   29.376814 v clkbuf_leaf_21_clk_i_regs/I (gf180mcu_fd_sc_mcu7t5v0__clkbuf_8)
    11    0.052105    0.300648    0.578666   29.955481 v clkbuf_leaf_21_clk_i_regs/Z (gf180mcu_fd_sc_mcu7t5v0__clkbuf_8)
                                                         clknet_leaf_21_clk_i_regs (net)
                      0.300648    0.000938   29.956419 v _60499_/CLKN (gf180mcu_fd_sc_mcu7t5v0__dffnq_1)
     1    0.004613    0.259894    1.427736   31.384155 ^ _60499_/Q (gf180mcu_fd_sc_mcu7t5v0__dffnq_1)
                                                         i_core_v_mini_mcu.ao_peripheral_subsystem_i.spi_subsystem_i.obi_spimemio_i.spimemio_i.xfer_io3_90 (net)
                      0.259894    0.000149   31.384304 ^ _33096_/A2 (gf180mcu_fd_sc_mcu7t5v0__nor2_1)
     1    0.007918    0.603703    0.276916   31.661221 v _33096_/ZN (gf180mcu_fd_sc_mcu7t5v0__nor2_1)
                                                         _10537_ (net)
                      0.603703    0.000217   31.661438 v _33098_/A2 (gf180mcu_fd_sc_mcu7t5v0__oai21_1)
     1    0.050903    3.011080    1.857519   33.518955 ^ _33098_/ZN (gf180mcu_fd_sc_mcu7t5v0__oai21_1)
                                                         i_core_v_mini_mcu.ao_peripheral_subsystem_i.spi_subsystem_i.obi_spimemio_i.flash_io3_do_o (net)
                      3.011080    0.000909   33.519867 ^ _61285_/I (gf180mcu_fd_sc_mcu7t5v0__buf_1)
     1    0.003908    0.277220    0.490363   34.010227 ^ _61285_/Z (gf180mcu_fd_sc_mcu7t5v0__buf_1)
                                                         net22 (net)
                      0.277220    0.000114   34.010342 ^ output22/I (gf180mcu_fd_sc_mcu7t5v0__dlyb_1)
     1    0.072910    2.145078    2.778442   36.788784 ^ output22/Z (gf180mcu_fd_sc_mcu7t5v0__dlyb_1)
                                                         spi_flash_sd_io_OUT[3] (net)
                      2.145078    0.000000   36.788784 ^ spi_flash_sd_io_OUT[3] (out)
                                             36.788784   data arrival time

                                 50.000000   50.000000   clock clk_i (rise edge)
                                  0.000000   50.000000   clock network delay (propagated)
                                 -0.250000   49.749996   clock uncertainty
                                  0.000000   49.749996   clock reconvergence pessimism
                                -10.000000   39.749996   output external delay
                                             39.749996   data required time
---------------------------------------------------------------------------------------------
                                             39.749996   data required time
                                            -36.788784   data arrival time
---------------------------------------------------------------------------------------------
                                              2.961212   slack (MET)




===========================================================================
report_checks --slack_max -0.01
============================================================================
======================= max_ss_125C_4v50 Corner ===================================

No paths found.


===========================================================================
 report_check_types -max_slew -max_cap -max_fanout -violators
============================================================================
======================= max_ss_125C_4v50 Corner ===================================

max slew

Pin                                        Limit        Slew       Slack
------------------------------------------------------------------------
_31718_/ZN                              4.000000    5.312000   -1.312000 (VIOLATED)
_31720_/A1                              4.000000    5.312000   -1.312000 (VIOLATED)
_36574_/I                               4.000000    5.312000   -1.312000 (VIOLATED)
_47504_/A1                              4.000000    5.312000   -1.312000 (VIOLATED)
max_cap265/I                            4.000000    5.312000   -1.312000 (VIOLATED)
_43394_/ZN                              4.000000    5.110250   -1.110250 (VIOLATED)
_43396_/A1                              4.000000    5.110250   -1.110250 (VIOLATED)
_43505_/A1                              4.000000    5.110250   -1.110250 (VIOLATED)
max_cap180/I                            4.000000    5.110250   -1.110250 (VIOLATED)
_41616_/ZN                              4.000000    5.051933   -1.051933 (VIOLATED)
_41617_/A2                              4.000000    5.051933   -1.051933 (VIOLATED)
_41680_/A2                              4.000000    5.051933   -1.051933 (VIOLATED)
_42092_/A1                              4.000000    5.051933   -1.051933 (VIOLATED)
_42150_/A1                              4.000000    5.051933   -1.051933 (VIOLATED)
_42205_/A1                              4.000000    5.051933   -1.051933 (VIOLATED)
_42263_/A1                              4.000000    5.051933   -1.051933 (VIOLATED)
_42322_/A2                              4.000000    5.051933   -1.051933 (VIOLATED)
_42377_/A2                              4.000000    5.051933   -1.051933 (VIOLATED)
_42435_/A2                              4.000000    5.051933   -1.051933 (VIOLATED)
max_cap1011/I                           4.000000    5.051933   -1.051933 (VIOLATED)
_43295_/ZN                              4.000000    4.863294   -0.863294 (VIOLATED)
_45424_/A1                              4.000000    4.863294   -0.863294 (VIOLATED)
max_cap121/I                            4.000000    4.863294   -0.863294 (VIOLATED)
_42404_/ZN                              4.000000    4.855164   -0.855164 (VIOLATED)
_42425_/A2                              4.000000    4.855164   -0.855164 (VIOLATED)
_42430_/A2                              4.000000    4.855164   -0.855164 (VIOLATED)
_42440_/A1                              4.000000    4.855164   -0.855164 (VIOLATED)
_42445_/A1                              4.000000    4.855164   -0.855164 (VIOLATED)
_42471_/A2                              4.000000    4.855164   -0.855164 (VIOLATED)
_42477_/A2                              4.000000    4.855164   -0.855164 (VIOLATED)
_42482_/A2                              4.000000    4.855164   -0.855164 (VIOLATED)
_42487_/A2                              4.000000    4.855164   -0.855164 (VIOLATED)
max_cap541/I                            4.000000    4.855164   -0.855164 (VIOLATED)
_43415_/ZN                              4.000000    4.834657   -0.834657 (VIOLATED)
_43416_/A2                              4.000000    4.834657   -0.834657 (VIOLATED)
_43733_/A2                              4.000000    4.834657   -0.834657 (VIOLATED)
max_cap160/I                            4.000000    4.834657   -0.834657 (VIOLATED)
_43409_/ZN                              4.000000    4.824333   -0.824333 (VIOLATED)
_43411_/A1                              4.000000    4.824333   -0.824333 (VIOLATED)
_43511_/A1                              4.000000    4.824333   -0.824333 (VIOLATED)
wire177/I                               4.000000    4.824333   -0.824333 (VIOLATED)
_43319_/ZN                              4.000000    4.803246   -0.803246 (VIOLATED)
_43321_/A1                              4.000000    4.803246   -0.803246 (VIOLATED)
_43463_/A1                              4.000000    4.803246   -0.803246 (VIOLATED)
_45580_/A1                              4.000000    4.803246   -0.803246 (VIOLATED)
_45653_/A1                              4.000000    4.803246   -0.803246 (VIOLATED)
max_cap191/I                            4.000000    4.803246   -0.803246 (VIOLATED)
_43399_/ZN                              4.000000    4.452238   -0.452237 (VIOLATED)
_43728_/A1                              4.000000    4.452238   -0.452237 (VIOLATED)
_43801_/A1                              4.000000    4.452238   -0.452237 (VIOLATED)
load_slew179/I                          4.000000    4.452238   -0.452237 (VIOLATED)
_43270_/ZN                              4.000000    4.151401   -0.151401 (VIOLATED)
_45485_/A1                              4.000000    4.151401   -0.151401 (VIOLATED)
wire128/I                               4.000000    4.151401   -0.151401 (VIOLATED)
_42221_/ZN                              4.000000    4.119520   -0.119520 (VIOLATED)
_42243_/A2                              4.000000    4.119520   -0.119520 (VIOLATED)
_42248_/A2                              4.000000    4.119520   -0.119520 (VIOLATED)
_42253_/A1                              4.000000    4.119520   -0.119520 (VIOLATED)
_42258_/A1                              4.000000    4.119520   -0.119520 (VIOLATED)
_42268_/A1                              4.000000    4.119520   -0.119520 (VIOLATED)
_42273_/A1                              4.000000    4.119520   -0.119520 (VIOLATED)
_42278_/A1                              4.000000    4.119520   -0.119520 (VIOLATED)
_42283_/A1                              4.000000    4.119520   -0.119520 (VIOLATED)
max_cap543/I                            4.000000    4.119520   -0.119520 (VIOLATED)
_40683_/ZN                              4.000000    4.099820   -0.099820 (VIOLATED)
_41207_/A1                              4.000000    4.099820   -0.099820 (VIOLATED)
_41263_/A1                              4.000000    4.099820   -0.099820 (VIOLATED)
_41321_/A1                              4.000000    4.099820   -0.099820 (VIOLATED)
_41379_/A2                              4.000000    4.099820   -0.099820 (VIOLATED)
_41436_/A2                              4.000000    4.099820   -0.099820 (VIOLATED)
_41499_/A2                              4.000000    4.099820   -0.099820 (VIOLATED)
_41558_/A2                              4.000000    4.099820   -0.099820 (VIOLATED)
max_cap1021/I                           4.000000    4.099820   -0.099820 (VIOLATED)
_32457_/I                               4.000000    4.064798   -0.064798 (VIOLATED)
_36385_/A2                              4.000000    4.064798   -0.064798 (VIOLATED)
_47445_/A2                              4.000000    4.064798   -0.064798 (VIOLATED)
_55564_/RN                              4.000000    4.064798   -0.064798 (VIOLATED)
_55565_/RN                              4.000000    4.064798   -0.064798 (VIOLATED)
_55566_/RN                              4.000000    4.064798   -0.064798 (VIOLATED)
_59044_/RN                              4.000000    4.064798   -0.064798 (VIOLATED)
_59045_/RN                              4.000000    4.064798   -0.064798 (VIOLATED)
_59046_/RN                              4.000000    4.064798   -0.064798 (VIOLATED)
_59047_/RN                              4.000000    4.064798   -0.064798 (VIOLATED)
_59570_/RN                              4.000000    4.064798   -0.064798 (VIOLATED)
_59571_/RN                              4.000000    4.064798   -0.064798 (VIOLATED)
_59584_/RN                              4.000000    4.064798   -0.064798 (VIOLATED)
_59585_/RN                              4.000000    4.064798   -0.064798 (VIOLATED)
_60501_/SETN                            4.000000    4.064798   -0.064798 (VIOLATED)
_60502_/SETN                            4.000000    4.064798   -0.064798 (VIOLATED)
fanout1300/Z                            4.000000    4.064798   -0.064798 (VIOLATED)

max fanout

Pin                                   Limit Fanout  Slack
---------------------------------------------------------
clkbuf_3_2__f_i_core_v_mini_mcu.memory_subsystem_i.clk_cg/Z     16     21     -5 (VIOLATED)
clkbuf_4_14__f_i_core_v_mini_mcu.cpu_subsystem_i.cpu_0_0.clk_i/Z     16     19     -3 (VIOLATED)
clkbuf_4_15__f_i_core_v_mini_mcu.cpu_subsystem_i.cpu_0_0.clk_i/Z     16     19     -3 (VIOLATED)
clkbuf_4_8__f_i_core_v_mini_mcu.cpu_subsystem_i.cpu_0_0.clk_i/Z     16     19     -3 (VIOLATED)
clkbuf_3_3__f_i_core_v_mini_mcu.memory_subsystem_i.clk_cg/Z     16     18     -2 (VIOLATED)
clkbuf_4_0_0_i_core_v_mini_mcu.cpu_subsystem_i.cpu_1_0.clk_i/Z     16     18     -2 (VIOLATED)
clkbuf_4_2_0_i_core_v_mini_mcu.cpu_subsystem_i.cpu_1_0.clk_i/Z     16     18     -2 (VIOLATED)
clkbuf_4_9__f_i_core_v_mini_mcu.cpu_subsystem_i.cpu_0_0.clk_i/Z     16     18     -2 (VIOLATED)
clkbuf_3_7__f_i_core_v_mini_mcu.memory_subsystem_i.clk_cg/Z     16     17        (VIOLATED)
clkbuf_4_13__f_i_core_v_mini_mcu.cpu_subsystem_i.cpu_0_0.clk_i/Z     16     17        (VIOLATED)
clkbuf_4_3_0_i_core_v_mini_mcu.cpu_subsystem_i.cpu_1_0.clk_i/Z     16     17        (VIOLATED)
clkbuf_4_5_0_i_core_v_mini_mcu.cpu_subsystem_i.cpu_1_0.clk_i/Z     16     17        (VIOLATED)



===========================================================================
report_parasitic_annotation -report_unannotated
============================================================================
Found 571 unannotated drivers.
 spi_flash_cs_o_IN
 spi_flash_sck_o_IN
 status_o_IN[0]
 status_o_IN[1]
 status_o_IN[2]
 status_o_IN[3]
 status_o_IN[4]
 status_o_IN[5]
 status_o_IN[6]
 status_valid_o_IN
 uart_tx_o_IN
 clkload0/ZN
 clkload1/ZN
 clkload10/Z
 clkload100/Z
 clkload101/Z
 clkload102/Z
 clkload103/Z
 clkload104/Z
 clkload105/Z
 clkload106/Z
 clkload107/Z
 clkload108/Z
 clkload109/Z
 clkload11/Z
 clkload110/Z
 clkload111/Z
 clkload112/Z
 clkload113/Z
 clkload114/Z
 clkload115/Z
 clkload116/Z
 clkload117/Z
 clkload118/Z
 clkload119/Z
 clkload12/Z
 clkload120/ZN
 clkload121/ZN
 clkload122/ZN
 clkload123/Z
 clkload124/Z
 clkload125/Z
 clkload126/Z
 clkload127/Z
 clkload128/Z
 clkload129/Z
 clkload13/ZN
 clkload130/Z
 clkload131/Z
 clkload132/Z
 clkload133/Z
 clkload134/Z
 clkload135/Z
 clkload136/Z
 clkload137/Z
 clkload138/Z
 clkload139/Z
 clkload14/Z
 clkload140/Z
 clkload141/Z
 clkload142/Z
 clkload143/Z
 clkload144/Z
 clkload145/Z
 clkload146/Z
 clkload147/Z
 clkload148/Z
 clkload149/Z
 clkload15/ZN
 clkload150/Z
 clkload151/ZN
 clkload152/ZN
 clkload153/ZN
 clkload154/Z
 clkload155/ZN
 clkload156/ZN
 clkload157/ZN
 clkload158/ZN
 clkload159/ZN
 clkload16/Z
 clkload160/ZN
 clkload161/ZN
 clkload162/ZN
 clkload163/ZN
 clkload164/ZN
 clkload165/Z
 clkload166/Z
 clkload167/Z
 clkload168/Z
 clkload169/Z
 clkload17/Z
 clkload170/Z
 clkload171/ZN
 clkload172/Z
 clkload173/Z
 clkload174/Z
 clkload175/Z
 clkload176/Z
 clkload177/ZN
 clkload178/Z
 clkload179/Z
 clkload18/Z
 clkload180/Z
 clkload181/Z
 clkload182/Z
 clkload183/Z
 clkload184/Z
 clkload185/Z
 clkload186/Z
 clkload187/Z
 clkload188/Z
 clkload189/Z
 clkload19/Z
 clkload190/Z
 clkload191/Z
 clkload192/Z
 clkload193/Z
 clkload194/Z
 clkload195/Z
 clkload196/ZN
 clkload197/ZN
 clkload198/ZN
 clkload199/ZN
 clkload2/ZN
 clkload20/Z
 clkload200/ZN
 clkload201/ZN
 clkload202/ZN
 clkload203/ZN
 clkload204/ZN
 clkload205/ZN
 clkload206/ZN
 clkload207/ZN
 clkload208/ZN
 clkload209/ZN
 clkload21/Z
 clkload210/ZN
 clkload211/ZN
 clkload212/Z
 clkload213/ZN
 clkload214/ZN
 clkload215/ZN
 clkload216/ZN
 clkload217/ZN
 clkload218/ZN
 clkload219/Z
 clkload22/Z
 clkload220/ZN
 clkload221/Z
 clkload222/Z
 clkload223/ZN
 clkload224/Z
 clkload225/ZN
 clkload226/Z
 clkload227/ZN
 clkload228/ZN
 clkload229/ZN
 clkload23/ZN
 clkload230/Z
 clkload231/Z
 clkload232/ZN
 clkload233/ZN
 clkload234/ZN
 clkload235/ZN
 clkload236/ZN
 clkload237/ZN
 clkload238/ZN
 clkload239/Z
 clkload24/Z
 clkload240/ZN
 clkload241/Z
 clkload242/Z
 clkload243/ZN
 clkload244/ZN
 clkload245/ZN
 clkload246/Z
 clkload247/Z
 clkload248/ZN
 clkload249/Z
 clkload25/Z
 clkload250/Z
 clkload251/ZN
 clkload252/Z
 clkload253/ZN
 clkload254/ZN
 clkload255/ZN
 clkload256/ZN
 clkload257/ZN
 clkload258/ZN
 clkload259/ZN
 clkload26/Z
 clkload260/ZN
 clkload261/ZN
 clkload262/ZN
 clkload263/ZN
 clkload264/ZN
 clkload265/ZN
 clkload266/ZN
 clkload267/Z
 clkload268/ZN
 clkload269/ZN
 clkload27/Z
 clkload270/ZN
 clkload271/ZN
 clkload272/ZN
 clkload273/ZN
 clkload274/ZN
 clkload275/ZN
 clkload276/ZN
 clkload277/ZN
 clkload278/Z
 clkload279/ZN
 clkload28/ZN
 clkload280/ZN
 clkload281/ZN
 clkload282/ZN
 clkload283/ZN
 clkload284/ZN
 clkload285/Z
 clkload286/Z
 clkload287/ZN
 clkload288/ZN
 clkload289/ZN
 clkload29/Z
 clkload290/ZN
 clkload291/ZN
 clkload292/Z
 clkload293/ZN
 clkload294/ZN
 clkload295/ZN
 clkload296/ZN
 clkload297/ZN
 clkload298/ZN
 clkload299/Z
 clkload3/ZN
 clkload30/Z
 clkload300/ZN
 clkload301/ZN
 clkload302/ZN
 clkload303/Z
 clkload304/Z
 clkload305/ZN
 clkload306/ZN
 clkload307/Z
 clkload308/Z
 clkload309/ZN
 clkload31/Z
 clkload310/Z
 clkload311/ZN
 clkload312/ZN
 clkload313/ZN
 clkload314/Z
 clkload315/ZN
 clkload316/Z
 clkload317/Z
 clkload318/ZN
 clkload319/ZN
 clkload32/ZN
 clkload320/ZN
 clkload321/Z
 clkload322/ZN
 clkload323/ZN
 clkload324/Z
 clkload325/ZN
 clkload326/ZN
 clkload327/ZN
 clkload328/Z
 clkload329/Z
 clkload33/Z
 clkload330/ZN
 clkload331/ZN
 clkload332/ZN
 clkload333/ZN
 clkload334/ZN
 clkload335/ZN
 clkload336/ZN
 clkload337/Z
 clkload338/ZN
 clkload339/ZN
 clkload34/ZN
 clkload340/ZN
 clkload341/ZN
 clkload342/ZN
 clkload343/ZN
 clkload344/ZN
 clkload345/Z
 clkload346/ZN
 clkload347/ZN
 clkload348/ZN
 clkload349/Z
 clkload35/Z
 clkload350/ZN
 clkload351/ZN
 clkload352/ZN
 clkload353/Z
 clkload354/Z
 clkload355/ZN
 clkload356/ZN
 clkload357/ZN
 clkload358/ZN
 clkload359/ZN
 clkload36/Z
 clkload360/Z
 clkload361/Z
 clkload362/ZN
 clkload363/ZN
 clkload364/ZN
 clkload365/Z
 clkload366/Z
 clkload367/Z
 clkload368/Z
 clkload369/Z
 clkload37/Z
 clkload370/Z
 clkload371/Z
 clkload372/ZN
 clkload373/ZN
 clkload374/ZN
 clkload375/ZN
 clkload376/ZN
 clkload377/ZN
 clkload378/ZN
 clkload379/ZN
 clkload38/Z
 clkload380/ZN
 clkload381/ZN
 clkload382/ZN
 clkload383/ZN
 clkload384/ZN
 clkload385/Z
 clkload386/Z
 clkload387/ZN
 clkload388/ZN
 clkload389/Z
 clkload39/Z
 clkload390/Z
 clkload391/Z
 clkload392/ZN
 clkload393/ZN
 clkload394/Z
 clkload395/ZN
 clkload396/ZN
 clkload397/ZN
 clkload398/ZN
 clkload399/ZN
 clkload4/ZN
 clkload40/Z
 clkload400/ZN
 clkload401/ZN
 clkload402/Z
 clkload403/Z
 clkload404/ZN
 clkload405/Z
 clkload406/Z
 clkload407/ZN
 clkload408/Z
 clkload409/Z
 clkload41/Z
 clkload410/Z
 clkload411/ZN
 clkload412/ZN
 clkload413/Z
 clkload414/ZN
 clkload415/Z
 clkload416/Z
 clkload417/ZN
 clkload418/ZN
 clkload419/ZN
 clkload42/Z
 clkload420/ZN
 clkload421/ZN
 clkload422/ZN
 clkload423/ZN
 clkload424/ZN
 clkload425/Z
 clkload426/Z
 clkload427/ZN
 clkload428/Z
 clkload429/ZN
 clkload43/Z
 clkload430/ZN
 clkload431/ZN
 clkload432/Z
 clkload433/ZN
 clkload434/ZN
 clkload435/ZN
 clkload436/ZN
 clkload437/ZN
 clkload438/Z
 clkload439/ZN
 clkload44/Z
 clkload440/ZN
 clkload441/ZN
 clkload442/ZN
 clkload443/ZN
 clkload444/ZN
 clkload445/Z
 clkload446/ZN
 clkload447/Z
 clkload448/Z
 clkload449/Z
 clkload45/Z
 clkload450/ZN
 clkload451/ZN
 clkload452/ZN
 clkload453/Z
 clkload454/Z
 clkload455/Z
 clkload456/Z
 clkload457/ZN
 clkload458/Z
 clkload459/Z
 clkload46/ZN
 clkload460/ZN
 clkload461/ZN
 clkload462/Z
 clkload463/ZN
 clkload464/Z
 clkload465/ZN
 clkload466/Z
 clkload467/Z
 clkload468/Z
 clkload469/ZN
 clkload47/ZN
 clkload470/ZN
 clkload471/ZN
 clkload472/ZN
 clkload473/ZN
 clkload474/ZN
 clkload475/ZN
 clkload476/Z
 clkload477/Z
 clkload478/ZN
 clkload479/ZN
 clkload48/Z
 clkload480/ZN
 clkload481/ZN
 clkload482/ZN
 clkload483/Z
 clkload484/ZN
 clkload485/Z
 clkload486/Z
 clkload487/ZN
 clkload488/Z
 clkload489/ZN
 clkload49/Z
 clkload490/ZN
 clkload491/Z
 clkload492/Z
 clkload493/Z
 clkload494/ZN
 clkload495/Z
 clkload496/ZN
 clkload497/ZN
 clkload498/Z
 clkload499/ZN
 clkload5/Z
 clkload50/Z
 clkload500/ZN
 clkload501/ZN
 clkload502/Z
 clkload503/ZN
 clkload504/ZN
 clkload505/Z
 clkload506/Z
 clkload507/Z
 clkload508/Z
 clkload509/Z
 clkload51/Z
 clkload510/ZN
 clkload511/ZN
 clkload512/ZN
 clkload513/Z
 clkload514/ZN
 clkload515/ZN
 clkload516/ZN
 clkload517/Z
 clkload518/ZN
 clkload519/Z
 clkload52/Z
 clkload520/Z
 clkload521/ZN
 clkload522/ZN
 clkload523/Z
 clkload524/ZN
 clkload525/ZN
 clkload526/ZN
 clkload527/ZN
 clkload528/ZN
 clkload529/Z
 clkload53/Z
 clkload530/ZN
 clkload531/ZN
 clkload532/Z
 clkload533/ZN
 clkload534/Z
 clkload535/ZN
 clkload536/ZN
 clkload537/Z
 clkload538/ZN
 clkload539/Z
 clkload54/ZN
 clkload540/ZN
 clkload541/Z
 clkload542/ZN
 clkload543/Z
 clkload544/Z
 clkload545/Z
 clkload546/Z
 clkload547/ZN
 clkload548/ZN
 clkload549/Z
 clkload55/Z
 clkload550/Z
 clkload551/Z
 clkload552/Z
 clkload553/ZN
 clkload554/Z
 clkload555/Z
 clkload556/ZN
 clkload557/ZN
 clkload558/ZN
 clkload559/ZN
 clkload56/Z
 clkload57/Z
 clkload58/Z
 clkload59/Z
 clkload6/ZN
 clkload60/Z
 clkload61/Z
 clkload62/Z
 clkload63/Z
 clkload64/Z
 clkload65/Z
 clkload66/Z
 clkload67/Z
 clkload68/Z
 clkload69/Z
 clkload7/Z
 clkload70/Z
 clkload71/Z
 clkload72/Z
 clkload73/Z
 clkload74/ZN
 clkload75/ZN
 clkload76/Z
 clkload77/Z
 clkload78/Z
 clkload79/ZN
 clkload8/Z
 clkload80/ZN
 clkload81/Z
 clkload82/Z
 clkload83/Z
 clkload84/Z
 clkload85/Z
 clkload86/Z
 clkload87/Z
 clkload88/Z
 clkload89/Z
 clkload9/Z
 clkload90/Z
 clkload91/Z
 clkload92/Z
 clkload93/Z
 clkload94/Z
 clkload95/Z
 clkload96/Z
 clkload97/Z
 clkload98/Z
 clkload99/Z
Found 145 partially unannotated drivers.
 mosaic_block_a/ZN
 mosaic_block_a_1604/ZN
 mosaic_block_a_1605/ZN
 mosaic_block_a_1606/ZN
 mosaic_block_a_1607/ZN
 mosaic_block_a_1608/ZN
 mosaic_block_a_1609/ZN
 mosaic_block_a_1610/ZN
 mosaic_block_a_1611/ZN
 mosaic_block_a_1612/ZN
 mosaic_block_a_1613/ZN
 mosaic_block_a_1614/ZN
 mosaic_block_a_1615/ZN
 mosaic_block_a_1616/ZN
 mosaic_block_a_1617/ZN
 mosaic_block_a_1618/ZN
 mosaic_block_a_1619/ZN
 mosaic_block_a_1620/ZN
 mosaic_block_a_1621/ZN
 mosaic_block_a_1622/ZN
 mosaic_block_a_1623/ZN
 mosaic_block_a_1624/ZN
 mosaic_block_a_1625/ZN
 mosaic_block_a_1626/ZN
 mosaic_block_a_1627/ZN
 mosaic_block_a_1628/ZN
 mosaic_block_a_1629/ZN
 mosaic_block_a_1630/ZN
 mosaic_block_a_1631/ZN
 mosaic_block_a_1632/ZN
 mosaic_block_a_1633/ZN
 mosaic_block_a_1634/ZN
 mosaic_block_a_1635/ZN
 mosaic_block_a_1636/ZN
 mosaic_block_a_1637/ZN
 mosaic_block_a_1638/ZN
 mosaic_block_a_1639/ZN
 mosaic_block_a_1640/ZN
 mosaic_block_a_1641/ZN
 mosaic_block_a_1642/ZN
 mosaic_block_a_1643/ZN
 mosaic_block_a_1644/ZN
 mosaic_block_a_1645/ZN
 mosaic_block_a_1646/ZN
 mosaic_block_a_1647/ZN
 mosaic_block_a_1648/ZN
 mosaic_block_a_1649/ZN
 mosaic_block_a_1650/ZN
 mosaic_block_a_1651/ZN
 mosaic_block_a_1652/ZN
 mosaic_block_a_1653/ZN
 mosaic_block_a_1654/ZN
 mosaic_block_a_1655/ZN
 mosaic_block_a_1656/ZN
 mosaic_block_a_1657/ZN
 mosaic_block_a_1658/ZN
 mosaic_block_a_1659/ZN
 mosaic_block_a_1660/ZN
 mosaic_block_a_1661/ZN
 mosaic_block_a_1662/ZN
 mosaic_block_a_1663/ZN
 mosaic_block_a_1664/ZN
 mosaic_block_a_1665/ZN
 mosaic_block_a_1666/ZN
 mosaic_block_a_1667/ZN
 mosaic_block_a_1668/ZN
 mosaic_block_a_1669/ZN
 mosaic_block_a_1670/ZN
 mosaic_block_a_1671/ZN
 mosaic_block_a_1672/ZN
 mosaic_block_a_1673/ZN
 mosaic_block_a_1674/ZN
 mosaic_block_a_1675/ZN
 mosaic_block_a_1676/ZN
 mosaic_block_a_1677/ZN
 mosaic_block_a_1678/ZN
 mosaic_block_a_1679/ZN
 mosaic_block_a_1680/ZN
 mosaic_block_a_1681/ZN
 mosaic_block_a_1682/ZN
 mosaic_block_a_1683/ZN
 mosaic_block_a_1684/ZN
 mosaic_block_a_1685/ZN
 mosaic_block_a_1686/ZN
 mosaic_block_a_1687/ZN
 mosaic_block_a_1688/ZN
 mosaic_block_a_1689/ZN
 mosaic_block_a_1690/ZN
 mosaic_block_a_1691/ZN
 mosaic_block_a_1692/ZN
 mosaic_block_a_1693/ZN
 mosaic_block_a_1694/ZN
 mosaic_block_a_1695/ZN
 mosaic_block_a_1696/ZN
 mosaic_block_a_1697/ZN
 mosaic_block_a_1700/Z
 mosaic_block_a_1701/Z
 mosaic_block_a_1702/Z
 mosaic_block_a_1703/Z
 mosaic_block_a_1704/Z
 mosaic_block_a_1705/Z
 mosaic_block_a_1706/Z
 mosaic_block_a_1707/Z
 mosaic_block_a_1708/Z
 mosaic_block_a_1709/Z
 mosaic_block_a_1710/Z
 mosaic_block_a_1711/Z
 mosaic_block_a_1712/Z
 mosaic_block_a_1713/Z
 mosaic_block_a_1714/Z
 mosaic_block_a_1715/Z
 mosaic_block_a_1716/Z
 mosaic_block_a_1717/Z
 mosaic_block_a_1718/Z
 mosaic_block_a_1719/Z
 mosaic_block_a_1720/Z
 mosaic_block_a_1721/Z
 mosaic_block_a_1722/Z
 mosaic_block_a_1723/Z
 mosaic_block_a_1724/Z
 mosaic_block_a_1725/Z
 mosaic_block_a_1726/Z
 output10/Z
 output11/Z
 output12/Z
 output13/Z
 output14/Z
 output15/Z
 output16/Z
 output17/Z
 output18/Z
 output19/Z
 output20/Z
 output21/Z
 output22/Z
 output23/Z
 output24/Z
 output25/Z
 output26/Z
 output27/Z
 output28/Z
 output29/Z
 output30/Z
 output31/Z
 output9/Z

===========================================================================
max slew violation count 90
Writing metric design__max_slew_violation__count__corner:max_ss_125C_4v50: 90
max fanout violation count 12
Writing metric design__max_fanout_violation__count__corner:max_ss_125C_4v50: 12
max cap violation count 0
Writing metric design__max_cap_violation__count__corner:max_ss_125C_4v50: 0
============================================================================

===========================================================================
check_setup -verbose -unconstrained_endpoints -multiple_clock -no_clock -no_input_delay -loops -generated_clocks
===========================================================================
