Clock: clk_i
Sources: clk_i 
Generated: no
Virtual: yes
Propagated: no
Period: 50.000000

===========================================================================
report_clock_properties
============================================================================
Clock                   Period          Waveform
----------------------------------------------------
clk_i                50.000000    0.000000 25.000000

===========================================================================
report_clock_latency
============================================================================
Clock clk_i
rise -> rise
    min     max
0.000000 0.000000 source latency
1.680813         network latency _58505_/CLK
        5.642152 network latency _55986_/CLK
---------------
1.680813 5.642152 latency
        3.961339 skew

fall -> fall
    min     max
0.000000 0.000000 source latency
1.509950         network latency _58505_/CLK
        5.326232 network latency _55986_/CLK
---------------
1.509950 5.326232 latency
        3.816283 skew



===========================================================================
report_clock_min_period
============================================================================
clk_i period_min = 34.01 fmax = 29.40
