Clock: clk_i
Sources: clk_i 
Generated: no
Virtual: yes
Propagated: no
Period: 100.000000

===========================================================================
report_clock_properties
============================================================================
Clock                   Period          Waveform
----------------------------------------------------
clk_i               100.000000    0.000000 50.000000

===========================================================================
report_clock_latency
============================================================================
Clock clk_i
rise -> rise
    min     max
0.000000 0.000000 source latency
4.729899         network latency _61480_/CLK
        5.382474 network latency _57888_/CLK
---------------
4.729899 5.382474 latency
        0.652575 skew

fall -> fall
    min     max
0.000000 0.000000 source latency
4.260795         network latency _61480_/CLK
        5.050786 network latency _61475_/CLK
---------------
4.260795 5.050786 latency
        0.789992 skew



===========================================================================
report_clock_min_period
============================================================================
clk_i period_min = 35.32 fmax = 28.31
