
===========================================================================
report_checks -unconstrained
===========================================================================
======================= nom_ss_125C_4v50 Corner ===================================

Startpoint: rst_ni (input port clocked by clk_i)
Endpoint: _60515_ (recovery check against rising-edge clock clk_i)
Path Group: asynchronous
Path Type: max

Fanout         Cap        Slew       Delay        Time   Description
---------------------------------------------------------------------------------------------
                                  0.000000    0.000000   clock clk_i (rise edge)
                                  0.000000    0.000000   clock network delay (propagated)
                                 10.000000   10.000000 ^ input external delay
     1    0.004688    0.215962    0.075309   10.075309 ^ rst_ni (in)
                                                         rst_ni (net)
                      0.215962    0.000000   10.075309 ^ input3/I (gf180mcu_fd_sc_mcu7t5v0__dlyb_1)
     1    0.077059    2.184010    2.826620   12.901929 ^ input3/Z (gf180mcu_fd_sc_mcu7t5v0__dlyb_1)
                                                         net3 (net)
                      2.184157    0.010012   12.911941 ^ fanout1203/I (gf180mcu_fd_sc_mcu7t5v0__dlyb_1)
     5    0.106650    2.984956    3.347802   16.259743 ^ fanout1203/Z (gf180mcu_fd_sc_mcu7t5v0__dlyb_1)
                                                         net1203 (net)
                      2.984956    0.001791   16.261534 ^ fanout1092/I (gf180mcu_fd_sc_mcu7t5v0__dlyb_1)
     5    0.079129    2.242126    2.889575   19.151108 ^ fanout1092/Z (gf180mcu_fd_sc_mcu7t5v0__dlyb_1)
                                                         net1092 (net)
                      2.242126    0.000551   19.151659 ^ fanout1078/I (gf180mcu_fd_sc_mcu7t5v0__dlyb_1)
     5    0.078825    2.233946    2.916830   22.068487 ^ fanout1078/Z (gf180mcu_fd_sc_mcu7t5v0__dlyb_1)
                                                         net1078 (net)
                      2.233967    0.003906   22.072393 ^ fanout1077/I (gf180mcu_fd_sc_mcu7t5v0__buf_1)
    10    0.096736    2.714362    1.940879   24.013273 ^ fanout1077/Z (gf180mcu_fd_sc_mcu7t5v0__buf_1)
                                                         net1077 (net)
                      2.714362    0.000858   24.014132 ^ fanout1076/I (gf180mcu_fd_sc_mcu7t5v0__dlyb_1)
     9    0.091246    2.570802    3.093863   27.107994 ^ fanout1076/Z (gf180mcu_fd_sc_mcu7t5v0__dlyb_1)
                                                         net1076 (net)
                      2.570802    0.000906   27.108900 ^ fanout1075/I (gf180mcu_fd_sc_mcu7t5v0__dlyb_1)
     5    0.049772    1.453625    2.456307   29.565208 ^ fanout1075/Z (gf180mcu_fd_sc_mcu7t5v0__dlyb_1)
                                                         net1075 (net)
                      1.453625    0.000558   29.565765 ^ fanout1072/I (gf180mcu_fd_sc_mcu7t5v0__dlyb_1)
    10    0.099352    2.788742    3.251593   32.817360 ^ fanout1072/Z (gf180mcu_fd_sc_mcu7t5v0__dlyb_1)
                                                         net1072 (net)
                      2.788753    0.003102   32.820461 ^ _60515_/SETN (gf180mcu_fd_sc_mcu7t5v0__dffsnq_1)
                                             32.820461   data arrival time

                                 50.000000   50.000000   clock clk_i (rise edge)
                                  0.000000   50.000000   clock source latency
     2    0.160447    1.137324    0.628319   50.628319 ^ clk_i (in)
                                                         clk_i (net)
                      1.137845    0.000000   50.628319 ^ delaybuf_1_clk_i/I (gf180mcu_fd_sc_mcu7t5v0__clkbuf_16)
     1    0.053666    0.232655    0.627619   51.255936 ^ delaybuf_1_clk_i/Z (gf180mcu_fd_sc_mcu7t5v0__clkbuf_16)
                                                         delaynet_1_clk_i (net)
                      0.232691    0.005315   51.261250 ^ delaybuf_2_clk_i/I (gf180mcu_fd_sc_mcu7t5v0__clkbuf_16)
     1    0.053259    0.209373    0.453795   51.715046 ^ delaybuf_2_clk_i/Z (gf180mcu_fd_sc_mcu7t5v0__clkbuf_16)
                                                         delaynet_2_clk_i (net)
                      0.209414    0.004945   51.719990 ^ delaybuf_3_clk_i/I (gf180mcu_fd_sc_mcu7t5v0__clkbuf_16)
     1    0.056359    0.213950    0.452459   52.172451 ^ delaybuf_3_clk_i/Z (gf180mcu_fd_sc_mcu7t5v0__clkbuf_16)
                                                         delaynet_3_clk_i (net)
                      0.213987    0.004729   52.177181 ^ clkbuf_regs_0_clk_i/I (gf180mcu_fd_sc_mcu7t5v0__clkbuf_16)
     1    0.025199    0.166306    0.416861   52.594040 ^ clkbuf_regs_0_clk_i/Z (gf180mcu_fd_sc_mcu7t5v0__clkbuf_16)
                                                         clk_i_regs (net)
                      0.166306    0.000583   52.594624 ^ clkbuf_0_clk_i_regs/I (gf180mcu_fd_sc_mcu7t5v0__clkbuf_16)
    16    0.397665    0.743681    0.782869   53.377491 ^ clkbuf_0_clk_i_regs/Z (gf180mcu_fd_sc_mcu7t5v0__clkbuf_16)
                                                         clknet_0_clk_i_regs (net)
                      0.745285    0.017447   53.394939 ^ clkbuf_4_8_0_clk_i_regs/I (gf180mcu_fd_sc_mcu7t5v0__clkbuf_8)
     2    0.065361    0.330036    0.637307   54.032246 ^ clkbuf_4_8_0_clk_i_regs/Z (gf180mcu_fd_sc_mcu7t5v0__clkbuf_8)
                                                         clknet_4_8_0_clk_i_regs (net)
                      0.330039    0.002103   54.034351 ^ clkbuf_5_16__f_clk_i_regs/I (gf180mcu_fd_sc_mcu7t5v0__clkbuf_16)
     5    0.100374    0.280211    0.531344   54.565693 ^ clkbuf_5_16__f_clk_i_regs/Z (gf180mcu_fd_sc_mcu7t5v0__clkbuf_16)
                                                         clknet_5_16__leaf_clk_i_regs (net)
                      0.280242    0.004981   54.570675 ^ clkbuf_leaf_23_clk_i_regs/I (gf180mcu_fd_sc_mcu7t5v0__clkbuf_8)
    10    0.050035    0.274140    0.507317   55.077991 ^ clkbuf_leaf_23_clk_i_regs/Z (gf180mcu_fd_sc_mcu7t5v0__clkbuf_8)
                                                         clknet_leaf_23_clk_i_regs (net)
                      0.274140    0.000224   55.078217 ^ _60515_/CLK (gf180mcu_fd_sc_mcu7t5v0__dffsnq_1)
                                 -0.250000   54.828213   clock uncertainty
                                  0.000000   54.828213   clock reconvergence pessimism
                                 -0.466670   54.361546   library recovery time
                                             54.361546   data required time
---------------------------------------------------------------------------------------------
                                             54.361546   data required time
                                            -32.820461   data arrival time
---------------------------------------------------------------------------------------------
                                             21.541084   slack (MET)


Startpoint: _61892_ (falling edge-triggered flip-flop clocked by clk_i)
Endpoint: spi_flash_sd_io_OUT[2] (output port clocked by clk_i)
Path Group: clk_i
Path Type: max

Fanout         Cap        Slew       Delay        Time   Description
---------------------------------------------------------------------------------------------
                                 25.000000   25.000000   clock clk_i (fall edge)
                                  0.000000   25.000000   clock source latency
     2    0.160447    0.659956    0.384757   25.384756 v clk_i (in)
                                                         clk_i (net)
                      0.660767    0.000000   25.384756 v delaybuf_1_clk_i/I (gf180mcu_fd_sc_mcu7t5v0__clkbuf_16)
     1    0.053666    0.213411    0.582705   25.967463 v delaybuf_1_clk_i/Z (gf180mcu_fd_sc_mcu7t5v0__clkbuf_16)
                                                         delaynet_1_clk_i (net)
                      0.213459    0.005313   25.972775 v delaybuf_2_clk_i/I (gf180mcu_fd_sc_mcu7t5v0__clkbuf_16)
     1    0.053259    0.205260    0.450012   26.422787 v delaybuf_2_clk_i/Z (gf180mcu_fd_sc_mcu7t5v0__clkbuf_16)
                                                         delaynet_2_clk_i (net)
                      0.205303    0.004944   26.427731 v delaybuf_3_clk_i/I (gf180mcu_fd_sc_mcu7t5v0__clkbuf_16)
     1    0.056359    0.209916    0.451575   26.879305 v delaybuf_3_clk_i/Z (gf180mcu_fd_sc_mcu7t5v0__clkbuf_16)
                                                         delaynet_3_clk_i (net)
                      0.209956    0.004729   26.884033 v clkbuf_regs_0_clk_i/I (gf180mcu_fd_sc_mcu7t5v0__clkbuf_16)
     1    0.025199    0.161679    0.413570   27.297604 v clkbuf_regs_0_clk_i/Z (gf180mcu_fd_sc_mcu7t5v0__clkbuf_16)
                                                         clk_i_regs (net)
                      0.161679    0.000584   27.298187 v clkbuf_0_clk_i_regs/I (gf180mcu_fd_sc_mcu7t5v0__clkbuf_16)
    16    0.397665    0.725204    0.796915   28.095102 v clkbuf_0_clk_i_regs/Z (gf180mcu_fd_sc_mcu7t5v0__clkbuf_16)
                                                         clknet_0_clk_i_regs (net)
                      0.725824    0.010843   28.105946 v clkbuf_4_0_0_clk_i_regs/I (gf180mcu_fd_sc_mcu7t5v0__clkbuf_8)
     2    0.060120    0.334210    0.694453   28.800398 v clkbuf_4_0_0_clk_i_regs/Z (gf180mcu_fd_sc_mcu7t5v0__clkbuf_8)
                                                         clknet_4_0_0_clk_i_regs (net)
                      0.334215    0.002615   28.803013 v clkbuf_5_1__f_clk_i_regs/I (gf180mcu_fd_sc_mcu7t5v0__clkbuf_16)
     5    0.097525    0.272417    0.542276   29.345287 v clkbuf_5_1__f_clk_i_regs/Z (gf180mcu_fd_sc_mcu7t5v0__clkbuf_16)
                                                         clknet_5_1__leaf_clk_i_regs (net)
                      0.272452    0.005150   29.350437 v clkbuf_leaf_6_clk_i_regs/I (gf180mcu_fd_sc_mcu7t5v0__clkbuf_8)
    10    0.052571    0.300986    0.544828   29.895266 v clkbuf_leaf_6_clk_i_regs/Z (gf180mcu_fd_sc_mcu7t5v0__clkbuf_8)
                                                         clknet_leaf_6_clk_i_regs (net)
                      0.301025    0.000981   29.896246 v _61892_/CLKN (gf180mcu_fd_sc_mcu7t5v0__dffnq_1)
     1    0.005307    0.278224    1.440490   31.336737 ^ _61892_/Q (gf180mcu_fd_sc_mcu7t5v0__dffnq_1)
                                                         i_core_v_mini_mcu.ao_peripheral_subsystem_i.spi_subsystem_i.obi_spimemio_i.spimemio_i.xfer_io2_90 (net)
                      0.278224    0.000103   31.336840 ^ _33906_/A2 (gf180mcu_fd_sc_mcu7t5v0__nor2_1)
     1    0.005838    0.551107    0.250402   31.587242 v _33906_/ZN (gf180mcu_fd_sc_mcu7t5v0__nor2_1)
                                                         _10651_ (net)
                      0.551107    0.000060   31.587303 v _33908_/A2 (gf180mcu_fd_sc_mcu7t5v0__oai21_1)
     1    0.021303    1.379180    0.956693   32.543995 ^ _33908_/ZN (gf180mcu_fd_sc_mcu7t5v0__oai21_1)
                                                         i_core_v_mini_mcu.ao_peripheral_subsystem_i.spi_subsystem_i.obi_spimemio_i.flash_io2_do_o (net)
                      1.379180    0.000870   32.544865 ^ wire401/I (gf180mcu_fd_sc_mcu7t5v0__buf_2)
     2    0.067952    0.988085    0.911331   33.456196 ^ wire401/Z (gf180mcu_fd_sc_mcu7t5v0__buf_2)
                                                         net401 (net)
                      0.988200    0.005915   33.462112 ^ _62678_/I (gf180mcu_fd_sc_mcu7t5v0__buf_1)
     1    0.005839    0.282360    0.502403   33.964516 ^ _62678_/Z (gf180mcu_fd_sc_mcu7t5v0__buf_1)
                                                         net21 (net)
                      0.282360    0.000121   33.964638 ^ output21/I (gf180mcu_fd_sc_mcu7t5v0__dlyb_1)
     1    0.075253    2.138137    2.814883   36.779518 ^ output21/Z (gf180mcu_fd_sc_mcu7t5v0__dlyb_1)
                                                         spi_flash_sd_io_OUT[2] (net)
                      2.138137    0.000803   36.780323 ^ spi_flash_sd_io_OUT[2] (out)
                                             36.780323   data arrival time

                                 50.000000   50.000000   clock clk_i (rise edge)
                                  0.000000   50.000000   clock network delay (propagated)
                                 -0.250000   49.749996   clock uncertainty
                                  0.000000   49.749996   clock reconvergence pessimism
                                -10.000000   39.749996   output external delay
                                             39.749996   data required time
---------------------------------------------------------------------------------------------
                                             39.749996   data required time
                                            -36.780323   data arrival time
---------------------------------------------------------------------------------------------
                                              2.969674   slack (MET)




===========================================================================
report_checks --slack_max -0.01
============================================================================
======================= nom_ss_125C_4v50 Corner ===================================

No paths found.


===========================================================================
 report_check_types -max_slew -max_cap -max_fanout -violators
============================================================================
======================= nom_ss_125C_4v50 Corner ===================================

max fanout

Pin                                   Limit Fanout  Slack
---------------------------------------------------------
clkbuf_0_clk_i_regs/Z                    10     16     -6 (VIOLATED)
clkbuf_0_i_core_v_mini_mcu.cpu_subsystem_i.cpu_0_0.clk_i/Z     10     16     -6 (VIOLATED)
clkbuf_0_i_core_v_mini_mcu.cpu_subsystem_i.cpu_1_0.clk_i/Z     10     16     -6 (VIOLATED)
clkbuf_0_i_core_v_mini_mcu.memory_subsystem_i.clk_cg/Z     10     16     -6 (VIOLATED)
_52521_/Z                                10     11        (VIOLATED)



===========================================================================
report_parasitic_annotation -report_unannotated
============================================================================
Found 161 unannotated drivers.
 spi_flash_cs_o_IN
 spi_flash_sck_o_IN
 status_o_IN[0]
 status_o_IN[1]
 status_o_IN[2]
 status_o_IN[3]
 status_o_IN[4]
 status_o_IN[5]
 status_o_IN[6]
 status_valid_o_IN
 uart_tx_o_IN
 clkload0/ZN
 clkload1/ZN
 clkload10/ZN
 clkload100/ZN
 clkload101/ZN
 clkload102/ZN
 clkload103/ZN
 clkload104/ZN
 clkload105/Z
 clkload106/Z
 clkload107/ZN
 clkload108/Z
 clkload109/Z
 clkload11/ZN
 clkload110/ZN
 clkload111/ZN
 clkload112/ZN
 clkload113/ZN
 clkload114/Z
 clkload115/Z
 clkload116/ZN
 clkload117/ZN
 clkload118/ZN
 clkload119/ZN
 clkload12/ZN
 clkload120/ZN
 clkload121/Z
 clkload122/Z
 clkload123/Z
 clkload124/Z
 clkload125/ZN
 clkload126/Z
 clkload127/Z
 clkload128/Z
 clkload129/ZN
 clkload13/ZN
 clkload130/ZN
 clkload131/ZN
 clkload132/ZN
 clkload133/ZN
 clkload134/ZN
 clkload135/ZN
 clkload136/ZN
 clkload137/ZN
 clkload138/Z
 clkload139/ZN
 clkload14/Z
 clkload140/ZN
 clkload141/Z
 clkload142/ZN
 clkload143/Z
 clkload144/Z
 clkload145/Z
 clkload146/Z
 clkload147/ZN
 clkload148/ZN
 clkload149/ZN
 clkload15/ZN
 clkload16/ZN
 clkload17/ZN
 clkload18/ZN
 clkload19/Z
 clkload2/Z
 clkload20/ZN
 clkload21/Z
 clkload22/ZN
 clkload23/ZN
 clkload24/ZN
 clkload25/Z
 clkload26/Z
 clkload27/ZN
 clkload28/Z
 clkload29/Z
 clkload3/ZN
 clkload30/Z
 clkload31/ZN
 clkload32/ZN
 clkload33/ZN
 clkload34/ZN
 clkload35/Z
 clkload36/ZN
 clkload37/Z
 clkload38/Z
 clkload39/Z
 clkload4/Z
 clkload40/ZN
 clkload41/Z
 clkload42/Z
 clkload43/Z
 clkload44/Z
 clkload45/Z
 clkload46/Z
 clkload47/ZN
 clkload48/Z
 clkload49/ZN
 clkload5/Z
 clkload50/ZN
 clkload51/ZN
 clkload52/ZN
 clkload53/ZN
 clkload54/Z
 clkload55/Z
 clkload56/Z
 clkload57/Z
 clkload58/ZN
 clkload59/ZN
 clkload6/ZN
 clkload60/Z
 clkload61/Z
 clkload62/Z
 clkload63/ZN
 clkload64/ZN
 clkload65/ZN
 clkload66/Z
 clkload67/Z
 clkload68/Z
 clkload69/Z
 clkload7/ZN
 clkload70/ZN
 clkload71/Z
 clkload72/ZN
 clkload73/Z
 clkload74/ZN
 clkload75/ZN
 clkload76/ZN
 clkload77/Z
 clkload78/ZN
 clkload79/ZN
 clkload8/ZN
 clkload80/Z
 clkload81/Z
 clkload82/ZN
 clkload83/ZN
 clkload84/ZN
 clkload85/ZN
 clkload86/ZN
 clkload87/Z
 clkload88/Z
 clkload89/ZN
 clkload9/ZN
 clkload90/ZN
 clkload91/ZN
 clkload92/ZN
 clkload93/ZN
 clkload94/ZN
 clkload95/Z
 clkload96/ZN
 clkload97/ZN
 clkload98/Z
 clkload99/Z
Found 0 partially unannotated drivers.

===========================================================================
max slew violation count 0
max fanout violation count 5
max cap violation count 0
============================================================================

===========================================================================
check_setup -verbose -unconstrained_endpoints -multiple_clock -no_clock -no_input_delay -loops -generated_clocks
===========================================================================
