Clock: clk_i
Sources: clk_i 
Generated: no
Virtual: yes
Propagated: no
Period: 50.000000

===========================================================================
report_clock_properties
============================================================================
Clock                   Period          Waveform
----------------------------------------------------
clk_i                50.000000    0.000000 25.000000

===========================================================================
report_clock_latency
============================================================================
Clock clk_i
rise -> rise
    min     max
0.000000 0.000000 source latency
4.511326         network latency _61788_/CLK
        5.361506 network latency _61386_/CLK
---------------
4.511326 5.361506 latency
        0.850180 skew

fall -> fall
    min     max
0.000000 0.000000 source latency
4.151874         network latency _61788_/CLK
        5.045927 network latency _61991_/CLK
---------------
4.151874 5.045927 latency
        0.894053 skew



===========================================================================
report_clock_min_period
============================================================================
clk_i period_min = 39.95 fmax = 25.03
