
===========================================================================
report_checks -unconstrained
===========================================================================
======================= max_ff_n40C_5v50 Corner ===================================

Startpoint: rst_ni (input port clocked by clk_i)
Endpoint: _62175_ (recovery check against rising-edge clock clk_i)
Path Group: asynchronous
Path Type: max

Fanout         Cap        Slew       Delay        Time   Description
---------------------------------------------------------------------------------------------
                                  0.000000    0.000000   clock clk_i (rise edge)
                                  0.000000    0.000000   clock network delay (propagated)
                                 10.000000   10.000000 ^ input external delay
     1    0.004878    0.082803    0.032805   10.032805 ^ rst_ni (in)
                                                         rst_ni (net)
                      0.082803    0.000000   10.032805 ^ input3/I (gf180mcu_fd_sc_mcu7t5v0__dlyb_1)
     1    0.086848    0.949831    1.027957   11.060762 ^ input3/Z (gf180mcu_fd_sc_mcu7t5v0__dlyb_1)
                                                         net3 (net)
                      0.950373    0.012840   11.073603 ^ fanout1203/I (gf180mcu_fd_sc_mcu7t5v0__dlyb_1)
     5    0.118375    1.289264    1.223290   12.296893 ^ fanout1203/Z (gf180mcu_fd_sc_mcu7t5v0__dlyb_1)
                                                         net1203 (net)
                      1.289274    0.002079   12.298972 ^ load_slew1205/I (gf180mcu_fd_sc_mcu7t5v0__buf_4)
     3    0.134744    0.384372    0.320893   12.619864 ^ load_slew1205/Z (gf180mcu_fd_sc_mcu7t5v0__buf_4)
                                                         net1205 (net)
                      0.386893    0.017486   12.637351 ^ fanout1202/I (gf180mcu_fd_sc_mcu7t5v0__dlyb_1)
     5    0.115028    1.254727    1.227077   13.864429 ^ fanout1202/Z (gf180mcu_fd_sc_mcu7t5v0__dlyb_1)
                                                         net1202 (net)
                      1.254817    0.006065   13.870494 ^ fanout1201/I (gf180mcu_fd_sc_mcu7t5v0__buf_1)
     2    0.015519    0.212732    0.230400   14.100893 ^ fanout1201/Z (gf180mcu_fd_sc_mcu7t5v0__buf_1)
                                                         net1201 (net)
                      0.212732    0.000306   14.101200 ^ max_cap1842/I (gf180mcu_fd_sc_mcu7t5v0__buf_4)
     5    0.134801    0.377796    0.314266   14.415465 ^ max_cap1842/Z (gf180mcu_fd_sc_mcu7t5v0__buf_4)
                                                         net1842 (net)
                      0.378054    0.005479   14.420945 ^ fanout1196/I (gf180mcu_fd_sc_mcu7t5v0__dlyb_1)
     2    0.016146    0.213176    0.611390   15.032335 ^ fanout1196/Z (gf180mcu_fd_sc_mcu7t5v0__dlyb_1)
                                                         net1196 (net)
                      0.213176    0.000254   15.032589 ^ fanout1195/I (gf180mcu_fd_sc_mcu7t5v0__dlyb_1)
     5    0.075812    0.838662    0.977639   16.010229 ^ fanout1195/Z (gf180mcu_fd_sc_mcu7t5v0__dlyb_1)
                                                         net1195 (net)
                      0.838662    0.000624   16.010851 ^ fanout1192/I (gf180mcu_fd_sc_mcu7t5v0__dlyb_1)
    10    0.101582    1.113564    1.129649   17.140501 ^ fanout1192/Z (gf180mcu_fd_sc_mcu7t5v0__dlyb_1)
                                                         net1192 (net)
                      1.113577    0.002112   17.142612 ^ fanout1191/I (gf180mcu_fd_sc_mcu7t5v0__dlyb_1)
    10    0.093076    1.022821    1.058604   18.201218 ^ fanout1191/Z (gf180mcu_fd_sc_mcu7t5v0__dlyb_1)
                                                         net1191 (net)
                      1.022824    0.001055   18.202272 ^ _62175_/SETN (gf180mcu_fd_sc_mcu7t5v0__dffsnq_1)
                                             18.202272   data arrival time

                                 50.000000   50.000000   clock clk_i (rise edge)
                                  0.000000   50.000000   clock source latency
     2    0.172681    0.471992    0.271811   50.271809 ^ clk_i (in)
                                                         clk_i (net)
                      0.473924    0.000000   50.271809 ^ delaybuf_1_clk_i/I (gf180mcu_fd_sc_mcu7t5v0__clkbuf_16)
     1    0.056936    0.087780    0.232689   50.504498 ^ delaybuf_1_clk_i/Z (gf180mcu_fd_sc_mcu7t5v0__clkbuf_16)
                                                         delaynet_1_clk_i (net)
                      0.087959    0.005922   50.510422 ^ delaybuf_2_clk_i/I (gf180mcu_fd_sc_mcu7t5v0__clkbuf_16)
     1    0.056663    0.077214    0.162999   50.673420 ^ delaybuf_2_clk_i/Z (gf180mcu_fd_sc_mcu7t5v0__clkbuf_16)
                                                         delaynet_2_clk_i (net)
                      0.077404    0.005574   50.678993 ^ delaybuf_3_clk_i/I (gf180mcu_fd_sc_mcu7t5v0__clkbuf_16)
     1    0.060023    0.079085    0.162430   50.841423 ^ delaybuf_3_clk_i/Z (gf180mcu_fd_sc_mcu7t5v0__clkbuf_16)
                                                         delaynet_3_clk_i (net)
                      0.079255    0.005375   50.846798 ^ clkbuf_regs_0_clk_i/I (gf180mcu_fd_sc_mcu7t5v0__clkbuf_16)
     1    0.025197    0.059475    0.148937   50.995735 ^ clkbuf_regs_0_clk_i/Z (gf180mcu_fd_sc_mcu7t5v0__clkbuf_16)
                                                         clk_i_regs (net)
                      0.059476    0.000604   50.996338 ^ clkbuf_0_clk_i_regs/I (gf180mcu_fd_sc_mcu7t5v0__clkbuf_16)
    16    0.424137    0.294811    0.284906   51.281246 ^ clkbuf_0_clk_i_regs/Z (gf180mcu_fd_sc_mcu7t5v0__clkbuf_16)
                                                         clknet_0_clk_i_regs (net)
                      0.308866    0.036216   51.317463 ^ clkbuf_4_7_0_clk_i_regs/I (gf180mcu_fd_sc_mcu7t5v0__clkbuf_8)
     2    0.061454    0.117385    0.231733   51.549194 ^ clkbuf_4_7_0_clk_i_regs/Z (gf180mcu_fd_sc_mcu7t5v0__clkbuf_8)
                                                         clknet_4_7_0_clk_i_regs (net)
                      0.117386    0.000721   51.549915 ^ clkbuf_5_15__f_clk_i_regs/I (gf180mcu_fd_sc_mcu7t5v0__clkbuf_16)
     5    0.096631    0.099732    0.186809   51.736725 ^ clkbuf_5_15__f_clk_i_regs/Z (gf180mcu_fd_sc_mcu7t5v0__clkbuf_16)
                                                         clknet_5_15__leaf_clk_i_regs (net)
                      0.099735    0.001002   51.737728 ^ clkbuf_leaf_105_clk_i_regs/I (gf180mcu_fd_sc_mcu7t5v0__clkbuf_8)
    10    0.058988    0.110891    0.188784   51.926510 ^ clkbuf_leaf_105_clk_i_regs/Z (gf180mcu_fd_sc_mcu7t5v0__clkbuf_8)
                                                         clknet_leaf_105_clk_i_regs (net)
                      0.110893    0.000757   51.927269 ^ _62175_/CLK (gf180mcu_fd_sc_mcu7t5v0__dffsnq_1)
                                 -0.250000   51.677265   clock uncertainty
                                  0.000000   51.677265   clock reconvergence pessimism
                                 -0.173229   51.504036   library recovery time
                                             51.504036   data required time
---------------------------------------------------------------------------------------------
                                             51.504036   data required time
                                            -18.202272   data arrival time
---------------------------------------------------------------------------------------------
                                             33.301765   slack (MET)


Startpoint: _61892_ (falling edge-triggered flip-flop clocked by clk_i)
Endpoint: spi_flash_sd_io_OUT[2] (output port clocked by clk_i)
Path Group: clk_i
Path Type: max

Fanout         Cap        Slew       Delay        Time   Description
---------------------------------------------------------------------------------------------
                                 25.000000   25.000000   clock clk_i (fall edge)
                                  0.000000   25.000000   clock source latency
     2    0.172681    0.284949    0.165420   25.165419 v clk_i (in)
                                                         clk_i (net)
                      0.288086    0.000000   25.165419 v delaybuf_1_clk_i/I (gf180mcu_fd_sc_mcu7t5v0__clkbuf_16)
     1    0.056936    0.080152    0.216383   25.381802 v delaybuf_1_clk_i/Z (gf180mcu_fd_sc_mcu7t5v0__clkbuf_16)
                                                         delaynet_1_clk_i (net)
                      0.080360    0.005910   25.387712 v delaybuf_2_clk_i/I (gf180mcu_fd_sc_mcu7t5v0__clkbuf_16)
     1    0.056663    0.075462    0.161560   25.549273 v delaybuf_2_clk_i/Z (gf180mcu_fd_sc_mcu7t5v0__clkbuf_16)
                                                         delaynet_2_clk_i (net)
                      0.075660    0.005569   25.554840 v delaybuf_3_clk_i/I (gf180mcu_fd_sc_mcu7t5v0__clkbuf_16)
     1    0.060023    0.077289    0.161926   25.716766 v delaybuf_3_clk_i/Z (gf180mcu_fd_sc_mcu7t5v0__clkbuf_16)
                                                         delaynet_3_clk_i (net)
                      0.077467    0.005366   25.722134 v clkbuf_regs_0_clk_i/I (gf180mcu_fd_sc_mcu7t5v0__clkbuf_16)
     1    0.025197    0.057879    0.147647   25.869780 v clkbuf_regs_0_clk_i/Z (gf180mcu_fd_sc_mcu7t5v0__clkbuf_16)
                                                         clk_i_regs (net)
                      0.057880    0.000604   25.870384 v clkbuf_0_clk_i_regs/I (gf180mcu_fd_sc_mcu7t5v0__clkbuf_16)
    16    0.424137    0.281933    0.285775   26.156158 v clkbuf_0_clk_i_regs/Z (gf180mcu_fd_sc_mcu7t5v0__clkbuf_16)
                                                         clknet_0_clk_i_regs (net)
                      0.284437    0.012886   26.169044 v clkbuf_4_0_0_clk_i_regs/I (gf180mcu_fd_sc_mcu7t5v0__clkbuf_8)
     2    0.061703    0.122110    0.250479   26.419523 v clkbuf_4_0_0_clk_i_regs/Z (gf180mcu_fd_sc_mcu7t5v0__clkbuf_8)
                                                         clknet_4_0_0_clk_i_regs (net)
                      0.122136    0.002871   26.422394 v clkbuf_5_1__f_clk_i_regs/I (gf180mcu_fd_sc_mcu7t5v0__clkbuf_16)
     5    0.103002    0.100524    0.192982   26.615376 v clkbuf_5_1__f_clk_i_regs/Z (gf180mcu_fd_sc_mcu7t5v0__clkbuf_16)
                                                         clknet_5_1__leaf_clk_i_regs (net)
                      0.100895    0.005874   26.621250 v clkbuf_leaf_6_clk_i_regs/I (gf180mcu_fd_sc_mcu7t5v0__clkbuf_8)
    10    0.054358    0.109713    0.196437   26.817686 v clkbuf_leaf_6_clk_i_regs/Z (gf180mcu_fd_sc_mcu7t5v0__clkbuf_8)
                                                         clknet_leaf_6_clk_i_regs (net)
                      0.109718    0.001062   26.818748 v _61892_/CLKN (gf180mcu_fd_sc_mcu7t5v0__dffnq_1)
     1    0.005327    0.101046    0.484008   27.302757 ^ _61892_/Q (gf180mcu_fd_sc_mcu7t5v0__dffnq_1)
                                                         i_core_v_mini_mcu.ao_peripheral_subsystem_i.spi_subsystem_i.obi_spimemio_i.spimemio_i.xfer_io2_90 (net)
                      0.101046    0.000103   27.302860 ^ _33906_/A2 (gf180mcu_fd_sc_mcu7t5v0__nor2_1)
     1    0.005707    0.221469    0.090257   27.393116 v _33906_/ZN (gf180mcu_fd_sc_mcu7t5v0__nor2_1)
                                                         _10651_ (net)
                      0.221469    0.000062   27.393179 v _33908_/A2 (gf180mcu_fd_sc_mcu7t5v0__oai21_1)
     1    0.023297    0.508127    0.347523   27.740702 ^ _33908_/ZN (gf180mcu_fd_sc_mcu7t5v0__oai21_1)
                                                         i_core_v_mini_mcu.ao_peripheral_subsystem_i.spi_subsystem_i.obi_spimemio_i.flash_io2_do_o (net)
                      0.508128    0.000991   27.741692 ^ wire401/I (gf180mcu_fd_sc_mcu7t5v0__buf_2)
     2    0.077116    0.431626    0.369349   28.111042 ^ wire401/Z (gf180mcu_fd_sc_mcu7t5v0__buf_2)
                                                         net401 (net)
                      0.432031    0.007441   28.118483 ^ _62678_/I (gf180mcu_fd_sc_mcu7t5v0__buf_1)
     1    0.006281    0.108168    0.179153   28.297636 ^ _62678_/Z (gf180mcu_fd_sc_mcu7t5v0__buf_1)
                                                         net21 (net)
                      0.108168    0.000133   28.297768 ^ output21/I (gf180mcu_fd_sc_mcu7t5v0__dlyb_1)
     1    0.075485    0.835916    0.967907   29.265675 ^ output21/Z (gf180mcu_fd_sc_mcu7t5v0__dlyb_1)
                                                         spi_flash_sd_io_OUT[2] (net)
                      0.835919    0.000879   29.266554 ^ spi_flash_sd_io_OUT[2] (out)
                                             29.266554   data arrival time

                                 50.000000   50.000000   clock clk_i (rise edge)
                                  0.000000   50.000000   clock network delay (propagated)
                                 -0.250000   49.749996   clock uncertainty
                                  0.000000   49.749996   clock reconvergence pessimism
                                -10.000000   39.749996   output external delay
                                             39.749996   data required time
---------------------------------------------------------------------------------------------
                                             39.749996   data required time
                                            -29.266554   data arrival time
---------------------------------------------------------------------------------------------
                                             10.483442   slack (MET)




===========================================================================
report_checks --slack_max -0.01
============================================================================
======================= max_ff_n40C_5v50 Corner ===================================

No paths found.


===========================================================================
 report_check_types -max_slew -max_cap -max_fanout -violators
============================================================================
======================= max_ff_n40C_5v50 Corner ===================================

max fanout

Pin                                   Limit Fanout  Slack
---------------------------------------------------------
clkbuf_0_clk_i_regs/Z                    10     16     -6 (VIOLATED)
clkbuf_0_i_core_v_mini_mcu.cpu_subsystem_i.cpu_0_0.clk_i/Z     10     16     -6 (VIOLATED)
clkbuf_0_i_core_v_mini_mcu.cpu_subsystem_i.cpu_1_0.clk_i/Z     10     16     -6 (VIOLATED)
clkbuf_0_i_core_v_mini_mcu.memory_subsystem_i.clk_cg/Z     10     16     -6 (VIOLATED)
_52521_/Z                                10     11        (VIOLATED)



===========================================================================
report_parasitic_annotation -report_unannotated
============================================================================
Found 161 unannotated drivers.
 spi_flash_cs_o_IN
 spi_flash_sck_o_IN
 status_o_IN[0]
 status_o_IN[1]
 status_o_IN[2]
 status_o_IN[3]
 status_o_IN[4]
 status_o_IN[5]
 status_o_IN[6]
 status_valid_o_IN
 uart_tx_o_IN
 clkload0/ZN
 clkload1/ZN
 clkload10/ZN
 clkload100/ZN
 clkload101/ZN
 clkload102/ZN
 clkload103/ZN
 clkload104/ZN
 clkload105/Z
 clkload106/Z
 clkload107/ZN
 clkload108/Z
 clkload109/Z
 clkload11/ZN
 clkload110/ZN
 clkload111/ZN
 clkload112/ZN
 clkload113/ZN
 clkload114/Z
 clkload115/Z
 clkload116/ZN
 clkload117/ZN
 clkload118/ZN
 clkload119/ZN
 clkload12/ZN
 clkload120/ZN
 clkload121/Z
 clkload122/Z
 clkload123/Z
 clkload124/Z
 clkload125/ZN
 clkload126/Z
 clkload127/Z
 clkload128/Z
 clkload129/ZN
 clkload13/ZN
 clkload130/ZN
 clkload131/ZN
 clkload132/ZN
 clkload133/ZN
 clkload134/ZN
 clkload135/ZN
 clkload136/ZN
 clkload137/ZN
 clkload138/Z
 clkload139/ZN
 clkload14/Z
 clkload140/ZN
 clkload141/Z
 clkload142/ZN
 clkload143/Z
 clkload144/Z
 clkload145/Z
 clkload146/Z
 clkload147/ZN
 clkload148/ZN
 clkload149/ZN
 clkload15/ZN
 clkload16/ZN
 clkload17/ZN
 clkload18/ZN
 clkload19/Z
 clkload2/Z
 clkload20/ZN
 clkload21/Z
 clkload22/ZN
 clkload23/ZN
 clkload24/ZN
 clkload25/Z
 clkload26/Z
 clkload27/ZN
 clkload28/Z
 clkload29/Z
 clkload3/ZN
 clkload30/Z
 clkload31/ZN
 clkload32/ZN
 clkload33/ZN
 clkload34/ZN
 clkload35/Z
 clkload36/ZN
 clkload37/Z
 clkload38/Z
 clkload39/Z
 clkload4/Z
 clkload40/ZN
 clkload41/Z
 clkload42/Z
 clkload43/Z
 clkload44/Z
 clkload45/Z
 clkload46/Z
 clkload47/ZN
 clkload48/Z
 clkload49/ZN
 clkload5/Z
 clkload50/ZN
 clkload51/ZN
 clkload52/ZN
 clkload53/ZN
 clkload54/Z
 clkload55/Z
 clkload56/Z
 clkload57/Z
 clkload58/ZN
 clkload59/ZN
 clkload6/ZN
 clkload60/Z
 clkload61/Z
 clkload62/Z
 clkload63/ZN
 clkload64/ZN
 clkload65/ZN
 clkload66/Z
 clkload67/Z
 clkload68/Z
 clkload69/Z
 clkload7/ZN
 clkload70/ZN
 clkload71/Z
 clkload72/ZN
 clkload73/Z
 clkload74/ZN
 clkload75/ZN
 clkload76/ZN
 clkload77/Z
 clkload78/ZN
 clkload79/ZN
 clkload8/ZN
 clkload80/Z
 clkload81/Z
 clkload82/ZN
 clkload83/ZN
 clkload84/ZN
 clkload85/ZN
 clkload86/ZN
 clkload87/Z
 clkload88/Z
 clkload89/ZN
 clkload9/ZN
 clkload90/ZN
 clkload91/ZN
 clkload92/ZN
 clkload93/ZN
 clkload94/ZN
 clkload95/Z
 clkload96/ZN
 clkload97/ZN
 clkload98/Z
 clkload99/Z
Found 0 partially unannotated drivers.

===========================================================================
max slew violation count 0
max fanout violation count 5
max cap violation count 0
============================================================================

===========================================================================
check_setup -verbose -unconstrained_endpoints -multiple_clock -no_clock -no_input_delay -loops -generated_clocks
===========================================================================
