Clock: clk_i
Sources: clk_i 
Generated: no
Virtual: yes
Propagated: no
Period: 100.000000

===========================================================================
report_clock_properties
============================================================================
Clock                   Period          Waveform
----------------------------------------------------
clk_i               100.000000    0.000000 50.000000

===========================================================================
report_clock_latency
============================================================================
Clock clk_i
rise -> rise
    min     max
0.000000 0.000000 source latency
2.836782         network latency _60995_/CLK
        3.227473 network latency _57888_/CLK
---------------
2.836782 3.227473 latency
        0.390691 skew

fall -> fall
    min     max
0.000000 0.000000 source latency
2.564590         network latency _60995_/CLK
        3.027442 network latency _57888_/CLK
---------------
2.564590 3.027442 latency
        0.462851 skew



===========================================================================
report_clock_min_period
============================================================================
clk_i period_min = 22.03 fmax = 45.39
