Clock: clk_i
Sources: clk_i 
Generated: no
Virtual: yes
Propagated: no
Period: 50.000000

===========================================================================
report_clock_properties
============================================================================
Clock                   Period          Waveform
----------------------------------------------------
clk_i                50.000000    0.000000 25.000000

===========================================================================
report_clock_latency
============================================================================
Clock clk_i
rise -> rise
    min     max
0.000000 0.000000 source latency
12.094820         network latency _61895_/CLK
        142.380356 network latency _57238_/CLK
---------------
12.094820 142.380356 latency
        130.285553 skew

fall -> fall
    min     max
0.000000 0.000000 source latency
7.674878         network latency _61895_/CLK
        110.443520 network latency _57940_/CLK
---------------
7.674878 110.443520 latency
        102.768639 skew



===========================================================================
report_clock_min_period
============================================================================
clk_i period_min = 137.33 fmax = 7.28
