
===========================================================================
report_checks -unconstrained
===========================================================================
======================= max_ss_125C_4v50 Corner ===================================

Startpoint: rst_ni (input port clocked by clk_i)
Endpoint: _59904_ (recovery check against rising-edge clock clk_i)
Path Group: asynchronous
Path Type: max

Fanout         Cap        Slew       Delay        Time   Description
---------------------------------------------------------------------------------------------
                                  0.000000    0.000000   clock clk_i (rise edge)
                                  0.000000    0.000000   clock network delay (propagated)
                                 20.000000   20.000000 ^ input external delay
     1    0.007493    0.291669    0.119689   20.119690 ^ rst_ni (in)
                                                         rst_ni (net)
                      0.291669    0.000000   20.119690 ^ input3/I (gf180mcu_fd_sc_mcu7t5v0__dlyb_1)
     1    0.038793    1.160291    2.249797   22.369486 ^ input3/Z (gf180mcu_fd_sc_mcu7t5v0__dlyb_1)
                                                         net3 (net)
                      1.160310    0.002615   22.372101 ^ fanout1286/I (gf180mcu_fd_sc_mcu7t5v0__dlyb_1)
     3    0.063820    1.829683    2.700577   25.072680 ^ fanout1286/Z (gf180mcu_fd_sc_mcu7t5v0__dlyb_1)
                                                         net1286 (net)
                      1.829710    0.003965   25.076643 ^ wire1287/I (gf180mcu_fd_sc_mcu7t5v0__buf_4)
     3    0.124006    0.905226    0.842784   25.919428 ^ wire1287/Z (gf180mcu_fd_sc_mcu7t5v0__buf_4)
                                                         net1287 (net)
                      0.905265    0.003164   25.922590 ^ fanout1249/I (gf180mcu_fd_sc_mcu7t5v0__dlyb_1)
     5    0.081479    2.305947    2.964750   28.887341 ^ fanout1249/Z (gf180mcu_fd_sc_mcu7t5v0__dlyb_1)
                                                         net1249 (net)
                      2.305991    0.005679   28.893021 ^ fanout1242/I (gf180mcu_fd_sc_mcu7t5v0__dlyb_1)
     7    0.105813    2.963639    3.332470   32.225491 ^ fanout1242/Z (gf180mcu_fd_sc_mcu7t5v0__dlyb_1)
                                                         net1242 (net)
                      2.963639    0.001194   32.226685 ^ fanout1241/I (gf180mcu_fd_sc_mcu7t5v0__dlyb_1)
     8    0.083610    2.364042    2.961691   35.188377 ^ fanout1241/Z (gf180mcu_fd_sc_mcu7t5v0__dlyb_1)
                                                         net1241 (net)
                      2.364042    0.001545   35.189922 ^ fanout1240/I (gf180mcu_fd_sc_mcu7t5v0__dlyb_1)
     7    0.062681    1.798444    2.662823   37.852745 ^ fanout1240/Z (gf180mcu_fd_sc_mcu7t5v0__dlyb_1)
                                                         net1240 (net)
                      1.798454    0.002412   37.855156 ^ fanout1238/I (gf180mcu_fd_sc_mcu7t5v0__dlyb_1)
    10    0.104916    2.938218    3.337636   41.192791 ^ fanout1238/Z (gf180mcu_fd_sc_mcu7t5v0__dlyb_1)
                                                         net1238 (net)
                      2.938230    0.003375   41.196167 ^ _59904_/RN (gf180mcu_fd_sc_mcu7t5v0__dffrnq_1)
                                             41.196167   data arrival time

                                100.000000  100.000000   clock clk_i (rise edge)
                                  0.000000  100.000000   clock source latency
     2    0.212074    1.477977    0.818893  100.818893 ^ clk_i (in)
                                                         clk_i (net)
                      1.478491    0.000000  100.818893 ^ delaybuf_1_clk_i/I (gf180mcu_fd_sc_mcu7t5v0__clkbuf_16)
     1    0.058826    0.249571    0.675016  101.493904 ^ delaybuf_1_clk_i/Z (gf180mcu_fd_sc_mcu7t5v0__clkbuf_16)
                                                         delaynet_1_clk_i (net)
                      0.249595    0.004761  101.498665 ^ delaybuf_2_clk_i/I (gf180mcu_fd_sc_mcu7t5v0__clkbuf_16)
     1    0.050409    0.205279    0.454790  101.953453 ^ delaybuf_2_clk_i/Z (gf180mcu_fd_sc_mcu7t5v0__clkbuf_16)
                                                         delaynet_2_clk_i (net)
                      0.205293    0.003233  101.956688 ^ delaybuf_3_clk_i/I (gf180mcu_fd_sc_mcu7t5v0__clkbuf_16)
     1    0.045610    0.197923    0.439407  102.396095 ^ delaybuf_3_clk_i/Z (gf180mcu_fd_sc_mcu7t5v0__clkbuf_16)
                                                         delaynet_3_clk_i (net)
                      0.197937    0.002977  102.399071 ^ clkbuf_regs_0_clk_i/I (gf180mcu_fd_sc_mcu7t5v0__clkbuf_16)
     1    0.023883    0.164185    0.411490  102.810562 ^ clkbuf_regs_0_clk_i/Z (gf180mcu_fd_sc_mcu7t5v0__clkbuf_16)
                                                         clk_i_regs (net)
                      0.164185    0.000284  102.810844 ^ clkbuf_0_clk_i_regs/I (gf180mcu_fd_sc_mcu7t5v0__clkbuf_16)
     8    0.251521    0.514770    0.647532  103.458382 ^ clkbuf_0_clk_i_regs/Z (gf180mcu_fd_sc_mcu7t5v0__clkbuf_16)
                                                         clknet_0_clk_i_regs (net)
                      0.514787    0.004505  103.462883 ^ clkbuf_3_5_0_clk_i_regs/I (gf180mcu_fd_sc_mcu7t5v0__clkbuf_8)
     4    0.146952    0.577948    0.758384  104.221268 ^ clkbuf_3_5_0_clk_i_regs/Z (gf180mcu_fd_sc_mcu7t5v0__clkbuf_8)
                                                         clknet_3_5_0_clk_i_regs (net)
                      0.577953    0.002601  104.223869 ^ clkbuf_5_23__f_clk_i_regs/I (gf180mcu_fd_sc_mcu7t5v0__clkbuf_16)
     5    0.084445    0.259171    0.571163  104.795029 ^ clkbuf_5_23__f_clk_i_regs/Z (gf180mcu_fd_sc_mcu7t5v0__clkbuf_16)
                                                         clknet_5_23__leaf_clk_i_regs (net)
                      0.259171    0.000632  104.795662 ^ clkbuf_leaf_118_clk_i_regs/I (gf180mcu_fd_sc_mcu7t5v0__clkbuf_8)
    10    0.058553    0.300875    0.522419  105.318085 ^ clkbuf_leaf_118_clk_i_regs/Z (gf180mcu_fd_sc_mcu7t5v0__clkbuf_8)
                                                         clknet_leaf_118_clk_i_regs (net)
                      0.300877    0.001606  105.319687 ^ _59904_/CLK (gf180mcu_fd_sc_mcu7t5v0__dffrnq_1)
                                 -0.250000  105.069695   clock uncertainty
                                  0.000000  105.069695   clock reconvergence pessimism
                                 -0.232168  104.837524   library recovery time
                                            104.837524   data required time
---------------------------------------------------------------------------------------------
                                            104.837524   data required time
                                            -41.196167   data arrival time
---------------------------------------------------------------------------------------------
                                             63.641354   slack (MET)


Startpoint: _61320_ (falling edge-triggered flip-flop clocked by clk_i)
Endpoint: spi_flash_sd_io[0] (output port clocked by clk_i)
Path Group: clk_i
Path Type: max

Fanout         Cap        Slew       Delay        Time   Description
---------------------------------------------------------------------------------------------
                                 50.000000   50.000000   clock clk_i (fall edge)
                                  0.000000   50.000000   clock source latency
     2    0.212074    0.858217    0.497895   50.497894 v clk_i (in)
                                                         clk_i (net)
                      0.859027    0.000000   50.497894 v delaybuf_1_clk_i/I (gf180mcu_fd_sc_mcu7t5v0__clkbuf_16)
     1    0.058826    0.227635    0.639819   51.137711 v delaybuf_1_clk_i/Z (gf180mcu_fd_sc_mcu7t5v0__clkbuf_16)
                                                         delaynet_1_clk_i (net)
                      0.227671    0.004757   51.142471 v delaybuf_2_clk_i/I (gf180mcu_fd_sc_mcu7t5v0__clkbuf_16)
     1    0.050409    0.201016    0.451184   51.593655 v delaybuf_2_clk_i/Z (gf180mcu_fd_sc_mcu7t5v0__clkbuf_16)
                                                         delaynet_2_clk_i (net)
                      0.201034    0.003229   51.596882 v delaybuf_3_clk_i/I (gf180mcu_fd_sc_mcu7t5v0__clkbuf_16)
     1    0.045610    0.193861    0.437190   52.034073 v delaybuf_3_clk_i/Z (gf180mcu_fd_sc_mcu7t5v0__clkbuf_16)
                                                         delaynet_3_clk_i (net)
                      0.193876    0.002981   52.037052 v clkbuf_regs_0_clk_i/I (gf180mcu_fd_sc_mcu7t5v0__clkbuf_16)
     1    0.023883    0.159435    0.406711   52.443764 v clkbuf_regs_0_clk_i/Z (gf180mcu_fd_sc_mcu7t5v0__clkbuf_16)
                                                         clk_i_regs (net)
                      0.159435    0.000281   52.444046 v clkbuf_0_clk_i_regs/I (gf180mcu_fd_sc_mcu7t5v0__clkbuf_16)
     8    0.251521    0.501859    0.655948   53.099995 v clkbuf_0_clk_i_regs/Z (gf180mcu_fd_sc_mcu7t5v0__clkbuf_16)
                                                         clknet_0_clk_i_regs (net)
                      0.502869    0.012779   53.112774 v clkbuf_3_0_0_clk_i_regs/I (gf180mcu_fd_sc_mcu7t5v0__clkbuf_8)
     4    0.149439    0.627056    0.842057   53.954830 v clkbuf_3_0_0_clk_i_regs/Z (gf180mcu_fd_sc_mcu7t5v0__clkbuf_8)
                                                         clknet_3_0_0_clk_i_regs (net)
                      0.627207    0.005400   53.960228 v clkbuf_5_2__f_clk_i_regs/I (gf180mcu_fd_sc_mcu7t5v0__clkbuf_16)
     5    0.097458    0.277828    0.630934   54.591164 v clkbuf_5_2__f_clk_i_regs/Z (gf180mcu_fd_sc_mcu7t5v0__clkbuf_16)
                                                         clknet_5_2__leaf_clk_i_regs (net)
                      0.277829    0.001076   54.592239 v clkbuf_leaf_16_clk_i_regs/I (gf180mcu_fd_sc_mcu7t5v0__clkbuf_8)
    10    0.063544    0.339481    0.574438   55.166679 v clkbuf_leaf_16_clk_i_regs/Z (gf180mcu_fd_sc_mcu7t5v0__clkbuf_8)
                                                         clknet_leaf_16_clk_i_regs (net)
                      0.339481    0.000977   55.167656 v _61320_/CLKN (gf180mcu_fd_sc_mcu7t5v0__dffnq_1)
     1    0.004738    0.267634    1.442700   56.610355 ^ _61320_/Q (gf180mcu_fd_sc_mcu7t5v0__dffnq_1)
                                                         i_core_v_mini_mcu.ao_peripheral_subsystem_i.spi_subsystem_i.obi_spimemio_i.spimemio_i.xfer_io0_90 (net)
                      0.267634    0.000046   56.610401 ^ _33447_/A2 (gf180mcu_fd_sc_mcu7t5v0__nor2_1)
     1    0.009278    0.682489    0.298282   56.908684 v _33447_/ZN (gf180mcu_fd_sc_mcu7t5v0__nor2_1)
                                                         _10479_ (net)
                      0.682489    0.000142   56.908825 v _33449_/A2 (gf180mcu_fd_sc_mcu7t5v0__oai21_1)
     1    0.024171    1.530202    1.067186   57.976013 ^ _33449_/ZN (gf180mcu_fd_sc_mcu7t5v0__oai21_1)
                                                         i_core_v_mini_mcu.ao_peripheral_subsystem_i.spi_subsystem_i.obi_spimemio_i.flash_io0_do_o (net)
                      1.530202    0.000661   57.976673 ^ gen_flash_sd[0].u_pad_drv/I (gf180mcu_fd_sc_mcu7t5v0__bufz_8)
     3    0.225064    0.887707    1.052541   59.029213 ^ gen_flash_sd[0].u_pad_drv/Z (gf180mcu_fd_sc_mcu7t5v0__bufz_8)
                                                         spi_flash_sd_io[0] (net)
                      0.888223    0.012037   59.041248 ^ spi_flash_sd_io[0] (inout)
                                             59.041248   data arrival time

                                100.000000  100.000000   clock clk_i (rise edge)
                                  0.000000  100.000000   clock network delay (propagated)
                                 -0.250000   99.750000   clock uncertainty
                                  0.000000   99.750000   clock reconvergence pessimism
                                -20.000000   79.750000   output external delay
                                             79.750000   data required time
---------------------------------------------------------------------------------------------
                                             79.750000   data required time
                                            -59.041248   data arrival time
---------------------------------------------------------------------------------------------
                                             20.708748   slack (MET)




===========================================================================
report_checks --slack_max -0.01
============================================================================
======================= max_ss_125C_4v50 Corner ===================================

No paths found.


===========================================================================
 report_check_types -max_slew -max_cap -max_fanout -violators
============================================================================
======================= max_ss_125C_4v50 Corner ===================================

max slew

Pin                                        Limit        Slew       Slack
------------------------------------------------------------------------
_30812_/A2                              4.000000    9.509731   -5.509731 (VIOLATED)
_30794_/ZN                              4.000000    9.509308   -5.509308 (VIOLATED)
_31223_/A1                              4.000000    9.344943   -5.344943 (VIOLATED)
_31215_/ZN                              4.000000    9.344520   -5.344520 (VIOLATED)
_30014_/A1                              4.000000    7.654426   -3.654426 (VIOLATED)
_29991_/ZN                              4.000000    7.654275   -3.654275 (VIOLATED)
_47573_/A1                              4.000000    7.633176   -3.633176 (VIOLATED)
_47419_/A2                              4.000000    7.633171   -3.633171 (VIOLATED)
_47502_/A1                              4.000000    7.633166   -3.633166 (VIOLATED)
_47417_/ZN                              4.000000    7.631280   -3.631280 (VIOLATED)
_47398_/A2                              4.000000    7.204247   -3.204246 (VIOLATED)
_47559_/A1                              4.000000    7.204249   -3.204249 (VIOLATED)
_47488_/A1                              4.000000    7.204226   -3.204226 (VIOLATED)
_47396_/ZN                              4.000000    7.203503   -3.203503 (VIOLATED)
_47446_/A1                              4.000000    6.979207   -2.979207 (VIOLATED)
_47335_/A2                              4.000000    6.979201   -2.979201 (VIOLATED)
_47517_/A1                              4.000000    6.979179   -2.979179 (VIOLATED)
_47333_/ZN                              4.000000    6.978387   -2.978387 (VIOLATED)
_30981_/B1                              4.000000    6.850197   -2.850198 (VIOLATED)
_30887_/B2                              4.000000    6.850190   -2.850190 (VIOLATED)
_30931_/B2                              4.000000    6.850191   -2.850191 (VIOLATED)
_30500_/B2                              4.000000    6.850170   -2.850170 (VIOLATED)
_29944_/A1                              4.000000    6.850149   -2.850149 (VIOLATED)
_29990_/B2                              4.000000    6.850123   -2.850123 (VIOLATED)
_29822_/A1                              4.000000    6.850070   -2.850070 (VIOLATED)
_31266_/A1                              4.000000    6.850047   -2.850046 (VIOLATED)
_29821_/Z                               4.000000    6.850014   -2.850014 (VIOLATED)
_30394_/B2                              4.000000    6.850014   -2.850014 (VIOLATED)
_30642_/B1                              4.000000    6.850014   -2.850014 (VIOLATED)
_47575_/A1                              4.000000    6.842242   -2.842242 (VIOLATED)
_47422_/A2                              4.000000    6.842238   -2.842238 (VIOLATED)
_47504_/A1                              4.000000    6.842227   -2.842227 (VIOLATED)
_47420_/ZN                              4.000000    6.841475   -2.841475 (VIOLATED)
_47341_/A2                              4.000000    6.791969   -2.791969 (VIOLATED)
_47450_/A1                              4.000000    6.791969   -2.791969 (VIOLATED)
_47521_/A1                              4.000000    6.791966   -2.791966 (VIOLATED)
_47339_/ZN                              4.000000    6.791285   -2.791285 (VIOLATED)
_47335_/B                               4.000000    6.524772   -2.524772 (VIOLATED)
_47334_/ZN                              4.000000    6.524219   -2.524219 (VIOLATED)
spi_flash_sd_io[0]                      4.000000    6.190464   -2.190464 (VIOLATED)
_30551_/A3                              4.000000    5.851528   -1.851528 (VIOLATED)
_30549_/ZN                              4.000000    5.850842   -1.850843 (VIOLATED)
_31176_/A3                              4.000000    5.804713   -1.804713 (VIOLATED)
_31174_/ZN                              4.000000    5.803924   -1.803924 (VIOLATED)
_33493_/A2                              4.000000    5.793906   -1.793905 (VIOLATED)
_28828_/A2                              4.000000    5.793871   -1.793871 (VIOLATED)
_37074_/A2                              4.000000    5.793802   -1.793802 (VIOLATED)
_47330_/A2                              4.000000    5.793792   -1.793792 (VIOLATED)
_28827_/ZN                              4.000000    5.793749   -1.793749 (VIOLATED)
spi_flash_sd_io[2]                      4.000000    5.688834   -1.688834 (VIOLATED)
_30981_/A2                              4.000000    5.580758   -1.580758 (VIOLATED)
_30065_/B2                              4.000000    5.580756   -1.580756 (VIOLATED)
_30440_/B2                              4.000000    5.580757   -1.580757 (VIOLATED)
_31267_/B2                              4.000000    5.580746   -1.580746 (VIOLATED)
_47507_/A2                              4.000000    5.580738   -1.580737 (VIOLATED)
_29819_/A1                              4.000000    5.580727   -1.580727 (VIOLATED)
_30326_/B2                              4.000000    5.580727   -1.580727 (VIOLATED)
_30642_/A2                              4.000000    5.580728   -1.580728 (VIOLATED)
_29818_/Z                               4.000000    5.580709   -1.580709 (VIOLATED)
_30268_/A2                              4.000000    5.580709   -1.580709 (VIOLATED)
_30855_/A1                              4.000000    5.580709   -1.580709 (VIOLATED)
_31016_/A2                              4.000000    5.543381   -1.543381 (VIOLATED)
_31013_/ZN                              4.000000    5.542802   -1.542802 (VIOLATED)
_29823_/A4                              4.000000    5.509521   -1.509521 (VIOLATED)
_29822_/ZN                              4.000000    5.509107   -1.509107 (VIOLATED)
_47411_/A2                              4.000000    5.493510   -1.493510 (VIOLATED)
_33565_/A2                              4.000000    5.493375   -1.493375 (VIOLATED)
_37154_/A2                              4.000000    5.493223   -1.493223 (VIOLATED)
_33564_/ZN                              4.000000    5.493186   -1.493186 (VIOLATED)
_30551_/A4                              4.000000    5.487460   -1.487460 (VIOLATED)
_30550_/ZN                              4.000000    5.486994   -1.486994 (VIOLATED)
_29823_/A2                              4.000000    5.316616   -1.316616 (VIOLATED)
_29819_/ZN                              4.000000    5.316253   -1.316253 (VIOLATED)
_37259_/A1                              4.000000    5.304317   -1.304317 (VIOLATED)
_37253_/A1                              4.000000    5.304315   -1.304314 (VIOLATED)
_37247_/A1                              4.000000    5.304293   -1.304293 (VIOLATED)
_37251_/A1                              4.000000    5.304294   -1.304294 (VIOLATED)
_37255_/A1                              4.000000    5.304294   -1.304294 (VIOLATED)
_37249_/A1                              4.000000    5.304278   -1.304278 (VIOLATED)
_37257_/A1                              4.000000    5.304276   -1.304275 (VIOLATED)
_37244_/Z                               4.000000    5.304256   -1.304256 (VIOLATED)
_37245_/A1                              4.000000    5.304256   -1.304256 (VIOLATED)
_37310_/A2                              4.000000    5.304256   -1.304256 (VIOLATED)
_37312_/A2                              4.000000    5.304256   -1.304256 (VIOLATED)
_29819_/A2                              4.000000    5.282171   -1.282171 (VIOLATED)
_47516_/A2                              4.000000    5.281805   -1.281805 (VIOLATED)
_60241_/Q                               4.000000    5.281805   -1.281805 (VIOLATED)
_30297_/A1                              4.000000    5.249882   -1.249882 (VIOLATED)
_30420_/A1                              4.000000    5.249814   -1.249814 (VIOLATED)
_30304_/A1                              4.000000    5.249812   -1.249812 (VIOLATED)
_30526_/A1                              4.000000    5.249812   -1.249812 (VIOLATED)
_30531_/A1                              4.000000    5.249797   -1.249797 (VIOLATED)
_30623_/A1                              4.000000    5.249785   -1.249785 (VIOLATED)
_30423_/A1                              4.000000    5.249778   -1.249778 (VIOLATED)
_30575_/A1                              4.000000    5.249779   -1.249779 (VIOLATED)
_30246_/A1                              4.000000    5.249760   -1.249760 (VIOLATED)
_30252_/A1                              4.000000    5.249760   -1.249760 (VIOLATED)
fanout1059/Z                            4.000000    5.249760   -1.249760 (VIOLATED)
_47448_/B                               4.000000    5.235194   -1.235194 (VIOLATED)
_47447_/ZN                              4.000000    5.234705   -1.234705 (VIOLATED)
_47405_/A2                              4.000000    5.188317   -1.188318 (VIOLATED)
_33559_/A2                              4.000000    5.188294   -1.188294 (VIOLATED)
_33558_/ZN                              4.000000    5.188195   -1.188195 (VIOLATED)
_37148_/A2                              4.000000    5.188195   -1.188195 (VIOLATED)
_33499_/A2                              4.000000    5.186584   -1.186585 (VIOLATED)
_37081_/A2                              4.000000    5.186559   -1.186559 (VIOLATED)
_47336_/A2                              4.000000    5.186503   -1.186503 (VIOLATED)
_33498_/ZN                              4.000000    5.186473   -1.186473 (VIOLATED)
_30551_/A2                              4.000000    5.157619   -1.157619 (VIOLATED)
_30548_/ZN                              4.000000    5.156984   -1.156984 (VIOLATED)
_30746_/A3                              4.000000    5.020541   -1.020541 (VIOLATED)
_30744_/ZN                              4.000000    5.020200   -1.020200 (VIOLATED)
_37084_/A1                              4.000000    4.988582   -0.988582 (VIOLATED)
_37087_/A1                              4.000000    4.988575   -0.988575 (VIOLATED)
_37109_/A1                              4.000000    4.988527   -0.988527 (VIOLATED)
_37097_/A1                              4.000000    4.988523   -0.988523 (VIOLATED)
_37106_/A1                              4.000000    4.988512   -0.988512 (VIOLATED)
_37112_/A1                              4.000000    4.988511   -0.988511 (VIOLATED)
_37101_/A1                              4.000000    4.988507   -0.988507 (VIOLATED)
_37093_/A1                              4.000000    4.988500   -0.988500 (VIOLATED)
_37090_/A1                              4.000000    4.988475   -0.988475 (VIOLATED)
_37081_/A1                              4.000000    4.988465   -0.988465 (VIOLATED)
_37080_/Z                               4.000000    4.988446   -0.988446 (VIOLATED)
_47423_/A2                              4.000000    4.949499   -0.949499 (VIOLATED)
_37166_/A2                              4.000000    4.949435   -0.949435 (VIOLATED)
_33575_/ZN                              4.000000    4.949346   -0.949346 (VIOLATED)
_33576_/A2                              4.000000    4.949346   -0.949346 (VIOLATED)
_29244_/A2                              4.000000    4.922228   -0.922229 (VIOLATED)
_30207_/A2                              4.000000    4.922229   -0.922229 (VIOLATED)
_28409_/ZN                              4.000000    4.922185   -0.922185 (VIOLATED)
_28410_/I                               4.000000    4.922185   -0.922185 (VIOLATED)
_28887_/A2                              4.000000    4.922185   -0.922185 (VIOLATED)
_29408_/A2                              4.000000    4.922185   -0.922185 (VIOLATED)
_29459_/A1                              4.000000    4.922185   -0.922185 (VIOLATED)
_29474_/A3                              4.000000    4.922185   -0.922185 (VIOLATED)
_29231_/A2                              4.000000    4.890928   -0.890928 (VIOLATED)
_29230_/ZN                              4.000000    4.890900   -0.890900 (VIOLATED)
_29259_/I                               4.000000    4.890900   -0.890900 (VIOLATED)
_29404_/A2                              4.000000    4.890900   -0.890900 (VIOLATED)
_29496_/A2                              4.000000    4.890900   -0.890900 (VIOLATED)
_30693_/A1                              4.000000    4.856471   -0.856470 (VIOLATED)
_29945_/A2                              4.000000    4.855925   -0.855925 (VIOLATED)
_29943_/Z                               4.000000    4.855908   -0.855908 (VIOLATED)
max_cap1315/I                           4.000000    4.855908   -0.855908 (VIOLATED)
_47333_/A1                              4.000000    4.803492   -0.803492 (VIOLATED)
_47339_/A1                              4.000000    4.803489   -0.803489 (VIOLATED)
_47356_/A1                              4.000000    4.803463   -0.803463 (VIOLATED)
_47342_/A1                              4.000000    4.803428   -0.803428 (VIOLATED)
_47336_/A1                              4.000000    4.803303   -0.803303 (VIOLATED)
_47330_/A1                              4.000000    4.803249   -0.803249 (VIOLATED)
_47326_/Z                               4.000000    4.803228   -0.803228 (VIOLATED)
_47327_/A1                              4.000000    4.803228   -0.803228 (VIOLATED)
_47345_/A1                              4.000000    4.803228   -0.803228 (VIOLATED)
_47348_/A1                              4.000000    4.803228   -0.803228 (VIOLATED)
_47352_/A1                              4.000000    4.803228   -0.803228 (VIOLATED)
_47402_/A2                              4.000000    4.790177   -0.790177 (VIOLATED)
_33556_/A2                              4.000000    4.790105   -0.790105 (VIOLATED)
_37145_/A2                              4.000000    4.789970   -0.789970 (VIOLATED)
_33555_/ZN                              4.000000    4.789948   -0.789948 (VIOLATED)
_37473_/A1                              4.000000    4.784291   -0.784291 (VIOLATED)
_37469_/A1                              4.000000    4.784275   -0.784275 (VIOLATED)
_37465_/A1                              4.000000    4.784249   -0.784249 (VIOLATED)
_37475_/A1                              4.000000    4.784231   -0.784231 (VIOLATED)
_37471_/A1                              4.000000    4.784199   -0.784199 (VIOLATED)
_37477_/A1                              4.000000    4.784193   -0.784193 (VIOLATED)
_37462_/Z                               4.000000    4.784158   -0.784158 (VIOLATED)
_37463_/A1                              4.000000    4.784158   -0.784158 (VIOLATED)
_37467_/A1                              4.000000    4.784158   -0.784158 (VIOLATED)
_37528_/A2                              4.000000    4.784158   -0.784158 (VIOLATED)
_37530_/A2                              4.000000    4.784158   -0.784158 (VIOLATED)
_30549_/A1                              4.000000    4.782938   -0.782939 (VIOLATED)
_31090_/A1                              4.000000    4.782937   -0.782937 (VIOLATED)
_31013_/A1                              4.000000    4.782936   -0.782936 (VIOLATED)
_31296_/A1                              4.000000    4.782907   -0.782908 (VIOLATED)
_30594_/B2                              4.000000    4.782907   -0.782907 (VIOLATED)
_30325_/A1                              4.000000    4.782905   -0.782905 (VIOLATED)
_30745_/A1                              4.000000    4.782902   -0.782902 (VIOLATED)
_31175_/A1                              4.000000    4.782900   -0.782900 (VIOLATED)
_29604_/Z                               4.000000    4.782881   -0.782881 (VIOLATED)
_29607_/A2                              4.000000    4.782881   -0.782881 (VIOLATED)
_30137_/B2                              4.000000    4.782881   -0.782881 (VIOLATED)
wire205/I                               4.000000    4.782159   -0.782159 (VIOLATED)
_43959_/ZN                              4.000000    4.782112   -0.782112 (VIOLATED)
_47387_/B                               4.000000    4.750704   -0.750704 (VIOLATED)
_47386_/ZN                              4.000000    4.750175   -0.750175 (VIOLATED)
spi_flash_sd_io[3]                      4.000000    4.730464   -0.730464 (VIOLATED)
_29221_/A2                              4.000000    4.670666   -0.670666 (VIOLATED)
_29566_/A2                              4.000000    4.670666   -0.670666 (VIOLATED)
_29575_/A2                              4.000000    4.670655   -0.670655 (VIOLATED)
_48091_/A2                              4.000000    4.670510   -0.670510 (VIOLATED)
_29220_/Z                               4.000000    4.670470   -0.670470 (VIOLATED)
_29368_/A2                              4.000000    4.670470   -0.670470 (VIOLATED)
_29379_/A2                              4.000000    4.670470   -0.670470 (VIOLATED)
_29385_/A2                              4.000000    4.670470   -0.670470 (VIOLATED)
_29435_/A3                              4.000000    4.670470   -0.670470 (VIOLATED)
_29477_/A2                              4.000000    4.670470   -0.670470 (VIOLATED)
_29485_/A2                              4.000000    4.670470   -0.670470 (VIOLATED)
_40825_/I                               4.000000    4.638822   -0.638821 (VIOLATED)
_43549_/I                               4.000000    4.638820   -0.638820 (VIOLATED)
_43601_/I                               4.000000    4.638815   -0.638815 (VIOLATED)
_42961_/I                               4.000000    4.638796   -0.638796 (VIOLATED)
_43495_/I                               4.000000    4.638751   -0.638750 (VIOLATED)
_41320_/I                               4.000000    4.638736   -0.638736 (VIOLATED)
_42410_/I                               4.000000    4.638719   -0.638719 (VIOLATED)
_41873_/I                               4.000000    4.638718   -0.638718 (VIOLATED)
_40824_/Z                               4.000000    4.638663   -0.638663 (VIOLATED)
_31187_/A1                              4.000000    4.636944   -0.636944 (VIOLATED)
_31224_/B2                              4.000000    4.636942   -0.636942 (VIOLATED)
_30860_/A1                              4.000000    4.636934   -0.636934 (VIOLATED)
_30813_/B2                              4.000000    4.636920   -0.636920 (VIOLATED)
_30351_/B2                              4.000000    4.636679   -0.636679 (VIOLATED)
_30514_/B2                              4.000000    4.636657   -0.636657 (VIOLATED)
_29786_/Z                               4.000000    4.636637   -0.636637 (VIOLATED)
_29787_/B2                              4.000000    4.636637   -0.636637 (VIOLATED)
_30028_/B2                              4.000000    4.636637   -0.636637 (VIOLATED)
_31271_/A1                              4.000000    4.636637   -0.636637 (VIOLATED)
_31313_/A1                              4.000000    4.636637   -0.636637 (VIOLATED)
wire1314/I                              4.000000    4.633539   -0.633539 (VIOLATED)
_47393_/ZN                              4.000000    4.633189   -0.633189 (VIOLATED)
_30700_/ZN                              4.000000    4.631107   -0.631107 (VIOLATED)
_30704_/A1                              4.000000    4.631107   -0.631107 (VIOLATED)
_30417_/A2                              4.000000    4.624946   -0.624945 (VIOLATED)
_30416_/ZN                              4.000000    4.624917   -0.624917 (VIOLATED)
_29235_/A3                              4.000000    4.616997   -0.616997 (VIOLATED)
_29260_/A3                              4.000000    4.616995   -0.616995 (VIOLATED)
_29234_/ZN                              4.000000    4.616498   -0.616498 (VIOLATED)
_29399_/A2                              4.000000    4.616498   -0.616498 (VIOLATED)
_35095_/A1                              4.000000    4.614417   -0.614417 (VIOLATED)
_33926_/A1                              4.000000    4.614414   -0.614414 (VIOLATED)
_35019_/A1                              4.000000    4.614404   -0.614404 (VIOLATED)
_35022_/A1                              4.000000    4.614403   -0.614403 (VIOLATED)
_33965_/A1                              4.000000    4.614374   -0.614373 (VIOLATED)
_35057_/A1                              4.000000    4.614273   -0.614273 (VIOLATED)
_34000_/A1                              4.000000    4.614272   -0.614272 (VIOLATED)
_34714_/A1                              4.000000    4.614264   -0.614264 (VIOLATED)
_35039_/A1                              4.000000    4.614262   -0.614262 (VIOLATED)
_33925_/Z                               4.000000    4.614241   -0.614241 (VIOLATED)
_34182_/A1                              4.000000    4.614241   -0.614241 (VIOLATED)
_47372_/A1                              4.000000    4.580447   -0.580447 (VIOLATED)
_47385_/A1                              4.000000    4.580441   -0.580441 (VIOLATED)
_47369_/A1                              4.000000    4.580436   -0.580436 (VIOLATED)
_47378_/A1                              4.000000    4.580426   -0.580426 (VIOLATED)
_47366_/A1                              4.000000    4.580419   -0.580419 (VIOLATED)
_47389_/A1                              4.000000    4.580349   -0.580350 (VIOLATED)
_47381_/A1                              4.000000    4.580338   -0.580338 (VIOLATED)
_47363_/A1                              4.000000    4.580259   -0.580259 (VIOLATED)
_47360_/A1                              4.000000    4.580161   -0.580161 (VIOLATED)
_47375_/A1                              4.000000    4.580142   -0.580142 (VIOLATED)
_47359_/Z                               4.000000    4.580109   -0.580108 (VIOLATED)
_37853_/I                               4.000000    4.571559   -0.571559 (VIOLATED)
_40573_/A1                              4.000000    4.571560   -0.571560 (VIOLATED)
_40758_/A1                              4.000000    4.571550   -0.571550 (VIOLATED)
_37852_/ZN                              4.000000    4.571548   -0.571547 (VIOLATED)
max_cap394/I                            4.000000    4.571548   -0.571547 (VIOLATED)
_50402_/A1                              4.000000    4.555947   -0.555947 (VIOLATED)
_49891_/A2                              4.000000    4.555908   -0.555908 (VIOLATED)
_49890_/ZN                              4.000000    4.555856   -0.555856 (VIOLATED)
_29712_/A2                              4.000000    4.554253   -0.554253 (VIOLATED)
_29895_/A2                              4.000000    4.554251   -0.554251 (VIOLATED)
_48072_/A2                              4.000000    4.554241   -0.554241 (VIOLATED)
_29345_/A2                              4.000000    4.554239   -0.554239 (VIOLATED)
_28927_/I                               4.000000    4.554102   -0.554103 (VIOLATED)
_28448_/I                               4.000000    4.554080   -0.554080 (VIOLATED)
_28447_/Z                               4.000000    4.553989   -0.553989 (VIOLATED)
_31014_/A1                              4.000000    4.539545   -0.539545 (VIOLATED)
_31092_/A1                              4.000000    4.539543   -0.539543 (VIOLATED)
_30548_/A1                              4.000000    4.539539   -0.539539 (VIOLATED)
_30792_/A1                              4.000000    4.539536   -0.539536 (VIOLATED)
_31134_/A1                              4.000000    4.539528   -0.539528 (VIOLATED)
_30499_/A1                              4.000000    4.539517   -0.539517 (VIOLATED)
_31174_/A1                              4.000000    4.539488   -0.539488 (VIOLATED)
_31051_/A1                              4.000000    4.539424   -0.539425 (VIOLATED)
_30498_/Z                               4.000000    4.539400   -0.539400 (VIOLATED)
_31214_/A2                              4.000000    4.539400   -0.539400 (VIOLATED)
_31297_/A1                              4.000000    4.539400   -0.539400 (VIOLATED)
_47498_/A1                              4.000000    4.533044   -0.533044 (VIOLATED)
_47569_/A1                              4.000000    4.533043   -0.533043 (VIOLATED)
_47413_/A2                              4.000000    4.533037   -0.533037 (VIOLATED)
_47411_/ZN                              4.000000    4.532988   -0.532987 (VIOLATED)
_47492_/A1                              4.000000    4.525239   -0.525239 (VIOLATED)
_47563_/A1                              4.000000    4.525236   -0.525236 (VIOLATED)
_47404_/A2                              4.000000    4.525222   -0.525222 (VIOLATED)
_47402_/ZN                              4.000000    4.525154   -0.525154 (VIOLATED)
wire1301/I                              4.000000    4.485065   -0.485064 (VIOLATED)
_31054_/ZN                              4.000000    4.484995   -0.484995 (VIOLATED)
_33562_/A2                              4.000000    4.472092   -0.472092 (VIOLATED)
_47408_/A2                              4.000000    4.472066   -0.472066 (VIOLATED)
_37151_/A2                              4.000000    4.471965   -0.471965 (VIOLATED)
_33561_/ZN                              4.000000    4.471943   -0.471943 (VIOLATED)
_48090_/A1                              4.000000    4.463822   -0.463822 (VIOLATED)
_48089_/ZN                              4.000000    4.463793   -0.463793 (VIOLATED)
_37903_/ZN                              4.000000    4.431501   -0.431501 (VIOLATED)
_39505_/A1                              4.000000    4.431501   -0.431501 (VIOLATED)
_39810_/A1                              4.000000    4.431501   -0.431501 (VIOLATED)
_40788_/A1                              4.000000    4.431501   -0.431501 (VIOLATED)
load_slew306/I                          4.000000    4.431501   -0.431501 (VIOLATED)
_31309_/A1                              4.000000    4.420982   -0.420982 (VIOLATED)
_30204_/C                               4.000000    4.420957   -0.420957 (VIOLATED)
_30322_/A3                              4.000000    4.420956   -0.420956 (VIOLATED)
_33454_/B                               4.000000    4.420945   -0.420945 (VIOLATED)
_33458_/B                               4.000000    4.420942   -0.420942 (VIOLATED)
_33446_/B                               4.000000    4.420941   -0.420942 (VIOLATED)
_33450_/B                               4.000000    4.420933   -0.420933 (VIOLATED)
_29913_/I                               4.000000    4.420920   -0.420920 (VIOLATED)
_33351_/A2                              4.000000    4.420899   -0.420899 (VIOLATED)
_60330_/Q                               4.000000    4.420899   -0.420899 (VIOLATED)
_30695_/A2                              4.000000    4.419745   -0.419745 (VIOLATED)
max_cap256/I                            4.000000    4.419744   -0.419744 (VIOLATED)
_30395_/A2                              4.000000    4.419739   -0.419739 (VIOLATED)
_29618_/I                               4.000000    4.419728   -0.419728 (VIOLATED)
_29617_/ZN                              4.000000    4.419711   -0.419710 (VIOLATED)
_50307_/A2                              4.000000    4.396585   -0.396585 (VIOLATED)
_49996_/B2                              4.000000    4.396516   -0.396516 (VIOLATED)
_49994_/ZN                              4.000000    4.396502   -0.396502 (VIOLATED)
_29577_/A2                              4.000000    4.376225   -0.376225 (VIOLATED)
_32061_/A3                              4.000000    4.376225   -0.376225 (VIOLATED)
_48089_/A2                              4.000000    4.376117   -0.376117 (VIOLATED)
_29229_/ZN                              4.000000    4.376079   -0.376079 (VIOLATED)
_29230_/A1                              4.000000    4.376079   -0.376079 (VIOLATED)
_29372_/A4                              4.000000    4.376079   -0.376079 (VIOLATED)
_29432_/A2                              4.000000    4.376079   -0.376079 (VIOLATED)
_29476_/A2                              4.000000    4.376079   -0.376079 (VIOLATED)
_36215_/B1                              4.000000    4.354209   -0.354209 (VIOLATED)
_35589_/I                               4.000000    4.354207   -0.354207 (VIOLATED)
_35635_/I                               4.000000    4.354205   -0.354205 (VIOLATED)
_35663_/I                               4.000000    4.354199   -0.354199 (VIOLATED)
_36304_/A1                              4.000000    4.354131   -0.354131 (VIOLATED)
_35537_/Z                               4.000000    4.354114   -0.354114 (VIOLATED)
_35538_/I                               4.000000    4.354114   -0.354114 (VIOLATED)
_35647_/I                               4.000000    4.354114   -0.354114 (VIOLATED)
_35653_/I                               4.000000    4.354114   -0.354114 (VIOLATED)
_36124_/A1                              4.000000    4.354114   -0.354114 (VIOLATED)
_36445_/A1                              4.000000    4.354114   -0.354114 (VIOLATED)
_29241_/A2                              4.000000    4.345226   -0.345226 (VIOLATED)
_29250_/A2                              4.000000    4.345225   -0.345225 (VIOLATED)
_29228_/ZN                              4.000000    4.345189   -0.345189 (VIOLATED)
_29229_/I                               4.000000    4.345189   -0.345189 (VIOLATED)
_29410_/A1                              4.000000    4.345189   -0.345189 (VIOLATED)
_29445_/A2                              4.000000    4.345189   -0.345189 (VIOLATED)
_31108_/B2                              4.000000    4.321652   -0.321653 (VIOLATED)
_30949_/B2                              4.000000    4.321652   -0.321652 (VIOLATED)
_31147_/B2                              4.000000    4.321647   -0.321647 (VIOLATED)
_31067_/B2                              4.000000    4.321640   -0.321640 (VIOLATED)
_31028_/B2                              4.000000    4.321640   -0.321640 (VIOLATED)
_30904_/B2                              4.000000    4.321632   -0.321632 (VIOLATED)
_30763_/B2                              4.000000    4.321599   -0.321599 (VIOLATED)
_31227_/A2                              4.000000    4.321599   -0.321599 (VIOLATED)
_30709_/A2                              4.000000    4.321406   -0.321406 (VIOLATED)
_30667_/B2                              4.000000    4.321379   -0.321379 (VIOLATED)
_30662_/Z                               4.000000    4.321333   -0.321334 (VIOLATED)
_47424_/A2                              4.000000    4.320920   -0.320920 (VIOLATED)
_31296_/A2                              4.000000    4.320755   -0.320755 (VIOLATED)
_60202_/Q                               4.000000    4.320755   -0.320755 (VIOLATED)
_53632_/A3                              4.000000    4.320432   -0.320432 (VIOLATED)
_53528_/A3                              4.000000    4.320426   -0.320426 (VIOLATED)
_53430_/A3                              4.000000    4.320421   -0.320421 (VIOLATED)
_53327_/A3                              4.000000    4.320415   -0.320414 (VIOLATED)
_53126_/A3                              4.000000    4.320400   -0.320400 (VIOLATED)
_53228_/A3                              4.000000    4.320399   -0.320399 (VIOLATED)
_53022_/A3                              4.000000    4.320398   -0.320398 (VIOLATED)
_52920_/A3                              4.000000    4.320389   -0.320389 (VIOLATED)
_52813_/A3                              4.000000    4.320381   -0.320381 (VIOLATED)
_52711_/Z                               4.000000    4.320365   -0.320366 (VIOLATED)
_52712_/A3                              4.000000    4.320365   -0.320366 (VIOLATED)
_37817_/I                               4.000000    4.313257   -0.313257 (VIOLATED)
_40510_/A1                              4.000000    4.313257   -0.313257 (VIOLATED)
_40728_/A1                              4.000000    4.313254   -0.313254 (VIOLATED)
_37816_/ZN                              4.000000    4.313250   -0.313249 (VIOLATED)
max_cap399/I                            4.000000    4.313250   -0.313249 (VIOLATED)
_31305_/C                               4.000000    4.311436   -0.311436 (VIOLATED)
_30656_/B                               4.000000    4.311435   -0.311435 (VIOLATED)
_30756_/B1                              4.000000    4.311433   -0.311433 (VIOLATED)
_30979_/B1                              4.000000    4.311428   -0.311428 (VIOLATED)
_30894_/B                               4.000000    4.311408   -0.311408 (VIOLATED)
_30334_/A1                              4.000000    4.311389   -0.311390 (VIOLATED)
_30082_/ZN                              4.000000    4.311369   -0.311369 (VIOLATED)
_30083_/B2                              4.000000    4.311369   -0.311369 (VIOLATED)
_30276_/B2                              4.000000    4.311369   -0.311369 (VIOLATED)
_30606_/B2                              4.000000    4.311369   -0.311369 (VIOLATED)
_30942_/A2                              4.000000    4.311369   -0.311369 (VIOLATED)
_53723_/A3                              4.000000    4.310703   -0.310703 (VIOLATED)
_53929_/A3                              4.000000    4.310702   -0.310702 (VIOLATED)
_54033_/A3                              4.000000    4.310700   -0.310700 (VIOLATED)
_54137_/A3                              4.000000    4.310698   -0.310698 (VIOLATED)
_54238_/A3                              4.000000    4.310696   -0.310695 (VIOLATED)
_54335_/A3                              4.000000    4.310690   -0.310691 (VIOLATED)
_53824_/A3                              4.000000    4.310682   -0.310682 (VIOLATED)
_53722_/Z                               4.000000    4.310627   -0.310628 (VIOLATED)
_54431_/A3                              4.000000    4.310627   -0.310628 (VIOLATED)
_54527_/A3                              4.000000    4.310627   -0.310628 (VIOLATED)
_54625_/A3                              4.000000    4.310627   -0.310628 (VIOLATED)
_33613_/I                               4.000000    4.298999   -0.298999 (VIOLATED)
_33730_/I                               4.000000    4.298996   -0.298996 (VIOLATED)
_33948_/A2                              4.000000    4.298963   -0.298963 (VIOLATED)
_34080_/I                               4.000000    4.298963   -0.298963 (VIOLATED)
_35011_/A2                              4.000000    4.298961   -0.298961 (VIOLATED)
_33723_/I                               4.000000    4.298959   -0.298959 (VIOLATED)
_35088_/A2                              4.000000    4.298955   -0.298955 (VIOLATED)
_33666_/I                               4.000000    4.298952   -0.298952 (VIOLATED)
_33601_/I                               4.000000    4.298915   -0.298916 (VIOLATED)
_33600_/Z                               4.000000    4.298896   -0.298896 (VIOLATED)
_34697_/A2                              4.000000    4.298896   -0.298896 (VIOLATED)
_30033_/A1                              4.000000    4.298476   -0.298476 (VIOLATED)
_29881_/A1                              4.000000    4.298469   -0.298469 (VIOLATED)
_29958_/A1                              4.000000    4.298446   -0.298446 (VIOLATED)
_30040_/A1                              4.000000    4.298409   -0.298408 (VIOLATED)
_29965_/A1                              4.000000    4.298385   -0.298385 (VIOLATED)
_29889_/A1                              4.000000    4.298383   -0.298383 (VIOLATED)
_29705_/A1                              4.000000    4.298376   -0.298376 (VIOLATED)
_30424_/A1                              4.000000    4.298303   -0.298303 (VIOLATED)
_30376_/A1                              4.000000    4.298234   -0.298233 (VIOLATED)
_29702_/Z                               4.000000    4.298207   -0.298207 (VIOLATED)
_30918_/A1                              4.000000    4.298207   -0.298207 (VIOLATED)
_29641_/A2                              4.000000    4.295478   -0.295478 (VIOLATED)
_30336_/A2                              4.000000    4.295478   -0.295478 (VIOLATED)
_31020_/C                               4.000000    4.295452   -0.295452 (VIOLATED)
_30802_/C                               4.000000    4.295435   -0.295435 (VIOLATED)
_29764_/B                               4.000000    4.295410   -0.295409 (VIOLATED)
_30845_/B                               4.000000    4.295406   -0.295406 (VIOLATED)
_29298_/Z                               4.000000    4.295362   -0.295362 (VIOLATED)
_29299_/B                               4.000000    4.295362   -0.295362 (VIOLATED)
_29653_/I                               4.000000    4.295362   -0.295362 (VIOLATED)
_29750_/I                               4.000000    4.295362   -0.295362 (VIOLATED)
_30852_/A3                              4.000000    4.295362   -0.295362 (VIOLATED)
_34136_/A2                              4.000000    4.289702   -0.289703 (VIOLATED)
_34557_/A2                              4.000000    4.289697   -0.289697 (VIOLATED)
_33809_/A2                              4.000000    4.289690   -0.289690 (VIOLATED)
_33772_/A2                              4.000000    4.289684   -0.289684 (VIOLATED)
_34995_/A2                              4.000000    4.289681   -0.289682 (VIOLATED)
_33816_/A2                              4.000000    4.289670   -0.289670 (VIOLATED)
_33768_/Z                               4.000000    4.289644   -0.289644 (VIOLATED)
_34068_/A2                              4.000000    4.289644   -0.289644 (VIOLATED)
_34163_/A2                              4.000000    4.289644   -0.289644 (VIOLATED)
_34585_/A2                              4.000000    4.289644   -0.289644 (VIOLATED)
_34591_/A2                              4.000000    4.289644   -0.289644 (VIOLATED)
_36379_/A2                              4.000000    4.272332   -0.272332 (VIOLATED)
_35820_/A2                              4.000000    4.272326   -0.272326 (VIOLATED)
_36458_/A2                              4.000000    4.272316   -0.272316 (VIOLATED)
_36548_/A1                              4.000000    4.272312   -0.272312 (VIOLATED)
_36141_/A2                              4.000000    4.272310   -0.272310 (VIOLATED)
_36586_/B1                              4.000000    4.272306   -0.272307 (VIOLATED)
_35984_/A2                              4.000000    4.272260   -0.272260 (VIOLATED)
_36706_/B                               4.000000    4.272236   -0.272236 (VIOLATED)
_35819_/Z                               4.000000    4.272200   -0.272200 (VIOLATED)
_36221_/B1                              4.000000    4.272200   -0.272200 (VIOLATED)
_36297_/A1                              4.000000    4.272200   -0.272200 (VIOLATED)
_36605_/A2                              4.000000    4.268820   -0.268820 (VIOLATED)
_36746_/A2                              4.000000    4.268620   -0.268620 (VIOLATED)
_35882_/A2                              4.000000    4.268617   -0.268617 (VIOLATED)
_35613_/A2                              4.000000    4.268554   -0.268554 (VIOLATED)
_35612_/Z                               4.000000    4.268526   -0.268526 (VIOLATED)
max_cap583/I                            4.000000    4.268526   -0.268526 (VIOLATED)
_29346_/A1                              4.000000    4.255980   -0.255980 (VIOLATED)
_29326_/A1                              4.000000    4.255980   -0.255980 (VIOLATED)
_47584_/A3                              4.000000    4.255963   -0.255963 (VIOLATED)
_29324_/ZN                              4.000000    4.255947   -0.255947 (VIOLATED)
_29611_/I                               4.000000    4.255947   -0.255947 (VIOLATED)
_35750_/B1                              4.000000    4.242715   -0.242715 (VIOLATED)
_36396_/B1                              4.000000    4.242714   -0.242714 (VIOLATED)
_35991_/B1                              4.000000    4.242658   -0.242658 (VIOLATED)
_36577_/B1                              4.000000    4.242654   -0.242654 (VIOLATED)
_36569_/B1                              4.000000    4.242627   -0.242627 (VIOLATED)
_35491_/Z                               4.000000    4.242555   -0.242555 (VIOLATED)
max_cap618/I                            4.000000    4.242555   -0.242555 (VIOLATED)
_33929_/A2                              4.000000    4.237947   -0.237947 (VIOLATED)
_35020_/A2                              4.000000    4.237944   -0.237944 (VIOLATED)
_33971_/A2                              4.000000    4.237940   -0.237940 (VIOLATED)
_34958_/A2                              4.000000    4.237919   -0.237919 (VIOLATED)
_34183_/A2                              4.000000    4.237916   -0.237915 (VIOLATED)
_33848_/Z                               4.000000    4.237903   -0.237903 (VIOLATED)
max_cap871/I                            4.000000    4.237903   -0.237903 (VIOLATED)
_37944_/I                               4.000000    4.233561   -0.233561 (VIOLATED)
_37877_/I                               4.000000    4.233561   -0.233561 (VIOLATED)
_38002_/I                               4.000000    4.233550   -0.233550 (VIOLATED)
_38065_/A2                              4.000000    4.233544   -0.233544 (VIOLATED)
_38060_/A2                              4.000000    4.233543   -0.233543 (VIOLATED)
_37876_/ZN                              4.000000    4.233512   -0.233512 (VIOLATED)
_47637_/A2                              4.000000    4.220515   -0.220515 (VIOLATED)
_47635_/ZN                              4.000000    4.220475   -0.220475 (VIOLATED)
_37707_/ZN                              4.000000    4.206388   -0.206388 (VIOLATED)
_39473_/A1                              4.000000    4.206388   -0.206388 (VIOLATED)
_39667_/A1                              4.000000    4.206388   -0.206388 (VIOLATED)
_39853_/A1                              4.000000    4.206388   -0.206388 (VIOLATED)
wire336/I                               4.000000    4.206388   -0.206388 (VIOLATED)
_30667_/ZN                              4.000000    4.194308   -0.194308 (VIOLATED)
wire219/I                               4.000000    4.194308   -0.194308 (VIOLATED)
_31124_/A1                              4.000000    4.193789   -0.193789 (VIOLATED)
_29696_/I                               4.000000    4.193787   -0.193787 (VIOLATED)
_29702_/I                               4.000000    4.193782   -0.193782 (VIOLATED)
_31004_/A1                              4.000000    4.193770   -0.193770 (VIOLATED)
_31156_/A1                              4.000000    4.193768   -0.193768 (VIOLATED)
_30671_/A1                              4.000000    4.193756   -0.193756 (VIOLATED)
_30826_/A1                              4.000000    4.193753   -0.193753 (VIOLATED)
_30419_/A1                              4.000000    4.193707   -0.193707 (VIOLATED)
_30574_/A1                              4.000000    4.193706   -0.193705 (VIOLATED)
_30106_/A1                              4.000000    4.193669   -0.193670 (VIOLATED)
_29695_/Z                               4.000000    4.193651   -0.193651 (VIOLATED)
_36221_/A2                              4.000000    4.191014   -0.191014 (VIOLATED)
_36297_/B1                              4.000000    4.190996   -0.190996 (VIOLATED)
_35584_/A1                              4.000000    4.190986   -0.190986 (VIOLATED)
_36784_/A2                              4.000000    4.190982   -0.190982 (VIOLATED)
_36687_/A2                              4.000000    4.190940   -0.190941 (VIOLATED)
_35966_/A2                              4.000000    4.190929   -0.190930 (VIOLATED)
_36548_/B1                              4.000000    4.190926   -0.190926 (VIOLATED)
_36586_/A2                              4.000000    4.190925   -0.190925 (VIOLATED)
_36358_/B                               4.000000    4.190918   -0.190918 (VIOLATED)
_35527_/ZN                              4.000000    4.190903   -0.190903 (VIOLATED)
_40793_/A1                              4.000000    4.185730   -0.185731 (VIOLATED)
wire338/I                               4.000000    4.185729   -0.185729 (VIOLATED)
_39655_/A1                              4.000000    4.185729   -0.185728 (VIOLATED)
_37693_/ZN                              4.000000    4.185710   -0.185710 (VIOLATED)
_39842_/A1                              4.000000    4.185710   -0.185710 (VIOLATED)
_51142_/B2                              4.000000    4.178411   -0.178411 (VIOLATED)
_51149_/A1                              4.000000    4.178410   -0.178410 (VIOLATED)
_51155_/A2                              4.000000    4.178405   -0.178405 (VIOLATED)
_50984_/ZN                              4.000000    4.178392   -0.178392 (VIOLATED)
_50990_/B1                              4.000000    4.178392   -0.178392 (VIOLATED)
_51027_/A2                              4.000000    4.178392   -0.178392 (VIOLATED)
_35417_/A2                              4.000000    4.163853   -0.163853 (VIOLATED)
_36547_/C                               4.000000    4.163846   -0.163846 (VIOLATED)
_35523_/I                               4.000000    4.163833   -0.163833 (VIOLATED)
_36785_/A1                              4.000000    4.163805   -0.163805 (VIOLATED)
_33327_/A1                              4.000000    4.163795   -0.163795 (VIOLATED)
_36220_/C                               4.000000    4.163743   -0.163743 (VIOLATED)
_33322_/ZN                              4.000000    4.163711   -0.163711 (VIOLATED)
_29223_/A2                              4.000000    4.159983   -0.159983 (VIOLATED)
_28394_/ZN                              4.000000    4.159865   -0.159865 (VIOLATED)
_28395_/A2                              4.000000    4.159865   -0.159865 (VIOLATED)
_29233_/A2                              4.000000    4.159865   -0.159865 (VIOLATED)
_29236_/A2                              4.000000    4.159865   -0.159865 (VIOLATED)
_29435_/A2                              4.000000    4.159865   -0.159865 (VIOLATED)
_29464_/A2                              4.000000    4.159865   -0.159865 (VIOLATED)
_29494_/A3                              4.000000    4.159865   -0.159865 (VIOLATED)
_29885_/A1                              4.000000    4.159479   -0.159479 (VIOLATED)
_29962_/A1                              4.000000    4.159471   -0.159471 (VIOLATED)
_30037_/A1                              4.000000    4.159469   -0.159469 (VIOLATED)
_30777_/B2                              4.000000    4.159469   -0.159469 (VIOLATED)
_30771_/B2                              4.000000    4.159469   -0.159468 (VIOLATED)
_29700_/Z                               4.000000    4.159435   -0.159435 (VIOLATED)
_29701_/A1                              4.000000    4.159435   -0.159435 (VIOLATED)
_29706_/B1                              4.000000    4.159435   -0.159435 (VIOLATED)
_29891_/B1                              4.000000    4.159435   -0.159435 (VIOLATED)
_29966_/B1                              4.000000    4.159435   -0.159435 (VIOLATED)
_30041_/B1                              4.000000    4.159435   -0.159435 (VIOLATED)
_43826_/ZN                              4.000000    4.158828   -0.158828 (VIOLATED)
_43827_/I                               4.000000    4.158828   -0.158828 (VIOLATED)
max_cap1323/I                           4.000000    4.158828   -0.158828 (VIOLATED)
_34909_/B1                              4.000000    4.156552   -0.156553 (VIOLATED)
_34913_/B1                              4.000000    4.156552   -0.156552 (VIOLATED)
_34900_/B1                              4.000000    4.156549   -0.156549 (VIOLATED)
_34857_/B1                              4.000000    4.156549   -0.156549 (VIOLATED)
_34904_/B1                              4.000000    4.156539   -0.156539 (VIOLATED)
_34872_/B1                              4.000000    4.156522   -0.156522 (VIOLATED)
_34876_/B1                              4.000000    4.156503   -0.156503 (VIOLATED)
_33711_/A2                              4.000000    4.156401   -0.156401 (VIOLATED)
_33717_/A2                              4.000000    4.156312   -0.156312 (VIOLATED)
_33708_/Z                               4.000000    4.156229   -0.156228 (VIOLATED)
_34560_/A1                              4.000000    4.156229   -0.156228 (VIOLATED)
_47312_/A1                              4.000000    4.154173   -0.154173 (VIOLATED)
_33473_/A2                              4.000000    4.154051   -0.154051 (VIOLATED)
_28439_/ZN                              4.000000    4.153949   -0.153949 (VIOLATED)
_28443_/A1                              4.000000    4.153949   -0.153949 (VIOLATED)
_35672_/A1                              4.000000    4.148728   -0.148728 (VIOLATED)
_36370_/A1                              4.000000    4.148714   -0.148714 (VIOLATED)
max_cap634/I                            4.000000    4.148690   -0.148690 (VIOLATED)
_35442_/A2                              4.000000    4.148674   -0.148674 (VIOLATED)
_35855_/A2                              4.000000    4.148671   -0.148671 (VIOLATED)
_35436_/Z                               4.000000    4.148656   -0.148656 (VIOLATED)
fanout1203/I                            4.000000    4.139454   -0.139454 (VIOLATED)
fanout1195/I                            4.000000    4.139446   -0.139446 (VIOLATED)
fanout1206/I                            4.000000    4.139443   -0.139443 (VIOLATED)
fanout1217/I                            4.000000    4.139428   -0.139428 (VIOLATED)
fanout1210/I                            4.000000    4.139424   -0.139424 (VIOLATED)
fanout1220/I                            4.000000    4.139411   -0.139412 (VIOLATED)
fanout1221/Z                            4.000000    4.139411   -0.139412 (VIOLATED)
_47496_/A1                              4.000000    4.137399   -0.137399 (VIOLATED)
_47410_/A2                              4.000000    4.137393   -0.137393 (VIOLATED)
_47567_/A1                              4.000000    4.137387   -0.137387 (VIOLATED)
_47408_/ZN                              4.000000    4.137197   -0.137197 (VIOLATED)
_29769_/A2                              4.000000    4.136289   -0.136289 (VIOLATED)
_29664_/A2                              4.000000    4.136283   -0.136283 (VIOLATED)
_31100_/A2                              4.000000    4.136258   -0.136258 (VIOLATED)
_29293_/B                               4.000000    4.136242   -0.136242 (VIOLATED)
_30598_/B                               4.000000    4.136215   -0.136215 (VIOLATED)
_31301_/C                               4.000000    4.136209   -0.136209 (VIOLATED)
_31140_/B                               4.000000    4.136208   -0.136208 (VIOLATED)
_30451_/A2                              4.000000    4.136204   -0.136204 (VIOLATED)
_29292_/Z                               4.000000    4.136190   -0.136190 (VIOLATED)
_30215_/A2                              4.000000    4.136190   -0.136190 (VIOLATED)
_30275_/A2                              4.000000    4.136190   -0.136190 (VIOLATED)
_37288_/I                               4.000000    4.123851   -0.123851 (VIOLATED)
_37283_/I                               4.000000    4.123850   -0.123850 (VIOLATED)
_37266_/I                               4.000000    4.123847   -0.123848 (VIOLATED)
_37261_/I                               4.000000    4.123830   -0.123830 (VIOLATED)
_37242_/ZN                              4.000000    4.123799   -0.123799 (VIOLATED)
_37243_/I                               4.000000    4.123799   -0.123799 (VIOLATED)
_37244_/I                               4.000000    4.123799   -0.123799 (VIOLATED)
_37305_/A1                              4.000000    4.123799   -0.123799 (VIOLATED)
_37307_/A1                              4.000000    4.123799   -0.123799 (VIOLATED)
_37309_/A1                              4.000000    4.123799   -0.123799 (VIOLATED)
_37311_/A1                              4.000000    4.123799   -0.123799 (VIOLATED)
_31007_/A2                              4.000000    4.120175   -0.120175 (VIOLATED)
_31127_/A2                              4.000000    4.120174   -0.120174 (VIOLATED)
_31159_/A2                              4.000000    4.120169   -0.120169 (VIOLATED)
_30829_/A2                              4.000000    4.120151   -0.120151 (VIOLATED)
_30777_/A2                              4.000000    4.120149   -0.120149 (VIOLATED)
_30771_/A2                              4.000000    4.120139   -0.120139 (VIOLATED)
_30376_/C                               4.000000    4.120104   -0.120104 (VIOLATED)
_29704_/Z                               4.000000    4.120050   -0.120051 (VIOLATED)
_29705_/C                               4.000000    4.120050   -0.120051 (VIOLATED)
_30040_/C                               4.000000    4.120050   -0.120051 (VIOLATED)
_30115_/A2                              4.000000    4.120050   -0.120051 (VIOLATED)
_43989_/I                               4.000000    4.115767   -0.115767 (VIOLATED)
wire186/I                               4.000000    4.115766   -0.115766 (VIOLATED)
_43808_/ZN                              4.000000    4.115727   -0.115727 (VIOLATED)
_32009_/ZN                              4.000000    4.114594   -0.114594 (VIOLATED)
_32010_/A2                              4.000000    4.114594   -0.114594 (VIOLATED)
_51789_/A2                              4.000000    4.114594   -0.114594 (VIOLATED)
_51799_/A3                              4.000000    4.114594   -0.114594 (VIOLATED)
_34102_/A1                              4.000000    4.113746   -0.113746 (VIOLATED)
_34094_/A1                              4.000000    4.113739   -0.113739 (VIOLATED)
_34360_/I                               4.000000    4.113739   -0.113738 (VIOLATED)
_33662_/A2                              4.000000    4.113717   -0.113717 (VIOLATED)
_33672_/A2                              4.000000    4.113702   -0.113702 (VIOLATED)
_33690_/A1                              4.000000    4.113701   -0.113701 (VIOLATED)
_33636_/A2                              4.000000    4.113659   -0.113659 (VIOLATED)
_34850_/A1                              4.000000    4.113658   -0.113658 (VIOLATED)
_33642_/A2                              4.000000    4.113657   -0.113657 (VIOLATED)
_33627_/A1                              4.000000    4.113655   -0.113655 (VIOLATED)
_33626_/Z                               4.000000    4.113615   -0.113615 (VIOLATED)
_42799_/A1                              4.000000    4.111427   -0.111427 (VIOLATED)
_42894_/A1                              4.000000    4.111424   -0.111424 (VIOLATED)
_42708_/A1                              4.000000    4.111415   -0.111415 (VIOLATED)
_42988_/A1                              4.000000    4.111401   -0.111401 (VIOLATED)
max_cap364/I                            4.000000    4.111393   -0.111394 (VIOLATED)
_42589_/Z                               4.000000    4.111380   -0.111380 (VIOLATED)
_42595_/A1                              4.000000    4.111380   -0.111380 (VIOLATED)
_43446_/A1                              4.000000    4.111380   -0.111380 (VIOLATED)
_49018_/A1                              4.000000    4.109570   -0.109570 (VIOLATED)
_49434_/A1                              4.000000    4.109570   -0.109570 (VIOLATED)
_48542_/B2                              4.000000    4.109566   -0.109566 (VIOLATED)
_48540_/ZN                              4.000000    4.109541   -0.109541 (VIOLATED)
_37759_/ZN                              4.000000    4.100471   -0.100472 (VIOLATED)
_39515_/A1                              4.000000    4.100471   -0.100472 (VIOLATED)
load_slew1346/I                         4.000000    4.100471   -0.100472 (VIOLATED)
max_cap406/I                            4.000000    4.100471   -0.100472 (VIOLATED)
_46645_/B2                              4.000000    4.084048   -0.084048 (VIOLATED)
_36999_/I                               4.000000    4.084039   -0.084039 (VIOLATED)
_55973_/A1                              4.000000    4.084019   -0.084019 (VIOLATED)
_28547_/A2                              4.000000    4.084005   -0.084005 (VIOLATED)
_28858_/I                               4.000000    4.083995   -0.083995 (VIOLATED)
_28542_/Z                               4.000000    4.083962   -0.083962 (VIOLATED)
wire758/I                               4.000000    4.079198   -0.079198 (VIOLATED)
_36714_/A1                              4.000000    4.079191   -0.079191 (VIOLATED)
_35518_/Z                               4.000000    4.079018   -0.079018 (VIOLATED)
_35519_/A1                              4.000000    4.079018   -0.079018 (VIOLATED)
_35929_/A1                              4.000000    4.079018   -0.079018 (VIOLATED)
_36900_/ZN                              4.000000    4.076173   -0.076173 (VIOLATED)
_36901_/I                               4.000000    4.076173   -0.076173 (VIOLATED)
_29772_/ZN                              4.000000    4.070130   -0.070131 (VIOLATED)
wire26/I                                4.000000    4.070130   -0.070131 (VIOLATED)
_34817_/A1                              4.000000    4.068145   -0.068145 (VIOLATED)
_34787_/A1                              4.000000    4.068142   -0.068142 (VIOLATED)
_34417_/A1                              4.000000    4.068139   -0.068139 (VIOLATED)
_34792_/A1                              4.000000    4.068139   -0.068139 (VIOLATED)
_34398_/A1                              4.000000    4.068137   -0.068137 (VIOLATED)
_34805_/B1                              4.000000    4.068137   -0.068137 (VIOLATED)
_34397_/Z                               4.000000    4.068120   -0.068120 (VIOLATED)
_34439_/A1                              4.000000    4.068120   -0.068120 (VIOLATED)
_34800_/A1                              4.000000    4.068120   -0.068120 (VIOLATED)
_34810_/A1                              4.000000    4.068120   -0.068120 (VIOLATED)
_34837_/A1                              4.000000    4.068120   -0.068120 (VIOLATED)
_29782_/A1                              4.000000    4.064388   -0.064388 (VIOLATED)
_30463_/B1                              4.000000    4.064388   -0.064388 (VIOLATED)
_29417_/I                               4.000000    4.064387   -0.064387 (VIOLATED)
_29871_/A2                              4.000000    4.064385   -0.064385 (VIOLATED)
_30159_/B1                              4.000000    4.064371   -0.064371 (VIOLATED)
_30024_/B1                              4.000000    4.064369   -0.064369 (VIOLATED)
_30519_/A1                              4.000000    4.064366   -0.064366 (VIOLATED)
_30568_/A1                              4.000000    4.064366   -0.064366 (VIOLATED)
_30235_/A2                              4.000000    4.064350   -0.064349 (VIOLATED)
_30091_/A2                              4.000000    4.064349   -0.064349 (VIOLATED)
_29416_/ZN                              4.000000    4.064320   -0.064320 (VIOLATED)
_56041_/A2                              4.000000    4.062610   -0.062609 (VIOLATED)
_43825_/A2                              4.000000    4.062608   -0.062608 (VIOLATED)
_55657_/A2                              4.000000    4.062593   -0.062593 (VIOLATED)
_43821_/ZN                              4.000000    4.062575   -0.062575 (VIOLATED)
_43491_/I                               4.000000    4.056829   -0.056830 (VIOLATED)
_42956_/I                               4.000000    4.056823   -0.056823 (VIOLATED)
_41315_/I                               4.000000    4.056793   -0.056793 (VIOLATED)
_43597_/I                               4.000000    4.056788   -0.056788 (VIOLATED)
_40820_/I                               4.000000    4.056777   -0.056777 (VIOLATED)
_43545_/I                               4.000000    4.056776   -0.056776 (VIOLATED)
_41868_/I                               4.000000    4.056744   -0.056743 (VIOLATED)
_42405_/I                               4.000000    4.056739   -0.056739 (VIOLATED)
_40819_/Z                               4.000000    4.056725   -0.056725 (VIOLATED)
_50744_/A1                              4.000000    4.052484   -0.052483 (VIOLATED)
_50740_/A1                              4.000000    4.052480   -0.052480 (VIOLATED)
_50748_/A1                              4.000000    4.052480   -0.052480 (VIOLATED)
_50705_/Z                               4.000000    4.052410   -0.052410 (VIOLATED)
_50709_/A1                              4.000000    4.052410   -0.052410 (VIOLATED)
_50713_/A1                              4.000000    4.052410   -0.052410 (VIOLATED)
_50717_/A1                              4.000000    4.052410   -0.052410 (VIOLATED)
_50721_/A1                              4.000000    4.052410   -0.052410 (VIOLATED)
_50725_/A1                              4.000000    4.052410   -0.052410 (VIOLATED)
_50730_/A1                              4.000000    4.052410   -0.052410 (VIOLATED)
_50734_/A1                              4.000000    4.052410   -0.052410 (VIOLATED)
_42326_/A2                              4.000000    4.049113   -0.049113 (VIOLATED)
_42267_/A2                              4.000000    4.049112   -0.049112 (VIOLATED)
_42383_/A1                              4.000000    4.049109   -0.049110 (VIOLATED)
_42444_/A1                              4.000000    4.049106   -0.049106 (VIOLATED)
_42936_/A1                              4.000000    4.049096   -0.049096 (VIOLATED)
_42761_/A1                              4.000000    4.049096   -0.049095 (VIOLATED)
_42820_/A1                              4.000000    4.049096   -0.049095 (VIOLATED)
_42877_/A1                              4.000000    4.049095   -0.049095 (VIOLATED)
_42266_/Z                               4.000000    4.049064   -0.049064 (VIOLATED)
_42629_/A1                              4.000000    4.049064   -0.049064 (VIOLATED)
_42695_/A1                              4.000000    4.049064   -0.049064 (VIOLATED)
_36029_/A2                              4.000000    4.039073   -0.039074 (VIOLATED)
_36044_/A2                              4.000000    4.039057   -0.039057 (VIOLATED)
_36069_/B1                              4.000000    4.039053   -0.039054 (VIOLATED)
_35885_/A1                              4.000000    4.039041   -0.039041 (VIOLATED)
_36742_/A1                              4.000000    4.039032   -0.039032 (VIOLATED)
_35894_/A2                              4.000000    4.039008   -0.039008 (VIOLATED)
_35884_/Z                               4.000000    4.038993   -0.038993 (VIOLATED)
max_cap551/I                            4.000000    4.038993   -0.038993 (VIOLATED)
_38726_/A2                              4.000000    4.035952   -0.035952 (VIOLATED)
_38784_/A2                              4.000000    4.035952   -0.035952 (VIOLATED)
_38668_/A2                              4.000000    4.035951   -0.035951 (VIOLATED)
_38313_/A2                              4.000000    4.035923   -0.035924 (VIOLATED)
_38307_/A2                              4.000000    4.035923   -0.035922 (VIOLATED)
_38430_/A2                              4.000000    4.035922   -0.035921 (VIOLATED)
_38372_/A2                              4.000000    4.035919   -0.035919 (VIOLATED)
_38306_/Z                               4.000000    4.035905   -0.035905 (VIOLATED)
_38491_/A2                              4.000000    4.035905   -0.035905 (VIOLATED)
_38549_/A2                              4.000000    4.035905   -0.035905 (VIOLATED)
_38607_/A2                              4.000000    4.035905   -0.035905 (VIOLATED)
_38831_/ZN                              4.000000    4.033037   -0.033037 (VIOLATED)
wire1348/I                              4.000000    4.033037   -0.033037 (VIOLATED)
_35182_/A2                              4.000000    4.025401   -0.025401 (VIOLATED)
_29348_/A1                              4.000000    4.025366   -0.025366 (VIOLATED)
_47585_/A2                              4.000000    4.025232   -0.025232 (VIOLATED)
_60271_/Q                               4.000000    4.025232   -0.025232 (VIOLATED)
_37859_/ZN                              4.000000    4.022918   -0.022918 (VIOLATED)
_39590_/A1                              4.000000    4.022918   -0.022918 (VIOLATED)
_39778_/A1                              4.000000    4.022918   -0.022918 (VIOLATED)
_39963_/A1                              4.000000    4.022918   -0.022918 (VIOLATED)
_40763_/A1                              4.000000    4.022918   -0.022918 (VIOLATED)
max_cap393/I                            4.000000    4.022918   -0.022918 (VIOLATED)
fanout1095/I                            4.000000    4.013461   -0.013461 (VIOLATED)
fanout1098/I                            4.000000    4.013373   -0.013373 (VIOLATED)
_60167_/Q                               4.000000    4.013066   -0.013066 (VIOLATED)
fanout1126/I                            4.000000    4.013066   -0.013066 (VIOLATED)
_29538_/A2                              4.000000    4.012555   -0.012555 (VIOLATED)
_29215_/A2                              4.000000    4.012548   -0.012549 (VIOLATED)
_28358_/ZN                              4.000000    4.012507   -0.012507 (VIOLATED)
_28359_/I                               4.000000    4.012507   -0.012507 (VIOLATED)
_28924_/A3                              4.000000    4.012507   -0.012507 (VIOLATED)
_47317_/A1                              4.000000    4.011364   -0.011364 (VIOLATED)
_47583_/A2                              4.000000    4.011209   -0.011208 (VIOLATED)
_33470_/B1                              4.000000    4.011121   -0.011121 (VIOLATED)
_28433_/Z                               4.000000    4.011030   -0.011030 (VIOLATED)
_28434_/I                               4.000000    4.011030   -0.011030 (VIOLATED)
_38641_/A1                              4.000000    4.006904   -0.006904 (VIOLATED)
_38635_/A1                              4.000000    4.006900   -0.006900 (VIOLATED)
_38655_/A1                              4.000000    4.006761   -0.006761 (VIOLATED)
_38660_/A1                              4.000000    4.006761   -0.006761 (VIOLATED)
_38665_/A1                              4.000000    4.006761   -0.006760 (VIOLATED)
_38680_/A1                              4.000000    4.006750   -0.006750 (VIOLATED)
_38675_/A1                              4.000000    4.006744   -0.006744 (VIOLATED)
_38632_/Z                               4.000000    4.006730   -0.006730 (VIOLATED)
_38650_/A1                              4.000000    4.006730   -0.006730 (VIOLATED)
_38670_/A1                              4.000000    4.006730   -0.006730 (VIOLATED)
_38685_/A1                              4.000000    4.006730   -0.006730 (VIOLATED)
_56070_/A1                              4.000000    4.003925   -0.003925 (VIOLATED)
_56059_/A1                              4.000000    4.003924   -0.003924 (VIOLATED)
_56061_/A1                              4.000000    4.003923   -0.003923 (VIOLATED)
_55225_/A1                              4.000000    4.003918   -0.003918 (VIOLATED)
_56066_/A1                              4.000000    4.003913   -0.003913 (VIOLATED)
_56045_/A1                              4.000000    4.003902   -0.003902 (VIOLATED)
_56064_/A1                              4.000000    4.003814   -0.003814 (VIOLATED)
_51791_/B                               4.000000    4.003780   -0.003781 (VIOLATED)
_56031_/A1                              4.000000    4.003767   -0.003768 (VIOLATED)
_56035_/A1                              4.000000    4.003763   -0.003763 (VIOLATED)
_51790_/Z                               4.000000    4.003747   -0.003746 (VIOLATED)

max fanout

Pin                                   Limit Fanout  Slack
---------------------------------------------------------
clkbuf_0_i_core_v_mini_mcu.cpu_subsystem_i.cpu_0_0.clk_i/Z     10     16     -6 (VIOLATED)
clkbuf_0_i_core_v_mini_mcu.cpu_subsystem_i.cpu_1_0.clk_i/Z     10     16     -6 (VIOLATED)
clkbuf_0_i_core_v_mini_mcu.memory_subsystem_i.clk_cg/Z     10     16     -6 (VIOLATED)

max capacitance

Pin                                        Limit         Cap       Slack
------------------------------------------------------------------------
_30794_/ZN                              0.134300    0.203242   -0.068942 (VIOLATED)
_31215_/ZN                              0.134300    0.199567   -0.065267 (VIOLATED)
_47417_/ZN                              0.219000    0.255640   -0.036640 (VIOLATED)
_29991_/ZN                              0.134300    0.162528   -0.028228 (VIOLATED)
_47396_/ZN                              0.219000    0.240248   -0.021248 (VIOLATED)
_47333_/ZN                              0.219000    0.232703   -0.013703 (VIOLATED)
_47420_/ZN                              0.219000    0.227579   -0.008579 (VIOLATED)
_47339_/ZN                              0.219000    0.225859   -0.006859 (VIOLATED)
_29821_/Z                               0.246400    0.248987   -0.002587 (VIOLATED)



===========================================================================
report_parasitic_annotation -report_unannotated
============================================================================
Found 81 unannotated drivers.
 clkload0/Z
 clkload1/Z
 clkload10/ZN
 clkload11/ZN
 clkload12/ZN
 clkload13/Z
 clkload14/Z
 clkload15/ZN
 clkload16/ZN
 clkload17/ZN
 clkload18/Z
 clkload19/ZN
 clkload2/Z
 clkload20/ZN
 clkload21/ZN
 clkload22/ZN
 clkload23/ZN
 clkload24/ZN
 clkload25/Z
 clkload26/Z
 clkload27/ZN
 clkload28/Z
 clkload29/Z
 clkload3/Z
 clkload30/Z
 clkload31/ZN
 clkload32/Z
 clkload33/ZN
 clkload34/Z
 clkload35/Z
 clkload36/Z
 clkload37/Z
 clkload38/ZN
 clkload39/Z
 clkload4/Z
 clkload40/Z
 clkload41/Z
 clkload42/Z
 clkload43/ZN
 clkload44/Z
 clkload45/Z
 clkload46/ZN
 clkload47/Z
 clkload48/Z
 clkload49/Z
 clkload5/ZN
 clkload50/Z
 clkload51/Z
 clkload52/Z
 clkload53/Z
 clkload54/Z
 clkload55/Z
 clkload56/Z
 clkload57/Z
 clkload58/Z
 clkload59/Z
 clkload6/Z
 clkload60/Z
 clkload61/Z
 clkload62/Z
 clkload63/Z
 clkload64/Z
 clkload65/Z
 clkload66/ZN
 clkload67/Z
 clkload68/ZN
 clkload69/Z
 clkload7/Z
 clkload70/ZN
 clkload71/ZN
 clkload72/ZN
 clkload73/ZN
 clkload74/ZN
 clkload75/Z
 clkload76/Z
 clkload77/ZN
 clkload78/ZN
 clkload79/ZN
 clkload8/ZN
 clkload80/Z
 clkload9/ZN
Found 0 partially unannotated drivers.

===========================================================================
max slew violation count 785
max fanout violation count 3
max cap violation count 9
============================================================================

===========================================================================
check_setup -verbose -unconstrained_endpoints -multiple_clock -no_clock -no_input_delay -loops -generated_clocks
===========================================================================
