Clock: clk_i
Sources: clk_i 
Generated: no
Virtual: yes
Propagated: no
Period: 50.000000

===========================================================================
report_clock_properties
============================================================================
Clock                   Period          Waveform
----------------------------------------------------
clk_i                50.000000    0.000000 25.000000

===========================================================================
report_clock_latency
============================================================================
Clock clk_i
rise -> rise
    min     max
0.000000 0.000000 source latency
2.633138         network latency _61894_/CLK
        3.175904 network latency _60690_/CLK
---------------
2.633138 3.175904 latency
        0.542766 skew

fall -> fall
    min     max
0.000000 0.000000 source latency
2.378650         network latency _61894_/CLK
        2.993515 network latency _60704_/CLK
---------------
2.378650 2.993515 latency
        0.614865 skew



===========================================================================
report_clock_min_period
============================================================================
clk_i period_min = 22.17 fmax = 45.11
