
===========================================================================
 report_power
============================================================================
======================= max_tt_025C_5v00 Corner ===================================

Group                    Internal    Switching      Leakage        Total
                            Power        Power        Power        Power (Watts)
------------------------------------------------------------------------
Sequential           5.944056e-02 3.569118e-06 2.280869e-06 5.944641e-02  52.2%
Combinational        1.486852e-04 3.847913e-04 3.574185e-06 5.370507e-04   0.5%
Clock                2.789360e-02 2.603408e-02 2.016345e-06 5.392970e-02  47.3%
Macro                0.000000e+00 0.000000e+00 0.000000e+00 0.000000e+00   0.0%
Pad                  0.000000e+00 0.000000e+00 0.000000e+00 0.000000e+00   0.0%
------------------------------------------------------------------------
Total                8.748288e-02 2.642244e-02 7.870628e-06 1.139132e-01 100.0%
                            76.8%        23.2%         0.0%

