Clock: clk_i
Sources: clk_i 
Generated: no
Virtual: yes
Propagated: no
Period: 100.000000

===========================================================================
report_clock_properties
============================================================================
Clock                   Period          Waveform
----------------------------------------------------
clk_i               100.000000    0.000000 50.000000

===========================================================================
report_clock_latency
============================================================================
Clock clk_i
rise -> rise
    min     max
0.000000 0.000000 source latency
2.732162         network latency _61480_/CLK
        3.081562 network latency _57438_/CLK
---------------
2.732162 3.081562 latency
        0.349400 skew

fall -> fall
    min     max
0.000000 0.000000 source latency
2.454861         network latency _61480_/CLK
        2.907179 network latency _60419_/CLK
---------------
2.454861 2.907179 latency
        0.452317 skew



===========================================================================
report_clock_min_period
============================================================================
clk_i period_min = 18.50 fmax = 54.06
