189. Printing statistics.

=== mosaic_block_a ===

        +----------Local Count, excluding submodules.
        |        +-Local Area, excluding submodules.
        |        | 
    23636        - wires
    30276        - wire bits
     1808        - public wires
     8146        - public wire bits
       11        - ports
       20        - port bits
    28491 3.73E+05 cells
     4555        -   $_ANDNOT_
      575        -   $_AND_
    10907        -   $_MUX_
      637        -   $_NAND_
      536        -   $_NOR_
      643        -   $_NOT_
      585        -   $_ORNOT_
     3875        -   $_OR_
      135        -   $_XNOR_
      450        -   $_XOR_
        4  193.178   gf180mcu_fd_sc_mcu7t5v0__bufz_4
        4  263.424   gf180mcu_fd_sc_mcu7t5v0__dffnq_1
     4081  2.6E+05   gf180mcu_fd_sc_mcu7t5v0__dffq_1
     1325 9.89E+04   gf180mcu_fd_sc_mcu7t5v0__dffrnq_1
      175 1.38E+04   gf180mcu_fd_sc_mcu7t5v0__dffsnq_1
        4  245.862   gf180mcu_fd_sc_mcu7t5v0__icgtp_1

   Area for cell type $_ANDNOT_ is unknown!
   Area for cell type $_AND_ is unknown!
   Area for cell type $_MUX_ is unknown!
   Area for cell type $_NAND_ is unknown!
   Area for cell type $_NOR_ is unknown!
   Area for cell type $_NOT_ is unknown!
   Area for cell type $_ORNOT_ is unknown!
   Area for cell type $_OR_ is unknown!
   Area for cell type $_XNOR_ is unknown!
   Area for cell type $_XOR_ is unknown!

   Chip area for module '\mosaic_block_a': 373225.708800
     of which used for sequential elements: 372786.668800 (99.88%)

