187. Printing statistics.

=== mosaic_block_a ===

        +----------Local Count, excluding submodules.
        |        +-Local Area, excluding submodules.
        |        | 
    18354        - wires
    24994        - wire bits
     1808        - public wires
     8146        - public wire bits
       11        - ports
       20        - port bits
    23209   439.04 cells
     4555        -   $_ANDNOT_
      575        -   $_AND_
      994        -   $_DFFE_PN0P_
      154        -   $_DFFE_PN1P_
        2        -   $_DFFE_PN_
     3938        -   $_DFFE_PP_
        4        -   $_DFF_N_
      331        -   $_DFF_PN0_
       21        -   $_DFF_PN1_
       29        -   $_DFF_P_
     5625        -   $_MUX_
      637        -   $_NAND_
      536        -   $_NOR_
      643        -   $_NOT_
      585        -   $_ORNOT_
     3875        -   $_OR_
       32        -   $_SDFFCE_PN0P_
       10        -   $_SDFFCE_PN1P_
       31        -   $_SDFFCE_PP0P_
        2        -   $_SDFFCE_PP1P_
        5        -   $_SDFFE_PN0P_
        2        -   $_SDFFE_PP0P_
       12        -   $_SDFF_PN0_
       18        -   $_SDFF_PP0_
      135        -   $_XNOR_
      450        -   $_XOR_
        4  193.178   gf180mcu_fd_sc_mcu7t5v0__bufz_4
        4  245.862   gf180mcu_fd_sc_mcu7t5v0__icgtp_1

   Area for cell type $_ANDNOT_ is unknown!
   Area for cell type $_AND_ is unknown!
   Area for cell type $_DFFE_PN0P_ is unknown!
   Area for cell type $_DFFE_PN1P_ is unknown!
   Area for cell type $_DFFE_PN_ is unknown!
   Area for cell type $_DFFE_PP_ is unknown!
   Area for cell type $_DFF_N_ is unknown!
   Area for cell type $_DFF_PN0_ is unknown!
   Area for cell type $_DFF_PN1_ is unknown!
   Area for cell type $_DFF_P_ is unknown!
   Area for cell type $_MUX_ is unknown!
   Area for cell type $_NAND_ is unknown!
   Area for cell type $_NOR_ is unknown!
   Area for cell type $_NOT_ is unknown!
   Area for cell type $_ORNOT_ is unknown!
   Area for cell type $_OR_ is unknown!
   Area for cell type $_SDFFCE_PN0P_ is unknown!
   Area for cell type $_SDFFCE_PN1P_ is unknown!
   Area for cell type $_SDFFCE_PP0P_ is unknown!
   Area for cell type $_SDFFCE_PP1P_ is unknown!
   Area for cell type $_SDFFE_PN0P_ is unknown!
   Area for cell type $_SDFFE_PP0P_ is unknown!
   Area for cell type $_SDFF_PN0_ is unknown!
   Area for cell type $_SDFF_PP0_ is unknown!
   Area for cell type $_XNOR_ is unknown!
   Area for cell type $_XOR_ is unknown!

   Chip area for module '\mosaic_block_a': 439.040000
     of which used for sequential elements: 0.000000 (0.00%)

