197. Printing statistics.

=== mosaic_block_a ===

        +----------Local Count, excluding submodules.
        |        +-Local Area, excluding submodules.
        |        | 
    34181        - wires
    34190        - wire bits
     5703        - public wires
     5712        - public wire bits
       11        - ports
       20        - port bits
    34185  8.4E+05 cells
      164 2.88E+03   gf180mcu_fd_sc_mcu7t5v0__and2_1
       12  237.082   gf180mcu_fd_sc_mcu7t5v0__and2_2
        2   74.637   gf180mcu_fd_sc_mcu7t5v0__and2_4
       31  680.512   gf180mcu_fd_sc_mcu7t5v0__and3_1
       31  748.563   gf180mcu_fd_sc_mcu7t5v0__and4_1
        2   57.075   gf180mcu_fd_sc_mcu7t5v0__and4_2
      136 2.99E+03   gf180mcu_fd_sc_mcu7t5v0__aoi211_1
        5  186.592   gf180mcu_fd_sc_mcu7t5v0__aoi211_2
      559 9.82E+03   gf180mcu_fd_sc_mcu7t5v0__aoi21_1
       66 1.88E+03   gf180mcu_fd_sc_mcu7t5v0__aoi21_2
       11  579.533   gf180mcu_fd_sc_mcu7t5v0__aoi21_4
      242 5.84E+03   gf180mcu_fd_sc_mcu7t5v0__aoi221_1
        2  100.979   gf180mcu_fd_sc_mcu7t5v0__aoi221_2
      881 1.74E+04   gf180mcu_fd_sc_mcu7t5v0__aoi22_1
        4  140.493   gf180mcu_fd_sc_mcu7t5v0__aoi22_2
        1   70.246   gf180mcu_fd_sc_mcu7t5v0__aoi22_4
     1503 1.98E+04   gf180mcu_fd_sc_mcu7t5v0__buf_1
        2  166.835   gf180mcu_fd_sc_mcu7t5v0__buf_12
      254 4.46E+03   gf180mcu_fd_sc_mcu7t5v0__buf_2
       44  965.888   gf180mcu_fd_sc_mcu7t5v0__buf_3
       97 2.98E+03   gf180mcu_fd_sc_mcu7t5v0__buf_4
       53 3.02E+03   gf180mcu_fd_sc_mcu7t5v0__buf_8
        4  193.178   gf180mcu_fd_sc_mcu7t5v0__bufz_4
       28  368.794   gf180mcu_fd_sc_mcu7t5v0__clkbuf_1
        1   17.562   gf180mcu_fd_sc_mcu7t5v0__clkbuf_2
        2   114.15   gf180mcu_fd_sc_mcu7t5v0__clkbuf_8
     2817 2.47E+04   gf180mcu_fd_sc_mcu7t5v0__clkinv_1
        3   39.514   gf180mcu_fd_sc_mcu7t5v0__clkinv_2
        1   17.562   gf180mcu_fd_sc_mcu7t5v0__clkinv_3
        1   21.952   gf180mcu_fd_sc_mcu7t5v0__clkinv_4
        4  263.424   gf180mcu_fd_sc_mcu7t5v0__dffnq_1
     4081  2.6E+05   gf180mcu_fd_sc_mcu7t5v0__dffq_1
     1325 9.89E+04   gf180mcu_fd_sc_mcu7t5v0__dffrnq_1
      175 1.38E+04   gf180mcu_fd_sc_mcu7t5v0__dffsnq_1
        4  245.862   gf180mcu_fd_sc_mcu7t5v0__icgtp_1
      218 1.91E+03   gf180mcu_fd_sc_mcu7t5v0__inv_1
        1   57.075   gf180mcu_fd_sc_mcu7t5v0__inv_12
       23  302.938   gf180mcu_fd_sc_mcu7t5v0__inv_2
        8  140.493   gf180mcu_fd_sc_mcu7t5v0__inv_3
        4   87.808   gf180mcu_fd_sc_mcu7t5v0__inv_4
    10678 1.17E+05   gf180mcu_fd_sc_mcu7t5v0__nand2_1
      225  4445.28   gf180mcu_fd_sc_mcu7t5v0__nand2_2
       54  1.9E+03   gf180mcu_fd_sc_mcu7t5v0__nand2_4
     2374 3.65E+04   gf180mcu_fd_sc_mcu7t5v0__nand3_1
       40 1.14E+03   gf180mcu_fd_sc_mcu7t5v0__nand3_2
       17  970.278   gf180mcu_fd_sc_mcu7t5v0__nand3_4
      620 1.22E+04   gf180mcu_fd_sc_mcu7t5v0__nand4_1
        6  210.739   gf180mcu_fd_sc_mcu7t5v0__nand4_2
        1   70.246   gf180mcu_fd_sc_mcu7t5v0__nand4_4
      739 9.73E+03   gf180mcu_fd_sc_mcu7t5v0__nor2_1
       70  1536.64   gf180mcu_fd_sc_mcu7t5v0__nor2_2
       18  711.245   gf180mcu_fd_sc_mcu7t5v0__nor2_4
      163 2.86E+03   gf180mcu_fd_sc_mcu7t5v0__nor3_1
        7   215.13   gf180mcu_fd_sc_mcu7t5v0__nor3_2
       11  627.827   gf180mcu_fd_sc_mcu7t5v0__nor3_4
       80  1756.16   gf180mcu_fd_sc_mcu7t5v0__nor4_1
        5  197.568   gf180mcu_fd_sc_mcu7t5v0__nor4_2
        3  243.667   gf180mcu_fd_sc_mcu7t5v0__nor4_4
      263 5.77E+03   gf180mcu_fd_sc_mcu7t5v0__oai211_1
        2   79.027   gf180mcu_fd_sc_mcu7t5v0__oai211_2
     3605 6.33E+04   gf180mcu_fd_sc_mcu7t5v0__oai21_1
      695 2.29E+04   gf180mcu_fd_sc_mcu7t5v0__oai21_2
      982 5.82E+04   gf180mcu_fd_sc_mcu7t5v0__oai21_4
      143 3.77E+03   gf180mcu_fd_sc_mcu7t5v0__oai221_1
       66 3.33E+03   gf180mcu_fd_sc_mcu7t5v0__oai221_2
       32 3.02E+03   gf180mcu_fd_sc_mcu7t5v0__oai221_4
      175   3841.6   gf180mcu_fd_sc_mcu7t5v0__oai22_1
        8   333.67   gf180mcu_fd_sc_mcu7t5v0__oai22_2
        1   76.832   gf180mcu_fd_sc_mcu7t5v0__oai22_4
       19  458.797   gf180mcu_fd_sc_mcu7t5v0__oai31_1
       32 1.33E+03   gf180mcu_fd_sc_mcu7t5v0__oai31_2
       21   553.19   gf180mcu_fd_sc_mcu7t5v0__oai32_1
        2  100.979   gf180mcu_fd_sc_mcu7t5v0__oai32_2
        2  188.787   gf180mcu_fd_sc_mcu7t5v0__oai32_4
      182  3.2E+03   gf180mcu_fd_sc_mcu7t5v0__or2_1
        9  197.568   gf180mcu_fd_sc_mcu7t5v0__or2_2
        1   39.514   gf180mcu_fd_sc_mcu7t5v0__or2_4
        8  175.616   gf180mcu_fd_sc_mcu7t5v0__or3_1
        1   48.294   gf180mcu_fd_sc_mcu7t5v0__or3_4
        9  237.082   gf180mcu_fd_sc_mcu7t5v0__or4_1
        2   17.562   gf180mcu_fd_sc_mcu7t5v0__tieh
        7   61.466   gf180mcu_fd_sc_mcu7t5v0__tiel
        1   28.538   gf180mcu_fd_sc_mcu7t5v0__xnor2_1
        4  210.739   gf180mcu_fd_sc_mcu7t5v0__xnor3_1

   Chip area for module '\mosaic_block_a': 840151.334400
     of which used for sequential elements: 372786.668800 (44.37%)

