
===========================================================================
report_checks -unconstrained
===========================================================================
======================= min_tt_025C_5v00 Corner ===================================

Startpoint: rst_ni (input port clocked by clk_i)
Endpoint: _61688_ (recovery check against rising-edge clock clk_i)
Path Group: asynchronous
Path Type: max

Fanout         Cap        Slew       Delay        Time   Description
---------------------------------------------------------------------------------------------
                                  0.000000    0.000000   clock clk_i (rise edge)
                                  0.000000    0.000000   clock network delay (propagated)
                                 10.000000   10.000000 ^ input external delay
     1    0.007020    0.161948    0.068841   10.068841 ^ rst_ni (in)
                                                         rst_ni (net)
                      0.161948    0.000000   10.068841 ^ input3/I (gf180mcu_fd_sc_mcu7t5v0__dlyb_1)
     1    0.036425    0.638994    1.179174   11.248015 ^ input3/Z (gf180mcu_fd_sc_mcu7t5v0__dlyb_1)
                                                         net3 (net)
                      0.639016    0.002035   11.250051 ^ fanout1269/I (gf180mcu_fd_sc_mcu7t5v0__dlyb_1)
     1    0.014044    0.298055    0.999788   12.249838 ^ fanout1269/Z (gf180mcu_fd_sc_mcu7t5v0__dlyb_1)
                                                         net1269 (net)
                      0.298055    0.000357   12.250195 ^ wire1272/I (gf180mcu_fd_sc_mcu7t5v0__buf_4)
     4    0.109086    0.468930    0.414669   12.664865 ^ wire1272/Z (gf180mcu_fd_sc_mcu7t5v0__buf_4)
                                                         net1272 (net)
                      0.468951    0.001747   12.666612 ^ fanout1268/I (gf180mcu_fd_sc_mcu7t5v0__buf_1)
     2    0.014798    0.293564    0.349067   13.015677 ^ fanout1268/Z (gf180mcu_fd_sc_mcu7t5v0__buf_1)
                                                         net1268 (net)
                      0.293564    0.000173   13.015851 ^ max_cap1754/I (gf180mcu_fd_sc_mcu7t5v0__buf_4)
     4    0.097871    0.424700    0.388992   13.404843 ^ max_cap1754/Z (gf180mcu_fd_sc_mcu7t5v0__buf_4)
                                                         net1753 (net)
                      0.424859    0.004473   13.409316 ^ fanout1233/I (gf180mcu_fd_sc_mcu7t5v0__dlyb_1)
     5    0.053956    0.916377    1.361889   14.771205 ^ fanout1233/Z (gf180mcu_fd_sc_mcu7t5v0__dlyb_1)
                                                         net1233 (net)
                      0.916395    0.002281   14.773486 ^ fanout1224/I (gf180mcu_fd_sc_mcu7t5v0__dlyb_1)
     5    0.072993    1.219881    1.539315   16.312801 ^ fanout1224/Z (gf180mcu_fd_sc_mcu7t5v0__dlyb_1)
                                                         net1224 (net)
                      1.219896    0.002458   16.315258 ^ fanout1214/I (gf180mcu_fd_sc_mcu7t5v0__dlyb_1)
     5    0.047909    0.820780    1.297982   17.613241 ^ fanout1214/Z (gf180mcu_fd_sc_mcu7t5v0__dlyb_1)
                                                         net1214 (net)
                      0.820780    0.000369   17.613611 ^ fanout1213/I (gf180mcu_fd_sc_mcu7t5v0__dlyb_1)
     6    0.044999    0.775023    1.283796   18.897408 ^ fanout1213/Z (gf180mcu_fd_sc_mcu7t5v0__dlyb_1)
                                                         net1213 (net)
                      0.775025    0.000844   18.898251 ^ fanout1212/I (gf180mcu_fd_sc_mcu7t5v0__dlyb_1)
     9    0.083971    1.395078    1.642750   20.541000 ^ fanout1212/Z (gf180mcu_fd_sc_mcu7t5v0__dlyb_1)
                                                         net1212 (net)
                      1.395100    0.003132   20.544132 ^ fanout1211/I (gf180mcu_fd_sc_mcu7t5v0__dlyb_1)
    10    0.092556    1.533173    1.701732   22.245865 ^ fanout1211/Z (gf180mcu_fd_sc_mcu7t5v0__dlyb_1)
                                                         net1211 (net)
                      1.533189    0.002816   22.248680 ^ _61688_/RN (gf180mcu_fd_sc_mcu7t5v0__dffrnq_1)
                                             22.248680   data arrival time

                                 50.000000   50.000000   clock clk_i (rise edge)
                                  0.000000   50.000000   clock source latency
     2    0.187748    0.774605    0.433449   50.433449 ^ clk_i (in)
                                                         clk_i (net)
                      0.774976    0.000000   50.433449 ^ delaybuf_0_clk_i/I (gf180mcu_fd_sc_mcu7t5v0__clkbuf_16)
     1    0.046196    0.129542    0.358547   50.791996 ^ delaybuf_0_clk_i/Z (gf180mcu_fd_sc_mcu7t5v0__clkbuf_16)
                                                         delaynet_0_clk_i (net)
                      0.129564    0.003041   50.795036 ^ delaybuf_1_clk_i/I (gf180mcu_fd_sc_mcu7t5v0__clkbuf_16)
     1    0.044073    0.109894    0.245937   51.040974 ^ delaybuf_1_clk_i/Z (gf180mcu_fd_sc_mcu7t5v0__clkbuf_16)
                                                         delaynet_1_clk_i (net)
                      0.109915    0.002544   51.043514 ^ delaybuf_2_clk_i/I (gf180mcu_fd_sc_mcu7t5v0__clkbuf_16)
     1    0.042459    0.108519    0.240920   51.284435 ^ delaybuf_2_clk_i/Z (gf180mcu_fd_sc_mcu7t5v0__clkbuf_16)
                                                         delaynet_2_clk_i (net)
                      0.108538    0.002458   51.286896 ^ clkbuf_regs_0_clk_i/I (gf180mcu_fd_sc_mcu7t5v0__clkbuf_16)
     1    0.024936    0.092948    0.229029   51.515923 ^ clkbuf_regs_0_clk_i/Z (gf180mcu_fd_sc_mcu7t5v0__clkbuf_16)
                                                         clk_i_regs (net)
                      0.092949    0.000561   51.516483 ^ clkbuf_0_clk_i_regs/I (gf180mcu_fd_sc_mcu7t5v0__clkbuf_16)
     8    0.221419    0.266690    0.343857   51.860340 ^ clkbuf_0_clk_i_regs/Z (gf180mcu_fd_sc_mcu7t5v0__clkbuf_16)
                                                         clknet_0_clk_i_regs (net)
                      0.266702    0.002665   51.863007 ^ clkbuf_3_5_0_clk_i_regs/I (gf180mcu_fd_sc_mcu7t5v0__clkbuf_8)
     4    0.128428    0.298579    0.397076   52.260082 ^ clkbuf_3_5_0_clk_i_regs/Z (gf180mcu_fd_sc_mcu7t5v0__clkbuf_8)
                                                         clknet_3_5_0_clk_i_regs (net)
                      0.298680    0.004309   52.264393 ^ clkbuf_5_23__f_clk_i_regs/I (gf180mcu_fd_sc_mcu7t5v0__clkbuf_16)
     5    0.075462    0.138489    0.304198   52.568588 ^ clkbuf_5_23__f_clk_i_regs/Z (gf180mcu_fd_sc_mcu7t5v0__clkbuf_16)
                                                         clknet_5_23__leaf_clk_i_regs (net)
                      0.138493    0.001457   52.570045 ^ clkbuf_leaf_119_clk_i_regs/I (gf180mcu_fd_sc_mcu7t5v0__clkbuf_8)
     8    0.046361    0.149240    0.273300   52.843346 ^ clkbuf_leaf_119_clk_i_regs/Z (gf180mcu_fd_sc_mcu7t5v0__clkbuf_8)
                                                         clknet_leaf_119_clk_i_regs (net)
                      0.149240    0.000096   52.843441 ^ _61688_/CLK (gf180mcu_fd_sc_mcu7t5v0__dffrnq_1)
                                 -0.250000   52.593441   clock uncertainty
                                  0.000000   52.593441   clock reconvergence pessimism
                                 -0.129645   52.463795   library recovery time
                                             52.463795   data required time
---------------------------------------------------------------------------------------------
                                             52.463795   data required time
                                            -22.248680   data arrival time
---------------------------------------------------------------------------------------------
                                             30.215113   slack (MET)


Startpoint: _61323_ (falling edge-triggered flip-flop clocked by clk_i)
Endpoint: spi_flash_sd_io[3] (output port clocked by clk_i)
Path Group: clk_i
Path Type: max

Fanout         Cap        Slew       Delay        Time   Description
---------------------------------------------------------------------------------------------
                                 25.000000   25.000000   clock clk_i (fall edge)
                                  0.000000   25.000000   clock source latency
     2    0.187748    0.463288    0.266445   25.266443 v clk_i (in)
                                                         clk_i (net)
                      0.463860    0.000000   25.266443 v delaybuf_0_clk_i/I (gf180mcu_fd_sc_mcu7t5v0__clkbuf_16)
     1    0.046196    0.117283    0.337304   25.603748 v delaybuf_0_clk_i/Z (gf180mcu_fd_sc_mcu7t5v0__clkbuf_16)
                                                         delaynet_0_clk_i (net)
                      0.117311    0.003041   25.606789 v delaybuf_1_clk_i/I (gf180mcu_fd_sc_mcu7t5v0__clkbuf_16)
     1    0.044073    0.107665    0.242881   25.849670 v delaybuf_1_clk_i/Z (gf180mcu_fd_sc_mcu7t5v0__clkbuf_16)
                                                         delaynet_1_clk_i (net)
                      0.107686    0.002542   25.852211 v delaybuf_2_clk_i/I (gf180mcu_fd_sc_mcu7t5v0__clkbuf_16)
     1    0.042459    0.106264    0.239055   26.091267 v delaybuf_2_clk_i/Z (gf180mcu_fd_sc_mcu7t5v0__clkbuf_16)
                                                         delaynet_2_clk_i (net)
                      0.106284    0.002460   26.093727 v clkbuf_regs_0_clk_i/I (gf180mcu_fd_sc_mcu7t5v0__clkbuf_16)
     1    0.024936    0.090504    0.226047   26.319775 v clkbuf_regs_0_clk_i/Z (gf180mcu_fd_sc_mcu7t5v0__clkbuf_16)
                                                         clk_i_regs (net)
                      0.090505    0.000563   26.320337 v clkbuf_0_clk_i_regs/I (gf180mcu_fd_sc_mcu7t5v0__clkbuf_16)
     8    0.221419    0.259141    0.347997   26.668335 v clkbuf_0_clk_i_regs/Z (gf180mcu_fd_sc_mcu7t5v0__clkbuf_16)
                                                         clknet_0_clk_i_regs (net)
                      0.261188    0.013280   26.681614 v clkbuf_3_0_0_clk_i_regs/I (gf180mcu_fd_sc_mcu7t5v0__clkbuf_8)
     4    0.139663    0.338224    0.451506   27.133120 v clkbuf_3_0_0_clk_i_regs/Z (gf180mcu_fd_sc_mcu7t5v0__clkbuf_8)
                                                         clknet_3_0_0_clk_i_regs (net)
                      0.338332    0.003407   27.136526 v clkbuf_5_2__f_clk_i_regs/I (gf180mcu_fd_sc_mcu7t5v0__clkbuf_16)
     5    0.080986    0.142271    0.332898   27.469425 v clkbuf_5_2__f_clk_i_regs/Z (gf180mcu_fd_sc_mcu7t5v0__clkbuf_16)
                                                         clknet_5_2__leaf_clk_i_regs (net)
                      0.142271    0.000520   27.469946 v clkbuf_leaf_10_clk_i_regs/I (gf180mcu_fd_sc_mcu7t5v0__clkbuf_8)
    10    0.052578    0.168837    0.299941   27.769886 v clkbuf_leaf_10_clk_i_regs/Z (gf180mcu_fd_sc_mcu7t5v0__clkbuf_8)
                                                         clknet_leaf_10_clk_i_regs (net)
                      0.168839    0.000881   27.770767 v _61323_/CLKN (gf180mcu_fd_sc_mcu7t5v0__dffnq_1)
     1    0.005208    0.155554    0.776009   28.546776 ^ _61323_/Q (gf180mcu_fd_sc_mcu7t5v0__dffnq_1)
                                                         i_core_v_mini_mcu.ao_peripheral_subsystem_i.spi_subsystem_i.obi_spimemio_i.spimemio_i.xfer_io3_90 (net)
                      0.155554    0.000099   28.546875 ^ _33459_/A2 (gf180mcu_fd_sc_mcu7t5v0__nor2_1)
     1    0.005811    0.320514    0.140830   28.687706 v _33459_/ZN (gf180mcu_fd_sc_mcu7t5v0__nor2_1)
                                                         _10488_ (net)
                      0.320514    0.000112   28.687817 v _33461_/A2 (gf180mcu_fd_sc_mcu7t5v0__oai21_1)
     1    0.012084    0.494718    0.370196   29.058014 ^ _33461_/ZN (gf180mcu_fd_sc_mcu7t5v0__oai21_1)
                                                         i_core_v_mini_mcu.ao_peripheral_subsystem_i.spi_subsystem_i.obi_spimemio_i.flash_io3_do_o (net)
                      0.494718    0.000171   29.058184 ^ gen_flash_sd[3].u_pad_drv/I (gf180mcu_fd_sc_mcu7t5v0__bufz_4)
     2    0.121044    0.529388    0.550944   29.609129 ^ gen_flash_sd[3].u_pad_drv/Z (gf180mcu_fd_sc_mcu7t5v0__bufz_4)
                                                         spi_flash_sd_io[3] (net)
                      0.529932    0.009635   29.618763 ^ spi_flash_sd_io[3] (inout)
                                             29.618763   data arrival time

                                 50.000000   50.000000   clock clk_i (rise edge)
                                  0.000000   50.000000   clock network delay (propagated)
                                 -0.250000   49.749996   clock uncertainty
                                  0.000000   49.749996   clock reconvergence pessimism
                                -10.000000   39.749996   output external delay
                                             39.749996   data required time
---------------------------------------------------------------------------------------------
                                             39.749996   data required time
                                            -29.618763   data arrival time
---------------------------------------------------------------------------------------------
                                             10.131233   slack (MET)




===========================================================================
report_checks --slack_max -0.01
============================================================================
======================= min_tt_025C_5v00 Corner ===================================

No paths found.


===========================================================================
 report_check_types -max_slew -max_cap -max_fanout -violators
============================================================================
======================= min_tt_025C_5v00 Corner ===================================

max fanout

Pin                                   Limit Fanout  Slack
---------------------------------------------------------
clkbuf_0_i_core_v_mini_mcu.cpu_subsystem_i.cpu_0_0.clk_i/Z     10     16     -6 (VIOLATED)
clkbuf_0_i_core_v_mini_mcu.cpu_subsystem_i.cpu_1_0.clk_i/Z     10     16     -6 (VIOLATED)
clkbuf_0_i_core_v_mini_mcu.memory_subsystem_i.clk_cg/Z     10     16     -6 (VIOLATED)
clkbuf_0_i_core_v_mini_mcu.peripheral_subsystem_i.clk_cg/Z     10     16     -6 (VIOLATED)



===========================================================================
report_parasitic_annotation -report_unannotated
============================================================================
Found 143 unannotated drivers.
 clkload0/Z
 clkload1/Z
 clkload10/ZN
 clkload100/ZN
 clkload101/ZN
 clkload102/Z
 clkload103/ZN
 clkload104/ZN
 clkload105/ZN
 clkload106/ZN
 clkload107/ZN
 clkload108/ZN
 clkload109/ZN
 clkload11/ZN
 clkload110/ZN
 clkload111/ZN
 clkload112/Z
 clkload113/ZN
 clkload114/ZN
 clkload115/ZN
 clkload116/ZN
 clkload117/ZN
 clkload118/Z
 clkload119/Z
 clkload12/ZN
 clkload120/ZN
 clkload121/Z
 clkload122/Z
 clkload123/Z
 clkload124/Z
 clkload125/ZN
 clkload126/Z
 clkload127/Z
 clkload128/ZN
 clkload129/Z
 clkload13/ZN
 clkload130/Z
 clkload131/ZN
 clkload132/Z
 clkload133/Z
 clkload134/ZN
 clkload135/ZN
 clkload136/Z
 clkload137/ZN
 clkload138/ZN
 clkload139/Z
 clkload14/ZN
 clkload140/Z
 clkload141/ZN
 clkload142/ZN
 clkload15/ZN
 clkload16/ZN
 clkload17/ZN
 clkload18/ZN
 clkload19/ZN
 clkload2/Z
 clkload20/ZN
 clkload21/ZN
 clkload22/ZN
 clkload23/Z
 clkload24/Z
 clkload25/Z
 clkload26/Z
 clkload27/Z
 clkload28/Z
 clkload29/Z
 clkload3/Z
 clkload30/Z
 clkload31/Z
 clkload32/Z
 clkload33/Z
 clkload34/Z
 clkload35/Z
 clkload36/Z
 clkload37/Z
 clkload38/ZN
 clkload39/ZN
 clkload4/Z
 clkload40/ZN
 clkload41/Z
 clkload42/ZN
 clkload43/ZN
 clkload44/ZN
 clkload45/ZN
 clkload46/ZN
 clkload47/Z
 clkload48/ZN
 clkload49/ZN
 clkload5/Z
 clkload50/ZN
 clkload51/Z
 clkload52/Z
 clkload53/Z
 clkload54/Z
 clkload55/ZN
 clkload56/ZN
 clkload57/ZN
 clkload58/ZN
 clkload59/ZN
 clkload6/Z
 clkload60/ZN
 clkload61/ZN
 clkload62/ZN
 clkload63/Z
 clkload64/ZN
 clkload65/ZN
 clkload66/ZN
 clkload67/ZN
 clkload68/ZN
 clkload69/ZN
 clkload7/ZN
 clkload70/ZN
 clkload71/ZN
 clkload72/ZN
 clkload73/ZN
 clkload74/ZN
 clkload75/ZN
 clkload76/ZN
 clkload77/ZN
 clkload78/ZN
 clkload79/ZN
 clkload8/ZN
 clkload80/ZN
 clkload81/ZN
 clkload82/ZN
 clkload83/ZN
 clkload84/ZN
 clkload85/ZN
 clkload86/ZN
 clkload87/ZN
 clkload88/ZN
 clkload89/ZN
 clkload9/ZN
 clkload90/ZN
 clkload91/Z
 clkload92/ZN
 clkload93/ZN
 clkload94/ZN
 clkload95/ZN
 clkload96/ZN
 clkload97/ZN
 clkload98/ZN
 clkload99/ZN
Found 0 partially unannotated drivers.

===========================================================================
max slew violation count 0
max fanout violation count 4
max cap violation count 0
============================================================================

===========================================================================
check_setup -verbose -unconstrained_endpoints -multiple_clock -no_clock -no_input_delay -loops -generated_clocks
===========================================================================
