Clock: clk_i
Sources: clk_i 
Generated: no
Virtual: yes
Propagated: no
Period: 50.000000

===========================================================================
report_clock_properties
============================================================================
Clock                   Period          Waveform
----------------------------------------------------
clk_i                50.000000    0.000000 25.000000

===========================================================================
report_clock_latency
============================================================================
Clock clk_i
rise -> rise
    min     max
0.000000 0.000000 source latency
2.460501         network latency _61894_/CLK
        2.949571 network latency _60704_/CLK
---------------
2.460501 2.949571 latency
        0.489069 skew

fall -> fall
    min     max
0.000000 0.000000 source latency
2.226962         network latency _61894_/CLK
        2.818178 network latency _61439_/CLK
---------------
2.226962 2.818178 latency
        0.591216 skew



===========================================================================
report_clock_min_period
============================================================================
clk_i period_min = 19.77 fmax = 50.58
