Clock: clk_i
Sources: clk_i 
Generated: no
Virtual: yes
Propagated: no
Period: 50.000000

===========================================================================
report_clock_properties
============================================================================
Clock                   Period          Waveform
----------------------------------------------------
clk_i                50.000000    0.000000 25.000000

===========================================================================
report_clock_latency
============================================================================
Clock clk_i
rise -> rise
    min     max
0.000000 0.000000 source latency
1.621913         network latency _60284_/CLK
        2.053969 network latency _56118_/CLK
---------------
1.621913 2.053969 latency
        0.432056 skew

fall -> fall
    min     max
0.000000 0.000000 source latency
1.463672         network latency _58505_/CLK
        1.942492 network latency _56118_/CLK
---------------
1.463672 1.942492 latency
        0.478821 skew



===========================================================================
report_clock_min_period
============================================================================
clk_i period_min = 13.03 fmax = 76.78
