
===========================================================================
 report_power
============================================================================
======================= min_ff_n40C_5v50 Corner ===================================

Group                    Internal    Switching      Leakage        Total
                            Power        Power        Power        Power (Watts)
------------------------------------------------------------------------
Sequential           7.247699e-02 1.640756e-05 2.787476e-06 7.249618e-02  47.5%
Combinational        2.735852e-04 4.505428e-04 4.278629e-06 7.284066e-04   0.5%
Clock                4.753548e-02 3.188236e-02 2.580475e-06 7.942042e-02  52.0%
Macro                0.000000e+00 0.000000e+00 0.000000e+00 0.000000e+00   0.0%
Pad                  0.000000e+00 0.000000e+00 0.000000e+00 0.000000e+00   0.0%
------------------------------------------------------------------------
Total                1.202861e-01 3.234931e-02 9.645400e-06 1.526450e-01 100.0%
                            78.8%        21.2%         0.0%

