Clock: clk_i
Sources: clk_i 
Generated: no
Virtual: yes
Propagated: no
Period: 100.000000

===========================================================================
report_clock_properties
============================================================================
Clock                   Period          Waveform
----------------------------------------------------
clk_i               100.000000    0.000000 50.000000

===========================================================================
report_clock_latency
============================================================================
Clock clk_i
rise -> rise
    min     max
0.000000 0.000000 source latency
5.064352         network latency _61480_/CLK
        5.841337 network latency _59047_/CLK
---------------
5.064352 5.841337 latency
        0.776986 skew

fall -> fall
    min     max
0.000000 0.000000 source latency
4.541708         network latency _61480_/CLK
        5.515027 network latency _59047_/CLK
---------------
4.541708 5.515027 latency
        0.973319 skew



===========================================================================
report_clock_min_period
============================================================================
clk_i period_min = 39.03 fmax = 25.62
