197. Printing statistics.

=== mosaic_block_a ===

        +----------Local Count, excluding submodules.
        |        +-Local Area, excluding submodules.
        |        | 
    33500        - wires
    33590        - wire bits
     5771        - public wires
     5861        - public wire bits
       77        - ports
      167        - port bits
    33568 8.28E+05 cells
      162 2.84E+03   gf180mcu_fd_sc_mcu7t5v0__and2_1
       11  217.325   gf180mcu_fd_sc_mcu7t5v0__and2_2
        1   37.318   gf180mcu_fd_sc_mcu7t5v0__and2_4
       26  570.752   gf180mcu_fd_sc_mcu7t5v0__and3_1
       34  821.005   gf180mcu_fd_sc_mcu7t5v0__and4_1
       85  1865.92   gf180mcu_fd_sc_mcu7t5v0__aoi211_1
        6   223.91   gf180mcu_fd_sc_mcu7t5v0__aoi211_2
      551 9.68E+03   gf180mcu_fd_sc_mcu7t5v0__aoi21_1
       66 1.88E+03   gf180mcu_fd_sc_mcu7t5v0__aoi21_2
       18  948.326   gf180mcu_fd_sc_mcu7t5v0__aoi21_4
      213 5.14E+03   gf180mcu_fd_sc_mcu7t5v0__aoi221_1
        1    50.49   gf180mcu_fd_sc_mcu7t5v0__aoi221_2
      865 1.71E+04   gf180mcu_fd_sc_mcu7t5v0__aoi22_1
        3   105.37   gf180mcu_fd_sc_mcu7t5v0__aoi22_2
        1   70.246   gf180mcu_fd_sc_mcu7t5v0__aoi22_4
      810 1.07E+04   gf180mcu_fd_sc_mcu7t5v0__buf_1
        2  166.835   gf180mcu_fd_sc_mcu7t5v0__buf_12
      142 2.49E+03   gf180mcu_fd_sc_mcu7t5v0__buf_2
        1  136.102   gf180mcu_fd_sc_mcu7t5v0__buf_20
       62 1.36E+03   gf180mcu_fd_sc_mcu7t5v0__buf_3
      106 3.26E+03   gf180mcu_fd_sc_mcu7t5v0__buf_4
       89 5.08E+03   gf180mcu_fd_sc_mcu7t5v0__buf_8
       25   329.28   gf180mcu_fd_sc_mcu7t5v0__clkbuf_1
        5   87.808   gf180mcu_fd_sc_mcu7t5v0__clkbuf_2
        2   114.15   gf180mcu_fd_sc_mcu7t5v0__clkbuf_8
     2721 2.39E+04   gf180mcu_fd_sc_mcu7t5v0__clkinv_1
        7   92.198   gf180mcu_fd_sc_mcu7t5v0__clkinv_2
        1   21.952   gf180mcu_fd_sc_mcu7t5v0__clkinv_4
        4  263.424   gf180mcu_fd_sc_mcu7t5v0__dffnq_1
     4081  2.6E+05   gf180mcu_fd_sc_mcu7t5v0__dffq_1
     1327  9.9E+04   gf180mcu_fd_sc_mcu7t5v0__dffrnq_1
      175 1.38E+04   gf180mcu_fd_sc_mcu7t5v0__dffsnq_1
        4  245.862   gf180mcu_fd_sc_mcu7t5v0__icgtp_1
      200  1756.16   gf180mcu_fd_sc_mcu7t5v0__inv_1
        1   57.075   gf180mcu_fd_sc_mcu7t5v0__inv_12
       31  408.307   gf180mcu_fd_sc_mcu7t5v0__inv_2
        8  140.493   gf180mcu_fd_sc_mcu7t5v0__inv_3
        2   43.904   gf180mcu_fd_sc_mcu7t5v0__inv_4
        3  118.541   gf180mcu_fd_sc_mcu7t5v0__inv_8
    11244 1.23E+05   gf180mcu_fd_sc_mcu7t5v0__nand2_1
      123 2.43E+03   gf180mcu_fd_sc_mcu7t5v0__nand2_2
       43 1.51E+03   gf180mcu_fd_sc_mcu7t5v0__nand2_4
     2198 3.38E+04   gf180mcu_fd_sc_mcu7t5v0__nand3_1
       54  1541.03   gf180mcu_fd_sc_mcu7t5v0__nand3_2
        8  456.602   gf180mcu_fd_sc_mcu7t5v0__nand3_4
      597 1.18E+04   gf180mcu_fd_sc_mcu7t5v0__nand4_1
        9  316.109   gf180mcu_fd_sc_mcu7t5v0__nand4_2
      678 8.93E+03   gf180mcu_fd_sc_mcu7t5v0__nor2_1
       95  2085.44   gf180mcu_fd_sc_mcu7t5v0__nor2_2
       15  592.704   gf180mcu_fd_sc_mcu7t5v0__nor2_4
      164 2.88E+03   gf180mcu_fd_sc_mcu7t5v0__nor3_1
        6  184.397   gf180mcu_fd_sc_mcu7t5v0__nor3_2
        8  456.602   gf180mcu_fd_sc_mcu7t5v0__nor3_4
       68 1.49E+03   gf180mcu_fd_sc_mcu7t5v0__nor4_1
        6  237.082   gf180mcu_fd_sc_mcu7t5v0__nor4_2
      266 5.84E+03   gf180mcu_fd_sc_mcu7t5v0__oai211_1
       12  474.163   gf180mcu_fd_sc_mcu7t5v0__oai211_2
        9  651.974   gf180mcu_fd_sc_mcu7t5v0__oai211_4
     3604 6.33E+04   gf180mcu_fd_sc_mcu7t5v0__oai21_1
      774 2.55E+04   gf180mcu_fd_sc_mcu7t5v0__oai21_2
      883 5.23E+04   gf180mcu_fd_sc_mcu7t5v0__oai21_4
      179  4715.29   gf180mcu_fd_sc_mcu7t5v0__oai221_1
       44 2.22E+03   gf180mcu_fd_sc_mcu7t5v0__oai221_2
       47 4.44E+03   gf180mcu_fd_sc_mcu7t5v0__oai221_4
      146  3.2E+03   gf180mcu_fd_sc_mcu7t5v0__oai22_1
       10  417.088   gf180mcu_fd_sc_mcu7t5v0__oai22_2
        1   76.832   gf180mcu_fd_sc_mcu7t5v0__oai22_4
       20  482.944   gf180mcu_fd_sc_mcu7t5v0__oai31_1
       24    1E+03   gf180mcu_fd_sc_mcu7t5v0__oai31_2
        2  153.664   gf180mcu_fd_sc_mcu7t5v0__oai31_4
       33  869.299   gf180mcu_fd_sc_mcu7t5v0__oai32_1
        3  151.469   gf180mcu_fd_sc_mcu7t5v0__oai32_2
        1   94.394   gf180mcu_fd_sc_mcu7t5v0__oai32_4
      166 2.92E+03   gf180mcu_fd_sc_mcu7t5v0__or2_1
        9  197.568   gf180mcu_fd_sc_mcu7t5v0__or2_2
        1   39.514   gf180mcu_fd_sc_mcu7t5v0__or2_4
       12  263.424   gf180mcu_fd_sc_mcu7t5v0__or3_1
        2   52.685   gf180mcu_fd_sc_mcu7t5v0__or3_2
        1   48.294   gf180mcu_fd_sc_mcu7t5v0__or3_4
       14  368.794   gf180mcu_fd_sc_mcu7t5v0__or4_1
        2   61.466   gf180mcu_fd_sc_mcu7t5v0__or4_2
       29  254.643   gf180mcu_fd_sc_mcu7t5v0__tieh
      101  886.861   gf180mcu_fd_sc_mcu7t5v0__tiel
        1   28.538   gf180mcu_fd_sc_mcu7t5v0__xnor2_1
        4  210.739   gf180mcu_fd_sc_mcu7t5v0__xnor3_1

   Chip area for module '\mosaic_block_a': 828286.278400
     of which used for sequential elements: 372935.942400 (45.03%)

