
===========================================================================
 report_power
============================================================================
======================= nom_tt_025C_5v00 Corner ===================================

Group                    Internal    Switching      Leakage        Total
                            Power        Power        Power        Power (Watts)
------------------------------------------------------------------------
Sequential           7.387175e-02 2.372003e-06 2.280869e-06 7.387640e-02  51.8%
Combinational        1.696888e-04 4.072398e-04 3.494416e-06 5.804231e-04   0.4%
Clock                3.929820e-02 2.882268e-02 7.537041e-07 6.812163e-02  47.8%
Macro                0.000000e+00 0.000000e+00 0.000000e+00 0.000000e+00   0.0%
Pad                  0.000000e+00 0.000000e+00 0.000000e+00 0.000000e+00   0.0%
------------------------------------------------------------------------
Total                1.133396e-01 2.923229e-02 6.528991e-06 1.425784e-01 100.0%
                            79.5%        20.5%         0.0%
Writing metric power__internal__total: 0.11333958804607391
Writing metric power__switching__total: 0.029232285916805267
Writing metric power__leakage__total: 6.5289914346067235e-6
Writing metric power__total: 0.1425783932209015

