                                                                        Cells by Master                                                                         
┏━━━━━━━━━━━━━━━━━━━━━━━━━━━━━━━━━━━━━━━━━━━━━━━━━━━━━━━━━━━━━━━━━━━━━━━━━━━━━━━━━━━━━━━━━━━━━━━━━━━━━━━━━━━━━━━━━━━━━━━━━━━━━━━━━━━━━┳━━━━━━━━━━━━━━━━━━━━━━━━┓
┃ Cell                                                                                                                                ┃ Count                  ┃
┡━━━━━━━━━━━━━━━━━━━━━━━━━━━━━━━━━━━━━━━━━━━━━━━━━━━━━━━━━━━━━━━━━━━━━━━━━━━━━━━━━━━━━━━━━━━━━━━━━━━━━━━━━━━━━━━━━━━━━━━━━━━━━━━━━━━━━╇━━━━━━━━━━━━━━━━━━━━━━━━┩
│ gf180mcu_fd_sc_mcu7t5v0__and2_1                                                                                                     │ 144                    │
│ gf180mcu_fd_sc_mcu7t5v0__and2_2                                                                                                     │ 5                      │
│ gf180mcu_fd_sc_mcu7t5v0__and2_4                                                                                                     │ 4                      │
│ gf180mcu_fd_sc_mcu7t5v0__and3_1                                                                                                     │ 43                     │
│ gf180mcu_fd_sc_mcu7t5v0__and3_4                                                                                                     │ 1                      │
│ gf180mcu_fd_sc_mcu7t5v0__and4_1                                                                                                     │ 46                     │
│ gf180mcu_fd_sc_mcu7t5v0__and4_2                                                                                                     │ 1                      │
│ gf180mcu_fd_sc_mcu7t5v0__antenna                                                                                                    │ 5                      │
│ gf180mcu_fd_sc_mcu7t5v0__aoi211_1                                                                                                   │ 86                     │
│ gf180mcu_fd_sc_mcu7t5v0__aoi211_2                                                                                                   │ 10                     │
│ gf180mcu_fd_sc_mcu7t5v0__aoi211_4                                                                                                   │ 1                      │
│ gf180mcu_fd_sc_mcu7t5v0__aoi21_1                                                                                                    │ 434                    │
│ gf180mcu_fd_sc_mcu7t5v0__aoi21_2                                                                                                    │ 74                     │
│ gf180mcu_fd_sc_mcu7t5v0__aoi21_4                                                                                                    │ 16                     │
│ gf180mcu_fd_sc_mcu7t5v0__aoi221_1                                                                                                   │ 208                    │
│ gf180mcu_fd_sc_mcu7t5v0__aoi221_2                                                                                                   │ 3                      │
│ gf180mcu_fd_sc_mcu7t5v0__aoi22_1                                                                                                    │ 910                    │
│ gf180mcu_fd_sc_mcu7t5v0__aoi22_2                                                                                                    │ 8                      │
│ gf180mcu_fd_sc_mcu7t5v0__buf_1                                                                                                      │ 1411                   │
│ gf180mcu_fd_sc_mcu7t5v0__buf_12                                                                                                     │ 1                      │
│ gf180mcu_fd_sc_mcu7t5v0__buf_2                                                                                                      │ 689                    │
│ gf180mcu_fd_sc_mcu7t5v0__buf_3                                                                                                      │ 249                    │
│ gf180mcu_fd_sc_mcu7t5v0__buf_4                                                                                                      │ 798                    │
│ gf180mcu_fd_sc_mcu7t5v0__buf_8                                                                                                      │ 334                    │
│ gf180mcu_fd_sc_mcu7t5v0__bufz_4                                                                                                     │ 4                      │
│ gf180mcu_fd_sc_mcu7t5v0__clkbuf_1                                                                                                   │ 42                     │
│ gf180mcu_fd_sc_mcu7t5v0__clkbuf_16                                                                                                  │ 101                    │
│ gf180mcu_fd_sc_mcu7t5v0__clkbuf_2                                                                                                   │ 62                     │
│ gf180mcu_fd_sc_mcu7t5v0__clkbuf_3                                                                                                   │ 83                     │
│ gf180mcu_fd_sc_mcu7t5v0__clkbuf_4                                                                                                   │ 37                     │
│ gf180mcu_fd_sc_mcu7t5v0__clkbuf_8                                                                                                   │ 844                    │
│ gf180mcu_fd_sc_mcu7t5v0__clkinv_1                                                                                                   │ 2678                   │
│ gf180mcu_fd_sc_mcu7t5v0__clkinv_16                                                                                                  │ 1                      │
│ gf180mcu_fd_sc_mcu7t5v0__clkinv_2                                                                                                   │ 27                     │
│ gf180mcu_fd_sc_mcu7t5v0__clkinv_3                                                                                                   │ 4                      │
│ gf180mcu_fd_sc_mcu7t5v0__clkinv_4                                                                                                   │ 15                     │
│ gf180mcu_fd_sc_mcu7t5v0__clkinv_8                                                                                                   │ 5                      │
│ gf180mcu_fd_sc_mcu7t5v0__dffnq_1                                                                                                    │ 4                      │
│ gf180mcu_fd_sc_mcu7t5v0__dffq_1                                                                                                     │ 4081                   │
│ gf180mcu_fd_sc_mcu7t5v0__dffrnq_1                                                                                                   │ 1327                   │
│ gf180mcu_fd_sc_mcu7t5v0__dffsnq_1                                                                                                   │ 175                    │
│ gf180mcu_fd_sc_mcu7t5v0__dlya_2                                                                                                     │ 1                      │
│ gf180mcu_fd_sc_mcu7t5v0__dlyb_1                                                                                                     │ 288                    │
│ gf180mcu_fd_sc_mcu7t5v0__endcap                                                                                                     │ 550                    │
│ gf180mcu_fd_sc_mcu7t5v0__fill_1                                                                                                     │ 9679                   │
│ gf180mcu_fd_sc_mcu7t5v0__fill_2                                                                                                     │ 8492                   │
│ gf180mcu_fd_sc_mcu7t5v0__fillcap_16                                                                                                 │ 587                    │
│ gf180mcu_fd_sc_mcu7t5v0__fillcap_32                                                                                                 │ 115                    │
│ gf180mcu_fd_sc_mcu7t5v0__fillcap_4                                                                                                  │ 4124                   │
│ gf180mcu_fd_sc_mcu7t5v0__fillcap_64                                                                                                 │ 7                      │
│ gf180mcu_fd_sc_mcu7t5v0__fillcap_8                                                                                                  │ 1888                   │
│ gf180mcu_fd_sc_mcu7t5v0__filltie                                                                                                    │ 7619                   │
│ gf180mcu_fd_sc_mcu7t5v0__icgtp_1                                                                                                    │ 4                      │
│ gf180mcu_fd_sc_mcu7t5v0__inv_1                                                                                                      │ 202                    │
│ gf180mcu_fd_sc_mcu7t5v0__inv_12                                                                                                     │ 1                      │
│ gf180mcu_fd_sc_mcu7t5v0__inv_2                                                                                                      │ 62                     │
│ gf180mcu_fd_sc_mcu7t5v0__inv_3                                                                                                      │ 37                     │
│ gf180mcu_fd_sc_mcu7t5v0__inv_4                                                                                                      │ 33                     │
│ gf180mcu_fd_sc_mcu7t5v0__inv_8                                                                                                      │ 4                      │
│ gf180mcu_fd_sc_mcu7t5v0__nand2_1                                                                                                    │ 10704                  │
│ gf180mcu_fd_sc_mcu7t5v0__nand2_2                                                                                                    │ 213                    │
│ gf180mcu_fd_sc_mcu7t5v0__nand2_4                                                                                                    │ 146                    │
│ gf180mcu_fd_sc_mcu7t5v0__nand3_1                                                                                                    │ 2243                   │
│ gf180mcu_fd_sc_mcu7t5v0__nand3_2                                                                                                    │ 84                     │
│ gf180mcu_fd_sc_mcu7t5v0__nand3_4                                                                                                    │ 10                     │
│ gf180mcu_fd_sc_mcu7t5v0__nand4_1                                                                                                    │ 566                    │
│ gf180mcu_fd_sc_mcu7t5v0__nand4_2                                                                                                    │ 7                      │
│ gf180mcu_fd_sc_mcu7t5v0__nand4_4                                                                                                    │ 2                      │
│ gf180mcu_fd_sc_mcu7t5v0__nor2_1                                                                                                     │ 682                    │
│ gf180mcu_fd_sc_mcu7t5v0__nor2_2                                                                                                     │ 82                     │
│ gf180mcu_fd_sc_mcu7t5v0__nor2_4                                                                                                     │ 48                     │
│ gf180mcu_fd_sc_mcu7t5v0__nor3_1                                                                                                     │ 127                    │
│ gf180mcu_fd_sc_mcu7t5v0__nor3_2                                                                                                     │ 7                      │
│ gf180mcu_fd_sc_mcu7t5v0__nor3_4                                                                                                     │ 2                      │
│ gf180mcu_fd_sc_mcu7t5v0__nor4_1                                                                                                     │ 59                     │
│ gf180mcu_fd_sc_mcu7t5v0__nor4_2                                                                                                     │ 2                      │
│ gf180mcu_fd_sc_mcu7t5v0__nor4_4                                                                                                     │ 3                      │
│ gf180mcu_fd_sc_mcu7t5v0__oai211_1                                                                                                   │ 282                    │
│ gf180mcu_fd_sc_mcu7t5v0__oai211_2                                                                                                   │ 14                     │
│ gf180mcu_fd_sc_mcu7t5v0__oai211_4                                                                                                   │ 2                      │
│ gf180mcu_fd_sc_mcu7t5v0__oai21_1                                                                                                    │ 3631                   │
│ gf180mcu_fd_sc_mcu7t5v0__oai21_2                                                                                                    │ 357                    │
│ gf180mcu_fd_sc_mcu7t5v0__oai21_4                                                                                                    │ 1355                   │
│ gf180mcu_fd_sc_mcu7t5v0__oai221_1                                                                                                   │ 182                    │
│ gf180mcu_fd_sc_mcu7t5v0__oai221_2                                                                                                   │ 49                     │
│ gf180mcu_fd_sc_mcu7t5v0__oai221_4                                                                                                   │ 43                     │
│ gf180mcu_fd_sc_mcu7t5v0__oai22_1                                                                                                    │ 152                    │
│ gf180mcu_fd_sc_mcu7t5v0__oai22_2                                                                                                    │ 9                      │
│ gf180mcu_fd_sc_mcu7t5v0__oai31_1                                                                                                    │ 19                     │
│ gf180mcu_fd_sc_mcu7t5v0__oai31_2                                                                                                    │ 30                     │
│ gf180mcu_fd_sc_mcu7t5v0__oai32_1                                                                                                    │ 24                     │
│ gf180mcu_fd_sc_mcu7t5v0__oai32_2                                                                                                    │ 8                      │
│ gf180mcu_fd_sc_mcu7t5v0__oai32_4                                                                                                    │ 2                      │
│ gf180mcu_fd_sc_mcu7t5v0__or2_1                                                                                                      │ 172                    │
│ gf180mcu_fd_sc_mcu7t5v0__or2_2                                                                                                      │ 9                      │
│ gf180mcu_fd_sc_mcu7t5v0__or2_4                                                                                                      │ 3                      │
│ gf180mcu_fd_sc_mcu7t5v0__or3_1                                                                                                      │ 9                      │
│ gf180mcu_fd_sc_mcu7t5v0__or4_1                                                                                                      │ 18                     │
│ gf180mcu_fd_sc_mcu7t5v0__or4_2                                                                                                      │ 4                      │
│ gf180mcu_fd_sc_mcu7t5v0__or4_4                                                                                                      │ 1                      │
│ gf180mcu_fd_sc_mcu7t5v0__tieh                                                                                                       │ 2                      │
│ gf180mcu_fd_sc_mcu7t5v0__tiel                                                                                                       │ 6                      │
│ gf180mcu_fd_sc_mcu7t5v0__xnor2_1                                                                                                    │ 2                      │
│ gf180mcu_fd_sc_mcu7t5v0__xnor3_1                                                                                                    │ 5                      │
└─────────────────────────────────────────────────────────────────────────────────────────────────────────────────────────────────────┴────────────────────────┘
