Clock: clk_i
Sources: clk_i 
Generated: no
Virtual: yes
Propagated: no
Period: 100.000000

===========================================================================
report_clock_properties
============================================================================
Clock                   Period          Waveform
----------------------------------------------------
clk_i               100.000000    0.000000 50.000000

===========================================================================
report_clock_latency
============================================================================
Clock clk_i
rise -> rise
    min     max
0.000000 0.000000 source latency
1.888762         network latency _61480_/CLK
        2.200158 network latency _59047_/CLK
---------------
1.888762 2.200158 latency
        0.311396 skew

fall -> fall
    min     max
0.000000 0.000000 source latency
1.688665         network latency _61480_/CLK
        2.055995 network latency _59047_/CLK
---------------
1.688665 2.055995 latency
        0.367329 skew



===========================================================================
report_clock_min_period
============================================================================
clk_i period_min = 14.21 fmax = 70.36
