Clock: clk_i
Sources: clk_i 
Generated: no
Virtual: yes
Propagated: no
Period: 100.000000

===========================================================================
report_clock_properties
============================================================================
Clock                   Period          Waveform
----------------------------------------------------
clk_i               100.000000    0.000000 50.000000

===========================================================================
report_clock_latency
============================================================================
Clock clk_i
rise -> rise
    min     max
0.000000 0.000000 source latency
1.822737         network latency _61480_/CLK
        2.100267 network latency _59047_/CLK
---------------
1.822737 2.100267 latency
        0.277530 skew

fall -> fall
    min     max
0.000000 0.000000 source latency
1.631655         network latency _61480_/CLK
        1.961862 network latency _59047_/CLK
---------------
1.631655 1.961862 latency
        0.330207 skew



===========================================================================
report_clock_min_period
============================================================================
clk_i period_min = 13.34 fmax = 74.97
