Clock: clk_i
Sources: clk_i 
Generated: no
Virtual: yes
Propagated: no
Period: 40.000000

===========================================================================
report_clock_properties
============================================================================
Clock                   Period          Waveform
----------------------------------------------------
clk_i                40.000000    0.000000 20.000000

===========================================================================
report_clock_latency
============================================================================
Clock clk_i
rise -> rise
    min     max
0.000000 0.000000 source latency
4.879493         network latency _61480_/CLK
        5.557326 network latency _57845_/CLK
---------------
4.879493 5.557326 latency
        0.677833 skew

fall -> fall
    min     max
0.000000 0.000000 source latency
4.391792         network latency _61480_/CLK
        5.199068 network latency _61475_/CLK
---------------
4.391792 5.199068 latency
        0.807276 skew



===========================================================================
report_clock_min_period
============================================================================
clk_i period_min = 36.15 fmax = 27.66
