Clock: clk_i
Sources: clk_i 
Generated: no
Virtual: yes
Propagated: no
Period: 50.000000

===========================================================================
report_clock_properties
============================================================================
Clock                   Period          Waveform
----------------------------------------------------
clk_i                50.000000    0.000000 25.000000

===========================================================================
report_clock_latency
============================================================================
Clock clk_i
rise -> rise
    min     max
0.000000 0.000000 source latency
12.321685         network latency _59525_/CLK
        144.009125 network latency _55844_/CLK
---------------
12.321685 144.009125 latency
        131.687454 skew

fall -> fall
    min     max
0.000000 0.000000 source latency
7.818940         network latency _59525_/CLK
        111.702164 network latency _55916_/CLK
---------------
7.818940 111.702164 latency
        103.883217 skew



===========================================================================
report_clock_min_period
============================================================================
clk_i period_min = 140.78 fmax = 7.10
