
===========================================================================
 report_power
============================================================================
======================= max_ss_125C_4v50 Corner ===================================

Group                    Internal    Switching      Leakage        Total
                            Power        Power        Power        Power (Watts)
------------------------------------------------------------------------
Sequential           8.932188e-01 9.240093e-06 6.536210e-06 8.932346e-01  99.2%
Combinational        5.313293e-05 1.702217e-05 1.665713e-05 8.681222e-05   0.0%
Clock                6.668220e-04 6.632471e-03 3.883869e-06 7.303177e-03   0.8%
Macro                0.000000e+00 0.000000e+00 0.000000e+00 0.000000e+00   0.0%
Pad                  0.000000e+00 0.000000e+00 0.000000e+00 0.000000e+00   0.0%
------------------------------------------------------------------------
Total                8.939388e-01 6.658733e-03 2.707081e-05 9.006246e-01 100.0%
                            99.3%         0.7%         0.0%
Writing metric power__internal__total: 0.8939387798309326
Writing metric power__switching__total: 0.006658733356744051
Writing metric power__leakage__total: 2.7070806027040817e-5
Writing metric power__total: 0.9006245732307434

