                                                                       Cells by Function                                                                        
┏━━━━━━━━━━━━━━━━━━━━━━━━━━━━━━━━━━━━━━━━━━━━━━━━━━━━━━━━━━━━━━━━━━━━━━━━━━━━━━━━━━━━━━━━━━━━━━━━━━━━━━━━━━━━━━━━━━━━━━━━━━━━━━━━━━━┳━━━━━━━━━━━━━━━━━━━━━━━━━━┓
┃ Cell Function                                                                                                                     ┃ Count                    ┃
┡━━━━━━━━━━━━━━━━━━━━━━━━━━━━━━━━━━━━━━━━━━━━━━━━━━━━━━━━━━━━━━━━━━━━━━━━━━━━━━━━━━━━━━━━━━━━━━━━━━━━━━━━━━━━━━━━━━━━━━━━━━━━━━━━━━━╇━━━━━━━━━━━━━━━━━━━━━━━━━━┩
│ gf180mcu_fd_sc_mcu7t5v0__and2                                                                                                     │ 153                      │
│ gf180mcu_fd_sc_mcu7t5v0__and3                                                                                                     │ 44                       │
│ gf180mcu_fd_sc_mcu7t5v0__and4                                                                                                     │ 47                       │
│ gf180mcu_fd_sc_mcu7t5v0__aoi21                                                                                                    │ 524                      │
│ gf180mcu_fd_sc_mcu7t5v0__aoi211                                                                                                   │ 97                       │
│ gf180mcu_fd_sc_mcu7t5v0__aoi22                                                                                                    │ 918                      │
│ gf180mcu_fd_sc_mcu7t5v0__aoi221                                                                                                   │ 211                      │
│ gf180mcu_fd_sc_mcu7t5v0__buf                                                                                                      │ 2834                     │
│ gf180mcu_fd_sc_mcu7t5v0__bufz                                                                                                     │ 4                        │
│ gf180mcu_fd_sc_mcu7t5v0__clkbuf                                                                                                   │ 935                      │
│ gf180mcu_fd_sc_mcu7t5v0__clkinv                                                                                                   │ 2744                     │
│ gf180mcu_fd_sc_mcu7t5v0__dffnq                                                                                                    │ 4                        │
│ gf180mcu_fd_sc_mcu7t5v0__dffq                                                                                                     │ 4081                     │
│ gf180mcu_fd_sc_mcu7t5v0__dffrnq                                                                                                   │ 1327                     │
│ gf180mcu_fd_sc_mcu7t5v0__dffsnq                                                                                                   │ 175                      │
│ gf180mcu_fd_sc_mcu7t5v0__dlya                                                                                                     │ 1                        │
│ gf180mcu_fd_sc_mcu7t5v0__dlyb                                                                                                     │ 375                      │
│ gf180mcu_fd_sc_mcu7t5v0__fill                                                                                                     │ 18944                    │
│ gf180mcu_fd_sc_mcu7t5v0__fillcap                                                                                                  │ 8251                     │
│ gf180mcu_fd_sc_mcu7t5v0__icgtp                                                                                                    │ 4                        │
│ gf180mcu_fd_sc_mcu7t5v0__inv                                                                                                      │ 325                      │
│ gf180mcu_fd_sc_mcu7t5v0__nand2                                                                                                    │ 11063                    │
│ gf180mcu_fd_sc_mcu7t5v0__nand3                                                                                                    │ 2337                     │
│ gf180mcu_fd_sc_mcu7t5v0__nand4                                                                                                    │ 575                      │
│ gf180mcu_fd_sc_mcu7t5v0__nor2                                                                                                     │ 812                      │
│ gf180mcu_fd_sc_mcu7t5v0__nor3                                                                                                     │ 136                      │
│ gf180mcu_fd_sc_mcu7t5v0__nor4                                                                                                     │ 64                       │
│ gf180mcu_fd_sc_mcu7t5v0__oai21                                                                                                    │ 5343                     │
│ gf180mcu_fd_sc_mcu7t5v0__oai211                                                                                                   │ 298                      │
│ gf180mcu_fd_sc_mcu7t5v0__oai22                                                                                                    │ 161                      │
│ gf180mcu_fd_sc_mcu7t5v0__oai221                                                                                                   │ 274                      │
│ gf180mcu_fd_sc_mcu7t5v0__oai31                                                                                                    │ 49                       │
│ gf180mcu_fd_sc_mcu7t5v0__oai32                                                                                                    │ 34                       │
│ gf180mcu_fd_sc_mcu7t5v0__or2                                                                                                      │ 184                      │
│ gf180mcu_fd_sc_mcu7t5v0__or3                                                                                                      │ 9                        │
│ gf180mcu_fd_sc_mcu7t5v0__or4                                                                                                      │ 23                       │
│ gf180mcu_fd_sc_mcu7t5v0__xnor2                                                                                                    │ 2                        │
│ gf180mcu_fd_sc_mcu7t5v0__xnor3                                                                                                    │ 5                        │
└───────────────────────────────────────────────────────────────────────────────────────────────────────────────────────────────────┴──────────────────────────┘
