Clock: clk_i
Sources: clk_i 
Generated: no
Virtual: yes
Propagated: no
Period: 40.000000

===========================================================================
report_clock_properties
============================================================================
Clock                   Period          Waveform
----------------------------------------------------
clk_i                40.000000    0.000000 20.000000

===========================================================================
report_clock_latency
============================================================================
Clock clk_i
rise -> rise
    min     max
0.000000 0.000000 source latency
2.763224         network latency _61480_/CLK
        3.140507 network latency _57845_/CLK
---------------
2.763224 3.140507 latency
        0.377284 skew

fall -> fall
    min     max
0.000000 0.000000 source latency
2.498510         network latency _61480_/CLK
        2.944107 network latency _57845_/CLK
---------------
2.498510 2.944107 latency
        0.445597 skew



===========================================================================
report_clock_min_period
============================================================================
clk_i period_min = 20.26 fmax = 49.37
