Clock: clk_i
Sources: clk_i 
Generated: no
Virtual: yes
Propagated: no
Period: 50.000000

===========================================================================
report_clock_properties
============================================================================
Clock                   Period          Waveform
----------------------------------------------------
clk_i                50.000000    0.000000 25.000000

===========================================================================
report_clock_latency
============================================================================
Clock clk_i
rise -> rise
    min     max
0.000000 0.000000 source latency
2.560367         network latency _60982_/CLK
        3.020154 network latency _60471_/CLK
---------------
2.560367 3.020154 latency
        0.459787 skew

fall -> fall
    min     max
0.000000 0.000000 source latency
2.313248         network latency _60982_/CLK
        2.900421 network latency _61167_/CLK
---------------
2.313248 2.900421 latency
        0.587173 skew



===========================================================================
report_clock_min_period
============================================================================
clk_i period_min = 18.95 fmax = 52.77
