Clock: clk_i
Sources: clk_i 
Generated: no
Virtual: yes
Propagated: no
Period: 50.000000

===========================================================================
report_clock_properties
============================================================================
Clock                   Period          Waveform
----------------------------------------------------
clk_i                50.000000    0.000000 25.000000

===========================================================================
report_clock_latency
============================================================================
Clock clk_i
rise -> rise
    min     max
0.000000 0.000000 source latency
2.634518         network latency _60284_/CLK
        3.353154 network latency _56918_/CLK
---------------
2.634518 3.353154 latency
        0.718636 skew

fall -> fall
    min     max
0.000000 0.000000 source latency
2.392183         network latency _58505_/CLK
        3.203335 network latency _56918_/CLK
---------------
2.392183 3.203335 latency
        0.811152 skew



===========================================================================
report_clock_min_period
============================================================================
clk_i period_min = 22.33 fmax = 44.78
