
===========================================================================
 report_power
============================================================================
======================= max_tt_025C_5v00 Corner ===================================

Group                    Internal    Switching      Leakage        Total
                            Power        Power        Power        Power (Watts)
------------------------------------------------------------------------
Sequential           5.943273e-02 1.516502e-05 2.281236e-06 5.945018e-02  47.3%
Combinational        2.101870e-04 4.072693e-04 3.525622e-06 6.209819e-04   0.5%
Clock                3.659279e-02 2.901866e-02 2.137352e-06 6.561359e-02  52.2%
Macro                0.000000e+00 0.000000e+00 0.000000e+00 0.000000e+00   0.0%
Pad                  0.000000e+00 0.000000e+00 0.000000e+00 0.000000e+00   0.0%
------------------------------------------------------------------------
Total                9.623576e-02 2.944110e-02 7.943428e-06 1.256848e-01 100.0%
                            76.6%        23.4%         0.0%

