Clock: clk_i
Sources: clk_i 
Generated: no
Virtual: no
Propagated: no
Period: 100.000000

===========================================================================
report_clock_properties
============================================================================
Clock                   Period          Waveform
----------------------------------------------------
clk_i               100.000000    0.000000 50.000000

===========================================================================
report_clock_latency
============================================================================
Clock clk_i
rise -> rise
    min     max
0.000000 0.000000 source latency
11.504161         network latency _57054_/CLK
        55.031494 network latency _57337_/CLK
---------------
11.504161 55.031494 latency
        43.527332 skew

fall -> fall
    min     max
0.000000 0.000000 source latency
7.257015         network latency _57054_/CLK
        43.028606 network latency _57337_/CLK
---------------
7.257015 43.028606 latency
        35.771591 skew



===========================================================================
report_clock_min_period
============================================================================
clk_i period_min = 47.72 fmax = 20.96
