Clock: clk_i
Sources: clk_i 
Generated: no
Virtual: yes
Propagated: no
Period: 50.000000

===========================================================================
report_clock_properties
============================================================================
Clock                   Period          Waveform
----------------------------------------------------
clk_i                50.000000    0.000000 25.000000

===========================================================================
report_clock_latency
============================================================================
Clock clk_i
rise -> rise
    min     max
0.000000 0.000000 source latency
2.549613         network latency _58505_/CLK
        3.237377 network latency _56927_/CLK
---------------
2.549613 3.237377 latency
        0.687764 skew

fall -> fall
    min     max
0.000000 0.000000 source latency
2.315311         network latency _58505_/CLK
        3.089277 network latency _56927_/CLK
---------------
2.315311 3.089277 latency
        0.773966 skew



===========================================================================
report_clock_min_period
============================================================================
clk_i period_min = 21.18 fmax = 47.22
