Clock: clk_i
Sources: clk_i 
Generated: no
Virtual: yes
Propagated: no
Period: 100.000000

===========================================================================
report_clock_properties
============================================================================
Clock                   Period          Waveform
----------------------------------------------------
clk_i               100.000000    0.000000 50.000000

===========================================================================
report_clock_latency
============================================================================
Clock clk_i
rise -> rise
    min     max
0.000000 0.000000 source latency
2.821522         network latency _61011_/CLK
        3.133043 network latency _61885_/CLK
---------------
2.821522 3.133043 latency
        0.311521 skew

fall -> fall
    min     max
0.000000 0.000000 source latency
2.662393         network latency _62156_/CLK
        2.938123 network latency _61885_/CLK
---------------
2.662393 2.938123 latency
        0.275730 skew



===========================================================================
report_clock_min_period
============================================================================
clk_i period_min = 20.43 fmax = 48.94
