┏━━━━━━━━━━━━━━━━━━━━━━┳━━━━━━━━━━┳━━━━━━━━━━┳━━━━━━━━━━┳━━━━━━━━━━┳━━━━━━━━━━┳━━━━━━━━━━━┳━━━━━━━━━━┳━━━━━━━━━━━┳━━━━━━━━━━┳━━━━━━━━━━━┳━━━━━━━━━━┳━━━━━━━━━━━┓
┃                      ┃ Hold     ┃ Reg to   ┃          ┃          ┃ of which ┃ Setup     ┃ Reg to   ┃           ┃ Setup    ┃ of which  ┃          ┃           ┃
┃                      ┃ Worst    ┃ Reg      ┃          ┃ Hold Vio ┃ reg to   ┃ Worst     ┃ Reg      ┃           ┃ Vio      ┃ reg to    ┃ Max Cap  ┃ Max Slew  ┃
┃ Corner/Group         ┃ Slack    ┃ Paths    ┃ Hold TNS ┃ Count    ┃ reg      ┃ Slack     ┃ Paths    ┃ Setup TNS ┃ Count    ┃ reg       ┃ Violati… ┃ Violatio… ┃
┡━━━━━━━━━━━━━━━━━━━━━━╇━━━━━━━━━━╇━━━━━━━━━━╇━━━━━━━━━━╇━━━━━━━━━━╇━━━━━━━━━━╇━━━━━━━━━━━╇━━━━━━━━━━╇━━━━━━━━━━━╇━━━━━━━━━━╇━━━━━━━━━━━╇━━━━━━━━━━╇━━━━━━━━━━━┩
│ Overall              │ 0.0734   │ 0.0734   │ 0.0000   │ 0        │ 0        │ -194.7772 │ -43.7166 │ -388233.… │ 8230     │ 808       │ 11       │ 2789      │
│ nom_tt_025C_5v00     │ 0.2835   │ 0.2835   │ 0.0000   │ 0        │ 0        │ -97.1440  │ -7.7155  │ -182584.… │ 2877     │ 403       │ 11       │ 2444      │
│ nom_ss_125C_4v50     │ 0.7795   │ 0.7795   │ 0.0000   │ 0        │ 0        │ -194.7772 │ -43.7166 │ -388233.… │ 2879     │ 405       │ 11       │ 2789      │
│ nom_ff_n40C_5v50     │ 0.0734   │ 0.0734   │ 0.0000   │ 0        │ 0        │ -57.5618  │ 6.7789   │ -98814.3… │ 2474     │ 0         │ 11       │ 2444      │
└──────────────────────┴──────────┴──────────┴──────────┴──────────┴──────────┴───────────┴──────────┴───────────┴──────────┴───────────┴──────────┴───────────┘
