Clock: clk_i
Sources: clk_i 
Generated: no
Virtual: yes
Propagated: no
Period: 100.000000

===========================================================================
report_clock_properties
============================================================================
Clock                   Period          Waveform
----------------------------------------------------
clk_i               100.000000    0.000000 50.000000

===========================================================================
report_clock_latency
============================================================================
Clock clk_i
rise -> rise
    min     max
0.000000 0.000000 source latency
2.828890         network latency _61480_/CLK
        3.189514 network latency _58589_/CLK
---------------
2.828890 3.189514 latency
        0.360624 skew

fall -> fall
    min     max
0.000000 0.000000 source latency
2.540173         network latency _61480_/CLK
        2.975536 network latency _61700_/CLK
---------------
2.540173 2.975536 latency
        0.435364 skew



===========================================================================
report_clock_min_period
============================================================================
clk_i period_min = 18.79 fmax = 53.21
