                                                                        Cells by Master                                                                         
┏━━━━━━━━━━━━━━━━━━━━━━━━━━━━━━━━━━━━━━━━━━━━━━━━━━━━━━━━━━━━━━━━━━━━━━━━━━━━━━━━━━━━━━━━━━━━━━━━━━━━━━━━━━━━━━━━━━━━━━━━━━━━━━━━━━━━━┳━━━━━━━━━━━━━━━━━━━━━━━━┓
┃ Cell                                                                                                                                ┃ Count                  ┃
┡━━━━━━━━━━━━━━━━━━━━━━━━━━━━━━━━━━━━━━━━━━━━━━━━━━━━━━━━━━━━━━━━━━━━━━━━━━━━━━━━━━━━━━━━━━━━━━━━━━━━━━━━━━━━━━━━━━━━━━━━━━━━━━━━━━━━━╇━━━━━━━━━━━━━━━━━━━━━━━━┩
│ gf180mcu_fd_sc_mcu7t5v0__and2_1                                                                                                     │ 144                    │
│ gf180mcu_fd_sc_mcu7t5v0__and2_2                                                                                                     │ 5                      │
│ gf180mcu_fd_sc_mcu7t5v0__and2_4                                                                                                     │ 4                      │
│ gf180mcu_fd_sc_mcu7t5v0__and3_1                                                                                                     │ 43                     │
│ gf180mcu_fd_sc_mcu7t5v0__and3_4                                                                                                     │ 1                      │
│ gf180mcu_fd_sc_mcu7t5v0__and4_1                                                                                                     │ 46                     │
│ gf180mcu_fd_sc_mcu7t5v0__and4_2                                                                                                     │ 1                      │
│ gf180mcu_fd_sc_mcu7t5v0__antenna                                                                                                    │ 8                      │
│ gf180mcu_fd_sc_mcu7t5v0__aoi211_1                                                                                                   │ 86                     │
│ gf180mcu_fd_sc_mcu7t5v0__aoi211_2                                                                                                   │ 10                     │
│ gf180mcu_fd_sc_mcu7t5v0__aoi211_4                                                                                                   │ 1                      │
│ gf180mcu_fd_sc_mcu7t5v0__aoi21_1                                                                                                    │ 433                    │
│ gf180mcu_fd_sc_mcu7t5v0__aoi21_2                                                                                                    │ 75                     │
│ gf180mcu_fd_sc_mcu7t5v0__aoi21_4                                                                                                    │ 16                     │
│ gf180mcu_fd_sc_mcu7t5v0__aoi221_1                                                                                                   │ 208                    │
│ gf180mcu_fd_sc_mcu7t5v0__aoi221_2                                                                                                   │ 3                      │
│ gf180mcu_fd_sc_mcu7t5v0__aoi22_1                                                                                                    │ 911                    │
│ gf180mcu_fd_sc_mcu7t5v0__aoi22_2                                                                                                    │ 7                      │
│ gf180mcu_fd_sc_mcu7t5v0__buf_1                                                                                                      │ 1491                   │
│ gf180mcu_fd_sc_mcu7t5v0__buf_12                                                                                                     │ 6                      │
│ gf180mcu_fd_sc_mcu7t5v0__buf_2                                                                                                      │ 433                    │
│ gf180mcu_fd_sc_mcu7t5v0__buf_3                                                                                                      │ 67                     │
│ gf180mcu_fd_sc_mcu7t5v0__buf_4                                                                                                      │ 1153                   │
│ gf180mcu_fd_sc_mcu7t5v0__buf_8                                                                                                      │ 168                    │
│ gf180mcu_fd_sc_mcu7t5v0__bufz_4                                                                                                     │ 4                      │
│ gf180mcu_fd_sc_mcu7t5v0__clkbuf_1                                                                                                   │ 10                     │
│ gf180mcu_fd_sc_mcu7t5v0__clkbuf_16                                                                                                  │ 101                    │
│ gf180mcu_fd_sc_mcu7t5v0__clkbuf_2                                                                                                   │ 78                     │
│ gf180mcu_fd_sc_mcu7t5v0__clkbuf_3                                                                                                   │ 17                     │
│ gf180mcu_fd_sc_mcu7t5v0__clkbuf_4                                                                                                   │ 26                     │
│ gf180mcu_fd_sc_mcu7t5v0__clkbuf_8                                                                                                   │ 711                    │
│ gf180mcu_fd_sc_mcu7t5v0__clkinv_1                                                                                                   │ 2687                   │
│ gf180mcu_fd_sc_mcu7t5v0__clkinv_16                                                                                                  │ 1                      │
│ gf180mcu_fd_sc_mcu7t5v0__clkinv_2                                                                                                   │ 27                     │
│ gf180mcu_fd_sc_mcu7t5v0__clkinv_3                                                                                                   │ 5                      │
│ gf180mcu_fd_sc_mcu7t5v0__clkinv_4                                                                                                   │ 11                     │
│ gf180mcu_fd_sc_mcu7t5v0__clkinv_8                                                                                                   │ 2                      │
│ gf180mcu_fd_sc_mcu7t5v0__dffnq_1                                                                                                    │ 4                      │
│ gf180mcu_fd_sc_mcu7t5v0__dffq_1                                                                                                     │ 4081                   │
│ gf180mcu_fd_sc_mcu7t5v0__dffrnq_1                                                                                                   │ 1327                   │
│ gf180mcu_fd_sc_mcu7t5v0__dffsnq_1                                                                                                   │ 175                    │
│ gf180mcu_fd_sc_mcu7t5v0__dlya_2                                                                                                     │ 1                      │
│ gf180mcu_fd_sc_mcu7t5v0__dlyb_1                                                                                                     │ 295                    │
│ gf180mcu_fd_sc_mcu7t5v0__endcap                                                                                                     │ 550                    │
│ gf180mcu_fd_sc_mcu7t5v0__fill_1                                                                                                     │ 9968                   │
│ gf180mcu_fd_sc_mcu7t5v0__fill_2                                                                                                     │ 8873                   │
│ gf180mcu_fd_sc_mcu7t5v0__fillcap_16                                                                                                 │ 656                    │
│ gf180mcu_fd_sc_mcu7t5v0__fillcap_32                                                                                                 │ 125                    │
│ gf180mcu_fd_sc_mcu7t5v0__fillcap_4                                                                                                  │ 4748                   │
│ gf180mcu_fd_sc_mcu7t5v0__fillcap_64                                                                                                 │ 7                      │
│ gf180mcu_fd_sc_mcu7t5v0__fillcap_8                                                                                                  │ 2179                   │
│ gf180mcu_fd_sc_mcu7t5v0__filltie                                                                                                    │ 7619                   │
│ gf180mcu_fd_sc_mcu7t5v0__icgtp_1                                                                                                    │ 4                      │
│ gf180mcu_fd_sc_mcu7t5v0__inv_1                                                                                                      │ 194                    │
│ gf180mcu_fd_sc_mcu7t5v0__inv_12                                                                                                     │ 1                      │
│ gf180mcu_fd_sc_mcu7t5v0__inv_2                                                                                                      │ 63                     │
│ gf180mcu_fd_sc_mcu7t5v0__inv_3                                                                                                      │ 39                     │
│ gf180mcu_fd_sc_mcu7t5v0__inv_4                                                                                                      │ 35                     │
│ gf180mcu_fd_sc_mcu7t5v0__inv_8                                                                                                      │ 4                      │
│ gf180mcu_fd_sc_mcu7t5v0__nand2_1                                                                                                    │ 10711                  │
│ gf180mcu_fd_sc_mcu7t5v0__nand2_2                                                                                                    │ 206                    │
│ gf180mcu_fd_sc_mcu7t5v0__nand2_4                                                                                                    │ 146                    │
│ gf180mcu_fd_sc_mcu7t5v0__nand3_1                                                                                                    │ 2243                   │
│ gf180mcu_fd_sc_mcu7t5v0__nand3_2                                                                                                    │ 84                     │
│ gf180mcu_fd_sc_mcu7t5v0__nand3_4                                                                                                    │ 10                     │
│ gf180mcu_fd_sc_mcu7t5v0__nand4_1                                                                                                    │ 569                    │
│ gf180mcu_fd_sc_mcu7t5v0__nand4_2                                                                                                    │ 4                      │
│ gf180mcu_fd_sc_mcu7t5v0__nand4_4                                                                                                    │ 2                      │
│ gf180mcu_fd_sc_mcu7t5v0__nor2_1                                                                                                     │ 696                    │
│ gf180mcu_fd_sc_mcu7t5v0__nor2_2                                                                                                     │ 68                     │
│ gf180mcu_fd_sc_mcu7t5v0__nor2_4                                                                                                     │ 48                     │
│ gf180mcu_fd_sc_mcu7t5v0__nor3_1                                                                                                     │ 128                    │
│ gf180mcu_fd_sc_mcu7t5v0__nor3_2                                                                                                     │ 7                      │
│ gf180mcu_fd_sc_mcu7t5v0__nor3_4                                                                                                     │ 1                      │
│ gf180mcu_fd_sc_mcu7t5v0__nor4_1                                                                                                     │ 63                     │
│ gf180mcu_fd_sc_mcu7t5v0__nor4_2                                                                                                     │ 1                      │
│ gf180mcu_fd_sc_mcu7t5v0__oai211_1                                                                                                   │ 284                    │
│ gf180mcu_fd_sc_mcu7t5v0__oai211_2                                                                                                   │ 11                     │
│ gf180mcu_fd_sc_mcu7t5v0__oai211_4                                                                                                   │ 3                      │
│ gf180mcu_fd_sc_mcu7t5v0__oai21_1                                                                                                    │ 3632                   │
│ gf180mcu_fd_sc_mcu7t5v0__oai21_2                                                                                                    │ 356                    │
│ gf180mcu_fd_sc_mcu7t5v0__oai21_4                                                                                                    │ 1355                   │
│ gf180mcu_fd_sc_mcu7t5v0__oai221_1                                                                                                   │ 182                    │
│ gf180mcu_fd_sc_mcu7t5v0__oai221_2                                                                                                   │ 49                     │
│ gf180mcu_fd_sc_mcu7t5v0__oai221_4                                                                                                   │ 43                     │
│ gf180mcu_fd_sc_mcu7t5v0__oai22_1                                                                                                    │ 152                    │
│ gf180mcu_fd_sc_mcu7t5v0__oai22_2                                                                                                    │ 9                      │
│ gf180mcu_fd_sc_mcu7t5v0__oai31_1                                                                                                    │ 19                     │
│ gf180mcu_fd_sc_mcu7t5v0__oai31_2                                                                                                    │ 30                     │
│ gf180mcu_fd_sc_mcu7t5v0__oai32_1                                                                                                    │ 25                     │
│ gf180mcu_fd_sc_mcu7t5v0__oai32_2                                                                                                    │ 7                      │
│ gf180mcu_fd_sc_mcu7t5v0__oai32_4                                                                                                    │ 2                      │
│ gf180mcu_fd_sc_mcu7t5v0__or2_1                                                                                                      │ 172                    │
│ gf180mcu_fd_sc_mcu7t5v0__or2_2                                                                                                      │ 9                      │
│ gf180mcu_fd_sc_mcu7t5v0__or2_4                                                                                                      │ 3                      │
│ gf180mcu_fd_sc_mcu7t5v0__or3_1                                                                                                      │ 9                      │
│ gf180mcu_fd_sc_mcu7t5v0__or4_1                                                                                                      │ 18                     │
│ gf180mcu_fd_sc_mcu7t5v0__or4_2                                                                                                      │ 4                      │
│ gf180mcu_fd_sc_mcu7t5v0__or4_4                                                                                                      │ 1                      │
│ gf180mcu_fd_sc_mcu7t5v0__tieh                                                                                                       │ 2                      │
│ gf180mcu_fd_sc_mcu7t5v0__tiel                                                                                                       │ 6                      │
│ gf180mcu_fd_sc_mcu7t5v0__xnor2_1                                                                                                    │ 2                      │
│ gf180mcu_fd_sc_mcu7t5v0__xnor3_1                                                                                                    │ 5                      │
└─────────────────────────────────────────────────────────────────────────────────────────────────────────────────────────────────────┴────────────────────────┘
