Total number of Clock Roots: 6.
Total number of Buffers Inserted: 543.
Total number of Clock Subnets: 543.
Total number of Sinks: 5589.
Cells used:
  gf180mcu_fd_sc_mcu7t5v0__clkbuf_8: 531
  gf180mcu_fd_sc_mcu7t5v0__clkbuf_16: 17
Dummys used:
  gf180mcu_fd_sc_mcu7t5v0__clkbuf_2: 119
  gf180mcu_fd_sc_mcu7t5v0__clkbuf_4: 70
  gf180mcu_fd_sc_mcu7t5v0__clkbuf_8: 36
  gf180mcu_fd_sc_mcu7t5v0__clkinv_1: 4
  gf180mcu_fd_sc_mcu7t5v0__clkinv_2: 21
  gf180mcu_fd_sc_mcu7t5v0__clkinv_3: 4
  gf180mcu_fd_sc_mcu7t5v0__clkinv_4: 9
  gf180mcu_fd_sc_mcu7t5v0__clkinv_8: 6
  gf180mcu_fd_sc_mcu7t5v0__inv_1: 1
  gf180mcu_fd_sc_mcu7t5v0__inv_2: 52
  gf180mcu_fd_sc_mcu7t5v0__inv_3: 17
  gf180mcu_fd_sc_mcu7t5v0__inv_4: 12
