Clock: clk_i
Sources: clk_i 
Generated: no
Virtual: yes
Propagated: no
Period: 100.000000

===========================================================================
report_clock_properties
============================================================================
Clock                   Period          Waveform
----------------------------------------------------
clk_i               100.000000    0.000000 50.000000

===========================================================================
report_clock_latency
============================================================================
Clock clk_i
rise -> rise
    min     max
0.000000 0.000000 source latency
2.871583         network latency _61480_/CLK
        3.329203 network latency _59047_/CLK
---------------
2.871583 3.329203 latency
        0.457620 skew

fall -> fall
    min     max
0.000000 0.000000 source latency
2.585967         network latency _61480_/CLK
        3.145431 network latency _59047_/CLK
---------------
2.585967 3.145431 latency
        0.559464 skew



===========================================================================
report_clock_min_period
============================================================================
clk_i period_min = 21.96 fmax = 45.54
