Clock: clk_i
Sources: clk_i 
Generated: no
Virtual: yes
Propagated: no
Period: 100.000000

===========================================================================
report_clock_properties
============================================================================
Clock                   Period          Waveform
----------------------------------------------------
clk_i               100.000000    0.000000 50.000000

===========================================================================
report_clock_latency
============================================================================
Clock clk_i
rise -> rise
    min     max
0.000000 0.000000 source latency
1.837952         network latency _61011_/CLK
        2.062677 network latency _61885_/CLK
---------------
1.837952 2.062677 latency
        0.224725 skew

fall -> fall
    min     max
0.000000 0.000000 source latency
1.731134         network latency _61690_/CLK
        1.915854 network latency _61885_/CLK
---------------
1.731134 1.915854 latency
        0.184720 skew



===========================================================================
report_clock_min_period
============================================================================
clk_i period_min = 13.06 fmax = 76.56
