Clock: clk_i
Sources: clk_i 
Generated: no
Virtual: yes
Propagated: no
Period: 50.000000

===========================================================================
report_clock_properties
============================================================================
Clock                   Period          Waveform
----------------------------------------------------
clk_i                50.000000    0.000000 25.000000

===========================================================================
report_clock_latency
============================================================================
Clock clk_i
rise -> rise
    min     max
0.000000 0.000000 source latency
1.719483         network latency _60284_/CLK
        2.197919 network latency _56918_/CLK
---------------
1.719483 2.197919 latency
        0.478436 skew

fall -> fall
    min     max
0.000000 0.000000 source latency
1.556513         network latency _58505_/CLK
        2.080137 network latency _56918_/CLK
---------------
1.556513 2.080137 latency
        0.523624 skew



===========================================================================
report_clock_min_period
============================================================================
clk_i period_min = 14.43 fmax = 69.32
