Clock: clk_i
Sources: clk_i 
Generated: no
Virtual: yes
Propagated: no
Period: 50.000000

===========================================================================
report_clock_properties
============================================================================
Clock                   Period          Waveform
----------------------------------------------------
clk_i                50.000000    0.000000 25.000000

===========================================================================
report_clock_latency
============================================================================
Clock clk_i
rise -> rise
    min     max
0.000000 0.000000 source latency
4.666584         network latency _61788_/CLK
        5.518478 network latency _61386_/CLK
---------------
4.666584 5.518478 latency
        0.851893 skew

fall -> fall
    min     max
0.000000 0.000000 source latency
4.299945         network latency _61788_/CLK
        5.237944 network latency _61027_/CLK
---------------
4.299945 5.237944 latency
        0.937998 skew



===========================================================================
report_clock_min_period
============================================================================
clk_i period_min = 42.03 fmax = 23.80
