Clock: clk_i
Sources: clk_i 
Generated: no
Virtual: yes
Propagated: no
Period: 100.000000

===========================================================================
report_clock_properties
============================================================================
Clock                   Period          Waveform
----------------------------------------------------
clk_i               100.000000    0.000000 50.000000

===========================================================================
report_clock_latency
============================================================================
Clock clk_i
rise -> rise
    min     max
0.000000 0.000000 source latency
5.169796         network latency _61011_/CLK
        5.754364 network latency _61885_/CLK
---------------
5.169796 5.754364 latency
        0.584568 skew

fall -> fall
    min     max
0.000000 0.000000 source latency
4.832877         network latency _62156_/CLK
        5.390174 network latency _61885_/CLK
---------------
4.832877 5.390174 latency
        0.557296 skew



===========================================================================
report_clock_min_period
============================================================================
clk_i period_min = 38.66 fmax = 25.87
