Clock: clk_i
Sources: clk_i 
Generated: no
Virtual: yes
Propagated: no
Period: 50.000000

===========================================================================
report_clock_properties
============================================================================
Clock                   Period          Waveform
----------------------------------------------------
clk_i                50.000000    0.000000 25.000000

===========================================================================
report_clock_latency
============================================================================
Clock clk_i
rise -> rise
    min     max
0.000000 0.000000 source latency
17.678020         network latency _56545_/CLK
        83.627296 network latency _56668_/CLK
---------------
17.678020 83.627296 latency
        65.949272 skew

fall -> fall
    min     max
0.000000 0.000000 source latency
11.151961         network latency _56543_/CLK
        66.131805 network latency _57032_/CLK
---------------
11.151961 66.131805 latency
        54.979843 skew



===========================================================================
report_clock_min_period
============================================================================
clk_i period_min = 89.06 fmax = 11.23
