Clock: clk_i
Sources: clk_i 
Generated: no
Virtual: yes
Propagated: no
Period: 50.000000

===========================================================================
report_clock_properties
============================================================================
Clock                   Period          Waveform
----------------------------------------------------
clk_i                50.000000    0.000000 25.000000

===========================================================================
report_clock_latency
============================================================================
Clock clk_i
rise -> rise
    min     max
0.000000 0.000000 source latency
2.552167         network latency _61788_/CLK
        3.023597 network latency _61386_/CLK
---------------
2.552167 3.023597 latency
        0.471430 skew

fall -> fall
    min     max
0.000000 0.000000 source latency
2.357510         network latency _61788_/CLK
        2.854428 network latency _61027_/CLK
---------------
2.357510 2.854428 latency
        0.496918 skew



===========================================================================
report_clock_min_period
============================================================================
clk_i period_min = 22.11 fmax = 45.22
