
===========================================================================
report_checks -unconstrained
===========================================================================
======================= nom_tt_025C_5v00 Corner ===================================

Startpoint: rst_ni (input port clocked by clk_i)
Endpoint: _61687_ (recovery check against rising-edge clock clk_i)
Path Group: asynchronous
Path Type: max

Fanout         Cap        Slew       Delay        Time   Description
---------------------------------------------------------------------------------------------
                                  0.000000    0.000000   clock clk_i (rise edge)
                                  0.000000    0.000000   clock network delay (propagated)
                                 10.000000   10.000000 ^ input external delay
     1    0.009330    0.198925    0.090687   10.090687 ^ rst_ni (in)
                                                         rst_ni (net)
                      0.198925    0.000000   10.090687 ^ input3/I (gf180mcu_fd_sc_mcu7t5v0__dlyb_1)
     1    0.033525    0.595168    1.157400   11.248086 ^ input3/Z (gf180mcu_fd_sc_mcu7t5v0__dlyb_1)
                                                         net3 (net)
                      0.595170    0.000612   11.248698 ^ fanout1269/I (gf180mcu_fd_sc_mcu7t5v0__dlyb_1)
     1    0.012324    0.272792    0.983288   12.231986 ^ fanout1269/Z (gf180mcu_fd_sc_mcu7t5v0__dlyb_1)
                                                         net1269 (net)
                      0.272792    0.000364   12.232350 ^ wire1272/I (gf180mcu_fd_sc_mcu7t5v0__buf_4)
     3    0.100930    0.439962    0.396438   12.628789 ^ wire1272/Z (gf180mcu_fd_sc_mcu7t5v0__buf_4)
                                                         net1272 (net)
                      0.439985    0.001745   12.630534 ^ fanout1268/I (gf180mcu_fd_sc_mcu7t5v0__dlyb_1)
     5    0.102920    1.700709    1.816689   14.447224 ^ fanout1268/Z (gf180mcu_fd_sc_mcu7t5v0__dlyb_1)
                                                         net1268 (net)
                      1.700715    0.001781   14.449004 ^ fanout1233/I (gf180mcu_fd_sc_mcu7t5v0__dlyb_1)
     5    0.051267    0.874887    1.305471   15.754476 ^ fanout1233/Z (gf180mcu_fd_sc_mcu7t5v0__dlyb_1)
                                                         net1233 (net)
                      0.874890    0.000909   15.755385 ^ fanout1224/I (gf180mcu_fd_sc_mcu7t5v0__dlyb_1)
     5    0.067692    1.136432    1.492415   17.247801 ^ fanout1224/Z (gf180mcu_fd_sc_mcu7t5v0__dlyb_1)
                                                         net1224 (net)
                      1.136436    0.001187   17.248987 ^ fanout1214/I (gf180mcu_fd_sc_mcu7t5v0__dlyb_1)
     5    0.050098    0.855953    1.322517   18.571505 ^ fanout1214/Z (gf180mcu_fd_sc_mcu7t5v0__dlyb_1)
                                                         net1214 (net)
                      0.855956    0.000890   18.572393 ^ fanout1213/I (gf180mcu_fd_sc_mcu7t5v0__dlyb_1)
     6    0.045965    0.790300    1.292042   19.864435 ^ fanout1213/Z (gf180mcu_fd_sc_mcu7t5v0__dlyb_1)
                                                         net1213 (net)
                      0.790303    0.000821   19.865257 ^ fanout1212/I (gf180mcu_fd_sc_mcu7t5v0__dlyb_1)
     9    0.081126    1.350033    1.617160   21.482416 ^ fanout1212/Z (gf180mcu_fd_sc_mcu7t5v0__dlyb_1)
                                                         net1212 (net)
                      1.350038    0.001412   21.483829 ^ fanout1211/I (gf180mcu_fd_sc_mcu7t5v0__dlyb_1)
    10    0.090098    1.494151    1.682297   23.166126 ^ fanout1211/Z (gf180mcu_fd_sc_mcu7t5v0__dlyb_1)
                                                         net1211 (net)
                      1.494157    0.001640   23.167765 ^ _61687_/RN (gf180mcu_fd_sc_mcu7t5v0__dffrnq_1)
                                             23.167765   data arrival time

                                 50.000000   50.000000   clock clk_i (rise edge)
                                  0.000000   50.000000   clock source latency
     2    0.201680    0.842270    0.475492   50.475491 ^ clk_i (in)
                                                         clk_i (net)
                      0.842270    0.000000   50.475491 ^ delaybuf_0_clk_i/I (gf180mcu_fd_sc_mcu7t5v0__clkbuf_16)
     1    0.047291    0.132556    0.367862   50.843353 ^ delaybuf_0_clk_i/Z (gf180mcu_fd_sc_mcu7t5v0__clkbuf_16)
                                                         delaynet_0_clk_i (net)
                      0.132559    0.001176   50.844528 ^ delaybuf_1_clk_i/I (gf180mcu_fd_sc_mcu7t5v0__clkbuf_16)
     1    0.046244    0.111801    0.248320   51.092850 ^ delaybuf_1_clk_i/Z (gf180mcu_fd_sc_mcu7t5v0__clkbuf_16)
                                                         delaynet_1_clk_i (net)
                      0.111805    0.001158   51.094006 ^ delaybuf_2_clk_i/I (gf180mcu_fd_sc_mcu7t5v0__clkbuf_16)
     1    0.045861    0.111482    0.243887   51.337894 ^ delaybuf_2_clk_i/Z (gf180mcu_fd_sc_mcu7t5v0__clkbuf_16)
                                                         delaynet_2_clk_i (net)
                      0.111485    0.001151   51.339046 ^ clkbuf_regs_0_clk_i/I (gf180mcu_fd_sc_mcu7t5v0__clkbuf_16)
     1    0.023713    0.091835    0.228557   51.567600 ^ clkbuf_regs_0_clk_i/Z (gf180mcu_fd_sc_mcu7t5v0__clkbuf_16)
                                                         clk_i_regs (net)
                      0.091836    0.000778   51.568378 ^ clkbuf_0_clk_i_regs/I (gf180mcu_fd_sc_mcu7t5v0__clkbuf_16)
     8    0.238801    0.289090    0.359073   51.927452 ^ clkbuf_0_clk_i_regs/Z (gf180mcu_fd_sc_mcu7t5v0__clkbuf_16)
                                                         clknet_0_clk_i_regs (net)
                      0.289117    0.004203   51.931656 ^ clkbuf_3_5_0_clk_i_regs/I (gf180mcu_fd_sc_mcu7t5v0__clkbuf_8)
     4    0.129333    0.301606    0.404377   52.336033 ^ clkbuf_3_5_0_clk_i_regs/Z (gf180mcu_fd_sc_mcu7t5v0__clkbuf_8)
                                                         clknet_3_5_0_clk_i_regs (net)
                      0.301622    0.002554   52.338585 ^ clkbuf_5_23__f_clk_i_regs/I (gf180mcu_fd_sc_mcu7t5v0__clkbuf_16)
     5    0.073604    0.136859    0.303380   52.641968 ^ clkbuf_5_23__f_clk_i_regs/Z (gf180mcu_fd_sc_mcu7t5v0__clkbuf_16)
                                                         clknet_5_23__leaf_clk_i_regs (net)
                      0.136864    0.001428   52.643394 ^ clkbuf_leaf_119_clk_i_regs/I (gf180mcu_fd_sc_mcu7t5v0__clkbuf_8)
     8    0.042712    0.142956    0.267910   52.911304 ^ clkbuf_leaf_119_clk_i_regs/Z (gf180mcu_fd_sc_mcu7t5v0__clkbuf_8)
                                                         clknet_leaf_119_clk_i_regs (net)
                      0.142956    0.000774   52.912079 ^ _61687_/CLK (gf180mcu_fd_sc_mcu7t5v0__dffrnq_1)
                                 -0.250000   52.662079   clock uncertainty
                                  0.000000   52.662079   clock reconvergence pessimism
                                 -0.116803   52.545277   library recovery time
                                             52.545277   data required time
---------------------------------------------------------------------------------------------
                                             52.545277   data required time
                                            -23.167765   data arrival time
---------------------------------------------------------------------------------------------
                                             29.377512   slack (MET)


Startpoint: _61323_ (falling edge-triggered flip-flop clocked by clk_i)
Endpoint: spi_flash_sd_io[3] (output port clocked by clk_i)
Path Group: clk_i
Path Type: max

Fanout         Cap        Slew       Delay        Time   Description
---------------------------------------------------------------------------------------------
                                 25.000000   25.000000   clock clk_i (fall edge)
                                  0.000000   25.000000   clock source latency
     2    0.201680    0.503287    0.298995   25.298994 v clk_i (in)
                                                         clk_i (net)
                      0.503287    0.000000   25.298994 v delaybuf_0_clk_i/I (gf180mcu_fd_sc_mcu7t5v0__clkbuf_16)
     1    0.047291    0.119589    0.348010   25.647003 v delaybuf_0_clk_i/Z (gf180mcu_fd_sc_mcu7t5v0__clkbuf_16)
                                                         delaynet_0_clk_i (net)
                      0.119592    0.001176   25.648180 v delaybuf_1_clk_i/I (gf180mcu_fd_sc_mcu7t5v0__clkbuf_16)
     1    0.046244    0.109551    0.245482   25.893661 v delaybuf_1_clk_i/Z (gf180mcu_fd_sc_mcu7t5v0__clkbuf_16)
                                                         delaynet_1_clk_i (net)
                      0.109554    0.001158   25.894819 v delaybuf_2_clk_i/I (gf180mcu_fd_sc_mcu7t5v0__clkbuf_16)
     1    0.045861    0.109206    0.242421   26.137241 v delaybuf_2_clk_i/Z (gf180mcu_fd_sc_mcu7t5v0__clkbuf_16)
                                                         delaynet_2_clk_i (net)
                      0.109207    0.001151   26.138391 v clkbuf_regs_0_clk_i/I (gf180mcu_fd_sc_mcu7t5v0__clkbuf_16)
     1    0.023713    0.089340    0.225702   26.364094 v clkbuf_regs_0_clk_i/Z (gf180mcu_fd_sc_mcu7t5v0__clkbuf_16)
                                                         clk_i_regs (net)
                      0.089342    0.000778   26.364872 v clkbuf_0_clk_i_regs/I (gf180mcu_fd_sc_mcu7t5v0__clkbuf_16)
     8    0.238801    0.279779    0.364244   26.729116 v clkbuf_0_clk_i_regs/Z (gf180mcu_fd_sc_mcu7t5v0__clkbuf_16)
                                                         clknet_0_clk_i_regs (net)
                      0.279986    0.004212   26.733328 v clkbuf_3_0_0_clk_i_regs/I (gf180mcu_fd_sc_mcu7t5v0__clkbuf_8)
     4    0.124263    0.308281    0.436323   27.169651 v clkbuf_3_0_0_clk_i_regs/Z (gf180mcu_fd_sc_mcu7t5v0__clkbuf_8)
                                                         clknet_3_0_0_clk_i_regs (net)
                      0.308344    0.002471   27.172121 v clkbuf_5_2__f_clk_i_regs/I (gf180mcu_fd_sc_mcu7t5v0__clkbuf_16)
     5    0.081744    0.142188    0.324885   27.497005 v clkbuf_5_2__f_clk_i_regs/Z (gf180mcu_fd_sc_mcu7t5v0__clkbuf_16)
                                                         clknet_5_2__leaf_clk_i_regs (net)
                      0.142194    0.001565   27.498571 v clkbuf_leaf_10_clk_i_regs/I (gf180mcu_fd_sc_mcu7t5v0__clkbuf_8)
    10    0.045855    0.156627    0.289923   27.788494 v clkbuf_leaf_10_clk_i_regs/Z (gf180mcu_fd_sc_mcu7t5v0__clkbuf_8)
                                                         clknet_leaf_10_clk_i_regs (net)
                      0.156628    0.000831   27.789326 v _61323_/CLKN (gf180mcu_fd_sc_mcu7t5v0__dffnq_1)
     1    0.005181    0.155118    0.771923   28.561249 ^ _61323_/Q (gf180mcu_fd_sc_mcu7t5v0__dffnq_1)
                                                         i_core_v_mini_mcu.ao_peripheral_subsystem_i.spi_subsystem_i.obi_spimemio_i.spimemio_i.xfer_io3_90 (net)
                      0.155118    0.000158   28.561407 ^ _33459_/A2 (gf180mcu_fd_sc_mcu7t5v0__nor2_1)
     1    0.005862    0.318504    0.141169   28.702576 v _33459_/ZN (gf180mcu_fd_sc_mcu7t5v0__nor2_1)
                                                         _10488_ (net)
                      0.318504    0.000179   28.702755 v _33461_/A2 (gf180mcu_fd_sc_mcu7t5v0__oai21_1)
     1    0.012299    0.518713    0.373355   29.076109 ^ _33461_/ZN (gf180mcu_fd_sc_mcu7t5v0__oai21_1)
                                                         i_core_v_mini_mcu.ao_peripheral_subsystem_i.spi_subsystem_i.obi_spimemio_i.flash_io3_do_o (net)
                      0.518713    0.000362   29.076471 ^ gen_flash_sd[3].u_pad_drv/I (gf180mcu_fd_sc_mcu7t5v0__bufz_4)
     3    0.110965    0.491163    0.533021   29.609493 ^ gen_flash_sd[3].u_pad_drv/Z (gf180mcu_fd_sc_mcu7t5v0__bufz_4)
                                                         spi_flash_sd_io[3] (net)
                      0.491163    0.000000   29.609493 ^ spi_flash_sd_io[3] (inout)
                                             29.609493   data arrival time

                                 50.000000   50.000000   clock clk_i (rise edge)
                                  0.000000   50.000000   clock network delay (propagated)
                                 -0.250000   49.749996   clock uncertainty
                                  0.000000   49.749996   clock reconvergence pessimism
                                -10.000000   39.749996   output external delay
                                             39.749996   data required time
---------------------------------------------------------------------------------------------
                                             39.749996   data required time
                                            -29.609493   data arrival time
---------------------------------------------------------------------------------------------
                                             10.140504   slack (MET)




===========================================================================
report_checks --slack_max -0.01
============================================================================
======================= nom_tt_025C_5v00 Corner ===================================

No paths found.


===========================================================================
 report_check_types -max_slew -max_cap -max_fanout -violators
============================================================================
======================= nom_tt_025C_5v00 Corner ===================================

max fanout

Pin                                   Limit Fanout  Slack
---------------------------------------------------------
clkbuf_0_i_core_v_mini_mcu.cpu_subsystem_i.cpu_0_0.clk_i/Z     10     16     -6 (VIOLATED)
clkbuf_0_i_core_v_mini_mcu.cpu_subsystem_i.cpu_1_0.clk_i/Z     10     16     -6 (VIOLATED)
clkbuf_0_i_core_v_mini_mcu.memory_subsystem_i.clk_cg/Z     10     16     -6 (VIOLATED)
clkbuf_0_i_core_v_mini_mcu.peripheral_subsystem_i.clk_cg/Z     10     16     -6 (VIOLATED)



===========================================================================
report_parasitic_annotation -report_unannotated
============================================================================
Found 143 unannotated drivers.
 clkload0/Z
 clkload1/Z
 clkload10/ZN
 clkload100/ZN
 clkload101/ZN
 clkload102/Z
 clkload103/ZN
 clkload104/ZN
 clkload105/ZN
 clkload106/ZN
 clkload107/ZN
 clkload108/ZN
 clkload109/ZN
 clkload11/ZN
 clkload110/ZN
 clkload111/ZN
 clkload112/Z
 clkload113/ZN
 clkload114/ZN
 clkload115/ZN
 clkload116/ZN
 clkload117/ZN
 clkload118/Z
 clkload119/Z
 clkload12/ZN
 clkload120/ZN
 clkload121/Z
 clkload122/Z
 clkload123/Z
 clkload124/Z
 clkload125/ZN
 clkload126/Z
 clkload127/Z
 clkload128/ZN
 clkload129/Z
 clkload13/ZN
 clkload130/Z
 clkload131/ZN
 clkload132/Z
 clkload133/Z
 clkload134/ZN
 clkload135/ZN
 clkload136/Z
 clkload137/ZN
 clkload138/ZN
 clkload139/Z
 clkload14/ZN
 clkload140/Z
 clkload141/ZN
 clkload142/ZN
 clkload15/ZN
 clkload16/ZN
 clkload17/ZN
 clkload18/ZN
 clkload19/ZN
 clkload2/Z
 clkload20/ZN
 clkload21/ZN
 clkload22/ZN
 clkload23/Z
 clkload24/Z
 clkload25/Z
 clkload26/Z
 clkload27/Z
 clkload28/Z
 clkload29/Z
 clkload3/Z
 clkload30/Z
 clkload31/Z
 clkload32/Z
 clkload33/Z
 clkload34/Z
 clkload35/Z
 clkload36/Z
 clkload37/Z
 clkload38/ZN
 clkload39/ZN
 clkload4/Z
 clkload40/ZN
 clkload41/Z
 clkload42/ZN
 clkload43/ZN
 clkload44/ZN
 clkload45/ZN
 clkload46/ZN
 clkload47/Z
 clkload48/ZN
 clkload49/ZN
 clkload5/Z
 clkload50/ZN
 clkload51/Z
 clkload52/Z
 clkload53/Z
 clkload54/Z
 clkload55/ZN
 clkload56/ZN
 clkload57/ZN
 clkload58/ZN
 clkload59/ZN
 clkload6/Z
 clkload60/ZN
 clkload61/ZN
 clkload62/ZN
 clkload63/Z
 clkload64/ZN
 clkload65/ZN
 clkload66/ZN
 clkload67/ZN
 clkload68/ZN
 clkload69/ZN
 clkload7/ZN
 clkload70/ZN
 clkload71/ZN
 clkload72/ZN
 clkload73/ZN
 clkload74/ZN
 clkload75/ZN
 clkload76/ZN
 clkload77/ZN
 clkload78/ZN
 clkload79/ZN
 clkload8/ZN
 clkload80/ZN
 clkload81/ZN
 clkload82/ZN
 clkload83/ZN
 clkload84/ZN
 clkload85/ZN
 clkload86/ZN
 clkload87/ZN
 clkload88/ZN
 clkload89/ZN
 clkload9/ZN
 clkload90/ZN
 clkload91/Z
 clkload92/ZN
 clkload93/ZN
 clkload94/ZN
 clkload95/ZN
 clkload96/ZN
 clkload97/ZN
 clkload98/ZN
 clkload99/ZN
Found 19 partially unannotated drivers.
 spi_flash_sd_io[0]
 spi_flash_sd_io[1]
 spi_flash_sd_io[2]
 spi_flash_sd_io[3]
 gen_flash_sd\[0\].u_pad_drv/Z
 gen_flash_sd\[1\].u_pad_drv/Z
 gen_flash_sd\[2\].u_pad_drv/Z
 gen_flash_sd\[3\].u_pad_drv/Z
 output10/Z
 output11/Z
 output12/Z
 output13/Z
 output14/Z
 output15/Z
 output5/Z
 output6/Z
 output7/Z
 output8/Z
 output9/Z

===========================================================================
max slew violation count 0
Writing metric design__max_slew_violation__count__corner:nom_tt_025C_5v00: 0
max fanout violation count 4
Writing metric design__max_fanout_violation__count__corner:nom_tt_025C_5v00: 4
max cap violation count 0
Writing metric design__max_cap_violation__count__corner:nom_tt_025C_5v00: 0
============================================================================

===========================================================================
check_setup -verbose -unconstrained_endpoints -multiple_clock -no_clock -no_input_delay -loops -generated_clocks
===========================================================================
