Clock: clk_i
Sources: clk_i 
Generated: no
Virtual: yes
Propagated: no
Period: 50.000000

===========================================================================
report_clock_properties
============================================================================
Clock                   Period          Waveform
----------------------------------------------------
clk_i                50.000000    0.000000 25.000000

===========================================================================
report_clock_latency
============================================================================
Clock clk_i
rise -> rise
    min     max
0.000000 0.000000 source latency
2.489322         network latency _61514_/CLK
        2.970280 network latency _60682_/CLK
---------------
2.489322 2.970280 latency
        0.480958 skew

fall -> fall
    min     max
0.000000 0.000000 source latency
2.248717         network latency _61514_/CLK
        2.848877 network latency _61407_/CLK
---------------
2.248717 2.848877 latency
        0.600160 skew



===========================================================================
report_clock_min_period
============================================================================
clk_i period_min = 18.92 fmax = 52.85
