Net: _12489_
  Pin:   _35538_/I (gf180mcu_fd_sc_mcu7t5v0__buf_1)
    Layer: Via1
      Partial area ratio:    0.14
      Required ratio:   20.00 (Gate area) 
      Cumulative area ratio:    0.14
      Required ratio:    0.00 (Cumulative area) 

    Layer: Metal2
      Partial area ratio:    2.71
      Required ratio:    0.00 (Gate area) 
      Cumulative area ratio:    2.71
      Required ratio:    0.00 (Cumulative area) 
      Partial area ratio:   11.05
      Required ratio:  400.00 (Side area) 
      Cumulative area ratio:   11.05
      Required ratio:    0.00 (Cumulative side area) 

    Layer: Via2
      Partial area ratio:    0.27
      Required ratio:   20.00 (Gate area) 
      Cumulative area ratio:    0.41
      Required ratio:    0.00 (Cumulative area) 

    Layer: Metal3
      Partial area ratio:    1.90
      Required ratio:    0.00 (Gate area) 
      Cumulative area ratio:    4.61
      Required ratio:    0.00 (Cumulative area) 
      Partial area ratio:    7.59
      Required ratio:  400.00 (Side area) 
      Cumulative area ratio:   18.65
      Required ratio:    0.00 (Cumulative side area) 


  Pin:   _35589_/I (gf180mcu_fd_sc_mcu7t5v0__buf_1)
    Layer: Via1
      Partial area ratio:    0.14
      Required ratio:   20.00 (Gate area) 
      Cumulative area ratio:    0.14
      Required ratio:    0.00 (Cumulative area) 

    Layer: Metal2
      Partial area ratio:  106.08
      Required ratio:    0.00 (Gate area) 
      Cumulative area ratio:  106.08
      Required ratio:    0.00 (Cumulative area) 
      Partial area ratio:  409.78
      Required ratio:  400.00 (Side area) (VIOLATED)
      Cumulative area ratio:  409.78
      Required ratio:    0.00 (Cumulative side area) 

    Layer: Via2
      Partial area ratio:    0.41
      Required ratio:   20.00 (Gate area) 
      Cumulative area ratio:    0.54
      Required ratio:    0.00 (Cumulative area) 

    Layer: Metal3
      Partial area ratio:    1.90
      Required ratio:    0.00 (Gate area) 
      Cumulative area ratio:  107.98
      Required ratio:    0.00 (Cumulative area) 
      Partial area ratio:    7.59
      Required ratio:  400.00 (Side area) 
      Cumulative area ratio:  417.37
      Required ratio:    0.00 (Cumulative side area) 


  Pin:   _35635_/I (gf180mcu_fd_sc_mcu7t5v0__buf_1)
    Layer: Via1
      Partial area ratio:    0.14
      Required ratio:   20.00 (Gate area) 
      Cumulative area ratio:    0.14
      Required ratio:    0.00 (Cumulative area) 

    Layer: Metal2
      Partial area ratio:   44.66
      Required ratio:    0.00 (Gate area) 
      Cumulative area ratio:   44.66
      Required ratio:    0.00 (Cumulative area) 
      Partial area ratio:  172.88
      Required ratio:  400.00 (Side area) 
      Cumulative area ratio:  172.88
      Required ratio:    0.00 (Cumulative side area) 

    Layer: Via2
      Partial area ratio:    0.54
      Required ratio:   20.00 (Gate area) 
      Cumulative area ratio:    0.68
      Required ratio:    0.00 (Cumulative area) 

    Layer: Metal3
      Partial area ratio:    1.90
      Required ratio:    0.00 (Gate area) 
      Cumulative area ratio:   46.56
      Required ratio:    0.00 (Cumulative area) 
      Partial area ratio:    7.59
      Required ratio:  400.00 (Side area) 
      Cumulative area ratio:  180.48
      Required ratio:    0.00 (Cumulative side area) 


  Pin:   _35647_/I (gf180mcu_fd_sc_mcu7t5v0__buf_1)
    Layer: Via1
      Partial area ratio:    0.14
      Required ratio:   20.00 (Gate area) 
      Cumulative area ratio:    0.14
      Required ratio:    0.00 (Cumulative area) 

    Layer: Metal2
      Partial area ratio:    7.12
      Required ratio:    0.00 (Gate area) 
      Cumulative area ratio:    7.12
      Required ratio:    0.00 (Cumulative area) 
      Partial area ratio:   28.07
      Required ratio:  400.00 (Side area) 
      Cumulative area ratio:   28.07
      Required ratio:    0.00 (Cumulative side area) 

    Layer: Via2
      Partial area ratio:    0.27
      Required ratio:   20.00 (Gate area) 
      Cumulative area ratio:    0.41
      Required ratio:    0.00 (Cumulative area) 

    Layer: Metal3
      Partial area ratio:    1.90
      Required ratio:    0.00 (Gate area) 
      Cumulative area ratio:    9.02
      Required ratio:    0.00 (Cumulative area) 
      Partial area ratio:    7.59
      Required ratio:  400.00 (Side area) 
      Cumulative area ratio:   35.67
      Required ratio:    0.00 (Cumulative side area) 


  Pin:   _35653_/I (gf180mcu_fd_sc_mcu7t5v0__buf_1)
    Layer: Via1
      Partial area ratio:    0.14
      Required ratio:   20.00 (Gate area) 
      Cumulative area ratio:    0.14
      Required ratio:    0.00 (Cumulative area) 

    Layer: Metal2
      Partial area ratio:   45.26
      Required ratio:    0.00 (Gate area) 
      Cumulative area ratio:   45.26
      Required ratio:    0.00 (Cumulative area) 
      Partial area ratio:  175.19
      Required ratio:  400.00 (Side area) 
      Cumulative area ratio:  175.19
      Required ratio:    0.00 (Cumulative side area) 

    Layer: Via2
      Partial area ratio:    0.54
      Required ratio:   20.00 (Gate area) 
      Cumulative area ratio:    0.68
      Required ratio:    0.00 (Cumulative area) 

    Layer: Metal3
      Partial area ratio:    1.90
      Required ratio:    0.00 (Gate area) 
      Cumulative area ratio:   47.16
      Required ratio:    0.00 (Cumulative area) 
      Partial area ratio:    7.59
      Required ratio:  400.00 (Side area) 
      Cumulative area ratio:  182.78
      Required ratio:    0.00 (Cumulative side area) 


  Pin:   _35663_/I (gf180mcu_fd_sc_mcu7t5v0__buf_1)
    Layer: Via1
      Partial area ratio:    0.14
      Required ratio:   20.00 (Gate area) 
      Cumulative area ratio:    0.14
      Required ratio:    0.00 (Cumulative area) 

    Layer: Metal2
      Partial area ratio:    1.92
      Required ratio:    0.00 (Gate area) 
      Cumulative area ratio:    1.92
      Required ratio:    0.00 (Cumulative area) 
      Partial area ratio:    8.01
      Required ratio:  400.00 (Side area) 
      Cumulative area ratio:    8.01
      Required ratio:    0.00 (Cumulative side area) 

    Layer: Via2
      Partial area ratio:    0.27
      Required ratio:   20.00 (Gate area) 
      Cumulative area ratio:    0.41
      Required ratio:    0.00 (Cumulative area) 

    Layer: Metal3
      Partial area ratio:    1.90
      Required ratio:    0.00 (Gate area) 
      Cumulative area ratio:    3.82
      Required ratio:    0.00 (Cumulative area) 
      Partial area ratio:    7.59
      Required ratio:  400.00 (Side area) 
      Cumulative area ratio:   15.61
      Required ratio:    0.00 (Cumulative side area) 


  Pin:   _36124_/A1 (gf180mcu_fd_sc_mcu7t5v0__aoi22_1)
    Layer: Metal1
      Partial area ratio:    0.01
      Required ratio:    0.00 (Gate area) 
      Cumulative area ratio:    0.01
      Required ratio:    0.00 (Cumulative area) 
      Partial area ratio:    0.57
      Required ratio:  400.00 (Side area) 
      Cumulative area ratio:    0.57
      Required ratio:    0.00 (Cumulative side area) 

    Layer: Via1
      Partial area ratio:    0.06
      Required ratio:   20.00 (Gate area) 
      Cumulative area ratio:    0.06
      Required ratio:    0.00 (Cumulative area) 

    Layer: Metal2
      Partial area ratio:    1.11
      Required ratio:    0.00 (Gate area) 
      Cumulative area ratio:    1.13
      Required ratio:    0.00 (Cumulative area) 
      Partial area ratio:    4.56
      Required ratio:  400.00 (Side area) 
      Cumulative area ratio:    5.13
      Required ratio:    0.00 (Cumulative side area) 

    Layer: Via2
      Partial area ratio:    0.12
      Required ratio:   20.00 (Gate area) 
      Cumulative area ratio:    0.18
      Required ratio:    0.00 (Cumulative area) 

    Layer: Metal3
      Partial area ratio:    1.90
      Required ratio:    0.00 (Gate area) 
      Cumulative area ratio:    3.03
      Required ratio:    0.00 (Cumulative area) 
      Partial area ratio:    7.59
      Required ratio:  400.00 (Side area) 
      Cumulative area ratio:   12.73
      Required ratio:    0.00 (Cumulative side area) 


  Pin:   _36215_/B1 (gf180mcu_fd_sc_mcu7t5v0__aoi22_1)
    Layer: Metal1
      Partial area ratio:    0.01
      Required ratio:    0.00 (Gate area) 
      Cumulative area ratio:    0.01
      Required ratio:    0.00 (Cumulative area) 
      Partial area ratio:    0.57
      Required ratio:  400.00 (Side area) 
      Cumulative area ratio:    0.57
      Required ratio:    0.00 (Cumulative side area) 

    Layer: Via1
      Partial area ratio:    0.06
      Required ratio:   20.00 (Gate area) 
      Cumulative area ratio:    0.06
      Required ratio:    0.00 (Cumulative area) 

    Layer: Metal2
      Partial area ratio:    1.57
      Required ratio:    0.00 (Gate area) 
      Cumulative area ratio:    1.58
      Required ratio:    0.00 (Cumulative area) 
      Partial area ratio:    6.31
      Required ratio:  400.00 (Side area) 
      Cumulative area ratio:    6.88
      Required ratio:    0.00 (Cumulative side area) 

    Layer: Via2
      Partial area ratio:    0.12
      Required ratio:   20.00 (Gate area) 
      Cumulative area ratio:    0.18
      Required ratio:    0.00 (Cumulative area) 

    Layer: Metal3
      Partial area ratio:    1.90
      Required ratio:    0.00 (Gate area) 
      Cumulative area ratio:    3.48
      Required ratio:    0.00 (Cumulative area) 
      Partial area ratio:    7.59
      Required ratio:  400.00 (Side area) 
      Cumulative area ratio:   14.48
      Required ratio:    0.00 (Cumulative side area) 


  Pin:   _36304_/A1 (gf180mcu_fd_sc_mcu7t5v0__nand2_1)
    Layer: Metal1
      Partial area ratio:    0.00
      Required ratio:    0.00 (Gate area) 
      Cumulative area ratio:    0.00
      Required ratio:    0.00 (Cumulative area) 
      Partial area ratio:    0.55
      Required ratio:  400.00 (Side area) 
      Cumulative area ratio:    0.55
      Required ratio:    0.00 (Cumulative side area) 

    Layer: Via1
      Partial area ratio:    0.06
      Required ratio:   20.00 (Gate area) 
      Cumulative area ratio:    0.06
      Required ratio:    0.00 (Cumulative area) 

    Layer: Metal2
      Partial area ratio:    1.28
      Required ratio:    0.00 (Gate area) 
      Cumulative area ratio:    1.28
      Required ratio:    0.00 (Cumulative area) 
      Partial area ratio:    5.22
      Required ratio:  400.00 (Side area) 
      Cumulative area ratio:    5.76
      Required ratio:    0.00 (Cumulative side area) 

    Layer: Via2
      Partial area ratio:    0.13
      Required ratio:   20.00 (Gate area) 
      Cumulative area ratio:    0.19
      Required ratio:    0.00 (Cumulative area) 

    Layer: Metal3
      Partial area ratio:    1.90
      Required ratio:    0.00 (Gate area) 
      Cumulative area ratio:    3.18
      Required ratio:    0.00 (Cumulative area) 
      Partial area ratio:    7.59
      Required ratio:  400.00 (Side area) 
      Cumulative area ratio:   13.36
      Required ratio:    0.00 (Cumulative side area) 


  Pin:   _36445_/A1 (gf180mcu_fd_sc_mcu7t5v0__aoi22_1)
    Layer: Metal1
      Partial area ratio:    0.01
      Required ratio:    0.00 (Gate area) 
      Cumulative area ratio:    0.01
      Required ratio:    0.00 (Cumulative area) 
      Partial area ratio:    0.57
      Required ratio:  400.00 (Side area) 
      Cumulative area ratio:    0.57
      Required ratio:    0.00 (Cumulative side area) 

    Layer: Via1
      Partial area ratio:    0.06
      Required ratio:   20.00 (Gate area) 
      Cumulative area ratio:    0.06
      Required ratio:    0.00 (Cumulative area) 

    Layer: Metal2
      Partial area ratio:    1.42
      Required ratio:    0.00 (Gate area) 
      Cumulative area ratio:    1.44
      Required ratio:    0.00 (Cumulative area) 
      Partial area ratio:    5.76
      Required ratio:  400.00 (Side area) 
      Cumulative area ratio:    6.33
      Required ratio:    0.00 (Cumulative side area) 

    Layer: Via2
      Partial area ratio:    0.12
      Required ratio:   20.00 (Gate area) 
      Cumulative area ratio:    0.18
      Required ratio:    0.00 (Cumulative area) 

    Layer: Metal3
      Partial area ratio:    1.90
      Required ratio:    0.00 (Gate area) 
      Cumulative area ratio:    3.34
      Required ratio:    0.00 (Cumulative area) 
      Partial area ratio:    7.59
      Required ratio:  400.00 (Side area) 
      Cumulative area ratio:   13.93
      Required ratio:    0.00 (Cumulative side area) 



Net: net375
  Pin:   _39087_/I (gf180mcu_fd_sc_mcu7t5v0__buf_1)
    Layer: Via1
      Partial area ratio:    0.14
      Required ratio:   20.00 (Gate area) 
      Cumulative area ratio:    0.14
      Required ratio:    0.00 (Cumulative area) 

    Layer: Metal2
      Partial area ratio:  105.51
      Required ratio:    0.00 (Gate area) 
      Cumulative area ratio:  105.51
      Required ratio:    0.00 (Cumulative area) 
      Partial area ratio:  407.57
      Required ratio:  400.00 (Side area) (VIOLATED)
      Cumulative area ratio:  407.57
      Required ratio:    0.00 (Cumulative side area) 

    Layer: Via2
      Partial area ratio:    0.54
      Required ratio:   20.00 (Gate area) 
      Cumulative area ratio:    0.68
      Required ratio:    0.00 (Cumulative area) 

    Layer: Metal3
      Partial area ratio:    0.93
      Required ratio:    0.00 (Gate area) 
      Cumulative area ratio:  106.43
      Required ratio:    0.00 (Cumulative area) 
      Partial area ratio:    3.70
      Required ratio:  400.00 (Side area) 
      Cumulative area ratio:  411.27
      Required ratio:    0.00 (Cumulative side area) 


  Pin:   _39682_/I (gf180mcu_fd_sc_mcu7t5v0__buf_1)
    Layer: Via1
      Partial area ratio:    0.14
      Required ratio:   20.00 (Gate area) 
      Cumulative area ratio:    0.14
      Required ratio:    0.00 (Cumulative area) 

    Layer: Metal2
      Partial area ratio:    1.63
      Required ratio:    0.00 (Gate area) 
      Cumulative area ratio:    1.63
      Required ratio:    0.00 (Cumulative area) 
      Partial area ratio:    6.88
      Required ratio:  400.00 (Side area) 
      Cumulative area ratio:    6.88
      Required ratio:    0.00 (Cumulative side area) 

    Layer: Via2
      Partial area ratio:    0.27
      Required ratio:   20.00 (Gate area) 
      Cumulative area ratio:    0.41
      Required ratio:    0.00 (Cumulative area) 

    Layer: Metal3
      Partial area ratio:    0.93
      Required ratio:    0.00 (Gate area) 
      Cumulative area ratio:    2.55
      Required ratio:    0.00 (Cumulative area) 
      Partial area ratio:    3.70
      Required ratio:  400.00 (Side area) 
      Cumulative area ratio:   10.58
      Required ratio:    0.00 (Cumulative side area) 


  Pin:   _40274_/I (gf180mcu_fd_sc_mcu7t5v0__buf_1)
    Layer: Via1
      Partial area ratio:    0.14
      Required ratio:   20.00 (Gate area) 
      Cumulative area ratio:    0.14
      Required ratio:    0.00 (Cumulative area) 

    Layer: Metal2
      Partial area ratio:    2.89
      Required ratio:    0.00 (Gate area) 
      Cumulative area ratio:    2.89
      Required ratio:    0.00 (Cumulative area) 
      Partial area ratio:   11.74
      Required ratio:  400.00 (Side area) 
      Cumulative area ratio:   11.74
      Required ratio:    0.00 (Cumulative side area) 

    Layer: Via2
      Partial area ratio:    0.27
      Required ratio:   20.00 (Gate area) 
      Cumulative area ratio:    0.41
      Required ratio:    0.00 (Cumulative area) 

    Layer: Metal3
      Partial area ratio:    0.93
      Required ratio:    0.00 (Gate area) 
      Cumulative area ratio:    3.81
      Required ratio:    0.00 (Cumulative area) 
      Partial area ratio:    3.70
      Required ratio:  400.00 (Side area) 
      Cumulative area ratio:   15.44
      Required ratio:    0.00 (Cumulative side area) 


  Pin:   _40578_/A2 (gf180mcu_fd_sc_mcu7t5v0__nand2_1)
    Layer: Metal1
      Partial area ratio:    0.00
      Required ratio:    0.00 (Gate area) 
      Cumulative area ratio:    0.00
      Required ratio:    0.00 (Cumulative area) 
      Partial area ratio:    0.55
      Required ratio:  400.00 (Side area) 
      Cumulative area ratio:    0.55
      Required ratio:    0.00 (Cumulative side area) 

    Layer: Via1
      Partial area ratio:    0.06
      Required ratio:   20.00 (Gate area) 
      Cumulative area ratio:    0.06
      Required ratio:    0.00 (Cumulative area) 

    Layer: Metal2
      Partial area ratio:    0.95
      Required ratio:    0.00 (Gate area) 
      Cumulative area ratio:    0.96
      Required ratio:    0.00 (Cumulative area) 
      Partial area ratio:    3.82
      Required ratio:  400.00 (Side area) 
      Cumulative area ratio:    4.36
      Required ratio:    0.00 (Cumulative side area) 

    Layer: Via2
      Partial area ratio:    0.10
      Required ratio:   20.00 (Gate area) 
      Cumulative area ratio:    0.16
      Required ratio:    0.00 (Cumulative area) 

    Layer: Metal3
      Partial area ratio:    0.93
      Required ratio:    0.00 (Gate area) 
      Cumulative area ratio:    1.88
      Required ratio:    0.00 (Cumulative area) 
      Partial area ratio:    3.70
      Required ratio:  400.00 (Side area) 
      Cumulative area ratio:    8.06
      Required ratio:    0.00 (Cumulative side area) 


  Pin:   _40583_/A2 (gf180mcu_fd_sc_mcu7t5v0__nand2_1)
    Layer: Metal1
      Partial area ratio:    0.00
      Required ratio:    0.00 (Gate area) 
      Cumulative area ratio:    0.00
      Required ratio:    0.00 (Cumulative area) 
      Partial area ratio:    0.55
      Required ratio:  400.00 (Side area) 
      Cumulative area ratio:    0.55
      Required ratio:    0.00 (Cumulative side area) 

    Layer: Via1
      Partial area ratio:    0.06
      Required ratio:   20.00 (Gate area) 
      Cumulative area ratio:    0.06
      Required ratio:    0.00 (Cumulative area) 

    Layer: Metal2
      Partial area ratio:    0.95
      Required ratio:    0.00 (Gate area) 
      Cumulative area ratio:    0.96
      Required ratio:    0.00 (Cumulative area) 
      Partial area ratio:    3.82
      Required ratio:  400.00 (Side area) 
      Cumulative area ratio:    4.36
      Required ratio:    0.00 (Cumulative side area) 

    Layer: Via2
      Partial area ratio:    0.10
      Required ratio:   20.00 (Gate area) 
      Cumulative area ratio:    0.16
      Required ratio:    0.00 (Cumulative area) 

    Layer: Metal3
      Partial area ratio:    0.93
      Required ratio:    0.00 (Gate area) 
      Cumulative area ratio:    1.88
      Required ratio:    0.00 (Cumulative area) 
      Partial area ratio:    3.70
      Required ratio:  400.00 (Side area) 
      Cumulative area ratio:    8.06
      Required ratio:    0.00 (Cumulative side area) 



Net: net813
  Pin:   _33597_/I (gf180mcu_fd_sc_mcu7t5v0__buf_1)
    Layer: Via1
      Partial area ratio:    0.14
      Required ratio:   20.00 (Gate area) 
      Cumulative area ratio:    0.14
      Required ratio:    0.00 (Cumulative area) 

    Layer: Metal2
      Partial area ratio:    2.71
      Required ratio:    0.00 (Gate area) 
      Cumulative area ratio:    2.71
      Required ratio:    0.00 (Cumulative area) 
      Partial area ratio:   11.05
      Required ratio:  400.00 (Side area) 
      Cumulative area ratio:   11.05
      Required ratio:    0.00 (Cumulative side area) 

    Layer: Via2
      Partial area ratio:    0.27
      Required ratio:   20.00 (Gate area) 
      Cumulative area ratio:    0.41
      Required ratio:    0.00 (Cumulative area) 

    Layer: Metal3
      Partial area ratio:    0.43
      Required ratio:    0.00 (Gate area) 
      Cumulative area ratio:    3.14
      Required ratio:    0.00 (Cumulative area) 
      Partial area ratio:    2.86
      Required ratio:  400.00 (Side area) 
      Cumulative area ratio:   13.91
      Required ratio:    0.00 (Cumulative side area) 

    Layer: Via3
      Partial area ratio:    0.14
      Required ratio:   20.00 (Gate area) 
      Cumulative area ratio:    0.54
      Required ratio:    0.00 (Cumulative area) 

    Layer: Metal4
      Partial area ratio:    5.03
      Required ratio:    0.00 (Gate area) 
      Cumulative area ratio:    8.17
      Required ratio:    0.00 (Cumulative area) 
      Partial area ratio:   19.56
      Required ratio:  400.00 (Side area) 
      Cumulative area ratio:   33.48
      Required ratio:    0.00 (Cumulative side area) 

    Layer: Via4
      Partial area ratio:    0.04
      Required ratio:   20.00 (Gate area) 
      Cumulative area ratio:    0.58
      Required ratio:    0.00 (Cumulative area) 

    Layer: Metal5
      Partial area ratio:    1.55
      Required ratio:    0.00 (Gate area) 
      Cumulative area ratio:    9.72
      Required ratio:    0.00 (Cumulative area) 
      Partial area ratio:    8.47
      Required ratio:  400.00 (Side area) 
      Cumulative area ratio:   41.95
      Required ratio:    0.00 (Cumulative side area) 


  Pin:   _33626_/I (gf180mcu_fd_sc_mcu7t5v0__buf_1)
    Layer: Via1
      Partial area ratio:    0.14
      Required ratio:   20.00 (Gate area) 
      Cumulative area ratio:    0.14
      Required ratio:    0.00 (Cumulative area) 

    Layer: Metal2
      Partial area ratio:    3.34
      Required ratio:    0.00 (Gate area) 
      Cumulative area ratio:    3.34
      Required ratio:    0.00 (Cumulative area) 
      Partial area ratio:   13.48
      Required ratio:  400.00 (Side area) 
      Cumulative area ratio:   13.48
      Required ratio:    0.00 (Cumulative side area) 

    Layer: Via2
      Partial area ratio:    0.27
      Required ratio:   20.00 (Gate area) 
      Cumulative area ratio:    0.41
      Required ratio:    0.00 (Cumulative area) 

    Layer: Metal3
      Partial area ratio:    0.43
      Required ratio:    0.00 (Gate area) 
      Cumulative area ratio:    3.76
      Required ratio:    0.00 (Cumulative area) 
      Partial area ratio:    2.86
      Required ratio:  400.00 (Side area) 
      Cumulative area ratio:   16.34
      Required ratio:    0.00 (Cumulative side area) 

    Layer: Via3
      Partial area ratio:    0.14
      Required ratio:   20.00 (Gate area) 
      Cumulative area ratio:    0.54
      Required ratio:    0.00 (Cumulative area) 

    Layer: Metal4
      Partial area ratio:  137.10
      Required ratio:    0.00 (Gate area) 
      Cumulative area ratio:  140.86
      Required ratio:    0.00 (Cumulative area) 
      Partial area ratio:  529.41
      Required ratio:  400.00 (Side area) (VIOLATED)
      Cumulative area ratio:  545.75
      Required ratio:    0.00 (Cumulative side area) 

    Layer: Via4
      Partial area ratio:    0.14
      Required ratio:   20.00 (Gate area) 
      Cumulative area ratio:    0.68
      Required ratio:    0.00 (Cumulative area) 

    Layer: Metal5
      Partial area ratio:    1.55
      Required ratio:    0.00 (Gate area) 
      Cumulative area ratio:  142.41
      Required ratio:    0.00 (Cumulative area) 
      Partial area ratio:    8.47
      Required ratio:  400.00 (Side area) 
      Cumulative area ratio:  554.22
      Required ratio:    0.00 (Cumulative side area) 


  Pin:   _34321_/A2 (gf180mcu_fd_sc_mcu7t5v0__aoi22_1)
    Layer: Metal1
      Partial area ratio:    0.01
      Required ratio:    0.00 (Gate area) 
      Cumulative area ratio:    0.01
      Required ratio:    0.00 (Cumulative area) 
      Partial area ratio:    0.57
      Required ratio:  400.00 (Side area) 
      Cumulative area ratio:    0.57
      Required ratio:    0.00 (Cumulative side area) 

    Layer: Via1
      Partial area ratio:    0.06
      Required ratio:   20.00 (Gate area) 
      Cumulative area ratio:    0.06
      Required ratio:    0.00 (Cumulative area) 

    Layer: Metal2
      Partial area ratio:    2.29
      Required ratio:    0.00 (Gate area) 
      Cumulative area ratio:    2.31
      Required ratio:    0.00 (Cumulative area) 
      Partial area ratio:    9.12
      Required ratio:  400.00 (Side area) 
      Cumulative area ratio:    9.69
      Required ratio:    0.00 (Cumulative side area) 

    Layer: Via2
      Partial area ratio:    0.18
      Required ratio:   20.00 (Gate area) 
      Cumulative area ratio:    0.25
      Required ratio:    0.00 (Cumulative area) 

    Layer: Metal3
      Partial area ratio:    4.48
      Required ratio:    0.00 (Gate area) 
      Cumulative area ratio:    6.79
      Required ratio:    0.00 (Cumulative area) 
      Partial area ratio:   17.85
      Required ratio:  400.00 (Side area) 
      Cumulative area ratio:   27.54
      Required ratio:    0.00 (Cumulative side area) 

    Layer: Via3
      Partial area ratio:    0.04
      Required ratio:   20.00 (Gate area) 
      Cumulative area ratio:    0.29
      Required ratio:    0.00 (Cumulative area) 

    Layer: Metal4
      Partial area ratio:    5.03
      Required ratio:    0.00 (Gate area) 
      Cumulative area ratio:   11.82
      Required ratio:    0.00 (Cumulative area) 
      Partial area ratio:   19.56
      Required ratio:  400.00 (Side area) 
      Cumulative area ratio:   47.10
      Required ratio:    0.00 (Cumulative side area) 

    Layer: Via4
      Partial area ratio:    0.04
      Required ratio:   20.00 (Gate area) 
      Cumulative area ratio:    0.32
      Required ratio:    0.00 (Cumulative area) 

    Layer: Metal5
      Partial area ratio:    1.55
      Required ratio:    0.00 (Gate area) 
      Cumulative area ratio:   13.37
      Required ratio:    0.00 (Cumulative area) 
      Partial area ratio:    8.47
      Required ratio:  400.00 (Side area) 
      Cumulative area ratio:   55.57
      Required ratio:    0.00 (Cumulative side area) 


  Pin:   _34325_/A2 (gf180mcu_fd_sc_mcu7t5v0__aoi22_1)
    Layer: Metal1
      Partial area ratio:    0.01
      Required ratio:    0.00 (Gate area) 
      Cumulative area ratio:    0.01
      Required ratio:    0.00 (Cumulative area) 
      Partial area ratio:    0.57
      Required ratio:  400.00 (Side area) 
      Cumulative area ratio:    0.57
      Required ratio:    0.00 (Cumulative side area) 

    Layer: Via1
      Partial area ratio:    0.06
      Required ratio:   20.00 (Gate area) 
      Cumulative area ratio:    0.06
      Required ratio:    0.00 (Cumulative area) 

    Layer: Metal2
      Partial area ratio:    1.35
      Required ratio:    0.00 (Gate area) 
      Cumulative area ratio:    1.37
      Required ratio:    0.00 (Cumulative area) 
      Partial area ratio:    5.49
      Required ratio:  400.00 (Side area) 
      Cumulative area ratio:    6.06
      Required ratio:    0.00 (Cumulative side area) 

    Layer: Via2
      Partial area ratio:    0.12
      Required ratio:   20.00 (Gate area) 
      Cumulative area ratio:    0.18
      Required ratio:    0.00 (Cumulative area) 

    Layer: Metal3
      Partial area ratio:    0.19
      Required ratio:    0.00 (Gate area) 
      Cumulative area ratio:    1.56
      Required ratio:    0.00 (Cumulative area) 
      Partial area ratio:    1.30
      Required ratio:  400.00 (Side area) 
      Cumulative area ratio:    7.36
      Required ratio:    0.00 (Cumulative side area) 

    Layer: Via3
      Partial area ratio:    0.06
      Required ratio:   20.00 (Gate area) 
      Cumulative area ratio:    0.25
      Required ratio:    0.00 (Cumulative area) 

    Layer: Metal4
      Partial area ratio:    0.10
      Required ratio:    0.00 (Gate area) 
      Cumulative area ratio:    1.66
      Required ratio:    0.00 (Cumulative area) 
      Partial area ratio:    0.65
      Required ratio:  400.00 (Side area) 
      Cumulative area ratio:    8.01
      Required ratio:    0.00 (Cumulative side area) 

    Layer: Via4
      Partial area ratio:    0.06
      Required ratio:   20.00 (Gate area) 
      Cumulative area ratio:    0.31
      Required ratio:    0.00 (Cumulative area) 

    Layer: Metal5
      Partial area ratio:    1.55
      Required ratio:    0.00 (Gate area) 
      Cumulative area ratio:    3.21
      Required ratio:    0.00 (Cumulative area) 
      Partial area ratio:    8.47
      Required ratio:  400.00 (Side area) 
      Cumulative area ratio:   16.48
      Required ratio:    0.00 (Cumulative side area) 


  Pin:   _34610_/A2 (gf180mcu_fd_sc_mcu7t5v0__aoi22_1)
    Layer: Metal1
      Partial area ratio:    0.01
      Required ratio:    0.00 (Gate area) 
      Cumulative area ratio:    0.01
      Required ratio:    0.00 (Cumulative area) 
      Partial area ratio:    0.57
      Required ratio:  400.00 (Side area) 
      Cumulative area ratio:    0.57
      Required ratio:    0.00 (Cumulative side area) 

    Layer: Via1
      Partial area ratio:    0.06
      Required ratio:   20.00 (Gate area) 
      Cumulative area ratio:    0.06
      Required ratio:    0.00 (Cumulative area) 

    Layer: Metal2
      Partial area ratio:    1.56
      Required ratio:    0.00 (Gate area) 
      Cumulative area ratio:    1.58
      Required ratio:    0.00 (Cumulative area) 
      Partial area ratio:    6.16
      Required ratio:  400.00 (Side area) 
      Cumulative area ratio:    6.73
      Required ratio:    0.00 (Cumulative side area) 

    Layer: Via2
      Partial area ratio:    0.09
      Required ratio:   20.00 (Gate area) 
      Cumulative area ratio:    0.15
      Required ratio:    0.00 (Cumulative area) 

    Layer: Metal3
      Partial area ratio:    4.48
      Required ratio:    0.00 (Gate area) 
      Cumulative area ratio:    6.06
      Required ratio:    0.00 (Cumulative area) 
      Partial area ratio:   17.85
      Required ratio:  400.00 (Side area) 
      Cumulative area ratio:   24.58
      Required ratio:    0.00 (Cumulative side area) 

    Layer: Via3
      Partial area ratio:    0.04
      Required ratio:   20.00 (Gate area) 
      Cumulative area ratio:    0.20
      Required ratio:    0.00 (Cumulative area) 

    Layer: Metal4
      Partial area ratio:    5.03
      Required ratio:    0.00 (Gate area) 
      Cumulative area ratio:   11.09
      Required ratio:    0.00 (Cumulative area) 
      Partial area ratio:   19.56
      Required ratio:  400.00 (Side area) 
      Cumulative area ratio:   44.14
      Required ratio:    0.00 (Cumulative side area) 

    Layer: Via4
      Partial area ratio:    0.04
      Required ratio:   20.00 (Gate area) 
      Cumulative area ratio:    0.23
      Required ratio:    0.00 (Cumulative area) 

    Layer: Metal5
      Partial area ratio:    1.55
      Required ratio:    0.00 (Gate area) 
      Cumulative area ratio:   12.64
      Required ratio:    0.00 (Cumulative area) 
      Partial area ratio:    8.47
      Required ratio:  400.00 (Side area) 
      Cumulative area ratio:   52.61
      Required ratio:    0.00 (Cumulative side area) 


  Pin:   _34613_/A2 (gf180mcu_fd_sc_mcu7t5v0__aoi22_1)
    Layer: Metal1
      Partial area ratio:    0.01
      Required ratio:    0.00 (Gate area) 
      Cumulative area ratio:    0.01
      Required ratio:    0.00 (Cumulative area) 
      Partial area ratio:    0.57
      Required ratio:  400.00 (Side area) 
      Cumulative area ratio:    0.57
      Required ratio:    0.00 (Cumulative side area) 

    Layer: Via1
      Partial area ratio:    0.06
      Required ratio:   20.00 (Gate area) 
      Cumulative area ratio:    0.06
      Required ratio:    0.00 (Cumulative area) 

    Layer: Metal2
      Partial area ratio:    1.56
      Required ratio:    0.00 (Gate area) 
      Cumulative area ratio:    1.58
      Required ratio:    0.00 (Cumulative area) 
      Partial area ratio:    6.16
      Required ratio:  400.00 (Side area) 
      Cumulative area ratio:    6.73
      Required ratio:    0.00 (Cumulative side area) 

    Layer: Via2
      Partial area ratio:    0.09
      Required ratio:   20.00 (Gate area) 
      Cumulative area ratio:    0.15
      Required ratio:    0.00 (Cumulative area) 

    Layer: Metal3
      Partial area ratio:    4.48
      Required ratio:    0.00 (Gate area) 
      Cumulative area ratio:    6.06
      Required ratio:    0.00 (Cumulative area) 
      Partial area ratio:   17.85
      Required ratio:  400.00 (Side area) 
      Cumulative area ratio:   24.58
      Required ratio:    0.00 (Cumulative side area) 

    Layer: Via3
      Partial area ratio:    0.04
      Required ratio:   20.00 (Gate area) 
      Cumulative area ratio:    0.20
      Required ratio:    0.00 (Cumulative area) 

    Layer: Metal4
      Partial area ratio:    5.03
      Required ratio:    0.00 (Gate area) 
      Cumulative area ratio:   11.09
      Required ratio:    0.00 (Cumulative area) 
      Partial area ratio:   19.56
      Required ratio:  400.00 (Side area) 
      Cumulative area ratio:   44.14
      Required ratio:    0.00 (Cumulative side area) 

    Layer: Via4
      Partial area ratio:    0.04
      Required ratio:   20.00 (Gate area) 
      Cumulative area ratio:    0.23
      Required ratio:    0.00 (Cumulative area) 

    Layer: Metal5
      Partial area ratio:    1.55
      Required ratio:    0.00 (Gate area) 
      Cumulative area ratio:   12.64
      Required ratio:    0.00 (Cumulative area) 
      Partial area ratio:    8.47
      Required ratio:  400.00 (Side area) 
      Cumulative area ratio:   52.61
      Required ratio:    0.00 (Cumulative side area) 



Net: net1108
  Pin:   fanout1080/I (gf180mcu_fd_sc_mcu7t5v0__dlyb_1)
    Layer: Via1
      Partial area ratio:    0.17
      Required ratio:   20.00 (Gate area) 
      Cumulative area ratio:    0.17
      Required ratio:    0.00 (Cumulative area) 

    Layer: Metal2
      Partial area ratio:    2.05
      Required ratio:    0.00 (Gate area) 
      Cumulative area ratio:    2.05
      Required ratio:    0.00 (Cumulative area) 
      Partial area ratio:    8.68
      Required ratio:  400.00 (Side area) 
      Cumulative area ratio:    8.68
      Required ratio:    0.00 (Cumulative side area) 

    Layer: Via2
      Partial area ratio:    0.34
      Required ratio:   20.00 (Gate area) 
      Cumulative area ratio:    0.51
      Required ratio:    0.00 (Cumulative area) 

    Layer: Metal3
      Partial area ratio:    0.47
      Required ratio:    0.00 (Gate area) 
      Cumulative area ratio:    2.52
      Required ratio:    0.00 (Cumulative area) 
      Partial area ratio:    1.87
      Required ratio:  400.00 (Side area) 
      Cumulative area ratio:   10.55
      Required ratio:    0.00 (Cumulative side area) 

    Layer: Via3
      Partial area ratio:    0.09
      Required ratio:    0.00 (Gate area) 
      Cumulative area ratio:    0.60
      Required ratio:    0.00 (Cumulative area) 

    Layer: Metal4
      Partial area ratio:    0.00
      Required ratio:    0.00 (Gate area) 
      Cumulative area ratio:    2.53
      Required ratio:    0.00 (Cumulative area) 
      Partial area ratio:    0.02
      Required ratio:  400.00 (Side area) 
      Cumulative area ratio:   10.57
      Required ratio:    0.00 (Cumulative side area) 

    Layer: Via4
      Partial area ratio:    0.09
      Required ratio:    0.00 (Gate area) 
      Cumulative area ratio:    0.68
      Required ratio:    0.00 (Cumulative area) 

    Layer: Metal5
      Partial area ratio:    3.63
      Required ratio:    0.00 (Gate area) 
      Cumulative area ratio:    6.16
      Required ratio:    0.00 (Cumulative area) 
      Partial area ratio:   19.68
      Required ratio:  400.00 (Side area) 
      Cumulative area ratio:   30.25
      Required ratio:    0.00 (Cumulative side area) 


  Pin:   fanout1101/I (gf180mcu_fd_sc_mcu7t5v0__dlyb_1)
    Layer: Via1
      Partial area ratio:    0.17
      Required ratio:   20.00 (Gate area) 
      Cumulative area ratio:    0.17
      Required ratio:    0.00 (Cumulative area) 

    Layer: Metal2
      Partial area ratio:    4.43
      Required ratio:    0.00 (Gate area) 
      Cumulative area ratio:    4.43
      Required ratio:    0.00 (Cumulative area) 
      Partial area ratio:   17.84
      Required ratio:  400.00 (Side area) 
      Cumulative area ratio:   17.84
      Required ratio:    0.00 (Cumulative side area) 

    Layer: Via2
      Partial area ratio:    0.34
      Required ratio:   20.00 (Gate area) 
      Cumulative area ratio:    0.51
      Required ratio:    0.00 (Cumulative area) 

    Layer: Metal3
      Partial area ratio:    0.54
      Required ratio:    0.00 (Gate area) 
      Cumulative area ratio:    4.97
      Required ratio:    0.00 (Cumulative area) 
      Partial area ratio:    3.60
      Required ratio:  400.00 (Side area) 
      Cumulative area ratio:   21.44
      Required ratio:    0.00 (Cumulative side area) 

    Layer: Via3
      Partial area ratio:    0.17
      Required ratio:   20.00 (Gate area) 
      Cumulative area ratio:    0.68
      Required ratio:    0.00 (Cumulative area) 

    Layer: Metal4
      Partial area ratio:    0.27
      Required ratio:    0.00 (Gate area) 
      Cumulative area ratio:    5.23
      Required ratio:    0.00 (Cumulative area) 
      Partial area ratio:    1.80
      Required ratio:  400.00 (Side area) 
      Cumulative area ratio:   23.24
      Required ratio:    0.00 (Cumulative side area) 

    Layer: Via4
      Partial area ratio:    0.17
      Required ratio:   20.00 (Gate area) 
      Cumulative area ratio:    0.85
      Required ratio:    0.00 (Cumulative area) 

    Layer: Metal5
      Partial area ratio:    3.63
      Required ratio:    0.00 (Gate area) 
      Cumulative area ratio:    8.87
      Required ratio:    0.00 (Cumulative area) 
      Partial area ratio:   19.68
      Required ratio:  400.00 (Side area) 
      Cumulative area ratio:   42.93
      Required ratio:    0.00 (Cumulative side area) 


  Pin:   fanout1105/I (gf180mcu_fd_sc_mcu7t5v0__dlyb_1)
    Layer: Via1
      Partial area ratio:    0.17
      Required ratio:   20.00 (Gate area) 
      Cumulative area ratio:    0.17
      Required ratio:    0.00 (Cumulative area) 

    Layer: Metal2
      Partial area ratio:  193.44
      Required ratio:    0.00 (Gate area) 
      Cumulative area ratio:  193.44
      Required ratio:    0.00 (Cumulative area) 
      Partial area ratio:  746.90
      Required ratio:  400.00 (Side area) (VIOLATED)
      Cumulative area ratio:  746.90
      Required ratio:    0.00 (Cumulative side area) 

    Layer: Via2
      Partial area ratio:    0.68
      Required ratio:   20.00 (Gate area) 
      Cumulative area ratio:    0.85
      Required ratio:    0.00 (Cumulative area) 

    Layer: Metal3
      Partial area ratio:    0.47
      Required ratio:    0.00 (Gate area) 
      Cumulative area ratio:  193.91
      Required ratio:    0.00 (Cumulative area) 
      Partial area ratio:    1.87
      Required ratio:  400.00 (Side area) 
      Cumulative area ratio:  748.77
      Required ratio:    0.00 (Cumulative side area) 

    Layer: Via3
      Partial area ratio:    0.09
      Required ratio:    0.00 (Gate area) 
      Cumulative area ratio:    0.94
      Required ratio:    0.00 (Cumulative area) 

    Layer: Metal4
      Partial area ratio:    0.00
      Required ratio:    0.00 (Gate area) 
      Cumulative area ratio:  193.92
      Required ratio:    0.00 (Cumulative area) 
      Partial area ratio:    0.02
      Required ratio:  400.00 (Side area) 
      Cumulative area ratio:  748.79
      Required ratio:    0.00 (Cumulative side area) 

    Layer: Via4
      Partial area ratio:    0.09
      Required ratio:    0.00 (Gate area) 
      Cumulative area ratio:    1.02
      Required ratio:    0.00 (Cumulative area) 

    Layer: Metal5
      Partial area ratio:    3.63
      Required ratio:    0.00 (Gate area) 
      Cumulative area ratio:  197.55
      Required ratio:    0.00 (Cumulative area) 
      Partial area ratio:   19.68
      Required ratio:  400.00 (Side area) 
      Cumulative area ratio:  768.47
      Required ratio:    0.00 (Cumulative side area) 



Net: net1202
  Pin:   fanout1148/I (gf180mcu_fd_sc_mcu7t5v0__dlyb_1)
    Layer: Via1
      Partial area ratio:    0.17
      Required ratio:   20.00 (Gate area) 
      Cumulative area ratio:    0.17
      Required ratio:    0.00 (Cumulative area) 

    Layer: Metal2
      Partial area ratio:  145.53
      Required ratio:    0.00 (Gate area) 
      Cumulative area ratio:  145.53
      Required ratio:    0.00 (Cumulative area) 
      Partial area ratio:  562.08
      Required ratio:  400.00 (Side area) (VIOLATED)
      Cumulative area ratio:  562.08
      Required ratio:    0.00 (Cumulative side area) 

    Layer: Via2
      Partial area ratio:    0.34
      Required ratio:   20.00 (Gate area) 
      Cumulative area ratio:    0.51
      Required ratio:    0.00 (Cumulative area) 

    Layer: Metal3
      Partial area ratio:    3.67
      Required ratio:    0.00 (Gate area) 
      Cumulative area ratio:  149.19
      Required ratio:    0.00 (Cumulative area) 
      Partial area ratio:   14.34
      Required ratio:  400.00 (Side area) 
      Cumulative area ratio:  576.42
      Required ratio:    0.00 (Cumulative side area) 

    Layer: Via3
      Partial area ratio:    0.04
      Required ratio:    0.00 (Gate area) 
      Cumulative area ratio:    0.55
      Required ratio:    0.00 (Cumulative area) 

    Layer: Metal4
      Partial area ratio:    2.24
      Required ratio:    0.00 (Gate area) 
      Cumulative area ratio:  151.43
      Required ratio:    0.00 (Cumulative area) 
      Partial area ratio:    8.64
      Required ratio:  400.00 (Side area) 
      Cumulative area ratio:  585.07
      Required ratio:    0.00 (Cumulative side area) 


  Pin:   fanout1170/I (gf180mcu_fd_sc_mcu7t5v0__dlyb_1)
    Layer: Via1
      Partial area ratio:    0.17
      Required ratio:   20.00 (Gate area) 
      Cumulative area ratio:    0.17
      Required ratio:    0.00 (Cumulative area) 

    Layer: Metal2
      Partial area ratio:   29.57
      Required ratio:    0.00 (Gate area) 
      Cumulative area ratio:   29.57
      Required ratio:    0.00 (Cumulative area) 
      Partial area ratio:  114.46
      Required ratio:  400.00 (Side area) 
      Cumulative area ratio:  114.46
      Required ratio:    0.00 (Cumulative side area) 

    Layer: Via2
      Partial area ratio:    0.26
      Required ratio:   20.00 (Gate area) 
      Cumulative area ratio:    0.43
      Required ratio:    0.00 (Cumulative area) 

    Layer: Metal3
      Partial area ratio:    0.40
      Required ratio:    0.00 (Gate area) 
      Cumulative area ratio:   29.98
      Required ratio:    0.00 (Cumulative area) 
      Partial area ratio:    2.70
      Required ratio:  400.00 (Side area) 
      Cumulative area ratio:  117.16
      Required ratio:    0.00 (Cumulative side area) 

    Layer: Via3
      Partial area ratio:    0.09
      Required ratio:   20.00 (Gate area) 
      Cumulative area ratio:    0.51
      Required ratio:    0.00 (Cumulative area) 

    Layer: Metal4
      Partial area ratio:    2.24
      Required ratio:    0.00 (Gate area) 
      Cumulative area ratio:   32.21
      Required ratio:    0.00 (Cumulative area) 
      Partial area ratio:    8.64
      Required ratio:  400.00 (Side area) 
      Cumulative area ratio:  125.80
      Required ratio:    0.00 (Cumulative side area) 


  Pin:   fanout1182/I (gf180mcu_fd_sc_mcu7t5v0__dlyb_1)
    Layer: Via1
      Partial area ratio:    0.17
      Required ratio:   20.00 (Gate area) 
      Cumulative area ratio:    0.17
      Required ratio:    0.00 (Cumulative area) 

    Layer: Metal2
      Partial area ratio:   18.50
      Required ratio:    0.00 (Gate area) 
      Cumulative area ratio:   18.50
      Required ratio:    0.00 (Cumulative area) 
      Partial area ratio:   72.10
      Required ratio:  400.00 (Side area) 
      Cumulative area ratio:   72.10
      Required ratio:    0.00 (Cumulative side area) 

    Layer: Via2
      Partial area ratio:    0.51
      Required ratio:   20.00 (Gate area) 
      Cumulative area ratio:    0.68
      Required ratio:    0.00 (Cumulative area) 

    Layer: Metal3
      Partial area ratio:    3.67
      Required ratio:    0.00 (Gate area) 
      Cumulative area ratio:   22.16
      Required ratio:    0.00 (Cumulative area) 
      Partial area ratio:   14.34
      Required ratio:  400.00 (Side area) 
      Cumulative area ratio:   86.44
      Required ratio:    0.00 (Cumulative side area) 

    Layer: Via3
      Partial area ratio:    0.04
      Required ratio:    0.00 (Gate area) 
      Cumulative area ratio:    0.73
      Required ratio:    0.00 (Cumulative area) 

    Layer: Metal4
      Partial area ratio:    2.24
      Required ratio:    0.00 (Gate area) 
      Cumulative area ratio:   24.40
      Required ratio:    0.00 (Cumulative area) 
      Partial area ratio:    8.64
      Required ratio:  400.00 (Side area) 
      Cumulative area ratio:   95.08
      Required ratio:    0.00 (Cumulative side area) 


  Pin:   fanout1191/I (gf180mcu_fd_sc_mcu7t5v0__dlyb_1)
    Layer: Via1
      Partial area ratio:    0.17
      Required ratio:   20.00 (Gate area) 
      Cumulative area ratio:    0.17
      Required ratio:    0.00 (Cumulative area) 

    Layer: Metal2
      Partial area ratio:   29.57
      Required ratio:    0.00 (Gate area) 
      Cumulative area ratio:   29.57
      Required ratio:    0.00 (Cumulative area) 
      Partial area ratio:  114.46
      Required ratio:  400.00 (Side area) 
      Cumulative area ratio:  114.46
      Required ratio:    0.00 (Cumulative side area) 

    Layer: Via2
      Partial area ratio:    0.26
      Required ratio:   20.00 (Gate area) 
      Cumulative area ratio:    0.43
      Required ratio:    0.00 (Cumulative area) 

    Layer: Metal3
      Partial area ratio:    0.40
      Required ratio:    0.00 (Gate area) 
      Cumulative area ratio:   29.98
      Required ratio:    0.00 (Cumulative area) 
      Partial area ratio:    2.70
      Required ratio:  400.00 (Side area) 
      Cumulative area ratio:  117.16
      Required ratio:    0.00 (Cumulative side area) 

    Layer: Via3
      Partial area ratio:    0.09
      Required ratio:   20.00 (Gate area) 
      Cumulative area ratio:    0.51
      Required ratio:    0.00 (Cumulative area) 

    Layer: Metal4
      Partial area ratio:    2.24
      Required ratio:    0.00 (Gate area) 
      Cumulative area ratio:   32.21
      Required ratio:    0.00 (Cumulative area) 
      Partial area ratio:    8.64
      Required ratio:  400.00 (Side area) 
      Cumulative area ratio:  125.80
      Required ratio:    0.00 (Cumulative side area) 


  Pin:   fanout1198/I (gf180mcu_fd_sc_mcu7t5v0__dlyb_1)
    Layer: Via1
      Partial area ratio:    0.17
      Required ratio:   20.00 (Gate area) 
      Cumulative area ratio:    0.17
      Required ratio:    0.00 (Cumulative area) 

    Layer: Metal2
      Partial area ratio:   17.31
      Required ratio:    0.00 (Gate area) 
      Cumulative area ratio:   17.31
      Required ratio:    0.00 (Cumulative area) 
      Partial area ratio:   67.52
      Required ratio:  400.00 (Side area) 
      Cumulative area ratio:   67.52
      Required ratio:    0.00 (Cumulative side area) 

    Layer: Via2
      Partial area ratio:    0.51
      Required ratio:   20.00 (Gate area) 
      Cumulative area ratio:    0.68
      Required ratio:    0.00 (Cumulative area) 

    Layer: Metal3
      Partial area ratio:    3.67
      Required ratio:    0.00 (Gate area) 
      Cumulative area ratio:   20.97
      Required ratio:    0.00 (Cumulative area) 
      Partial area ratio:   14.34
      Required ratio:  400.00 (Side area) 
      Cumulative area ratio:   81.86
      Required ratio:    0.00 (Cumulative side area) 

    Layer: Via3
      Partial area ratio:    0.04
      Required ratio:    0.00 (Gate area) 
      Cumulative area ratio:    0.73
      Required ratio:    0.00 (Cumulative area) 

    Layer: Metal4
      Partial area ratio:    2.24
      Required ratio:    0.00 (Gate area) 
      Cumulative area ratio:   23.21
      Required ratio:    0.00 (Cumulative area) 
      Partial area ratio:    8.64
      Required ratio:  400.00 (Side area) 
      Cumulative area ratio:   90.50
      Required ratio:    0.00 (Cumulative side area) 


  Pin:   fanout1201/I (gf180mcu_fd_sc_mcu7t5v0__dlyb_1)
    Layer: Via1
      Partial area ratio:    0.17
      Required ratio:   20.00 (Gate area) 
      Cumulative area ratio:    0.17
      Required ratio:    0.00 (Cumulative area) 

    Layer: Metal2
      Partial area ratio:    0.52
      Required ratio:    0.00 (Gate area) 
      Cumulative area ratio:    0.52
      Required ratio:    0.00 (Cumulative area) 
      Partial area ratio:    2.03
      Required ratio:  400.00 (Side area) 
      Cumulative area ratio:    2.03
      Required ratio:    0.00 (Cumulative side area) 

    Layer: Via2
      Partial area ratio:    1.02
      Required ratio:    0.00 (Gate area) 
      Cumulative area ratio:    1.19
      Required ratio:    0.00 (Cumulative area) 

    Layer: Metal3
      Partial area ratio:    3.67
      Required ratio:    0.00 (Gate area) 
      Cumulative area ratio:    4.19
      Required ratio:    0.00 (Cumulative area) 
      Partial area ratio:   14.34
      Required ratio:  400.00 (Side area) 
      Cumulative area ratio:   16.37
      Required ratio:    0.00 (Cumulative side area) 

    Layer: Via3
      Partial area ratio:    0.04
      Required ratio:    0.00 (Gate area) 
      Cumulative area ratio:    1.24
      Required ratio:    0.00 (Cumulative area) 

    Layer: Metal4
      Partial area ratio:    2.24
      Required ratio:    0.00 (Gate area) 
      Cumulative area ratio:    6.42
      Required ratio:    0.00 (Cumulative area) 
      Partial area ratio:    8.64
      Required ratio:  400.00 (Side area) 
      Cumulative area ratio:   25.01
      Required ratio:    0.00 (Cumulative side area) 



[INFO ANT-0002] Found 5 net violations.
[INFO ANT-0001] Found 5 pin violations.
