Clock: clk_i
Sources: clk_i 
Generated: no
Virtual: yes
Propagated: no
Period: 50.000000

===========================================================================
report_clock_properties
============================================================================
Clock                   Period          Waveform
----------------------------------------------------
clk_i                50.000000    0.000000 25.000000

===========================================================================
report_clock_latency
============================================================================
Clock clk_i
rise -> rise
    min     max
0.000000 0.000000 source latency
1.621434         network latency _61788_/CLK
        1.924716 network latency _61386_/CLK
---------------
1.621434 1.924716 latency
        0.303283 skew

fall -> fall
    min     max
0.000000 0.000000 source latency
1.486377         network latency _61788_/CLK
        1.799348 network latency _61991_/CLK
---------------
1.486377 1.799348 latency
        0.312971 skew



===========================================================================
report_clock_min_period
============================================================================
clk_i period_min = 13.46 fmax = 74.28
