Clock: clk_i
Sources: clk_i 
Generated: no
Virtual: yes
Propagated: no
Period: 50.000000

===========================================================================
report_clock_properties
============================================================================
Clock                   Period          Waveform
----------------------------------------------------
clk_i                50.000000    0.000000 25.000000

===========================================================================
report_clock_latency
============================================================================
Clock clk_i
rise -> rise
    min     max
0.000000 0.000000 source latency
4.513386         network latency _58505_/CLK
        5.736519 network latency _56927_/CLK
---------------
4.513386 5.736519 latency
        1.223133 skew

fall -> fall
    min     max
0.000000 0.000000 source latency
4.081382         network latency _58505_/CLK
        5.466930 network latency _56927_/CLK
---------------
4.081382 5.466930 latency
        1.385548 skew



===========================================================================
report_clock_min_period
============================================================================
clk_i period_min = 37.80 fmax = 26.45
