Clock: clk_i
Sources: clk_i 
Generated: no
Virtual: yes
Propagated: no
Period: 100.000000

===========================================================================
report_clock_properties
============================================================================
Clock                   Period          Waveform
----------------------------------------------------
clk_i               100.000000    0.000000 50.000000

===========================================================================
report_clock_latency
============================================================================
Clock clk_i
rise -> rise
    min     max
0.000000 0.000000 source latency
2.802055         network latency _61480_/CLK
        3.150699 network latency _61199_/CLK
---------------
2.802055 3.150699 latency
        0.348644 skew

fall -> fall
    min     max
0.000000 0.000000 source latency
2.519443         network latency _61480_/CLK
        2.957737 network latency _60426_/CLK
---------------
2.519443 2.957737 latency
        0.438295 skew



===========================================================================
report_clock_min_period
============================================================================
clk_i period_min = 19.24 fmax = 51.97
