
===========================================================================
 report_power
============================================================================
======================= nom_tt_025C_5v00 Corner ===================================

Group                    Internal    Switching      Leakage        Total
                            Power        Power        Power        Power (Watts)
------------------------------------------------------------------------
Sequential           2.964642e-02 1.083791e-06 2.280869e-06 2.964978e-02  50.8%
Combinational        6.833857e-05 1.731279e-04 3.499179e-06 2.449657e-04   0.4%
Clock                1.569557e-02 1.275845e-02 7.538292e-07 2.845477e-02  48.8%
Macro                0.000000e+00 0.000000e+00 0.000000e+00 0.000000e+00   0.0%
Pad                  0.000000e+00 0.000000e+00 0.000000e+00 0.000000e+00   0.0%
------------------------------------------------------------------------
Total                4.541036e-02 1.293266e-02 6.533876e-06 5.834955e-02 100.0%
                            77.8%        22.2%         0.0%
Writing metric power__internal__total: 0.045410361140966415
Writing metric power__switching__total: 0.01293265912681818
Writing metric power__leakage__total: 6.533876330649946e-6
Writing metric power__total: 0.05834955349564552

