Clock: clk_i
Sources: clk_i 
Generated: no
Virtual: no
Propagated: no
Period: 50.000000

===========================================================================
report_clock_properties
============================================================================
Clock                   Period          Waveform
----------------------------------------------------
clk_i                50.000000    0.000000 25.000000

===========================================================================
report_clock_latency
============================================================================
Clock clk_i
rise -> rise
    min     max
0.000000 0.000000 source latency
19.482782         network latency _56385_/CLK
        93.041176 network latency _56668_/CLK
---------------
19.482782 93.041176 latency
        73.558395 skew

fall -> fall
    min     max
0.000000 0.000000 source latency
12.103595         network latency _56385_/CLK
        71.744308 network latency _56668_/CLK
---------------
12.103595 71.744308 latency
        59.640713 skew



===========================================================================
report_clock_min_period
============================================================================
clk_i period_min = 83.72 fmax = 11.95
