197. Printing statistics.

=== mosaic_block_a ===

        +----------Local Count, excluding submodules.
        |        +-Local Area, excluding submodules.
        |        | 
    33848        - wires
    33857        - wire bits
     5705        - public wires
     5714        - public wire bits
       11        - ports
       20        - port bits
    33852 8.55E+05 cells
      144  2528.87   gf180mcu_fd_sc_mcu7t5v0__and2_1
        5   98.784   gf180mcu_fd_sc_mcu7t5v0__and2_2
        4  149.274   gf180mcu_fd_sc_mcu7t5v0__and2_4
       43  943.936   gf180mcu_fd_sc_mcu7t5v0__and3_1
        1   43.904   gf180mcu_fd_sc_mcu7t5v0__and3_4
       46 1.11E+03   gf180mcu_fd_sc_mcu7t5v0__and4_1
        1   28.538   gf180mcu_fd_sc_mcu7t5v0__and4_2
       86 1.89E+03   gf180mcu_fd_sc_mcu7t5v0__aoi211_1
       10  373.184   gf180mcu_fd_sc_mcu7t5v0__aoi211_2
        1   79.027   gf180mcu_fd_sc_mcu7t5v0__aoi211_4
      433  7.6E+03   gf180mcu_fd_sc_mcu7t5v0__aoi21_1
       75  2140.32   gf180mcu_fd_sc_mcu7t5v0__aoi21_2
       16  842.957   gf180mcu_fd_sc_mcu7t5v0__aoi21_4
      208 5.02E+03   gf180mcu_fd_sc_mcu7t5v0__aoi221_1
        3  151.469   gf180mcu_fd_sc_mcu7t5v0__aoi221_2
      911  1.8E+04   gf180mcu_fd_sc_mcu7t5v0__aoi22_1
        7  245.862   gf180mcu_fd_sc_mcu7t5v0__aoi22_2
     1297 1.71E+04   gf180mcu_fd_sc_mcu7t5v0__buf_1
        1   83.418   gf180mcu_fd_sc_mcu7t5v0__buf_12
      314 5.51E+03   gf180mcu_fd_sc_mcu7t5v0__buf_2
       42  921.984   gf180mcu_fd_sc_mcu7t5v0__buf_3
      101  3.1E+03   gf180mcu_fd_sc_mcu7t5v0__buf_4
      151 8.62E+03   gf180mcu_fd_sc_mcu7t5v0__buf_8
        4  193.178   gf180mcu_fd_sc_mcu7t5v0__bufz_4
       20  263.424   gf180mcu_fd_sc_mcu7t5v0__clkbuf_1
       13  228.301   gf180mcu_fd_sc_mcu7t5v0__clkbuf_2
     2708 2.38E+04   gf180mcu_fd_sc_mcu7t5v0__clkinv_1
        1   74.637   gf180mcu_fd_sc_mcu7t5v0__clkinv_16
       11  144.883   gf180mcu_fd_sc_mcu7t5v0__clkinv_2
        1   17.562   gf180mcu_fd_sc_mcu7t5v0__clkinv_3
        4  263.424   gf180mcu_fd_sc_mcu7t5v0__dffnq_1
     4081  2.6E+05   gf180mcu_fd_sc_mcu7t5v0__dffq_1
     1327  9.9E+04   gf180mcu_fd_sc_mcu7t5v0__dffrnq_1
      175 1.38E+04   gf180mcu_fd_sc_mcu7t5v0__dffsnq_1
        1   28.538   gf180mcu_fd_sc_mcu7t5v0__dlya_2
        4  245.862   gf180mcu_fd_sc_mcu7t5v0__icgtp_1
      170 1.49E+03   gf180mcu_fd_sc_mcu7t5v0__inv_1
        1   57.075   gf180mcu_fd_sc_mcu7t5v0__inv_12
       38  500.506   gf180mcu_fd_sc_mcu7t5v0__inv_2
        8  140.493   gf180mcu_fd_sc_mcu7t5v0__inv_3
        4   87.808   gf180mcu_fd_sc_mcu7t5v0__inv_4
        4  158.054   gf180mcu_fd_sc_mcu7t5v0__inv_8
    10711 1.18E+05   gf180mcu_fd_sc_mcu7t5v0__nand2_1
      206 4.07E+03   gf180mcu_fd_sc_mcu7t5v0__nand2_2
      146 5.13E+03   gf180mcu_fd_sc_mcu7t5v0__nand2_4
     2243 3.45E+04   gf180mcu_fd_sc_mcu7t5v0__nand3_1
       84  2.4E+03   gf180mcu_fd_sc_mcu7t5v0__nand3_2
       10  570.752   gf180mcu_fd_sc_mcu7t5v0__nand3_4
      569 1.12E+04   gf180mcu_fd_sc_mcu7t5v0__nand4_1
        4  140.493   gf180mcu_fd_sc_mcu7t5v0__nand4_2
        2  140.493   gf180mcu_fd_sc_mcu7t5v0__nand4_4
      695 9.15E+03   gf180mcu_fd_sc_mcu7t5v0__nor2_1
       69 1.51E+03   gf180mcu_fd_sc_mcu7t5v0__nor2_2
       48  1.9E+03   gf180mcu_fd_sc_mcu7t5v0__nor2_4
      131  2300.57   gf180mcu_fd_sc_mcu7t5v0__nor3_1
        4  122.931   gf180mcu_fd_sc_mcu7t5v0__nor3_2
        1   57.075   gf180mcu_fd_sc_mcu7t5v0__nor3_4
       60  1317.12   gf180mcu_fd_sc_mcu7t5v0__nor4_1
        4   324.89   gf180mcu_fd_sc_mcu7t5v0__nor4_4
      264  5.8E+03   gf180mcu_fd_sc_mcu7t5v0__oai211_1
       31 1.22E+03   gf180mcu_fd_sc_mcu7t5v0__oai211_2
        3  217.325   gf180mcu_fd_sc_mcu7t5v0__oai211_4
     3631 6.38E+04   gf180mcu_fd_sc_mcu7t5v0__oai21_1
      357 1.18E+04   gf180mcu_fd_sc_mcu7t5v0__oai21_2
     1355 8.03E+04   gf180mcu_fd_sc_mcu7t5v0__oai21_4
      182 4.79E+03   gf180mcu_fd_sc_mcu7t5v0__oai221_1
       49  2473.99   gf180mcu_fd_sc_mcu7t5v0__oai221_2
       43 4.06E+03   gf180mcu_fd_sc_mcu7t5v0__oai221_4
      152 3.34E+03   gf180mcu_fd_sc_mcu7t5v0__oai22_1
        9  375.379   gf180mcu_fd_sc_mcu7t5v0__oai22_2
       19  458.797   gf180mcu_fd_sc_mcu7t5v0__oai31_1
       30 1.25E+03   gf180mcu_fd_sc_mcu7t5v0__oai31_2
       24  632.218   gf180mcu_fd_sc_mcu7t5v0__oai32_1
        8  403.917   gf180mcu_fd_sc_mcu7t5v0__oai32_2
        2  188.787   gf180mcu_fd_sc_mcu7t5v0__oai32_4
      172 3.02E+03   gf180mcu_fd_sc_mcu7t5v0__or2_1
        9  197.568   gf180mcu_fd_sc_mcu7t5v0__or2_2
        3  118.541   gf180mcu_fd_sc_mcu7t5v0__or2_4
        9  197.568   gf180mcu_fd_sc_mcu7t5v0__or3_1
       18  474.163   gf180mcu_fd_sc_mcu7t5v0__or4_1
        4  122.931   gf180mcu_fd_sc_mcu7t5v0__or4_2
        1   57.075   gf180mcu_fd_sc_mcu7t5v0__or4_4
        2   17.562   gf180mcu_fd_sc_mcu7t5v0__tieh
        6   52.685   gf180mcu_fd_sc_mcu7t5v0__tiel
        2   57.075   gf180mcu_fd_sc_mcu7t5v0__xnor2_1
        5  263.424   gf180mcu_fd_sc_mcu7t5v0__xnor3_1

   Chip area for module '\mosaic_block_a': 854953.568000
     of which used for sequential elements: 372935.942400 (43.62%)

