189. Printing statistics.

=== mosaic_block_a ===

        +----------Local Count, excluding submodules.
        |        +-Local Area, excluding submodules.
        |        | 
    23646        - wires
    30286        - wire bits
     1812        - public wires
     8150        - public wire bits
       11        - ports
       20        - port bits
    28501 3.73E+05 cells
     4519        -   $_ANDNOT_
      545        -   $_AND_
    10971        -   $_MUX_
      642        -   $_NAND_
      541        -   $_NOR_
      639        -   $_NOT_
      592        -   $_ORNOT_
     3872        -   $_OR_
      135        -   $_XNOR_
      450        -   $_XOR_
        4  193.178   gf180mcu_fd_sc_mcu7t5v0__bufz_4
        4  263.424   gf180mcu_fd_sc_mcu7t5v0__dffnq_1
     4081  2.6E+05   gf180mcu_fd_sc_mcu7t5v0__dffq_1
     1327  9.9E+04   gf180mcu_fd_sc_mcu7t5v0__dffrnq_1
      175 1.38E+04   gf180mcu_fd_sc_mcu7t5v0__dffsnq_1
        4  245.862   gf180mcu_fd_sc_mcu7t5v0__icgtp_1

   Area for cell type $_ANDNOT_ is unknown!
   Area for cell type $_AND_ is unknown!
   Area for cell type $_MUX_ is unknown!
   Area for cell type $_NAND_ is unknown!
   Area for cell type $_NOR_ is unknown!
   Area for cell type $_NOT_ is unknown!
   Area for cell type $_ORNOT_ is unknown!
   Area for cell type $_OR_ is unknown!
   Area for cell type $_XNOR_ is unknown!
   Area for cell type $_XOR_ is unknown!

   Chip area for module '\mosaic_block_a': 373374.982400
     of which used for sequential elements: 372935.942400 (99.88%)

