Clock: clk_i
Sources: clk_i 
Generated: no
Virtual: yes
Propagated: no
Period: 100.000000

===========================================================================
report_clock_properties
============================================================================
Clock                   Period          Waveform
----------------------------------------------------
clk_i               100.000000    0.000000 50.000000

===========================================================================
report_clock_latency
============================================================================
Clock clk_i
rise -> rise
    min     max
0.000000 0.000000 source latency
17.673206         network latency _60041_/CLK
        83.437019 network latency _56668_/CLK
---------------
17.673206 83.437019 latency
        65.763817 skew

fall -> fall
    min     max
0.000000 0.000000 source latency
11.148920         network latency _60042_/CLK
        65.972946 network latency _56668_/CLK
---------------
11.148920 65.972946 latency
        54.824028 skew



===========================================================================
report_clock_min_period
============================================================================
clk_i period_min = 89.19 fmax = 11.21
