
===========================================================================
report_checks -unconstrained
===========================================================================
======================= nom_ff_n40C_5v50 Corner ===================================

Startpoint: rst_ni (input port clocked by clk_i)
Endpoint: _61704_ (recovery check against rising-edge clock clk_i)
Path Group: asynchronous
Path Type: max

Fanout         Cap        Slew       Delay        Time   Description
---------------------------------------------------------------------------------------------
                                  0.000000    0.000000   clock clk_i (rise edge)
                                  0.000000    0.000000   clock network delay (propagated)
                                  8.000000    8.000000 ^ input external delay
     1    0.008421    0.120241    0.056289    8.056290 ^ rst_ni (in)
                                                         rst_ni (net)
                      0.120241    0.000000    8.056290 ^ input3/I (gf180mcu_fd_sc_mcu7t5v0__buf_2)
     2    0.096759    0.534871    0.405129    8.461418 ^ input3/Z (gf180mcu_fd_sc_mcu7t5v0__buf_2)
                                                         net3 (net)
                      0.534875    0.000791    8.462210 ^ max_cap1278/I (gf180mcu_fd_sc_mcu7t5v0__buf_12)
     3    0.193807    0.182358    0.207656    8.669866 ^ max_cap1278/Z (gf180mcu_fd_sc_mcu7t5v0__buf_12)
                                                         net1278 (net)
                      0.209480    0.041691    8.711557 ^ fanout1197/I (gf180mcu_fd_sc_mcu7t5v0__dlyb_1)
     5    0.084458    0.930329    1.030226    9.741783 ^ fanout1197/Z (gf180mcu_fd_sc_mcu7t5v0__dlyb_1)
                                                         net1197 (net)
                      0.930339    0.001717    9.743500 ^ load_slew1198/I (gf180mcu_fd_sc_mcu7t5v0__buf_4)
     2    0.099713    0.290156    0.276937   10.020436 ^ load_slew1198/Z (gf180mcu_fd_sc_mcu7t5v0__buf_4)
                                                         net1198 (net)
                      0.290858    0.007575   10.028011 ^ fanout1174/I (gf180mcu_fd_sc_mcu7t5v0__dlyb_1)
     5    0.096894    1.062418    1.111377   11.139388 ^ fanout1174/Z (gf180mcu_fd_sc_mcu7t5v0__dlyb_1)
                                                         net1174 (net)
                      1.062425    0.001585   11.140973 ^ fanout1173/I (gf180mcu_fd_sc_mcu7t5v0__dlyb_1)
     8    0.073573    0.815167    0.940488   12.081461 ^ fanout1173/Z (gf180mcu_fd_sc_mcu7t5v0__dlyb_1)
                                                         net1173 (net)
                      0.815191    0.002474   12.083935 ^ fanout1172/I (gf180mcu_fd_sc_mcu7t5v0__dlyb_1)
     5    0.066809    0.743012    0.911266   12.995201 ^ fanout1172/Z (gf180mcu_fd_sc_mcu7t5v0__dlyb_1)
                                                         net1172 (net)
                      0.743015    0.000856   12.996058 ^ fanout1171/I (gf180mcu_fd_sc_mcu7t5v0__dlyb_1)
     8    0.080597    0.889522    1.001907   13.997964 ^ fanout1171/Z (gf180mcu_fd_sc_mcu7t5v0__dlyb_1)
                                                         net1171 (net)
                      0.889567    0.003596   14.001560 ^ fanout1170/I (gf180mcu_fd_sc_mcu7t5v0__buf_1)
    10    0.094623    1.038170    0.727723   14.729283 ^ fanout1170/Z (gf180mcu_fd_sc_mcu7t5v0__buf_1)
                                                         net1170 (net)
                      1.038183    0.002116   14.731399 ^ _61704_/RN (gf180mcu_fd_sc_mcu7t5v0__dffrnq_1)
                                             14.731399   data arrival time

                                 40.000000   40.000000   clock clk_i (rise edge)
                                  0.000000   40.000000   clock source latency
     2    0.200282    0.543511    0.308066   40.308067 ^ clk_i (in)
                                                         clk_i (net)
                      0.545251    0.000000   40.308067 ^ delaybuf_1_clk_i/I (gf180mcu_fd_sc_mcu7t5v0__clkbuf_16)
     1    0.049429    0.086398    0.239169   40.547237 ^ delaybuf_1_clk_i/Z (gf180mcu_fd_sc_mcu7t5v0__clkbuf_16)
                                                         delaynet_1_clk_i (net)
                      0.086457    0.003723   40.550961 ^ delaybuf_2_clk_i/I (gf180mcu_fd_sc_mcu7t5v0__clkbuf_16)
     1    0.048389    0.072736    0.159858   40.710815 ^ delaybuf_2_clk_i/Z (gf180mcu_fd_sc_mcu7t5v0__clkbuf_16)
                                                         delaynet_2_clk_i (net)
                      0.072796    0.003293   40.714111 ^ delaybuf_3_clk_i/I (gf180mcu_fd_sc_mcu7t5v0__clkbuf_16)
     1    0.046980    0.071961    0.156646   40.870758 ^ delaybuf_3_clk_i/Z (gf180mcu_fd_sc_mcu7t5v0__clkbuf_16)
                                                         delaynet_3_clk_i (net)
                      0.072009    0.003002   40.873760 ^ clkbuf_regs_0_clk_i/I (gf180mcu_fd_sc_mcu7t5v0__clkbuf_16)
     1    0.024817    0.059251    0.147306   41.021065 ^ clkbuf_regs_0_clk_i/Z (gf180mcu_fd_sc_mcu7t5v0__clkbuf_16)
                                                         clk_i_regs (net)
                      0.059253    0.000586   41.021652 ^ clkbuf_0_clk_i_regs/I (gf180mcu_fd_sc_mcu7t5v0__clkbuf_16)
     8    0.233974    0.179118    0.222624   41.244274 ^ clkbuf_0_clk_i_regs/Z (gf180mcu_fd_sc_mcu7t5v0__clkbuf_16)
                                                         clknet_0_clk_i_regs (net)
                      0.180228    0.007336   41.251610 ^ clkbuf_3_6_0_clk_i_regs/I (gf180mcu_fd_sc_mcu7t5v0__clkbuf_8)
     4    0.171305    0.251099    0.290985   41.542595 ^ clkbuf_3_6_0_clk_i_regs/Z (gf180mcu_fd_sc_mcu7t5v0__clkbuf_8)
                                                         clknet_3_6_0_clk_i_regs (net)
                      0.251245    0.003180   41.545776 ^ clkbuf_5_27__f_clk_i_regs/I (gf180mcu_fd_sc_mcu7t5v0__clkbuf_16)
     5    0.094823    0.100898    0.214321   41.760098 ^ clkbuf_5_27__f_clk_i_regs/Z (gf180mcu_fd_sc_mcu7t5v0__clkbuf_16)
                                                         clknet_5_27__leaf_clk_i_regs (net)
                      0.100901    0.000963   41.761059 ^ clkbuf_leaf_34_clk_i_regs/I (gf180mcu_fd_sc_mcu7t5v0__clkbuf_8)
    10    0.061690    0.113916    0.190681   41.951740 ^ clkbuf_leaf_34_clk_i_regs/Z (gf180mcu_fd_sc_mcu7t5v0__clkbuf_8)
                                                         clknet_leaf_34_clk_i_regs (net)
                      0.113940    0.001979   41.953720 ^ _61704_/CLK (gf180mcu_fd_sc_mcu7t5v0__dffrnq_1)
                                 -0.250000   41.703720   clock uncertainty
                                  0.000000   41.703720   clock reconvergence pessimism
                                 -0.135126   41.568592   library recovery time
                                             41.568592   data required time
---------------------------------------------------------------------------------------------
                                             41.568592   data required time
                                            -14.731399   data arrival time
---------------------------------------------------------------------------------------------
                                             26.837193   slack (MET)


Startpoint: _61322_ (falling edge-triggered flip-flop clocked by clk_i)
Endpoint: spi_flash_sd_io[2] (output port clocked by clk_i)
Path Group: clk_i
Path Type: max

Fanout         Cap        Slew       Delay        Time   Description
---------------------------------------------------------------------------------------------
                                 20.000000   20.000000   clock clk_i (fall edge)
                                  0.000000   20.000000   clock source latency
     2    0.200282    0.327125    0.184786   20.184786 v clk_i (in)
                                                         clk_i (net)
                      0.329950    0.000000   20.184786 v delaybuf_1_clk_i/I (gf180mcu_fd_sc_mcu7t5v0__clkbuf_16)
     1    0.049429    0.077778    0.223544   20.408329 v delaybuf_1_clk_i/Z (gf180mcu_fd_sc_mcu7t5v0__clkbuf_16)
                                                         delaynet_1_clk_i (net)
                      0.077851    0.003718   20.412048 v delaybuf_2_clk_i/I (gf180mcu_fd_sc_mcu7t5v0__clkbuf_16)
     1    0.048389    0.071050    0.157883   20.569931 v delaybuf_2_clk_i/Z (gf180mcu_fd_sc_mcu7t5v0__clkbuf_16)
                                                         delaynet_2_clk_i (net)
                      0.071114    0.003292   20.573221 v delaybuf_3_clk_i/I (gf180mcu_fd_sc_mcu7t5v0__clkbuf_16)
     1    0.046980    0.070283    0.155531   20.728752 v delaybuf_3_clk_i/Z (gf180mcu_fd_sc_mcu7t5v0__clkbuf_16)
                                                         delaynet_3_clk_i (net)
                      0.070335    0.003002   20.731754 v clkbuf_regs_0_clk_i/I (gf180mcu_fd_sc_mcu7t5v0__clkbuf_16)
     1    0.024817    0.057640    0.145533   20.877289 v clkbuf_regs_0_clk_i/Z (gf180mcu_fd_sc_mcu7t5v0__clkbuf_16)
                                                         clk_i_regs (net)
                      0.057642    0.000586   20.877874 v clkbuf_0_clk_i_regs/I (gf180mcu_fd_sc_mcu7t5v0__clkbuf_16)
     8    0.233974    0.173017    0.223494   21.101368 v clkbuf_0_clk_i_regs/Z (gf180mcu_fd_sc_mcu7t5v0__clkbuf_16)
                                                         clknet_0_clk_i_regs (net)
                      0.173758    0.005169   21.106537 v clkbuf_3_7_0_clk_i_regs/I (gf180mcu_fd_sc_mcu7t5v0__clkbuf_8)
     4    0.148653    0.228379    0.294747   21.401285 v clkbuf_3_7_0_clk_i_regs/Z (gf180mcu_fd_sc_mcu7t5v0__clkbuf_8)
                                                         clknet_3_7_0_clk_i_regs (net)
                      0.228628    0.004070   21.405355 v clkbuf_5_31__f_clk_i_regs/I (gf180mcu_fd_sc_mcu7t5v0__clkbuf_16)
     5    0.092443    0.097110    0.219782   21.625135 v clkbuf_5_31__f_clk_i_regs/Z (gf180mcu_fd_sc_mcu7t5v0__clkbuf_16)
                                                         clknet_5_31__leaf_clk_i_regs (net)
                      0.097114    0.001126   21.626263 v clkbuf_leaf_80_clk_i_regs/I (gf180mcu_fd_sc_mcu7t5v0__clkbuf_8)
    10    0.060299    0.117607    0.201176   21.827438 v clkbuf_leaf_80_clk_i_regs/Z (gf180mcu_fd_sc_mcu7t5v0__clkbuf_8)
                                                         clknet_leaf_80_clk_i_regs (net)
                      0.117621    0.000805   21.828243 v _61322_/CLKN (gf180mcu_fd_sc_mcu7t5v0__dffnq_1)
     1    0.005275    0.100534    0.486104   22.314346 ^ _61322_/Q (gf180mcu_fd_sc_mcu7t5v0__dffnq_1)
                                                         i_core_v_mini_mcu.ao_peripheral_subsystem_i.spi_subsystem_i.obi_spimemio_i.spimemio_i.xfer_io2_90 (net)
                      0.100534    0.000057   22.314404 ^ _33455_/A2 (gf180mcu_fd_sc_mcu7t5v0__nor2_1)
     1    0.007105    0.214181    0.097957   22.412361 v _33455_/ZN (gf180mcu_fd_sc_mcu7t5v0__nor2_1)
                                                         _10485_ (net)
                      0.214181    0.000153   22.412514 v _33457_/A2 (gf180mcu_fd_sc_mcu7t5v0__oai21_1)
     1    0.012672    0.327336    0.237080   22.649593 ^ _33457_/ZN (gf180mcu_fd_sc_mcu7t5v0__oai21_1)
                                                         i_core_v_mini_mcu.ao_peripheral_subsystem_i.spi_subsystem_i.obi_spimemio_i.flash_io2_do_o (net)
                      0.327336    0.000290   22.649883 ^ gen_flash_sd[2].u_pad_drv/I (gf180mcu_fd_sc_mcu7t5v0__bufz_4)
     2    0.147492    0.413303    0.394701   23.044584 ^ gen_flash_sd[2].u_pad_drv/Z (gf180mcu_fd_sc_mcu7t5v0__bufz_4)
                                                         spi_flash_sd_io[2] (net)
                      0.414118    0.010509   23.055092 ^ spi_flash_sd_io[2] (inout)
                                             23.055092   data arrival time

                                 40.000000   40.000000   clock clk_i (rise edge)
                                  0.000000   40.000000   clock network delay (propagated)
                                 -0.250000   39.750000   clock uncertainty
                                  0.000000   39.750000   clock reconvergence pessimism
                                 -8.000000   31.750000   output external delay
                                             31.750000   data required time
---------------------------------------------------------------------------------------------
                                             31.750000   data required time
                                            -23.055092   data arrival time
---------------------------------------------------------------------------------------------
                                              8.694906   slack (MET)




===========================================================================
report_checks --slack_max -0.01
============================================================================
======================= nom_ff_n40C_5v50 Corner ===================================

No paths found.


===========================================================================
 report_check_types -max_slew -max_cap -max_fanout -violators
============================================================================
======================= nom_ff_n40C_5v50 Corner ===================================

max fanout

Pin                                   Limit Fanout  Slack
---------------------------------------------------------
clkbuf_0_i_core_v_mini_mcu.memory_subsystem_i.clk_cg/Z     10     16     -6 (VIOLATED)



===========================================================================
report_parasitic_annotation -report_unannotated
============================================================================
Found 242 unannotated drivers.
 clkload0/Z
 clkload1/Z
 clkload10/ZN
 clkload100/Z
 clkload101/Z
 clkload102/Z
 clkload103/Z
 clkload104/Z
 clkload105/Z
 clkload106/Z
 clkload107/Z
 clkload108/Z
 clkload109/Z
 clkload11/ZN
 clkload110/Z
 clkload111/Z
 clkload112/Z
 clkload113/Z
 clkload114/Z
 clkload115/Z
 clkload116/ZN
 clkload117/ZN
 clkload118/ZN
 clkload119/Z
 clkload12/Z
 clkload120/ZN
 clkload121/ZN
 clkload122/ZN
 clkload123/ZN
 clkload124/ZN
 clkload125/ZN
 clkload126/Z
 clkload127/ZN
 clkload128/ZN
 clkload129/ZN
 clkload13/Z
 clkload130/ZN
 clkload131/Z
 clkload132/Z
 clkload133/ZN
 clkload134/ZN
 clkload135/ZN
 clkload136/ZN
 clkload137/ZN
 clkload138/Z
 clkload139/ZN
 clkload14/ZN
 clkload140/Z
 clkload141/Z
 clkload142/ZN
 clkload143/ZN
 clkload144/Z
 clkload145/Z
 clkload146/ZN
 clkload147/Z
 clkload148/Z
 clkload149/Z
 clkload15/Z
 clkload150/ZN
 clkload151/ZN
 clkload152/Z
 clkload153/Z
 clkload154/Z
 clkload155/Z
 clkload156/ZN
 clkload157/Z
 clkload158/Z
 clkload159/ZN
 clkload16/Z
 clkload160/ZN
 clkload161/Z
 clkload162/ZN
 clkload163/ZN
 clkload164/ZN
 clkload165/ZN
 clkload166/ZN
 clkload167/Z
 clkload168/ZN
 clkload169/Z
 clkload17/ZN
 clkload170/ZN
 clkload171/Z
 clkload172/ZN
 clkload173/Z
 clkload174/Z
 clkload175/ZN
 clkload176/ZN
 clkload177/Z
 clkload178/ZN
 clkload179/Z
 clkload18/ZN
 clkload180/ZN
 clkload181/Z
 clkload182/ZN
 clkload183/ZN
 clkload184/ZN
 clkload185/Z
 clkload186/ZN
 clkload187/Z
 clkload188/Z
 clkload189/ZN
 clkload19/Z
 clkload190/Z
 clkload191/ZN
 clkload192/ZN
 clkload193/ZN
 clkload194/ZN
 clkload195/Z
 clkload196/ZN
 clkload197/Z
 clkload198/ZN
 clkload199/Z
 clkload2/Z
 clkload20/ZN
 clkload200/Z
 clkload201/ZN
 clkload202/Z
 clkload203/ZN
 clkload204/Z
 clkload205/Z
 clkload206/Z
 clkload207/ZN
 clkload208/Z
 clkload209/Z
 clkload21/ZN
 clkload210/ZN
 clkload211/Z
 clkload212/ZN
 clkload213/ZN
 clkload214/Z
 clkload215/ZN
 clkload216/Z
 clkload217/ZN
 clkload218/ZN
 clkload219/Z
 clkload22/Z
 clkload220/Z
 clkload221/ZN
 clkload222/ZN
 clkload223/Z
 clkload224/ZN
 clkload225/Z
 clkload226/ZN
 clkload227/ZN
 clkload228/ZN
 clkload229/ZN
 clkload23/ZN
 clkload230/Z
 clkload231/Z
 clkload232/Z
 clkload233/ZN
 clkload234/ZN
 clkload235/Z
 clkload236/ZN
 clkload237/ZN
 clkload238/Z
 clkload239/ZN
 clkload24/Z
 clkload240/Z
 clkload241/ZN
 clkload25/ZN
 clkload26/Z
 clkload27/ZN
 clkload28/Z
 clkload29/ZN
 clkload3/Z
 clkload30/Z
 clkload31/ZN
 clkload32/ZN
 clkload33/Z
 clkload34/Z
 clkload35/Z
 clkload36/ZN
 clkload37/Z
 clkload38/ZN
 clkload39/Z
 clkload4/Z
 clkload40/Z
 clkload41/Z
 clkload42/ZN
 clkload43/ZN
 clkload44/ZN
 clkload45/ZN
 clkload46/Z
 clkload47/Z
 clkload48/Z
 clkload49/ZN
 clkload5/Z
 clkload50/ZN
 clkload51/ZN
 clkload52/ZN
 clkload53/Z
 clkload54/Z
 clkload55/Z
 clkload56/ZN
 clkload57/ZN
 clkload58/ZN
 clkload59/ZN
 clkload6/Z
 clkload60/ZN
 clkload61/ZN
 clkload62/ZN
 clkload63/ZN
 clkload64/Z
 clkload65/ZN
 clkload66/ZN
 clkload67/ZN
 clkload68/Z
 clkload69/ZN
 clkload7/Z
 clkload70/ZN
 clkload71/ZN
 clkload72/ZN
 clkload73/Z
 clkload74/ZN
 clkload75/Z
 clkload76/ZN
 clkload77/ZN
 clkload78/ZN
 clkload79/Z
 clkload8/Z
 clkload80/Z
 clkload81/ZN
 clkload82/ZN
 clkload83/ZN
 clkload84/Z
 clkload85/Z
 clkload86/ZN
 clkload87/Z
 clkload88/ZN
 clkload89/Z
 clkload9/Z
 clkload90/Z
 clkload91/Z
 clkload92/Z
 clkload93/Z
 clkload94/ZN
 clkload95/Z
 clkload96/ZN
 clkload97/ZN
 clkload98/ZN
 clkload99/Z
Found 0 partially unannotated drivers.

===========================================================================
max slew violation count 0
max fanout violation count 1
max cap violation count 0
============================================================================

===========================================================================
check_setup -verbose -unconstrained_endpoints -multiple_clock -no_clock -no_input_delay -loops -generated_clocks
===========================================================================
