Clock: clk_i
Sources: clk_i 
Generated: no
Virtual: yes
Propagated: no
Period: 40.000000

===========================================================================
report_clock_properties
============================================================================
Clock                   Period          Waveform
----------------------------------------------------
clk_i                40.000000    0.000000 20.000000

===========================================================================
report_clock_latency
============================================================================
Clock clk_i
rise -> rise
    min     max
0.000000 0.000000 source latency
1.810167         network latency _60995_/CLK
        2.058872 network latency _57845_/CLK
---------------
1.810167 2.058872 latency
        0.248705 skew

fall -> fall
    min     max
0.000000 0.000000 source latency
1.626008         network latency _60995_/CLK
        1.915256 network latency _57845_/CLK
---------------
1.626008 1.915256 latency
        0.289248 skew



===========================================================================
report_clock_min_period
============================================================================
clk_i period_min = 13.10 fmax = 76.32
