
===========================================================================
 report_power
============================================================================
======================= nom_ff_n40C_5v50 Corner ===================================

Group                    Internal    Switching      Leakage        Total
                            Power        Power        Power        Power (Watts)
------------------------------------------------------------------------
Sequential           9.067620e-02 3.525064e-06 2.787535e-06 9.068251e-02  50.1%
Combinational        2.510344e-04 5.611497e-04 4.330833e-06 8.165149e-04   0.5%
Clock                5.053966e-02 3.887873e-02 2.514456e-06 8.942091e-02  49.4%
Macro                0.000000e+00 0.000000e+00 0.000000e+00 0.000000e+00   0.0%
Pad                  0.000000e+00 0.000000e+00 0.000000e+00 0.000000e+00   0.0%
------------------------------------------------------------------------
Total                1.414668e-01 3.944340e-02 9.631402e-06 1.809198e-01 100.0%
                            78.2%        21.8%         0.0%

