Clock: clk_i
Sources: clk_i 
Generated: no
Virtual: yes
Propagated: no
Period: 100.000000

===========================================================================
report_clock_properties
============================================================================
Clock                   Period          Waveform
----------------------------------------------------
clk_i               100.000000    0.000000 50.000000

===========================================================================
report_clock_latency
============================================================================
Clock clk_i
rise -> rise
    min     max
0.000000 0.000000 source latency
4.865166         network latency _61011_/CLK
        5.326694 network latency _61885_/CLK
---------------
4.865166 5.326694 latency
        0.461528 skew

fall -> fall
    min     max
0.000000 0.000000 source latency
4.596267         network latency _62156_/CLK
        4.982560 network latency _61885_/CLK
---------------
4.596267 4.982560 latency
        0.386294 skew



===========================================================================
report_clock_min_period
============================================================================
clk_i period_min = 35.33 fmax = 28.31
