Clock: clk_i
Sources: clk_i 
Generated: no
Virtual: yes
Propagated: no
Period: 50.000000

===========================================================================
report_clock_properties
============================================================================
Clock                   Period          Waveform
----------------------------------------------------
clk_i                50.000000    0.000000 25.000000

===========================================================================
report_clock_latency
============================================================================
Clock clk_i
rise -> rise
    min     max
0.000000 0.000000 source latency
4.397156         network latency _58505_/CLK
        5.577460 network latency _56927_/CLK
---------------
4.397156 5.577460 latency
        1.180304 skew

fall -> fall
    min     max
0.000000 0.000000 source latency
3.976357         network latency _58505_/CLK
        5.307946 network latency _56927_/CLK
---------------
3.976357 5.307946 latency
        1.331589 skew



===========================================================================
report_clock_min_period
============================================================================
clk_i period_min = 36.15 fmax = 27.66
