Clock: clk_i
Sources: clk_i 
Generated: no
Virtual: yes
Propagated: no
Period: 40.000000

===========================================================================
report_clock_properties
============================================================================
Clock                   Period          Waveform
----------------------------------------------------
clk_i                40.000000    0.000000 20.000000

===========================================================================
report_clock_latency
============================================================================
Clock clk_i
rise -> rise
    min     max
0.000000 0.000000 source latency
2.860115         network latency _61480_/CLK
        3.250775 network latency _57845_/CLK
---------------
2.860115 3.250775 latency
        0.390660 skew

fall -> fall
    min     max
0.000000 0.000000 source latency
2.585502         network latency _61480_/CLK
        3.047477 network latency _57845_/CLK
---------------
2.585502 3.047477 latency
        0.461975 skew



===========================================================================
report_clock_min_period
============================================================================
clk_i period_min = 21.51 fmax = 46.48
