Clock: clk_i
Sources: clk_i 
Generated: no
Virtual: yes
Propagated: no
Period: 50.000000

===========================================================================
report_clock_properties
============================================================================
Clock                   Period          Waveform
----------------------------------------------------
clk_i                50.000000    0.000000 25.000000

===========================================================================
report_clock_latency
============================================================================
Clock clk_i
rise -> rise
    min     max
0.000000 0.000000 source latency
1.665746         network latency _60284_/CLK
        2.118804 network latency _56118_/CLK
---------------
1.665746 2.118804 latency
        0.453058 skew

fall -> fall
    min     max
0.000000 0.000000 source latency
1.505155         network latency _58505_/CLK
        2.004041 network latency _56118_/CLK
---------------
1.505155 2.004041 latency
        0.498886 skew



===========================================================================
report_clock_min_period
============================================================================
clk_i period_min = 13.66 fmax = 73.21
