Clock: clk_i
Sources: clk_i 
Generated: no
Virtual: yes
Propagated: no
Period: 40.000000

===========================================================================
report_clock_properties
============================================================================
Clock                   Period          Waveform
----------------------------------------------------
clk_i                40.000000    0.000000 20.000000

===========================================================================
report_clock_latency
============================================================================
Clock clk_i
rise -> rise
    min     max
0.000000 0.000000 source latency
4.752068         network latency _61480_/CLK
        5.408795 network latency _57845_/CLK
---------------
4.752068 5.408795 latency
        0.656728 skew

fall -> fall
    min     max
0.000000 0.000000 source latency
4.279070         network latency _61480_/CLK
        5.063914 network latency _61475_/CLK
---------------
4.279070 5.063914 latency
        0.784844 skew



===========================================================================
report_clock_min_period
============================================================================
clk_i period_min = 34.36 fmax = 29.10
