Clock: clk_i
Sources: clk_i 
Generated: no
Virtual: yes
Propagated: no
Period: 50.000000

===========================================================================
report_clock_properties
============================================================================
Clock                   Period          Waveform
----------------------------------------------------
clk_i                50.000000    0.000000 25.000000

===========================================================================
report_clock_latency
============================================================================
Clock clk_i
rise -> rise
    min     max
0.000000 0.000000 source latency
4.386321         network latency _61788_/CLK
        5.235230 network latency _61386_/CLK
---------------
4.386321 5.235230 latency
        0.848909 skew

fall -> fall
    min     max
0.000000 0.000000 source latency
4.031607         network latency _61788_/CLK
        4.928612 network latency _61991_/CLK
---------------
4.031607 4.928612 latency
        0.897005 skew



===========================================================================
report_clock_min_period
============================================================================
clk_i period_min = 38.22 fmax = 26.16
