Clock: clk_i
Sources: clk_i 
Generated: no
Virtual: yes
Propagated: no
Period: 50.000000

===========================================================================
report_clock_properties
============================================================================
Clock                   Period          Waveform
----------------------------------------------------
clk_i                50.000000    0.000000 25.000000

===========================================================================
report_clock_latency
============================================================================
Clock clk_i
rise -> rise
    min     max
0.000000 0.000000 source latency
1.711165         network latency _61788_/CLK
        5.443178 network latency _58848_/CLK
---------------
1.711165 5.443178 latency
        3.732013 skew

fall -> fall
    min     max
0.000000 0.000000 source latency
1.558018         network latency _61788_/CLK
        5.110700 network latency _62122_/CLK
---------------
1.558018 5.110700 latency
        3.552682 skew



===========================================================================
report_clock_min_period
============================================================================
clk_i period_min = 37.44 fmax = 26.71
