197. Printing statistics.

=== mosaic_block_a ===

        +----------Local Count, excluding submodules.
        |        +-Local Area, excluding submodules.
        |        | 
    34197        - wires
    34287        - wire bits
     5771        - public wires
     5861        - public wire bits
       77        - ports
      167        - port bits
    34265 8.37E+05 cells
      160 2.81E+03   gf180mcu_fd_sc_mcu7t5v0__and2_1
       13  256.838   gf180mcu_fd_sc_mcu7t5v0__and2_2
        1   37.318   gf180mcu_fd_sc_mcu7t5v0__and2_4
       26  570.752   gf180mcu_fd_sc_mcu7t5v0__and3_1
       33  796.858   gf180mcu_fd_sc_mcu7t5v0__and4_1
        1   28.538   gf180mcu_fd_sc_mcu7t5v0__and4_2
       85  1865.92   gf180mcu_fd_sc_mcu7t5v0__aoi211_1
        6   223.91   gf180mcu_fd_sc_mcu7t5v0__aoi211_2
      539 9.47E+03   gf180mcu_fd_sc_mcu7t5v0__aoi21_1
       84  2.4E+03   gf180mcu_fd_sc_mcu7t5v0__aoi21_2
       12  632.218   gf180mcu_fd_sc_mcu7t5v0__aoi21_4
      213 5.14E+03   gf180mcu_fd_sc_mcu7t5v0__aoi221_1
        1    50.49   gf180mcu_fd_sc_mcu7t5v0__aoi221_2
      865 1.71E+04   gf180mcu_fd_sc_mcu7t5v0__aoi22_1
        3   105.37   gf180mcu_fd_sc_mcu7t5v0__aoi22_2
        1   70.246   gf180mcu_fd_sc_mcu7t5v0__aoi22_4
     1398 1.84E+04   gf180mcu_fd_sc_mcu7t5v0__buf_1
        2  166.835   gf180mcu_fd_sc_mcu7t5v0__buf_12
      238 4.18E+03   gf180mcu_fd_sc_mcu7t5v0__buf_2
       81 1.78E+03   gf180mcu_fd_sc_mcu7t5v0__buf_3
      143  4394.79   gf180mcu_fd_sc_mcu7t5v0__buf_4
       27  1541.03   gf180mcu_fd_sc_mcu7t5v0__buf_8
       30  395.136   gf180mcu_fd_sc_mcu7t5v0__clkbuf_1
       22  386.355   gf180mcu_fd_sc_mcu7t5v0__clkbuf_2
     2747 2.41E+04   gf180mcu_fd_sc_mcu7t5v0__clkinv_1
        1   74.637   gf180mcu_fd_sc_mcu7t5v0__clkinv_16
        3   39.514   gf180mcu_fd_sc_mcu7t5v0__clkinv_2
        1   21.952   gf180mcu_fd_sc_mcu7t5v0__clkinv_4
        4  263.424   gf180mcu_fd_sc_mcu7t5v0__dffnq_1
     4081  2.6E+05   gf180mcu_fd_sc_mcu7t5v0__dffq_1
     1327  9.9E+04   gf180mcu_fd_sc_mcu7t5v0__dffrnq_1
      175 1.38E+04   gf180mcu_fd_sc_mcu7t5v0__dffsnq_1
        4  245.862   gf180mcu_fd_sc_mcu7t5v0__icgtp_1
      184 1.62E+03   gf180mcu_fd_sc_mcu7t5v0__inv_1
        2   114.15   gf180mcu_fd_sc_mcu7t5v0__inv_12
       26  342.451   gf180mcu_fd_sc_mcu7t5v0__inv_2
        6   105.37   gf180mcu_fd_sc_mcu7t5v0__inv_3
        4   87.808   gf180mcu_fd_sc_mcu7t5v0__inv_4
    11160 1.22E+05   gf180mcu_fd_sc_mcu7t5v0__nand2_1
      205 4.05E+03   gf180mcu_fd_sc_mcu7t5v0__nand2_2
       45 1.58E+03   gf180mcu_fd_sc_mcu7t5v0__nand2_4
     2205 3.39E+04   gf180mcu_fd_sc_mcu7t5v0__nand3_1
       49  1.4E+03   gf180mcu_fd_sc_mcu7t5v0__nand3_2
        6  342.451   gf180mcu_fd_sc_mcu7t5v0__nand3_4
      597 1.18E+04   gf180mcu_fd_sc_mcu7t5v0__nand4_1
        8  280.986   gf180mcu_fd_sc_mcu7t5v0__nand4_2
        1   70.246   gf180mcu_fd_sc_mcu7t5v0__nand4_4
      673 8.86E+03   gf180mcu_fd_sc_mcu7t5v0__nor2_1
       62 1.36E+03   gf180mcu_fd_sc_mcu7t5v0__nor2_2
       53 2.09E+03   gf180mcu_fd_sc_mcu7t5v0__nor2_4
      163 2.86E+03   gf180mcu_fd_sc_mcu7t5v0__nor3_1
        4  122.931   gf180mcu_fd_sc_mcu7t5v0__nor3_2
       11  627.827   gf180mcu_fd_sc_mcu7t5v0__nor3_4
       66 1.45E+03   gf180mcu_fd_sc_mcu7t5v0__nor4_1
        4  158.054   gf180mcu_fd_sc_mcu7t5v0__nor4_2
        4   324.89   gf180mcu_fd_sc_mcu7t5v0__nor4_4
      264  5.8E+03   gf180mcu_fd_sc_mcu7t5v0__oai211_1
       23  908.813   gf180mcu_fd_sc_mcu7t5v0__oai211_2
     3574 6.28E+04   gf180mcu_fd_sc_mcu7t5v0__oai21_1
      771 2.54E+04   gf180mcu_fd_sc_mcu7t5v0__oai21_2
      916 5.43E+04   gf180mcu_fd_sc_mcu7t5v0__oai21_4
      182 4.79E+03   gf180mcu_fd_sc_mcu7t5v0__oai221_1
       69 3.48E+03   gf180mcu_fd_sc_mcu7t5v0__oai221_2
       19 1.79E+03   gf180mcu_fd_sc_mcu7t5v0__oai221_4
      146  3.2E+03   gf180mcu_fd_sc_mcu7t5v0__oai22_1
       10  417.088   gf180mcu_fd_sc_mcu7t5v0__oai22_2
        1   76.832   gf180mcu_fd_sc_mcu7t5v0__oai22_4
       20  482.944   gf180mcu_fd_sc_mcu7t5v0__oai31_1
       25  1042.72   gf180mcu_fd_sc_mcu7t5v0__oai31_2
        1   76.832   gf180mcu_fd_sc_mcu7t5v0__oai31_4
       33  869.299   gf180mcu_fd_sc_mcu7t5v0__oai32_1
        3  151.469   gf180mcu_fd_sc_mcu7t5v0__oai32_2
        1   94.394   gf180mcu_fd_sc_mcu7t5v0__oai32_4
      165  2.9E+03   gf180mcu_fd_sc_mcu7t5v0__or2_1
       10   219.52   gf180mcu_fd_sc_mcu7t5v0__or2_2
        1   39.514   gf180mcu_fd_sc_mcu7t5v0__or2_4
       12  263.424   gf180mcu_fd_sc_mcu7t5v0__or3_1
        2   52.685   gf180mcu_fd_sc_mcu7t5v0__or3_2
        1   48.294   gf180mcu_fd_sc_mcu7t5v0__or3_4
       14  368.794   gf180mcu_fd_sc_mcu7t5v0__or4_1
        2   61.466   gf180mcu_fd_sc_mcu7t5v0__or4_2
       29  254.643   gf180mcu_fd_sc_mcu7t5v0__tieh
      101  886.861   gf180mcu_fd_sc_mcu7t5v0__tiel
        1   28.538   gf180mcu_fd_sc_mcu7t5v0__xnor2_1
        4  210.739   gf180mcu_fd_sc_mcu7t5v0__xnor3_1

   Chip area for module '\mosaic_block_a': 837229.523200
     of which used for sequential elements: 372935.942400 (44.54%)

