Clock: clk_i
Sources: clk_i 
Generated: no
Virtual: no
Propagated: no
Period: 100.000000

===========================================================================
report_clock_properties
============================================================================
Clock                   Period          Waveform
----------------------------------------------------
clk_i               100.000000    0.000000 50.000000

===========================================================================
report_clock_latency
============================================================================
Clock clk_i
rise -> rise
    min     max
0.000000 0.000000 source latency
7.787637         network latency _57054_/CLK
        35.893208 network latency _57337_/CLK
---------------
7.787637 35.893208 latency
        28.105572 skew

fall -> fall
    min     max
0.000000 0.000000 source latency
4.940667         network latency _57054_/CLK
        30.549700 network latency _57337_/CLK
---------------
4.940667 30.549700 latency
        25.609034 skew



===========================================================================
report_clock_min_period
============================================================================
clk_i period_min = 33.22 fmax = 30.10
