
===========================================================================
Violator List
============================================================================
[setup in-reg] rst_ni -> _57060_/RN : -8.297306
[setup in-reg] rst_ni -> _57061_/RN : -8.297306
[setup in-reg] rst_ni -> _57062_/RN : -8.297306
[setup in-reg] rst_ni -> _60541_/RN : -8.297306
[setup in-reg] rst_ni -> _60542_/RN : -8.297306
[setup in-reg] rst_ni -> _60543_/RN : -8.297306
[setup in-reg] rst_ni -> _60544_/RN : -8.297306
[setup in-reg] rst_ni -> _60545_/RN : -8.297306
[setup in-reg] rst_ni -> _60546_/RN : -8.297306
[setup in-reg] rst_ni -> _60547_/RN : -8.297306
[setup in-reg] rst_ni -> _60548_/RN : -8.297306
[setup in-reg] rst_ni -> _60549_/RN : -8.297306
[setup in-reg] rst_ni -> _60550_/RN : -8.297306
[setup in-reg] rst_ni -> _60551_/RN : -8.297306
[setup in-reg] rst_ni -> _60552_/RN : -8.297306
[setup in-reg] rst_ni -> _60553_/RN : -8.297306
[setup in-reg] rst_ni -> _60554_/RN : -8.297306
[setup in-reg] rst_ni -> _60555_/RN : -8.297306
[setup in-reg] rst_ni -> _60556_/RN : -8.297306
[setup in-reg] rst_ni -> _60557_/RN : -8.297306
[setup in-reg] rst_ni -> _60558_/RN : -8.297306
[setup in-reg] rst_ni -> _60559_/RN : -8.297306
[setup in-reg] rst_ni -> _60560_/RN : -8.297306
[setup in-reg] rst_ni -> _60561_/RN : -8.297306
[setup in-reg] rst_ni -> _60562_/RN : -8.297306
[setup in-reg] rst_ni -> _60563_/RN : -8.297306
[setup in-reg] rst_ni -> _60564_/RN : -8.297306
[setup in-reg] rst_ni -> _60565_/RN : -8.297306
[setup in-reg] rst_ni -> _60566_/RN : -8.297306
[setup in-reg] rst_ni -> _60567_/RN : -8.297306
[setup in-reg] rst_ni -> _60568_/RN : -8.297306
[setup in-reg] rst_ni -> _60569_/RN : -8.297306
[setup in-reg] rst_ni -> _60570_/RN : -8.297306
[setup in-reg] rst_ni -> _60571_/RN : -8.297306
[setup in-reg] rst_ni -> _60572_/RN : -8.297306
[setup in-reg] rst_ni -> _60573_/RN : -8.297306
[setup in-reg] rst_ni -> _60574_/RN : -8.297306
[setup in-reg] rst_ni -> _60575_/RN : -8.297306
[setup in-reg] rst_ni -> _60576_/RN : -8.297306
[setup in-reg] rst_ni -> _60577_/RN : -8.297306
[setup in-reg] rst_ni -> _60578_/RN : -8.297306
[setup in-reg] rst_ni -> _60579_/RN : -8.297306
[setup in-reg] rst_ni -> _60580_/RN : -8.297306
[setup in-reg] rst_ni -> _60581_/RN : -8.297306
[setup in-reg] rst_ni -> _60582_/RN : -8.297306
[setup in-reg] rst_ni -> _60583_/RN : -8.297306
[setup in-reg] rst_ni -> _60584_/RN : -8.297306
[setup in-reg] rst_ni -> _60585_/RN : -8.297306
[setup in-reg] rst_ni -> _60586_/RN : -8.297306
[setup in-reg] rst_ni -> _60587_/RN : -8.297306
[setup in-reg] rst_ni -> _60588_/RN : -8.297306
[setup in-reg] rst_ni -> _60589_/RN : -8.297306
[setup in-reg] rst_ni -> _60590_/RN : -8.297306
[setup in-reg] rst_ni -> _60591_/RN : -8.297306
[setup in-reg] rst_ni -> _60592_/RN : -8.297306
[setup in-reg] rst_ni -> _60593_/RN : -8.297306
[setup in-reg] rst_ni -> _60594_/RN : -8.297306
[setup in-reg] rst_ni -> _60595_/RN : -8.297306
[setup in-reg] rst_ni -> _60596_/RN : -8.297306
[setup in-reg] rst_ni -> _60597_/RN : -8.297306
[setup in-reg] rst_ni -> _60598_/RN : -8.297306
[setup in-reg] rst_ni -> _60599_/RN : -8.297306
[setup in-reg] rst_ni -> _60600_/RN : -8.297306
[setup in-reg] rst_ni -> _60601_/RN : -8.297306
[setup in-reg] rst_ni -> _60602_/RN : -8.297306
[setup in-reg] rst_ni -> _60603_/RN : -8.297306
[setup in-reg] rst_ni -> _60604_/RN : -8.297306
[setup in-reg] rst_ni -> _60605_/RN : -8.297306
[setup in-reg] rst_ni -> _60606_/RN : -8.297306
[setup in-reg] rst_ni -> _60607_/RN : -8.297306
[setup in-reg] rst_ni -> _60608_/RN : -8.297306
[setup in-reg] rst_ni -> _60609_/RN : -8.297306
[setup in-reg] rst_ni -> _60610_/RN : -8.297306
[setup in-reg] rst_ni -> _60611_/RN : -8.297306
[setup in-reg] rst_ni -> _60612_/RN : -8.297306
[setup in-reg] rst_ni -> _60613_/RN : -8.297306
[setup in-reg] rst_ni -> _60615_/RN : -8.297306
[setup in-reg] rst_ni -> _60617_/RN : -8.297306
[setup in-reg] rst_ni -> _60618_/RN : -8.297306
[setup in-reg] rst_ni -> _60619_/RN : -8.297306
[setup in-reg] rst_ni -> _60620_/RN : -8.297306
[setup in-reg] rst_ni -> _60621_/RN : -8.297306
[setup in-reg] rst_ni -> _60622_/RN : -8.297306
[setup in-reg] rst_ni -> _60623_/RN : -8.297306
[setup in-reg] rst_ni -> _60624_/RN : -8.297306
[setup in-reg] rst_ni -> _60625_/RN : -8.297306
[setup in-reg] rst_ni -> _60626_/RN : -8.297306
[setup in-reg] rst_ni -> _60627_/RN : -8.297306
[setup in-reg] rst_ni -> _60628_/RN : -8.297306
[setup in-reg] rst_ni -> _60629_/RN : -8.297306
[setup in-reg] rst_ni -> _60630_/RN : -8.297306
[setup in-reg] rst_ni -> _60631_/RN : -8.297306
[setup in-reg] rst_ni -> _60632_/RN : -8.297306
[setup in-reg] rst_ni -> _60633_/RN : -8.297306
[setup in-reg] rst_ni -> _60634_/RN : -8.297306
[setup in-reg] rst_ni -> _60635_/RN : -8.297306
[setup in-reg] rst_ni -> _60636_/RN : -8.297306
[setup in-reg] rst_ni -> _60637_/RN : -8.297306
[setup in-reg] rst_ni -> _60638_/RN : -8.297306
[setup in-reg] rst_ni -> _60639_/RN : -8.297306
[setup in-reg] rst_ni -> _60640_/RN : -8.297306
[setup in-reg] rst_ni -> _60641_/RN : -8.297306
[setup in-reg] rst_ni -> _60642_/RN : -8.297306
[setup in-reg] rst_ni -> _60643_/RN : -8.297306
[setup in-reg] rst_ni -> _60644_/RN : -8.297306
[setup in-reg] rst_ni -> _60645_/RN : -8.297306
[setup in-reg] rst_ni -> _60646_/RN : -8.297306
[setup in-reg] rst_ni -> _60647_/RN : -8.297306
[setup in-reg] rst_ni -> _60648_/RN : -8.297306
[setup in-reg] rst_ni -> _60649_/RN : -8.297306
[setup in-reg] rst_ni -> _60650_/RN : -8.297306
[setup in-reg] rst_ni -> _60651_/RN : -8.297306
[setup in-reg] rst_ni -> _60652_/RN : -8.297306
[setup in-reg] rst_ni -> _60653_/RN : -8.297306
[setup in-reg] rst_ni -> _60654_/RN : -8.297306
[setup in-reg] rst_ni -> _60655_/RN : -8.297306
[setup in-reg] rst_ni -> _60656_/RN : -8.297306
[setup in-reg] rst_ni -> _60657_/RN : -8.297306
[setup in-reg] rst_ni -> _60658_/RN : -8.297306
[setup in-reg] rst_ni -> _60659_/RN : -8.297306
[setup in-reg] rst_ni -> _60660_/RN : -8.297306
[setup in-reg] rst_ni -> _60661_/RN : -8.297306
[setup in-reg] rst_ni -> _60662_/RN : -8.297306
[setup in-reg] rst_ni -> _60663_/RN : -8.297306
[setup in-reg] rst_ni -> _60664_/RN : -8.297306
[setup in-reg] rst_ni -> _60665_/RN : -8.297306
[setup in-reg] rst_ni -> _60666_/RN : -8.297306
[setup in-reg] rst_ni -> _60667_/RN : -8.297306
[setup in-reg] rst_ni -> _60668_/RN : -8.297306
[setup in-reg] rst_ni -> _60669_/RN : -8.297306
[setup in-reg] rst_ni -> _60670_/RN : -8.297306
[setup in-reg] rst_ni -> _60671_/RN : -8.297306
[setup in-reg] rst_ni -> _60672_/RN : -8.297306
[setup in-reg] rst_ni -> _60673_/RN : -8.297306
[setup in-reg] rst_ni -> _60674_/RN : -8.297306
[setup in-reg] rst_ni -> _60675_/RN : -8.297306
[setup in-reg] rst_ni -> _60676_/RN : -8.297306
[setup in-reg] rst_ni -> _60677_/RN : -8.297306
[setup in-reg] rst_ni -> _60678_/RN : -8.297306
[setup in-reg] rst_ni -> _60679_/RN : -8.297306
[setup in-reg] rst_ni -> _60680_/RN : -8.297306
[setup in-reg] rst_ni -> _60681_/RN : -8.297306
[setup in-reg] rst_ni -> _60682_/RN : -8.297306
[setup in-reg] rst_ni -> _60683_/RN : -8.297306
[setup in-reg] rst_ni -> _60684_/RN : -8.297306
[setup in-reg] rst_ni -> _60685_/RN : -8.297306
[setup in-reg] rst_ni -> _60686_/RN : -8.297306
[setup in-reg] rst_ni -> _60687_/RN : -8.297306
[setup in-reg] rst_ni -> _60688_/RN : -8.297306
[setup in-reg] rst_ni -> _60689_/RN : -8.297306
[setup in-reg] rst_ni -> _60690_/RN : -8.297306
[setup in-reg] rst_ni -> _60691_/RN : -8.297306
[setup in-reg] rst_ni -> _60692_/RN : -8.297306
[setup in-reg] rst_ni -> _60693_/RN : -8.297306
[setup in-reg] rst_ni -> _60694_/RN : -8.297306
[setup in-reg] rst_ni -> _60695_/RN : -8.297306
[setup in-reg] rst_ni -> _60696_/RN : -8.297306
[setup in-reg] rst_ni -> _60697_/RN : -8.297306
[setup in-reg] rst_ni -> _60698_/RN : -8.297306
[setup in-reg] rst_ni -> _60699_/RN : -8.297306
[setup in-reg] rst_ni -> _60700_/RN : -8.297306
[setup in-reg] rst_ni -> _60701_/RN : -8.297306
[setup in-reg] rst_ni -> _60702_/RN : -8.297306
[setup in-reg] rst_ni -> _60703_/RN : -8.297306
[setup in-reg] rst_ni -> _60704_/RN : -8.297306
[setup in-reg] rst_ni -> _60705_/RN : -8.297306
[setup in-reg] rst_ni -> _60706_/RN : -8.297306
[setup in-reg] rst_ni -> _60707_/RN : -8.297306
[setup in-reg] rst_ni -> _60708_/RN : -8.297306
[setup in-reg] rst_ni -> _60709_/RN : -8.297306
[setup in-reg] rst_ni -> _60710_/RN : -8.297306
[setup in-reg] rst_ni -> _60711_/RN : -8.297306
[setup in-reg] rst_ni -> _60712_/RN : -8.297306
[setup in-reg] rst_ni -> _60713_/RN : -8.297306
[setup in-reg] rst_ni -> _60714_/RN : -8.297306
[setup in-reg] rst_ni -> _60715_/RN : -8.297306
[setup in-reg] rst_ni -> _60716_/RN : -8.297306
[setup in-reg] rst_ni -> _60717_/RN : -8.297306
[setup in-reg] rst_ni -> _60718_/RN : -8.297306
[setup in-reg] rst_ni -> _60719_/RN : -8.297306
[setup in-reg] rst_ni -> _60720_/RN : -8.297306
[setup in-reg] rst_ni -> _60721_/RN : -8.297306
[setup in-reg] rst_ni -> _60722_/RN : -8.297306
[setup in-reg] rst_ni -> _60723_/RN : -8.297306
[setup in-reg] rst_ni -> _60724_/RN : -8.297306
[setup in-reg] rst_ni -> _60725_/RN : -8.297306
[setup in-reg] rst_ni -> _60726_/RN : -8.297306
[setup in-reg] rst_ni -> _60727_/RN : -8.297306
[setup in-reg] rst_ni -> _60728_/RN : -8.297306
[setup in-reg] rst_ni -> _60729_/RN : -8.297306
[setup in-reg] rst_ni -> _60730_/RN : -8.297306
[setup in-reg] rst_ni -> _60731_/RN : -8.297306
[setup in-reg] rst_ni -> _60732_/RN : -8.297306
[setup in-reg] rst_ni -> _60733_/RN : -8.297306
[setup in-reg] rst_ni -> _60734_/RN : -8.297306
[setup in-reg] rst_ni -> _60735_/RN : -8.297306
[setup in-reg] rst_ni -> _60736_/RN : -8.297306
[setup in-reg] rst_ni -> _60737_/RN : -8.297306
[setup in-reg] rst_ni -> _60738_/RN : -8.297306
[setup in-reg] rst_ni -> _60739_/RN : -8.297306
[setup in-reg] rst_ni -> _60740_/RN : -8.297306
[setup in-reg] rst_ni -> _60741_/RN : -8.297306
[setup in-reg] rst_ni -> _60742_/RN : -8.297306
[setup in-reg] rst_ni -> _60743_/RN : -8.297306
[setup in-reg] rst_ni -> _60744_/RN : -8.297306
[setup in-reg] rst_ni -> _60745_/RN : -8.297306
[setup in-reg] rst_ni -> _60746_/RN : -8.297306
[setup in-reg] rst_ni -> _60747_/RN : -8.297306
[setup in-reg] rst_ni -> _60748_/RN : -8.297306
[setup in-reg] rst_ni -> _60749_/RN : -8.297306
[setup in-reg] rst_ni -> _60750_/RN : -8.297306
[setup in-reg] rst_ni -> _60751_/RN : -8.297306
[setup in-reg] rst_ni -> _60752_/RN : -8.297306
[setup in-reg] rst_ni -> _60753_/RN : -8.297306
[setup in-reg] rst_ni -> _60754_/RN : -8.297306
[setup in-reg] rst_ni -> _60755_/RN : -8.297306
[setup in-reg] rst_ni -> _60756_/RN : -8.297306
[setup in-reg] rst_ni -> _60757_/RN : -8.297306
[setup in-reg] rst_ni -> _60758_/RN : -8.297306
[setup in-reg] rst_ni -> _60759_/RN : -8.297306
[setup in-reg] rst_ni -> _60760_/RN : -8.297306
[setup in-reg] rst_ni -> _60761_/RN : -8.297306
[setup in-reg] rst_ni -> _60762_/RN : -8.297306
[setup in-reg] rst_ni -> _60763_/RN : -8.297306
[setup in-reg] rst_ni -> _60764_/RN : -8.297306
[setup in-reg] rst_ni -> _60765_/RN : -8.297306
[setup in-reg] rst_ni -> _60766_/RN : -8.297306
[setup in-reg] rst_ni -> _60767_/RN : -8.297306
[setup in-reg] rst_ni -> _60768_/RN : -8.297306
[setup in-reg] rst_ni -> _60769_/RN : -8.297306
[setup in-reg] rst_ni -> _60770_/RN : -8.297306
[setup in-reg] rst_ni -> _60771_/RN : -8.297306
[setup in-reg] rst_ni -> _60772_/RN : -8.297306
[setup in-reg] rst_ni -> _60773_/RN : -8.297306
[setup in-reg] rst_ni -> _60774_/RN : -8.297306
[setup in-reg] rst_ni -> _60775_/RN : -8.297306
[setup in-reg] rst_ni -> _60776_/RN : -8.297306
[setup in-reg] rst_ni -> _60777_/RN : -8.297306
[setup in-reg] rst_ni -> _60778_/RN : -8.297306
[setup in-reg] rst_ni -> _60779_/RN : -8.297306
[setup in-reg] rst_ni -> _60780_/RN : -8.297306
[setup in-reg] rst_ni -> _60781_/RN : -8.297306
[setup in-reg] rst_ni -> _60782_/RN : -8.297306
[setup in-reg] rst_ni -> _60783_/RN : -8.297306
[setup in-reg] rst_ni -> _60784_/RN : -8.297306
[setup in-reg] rst_ni -> _60785_/RN : -8.297306
[setup in-reg] rst_ni -> _60786_/RN : -8.297306
[setup in-reg] rst_ni -> _60787_/RN : -8.297306
[setup in-reg] rst_ni -> _60788_/RN : -8.297306
[setup in-reg] rst_ni -> _60789_/RN : -8.297306
[setup in-reg] rst_ni -> _60790_/RN : -8.297306
[setup in-reg] rst_ni -> _60791_/RN : -8.297306
[setup in-reg] rst_ni -> _60792_/RN : -8.297306
[setup in-reg] rst_ni -> _60793_/RN : -8.297306
[setup in-reg] rst_ni -> _60794_/RN : -8.297306
[setup in-reg] rst_ni -> _60795_/RN : -8.297306
[setup in-reg] rst_ni -> _60796_/RN : -8.297306
[setup in-reg] rst_ni -> _60797_/RN : -8.297306
[setup in-reg] rst_ni -> _60798_/RN : -8.297306
[setup in-reg] rst_ni -> _60799_/RN : -8.297306
[setup in-reg] rst_ni -> _60800_/RN : -8.297306
[setup in-reg] rst_ni -> _60801_/RN : -8.297306
[setup in-reg] rst_ni -> _60802_/RN : -8.297306
[setup in-reg] rst_ni -> _60803_/RN : -8.297306
[setup in-reg] rst_ni -> _60804_/RN : -8.297306
[setup in-reg] rst_ni -> _60805_/RN : -8.297306
[setup in-reg] rst_ni -> _60806_/RN : -8.297306
[setup in-reg] rst_ni -> _60807_/RN : -8.297306
[setup in-reg] rst_ni -> _60808_/RN : -8.297306
[setup in-reg] rst_ni -> _60809_/RN : -8.297306
[setup in-reg] rst_ni -> _60810_/RN : -8.297306
[setup in-reg] rst_ni -> _60811_/RN : -8.297306
[setup in-reg] rst_ni -> _60812_/RN : -8.297306
[setup in-reg] rst_ni -> _60813_/RN : -8.297306
[setup in-reg] rst_ni -> _60814_/RN : -8.297306
[setup in-reg] rst_ni -> _60815_/RN : -8.297306
[setup in-reg] rst_ni -> _60816_/RN : -8.297306
[setup in-reg] rst_ni -> _60817_/RN : -8.297306
[setup in-reg] rst_ni -> _60818_/RN : -8.297306
[setup in-reg] rst_ni -> _60819_/RN : -8.297306
[setup in-reg] rst_ni -> _60820_/RN : -8.297306
[setup in-reg] rst_ni -> _60821_/RN : -8.297306
[setup in-reg] rst_ni -> _60822_/RN : -8.297306
[setup in-reg] rst_ni -> _60823_/RN : -8.297306
[setup in-reg] rst_ni -> _60824_/RN : -8.297306
[setup in-reg] rst_ni -> _60825_/RN : -8.297306
[setup in-reg] rst_ni -> _60826_/RN : -8.297306
[setup in-reg] rst_ni -> _60827_/RN : -8.297306
[setup in-reg] rst_ni -> _60828_/RN : -8.297306
[setup in-reg] rst_ni -> _60829_/RN : -8.297306
[setup in-reg] rst_ni -> _60830_/RN : -8.297306
[setup in-reg] rst_ni -> _60831_/RN : -8.297306
[setup in-reg] rst_ni -> _60832_/RN : -8.297306
[setup in-reg] rst_ni -> _60833_/RN : -8.297306
[setup in-reg] rst_ni -> _60834_/RN : -8.297306
[setup in-reg] rst_ni -> _60836_/RN : -8.297306
[setup in-reg] rst_ni -> _60840_/RN : -8.297306
[setup in-reg] rst_ni -> _60841_/RN : -8.297306
[setup in-reg] rst_ni -> _60842_/RN : -8.297306
[setup in-reg] rst_ni -> _60843_/RN : -8.297306
[setup in-reg] rst_ni -> _60844_/RN : -8.297306
[setup in-reg] rst_ni -> _60845_/RN : -8.297306
[setup in-reg] rst_ni -> _60846_/RN : -8.297306
[setup in-reg] rst_ni -> _60849_/RN : -8.297306
[setup in-reg] rst_ni -> _60850_/RN : -8.297306
[setup in-reg] rst_ni -> _60851_/RN : -8.297306
[setup in-reg] rst_ni -> _60852_/RN : -8.297306
[setup in-reg] rst_ni -> _60853_/RN : -8.297306
[setup in-reg] rst_ni -> _60854_/RN : -8.297306
[setup in-reg] rst_ni -> _60855_/RN : -8.297306
[setup in-reg] rst_ni -> _60856_/RN : -8.297306
[setup in-reg] rst_ni -> _60857_/RN : -8.297306
[setup in-reg] rst_ni -> _60858_/RN : -8.297306
[setup in-reg] rst_ni -> _60859_/RN : -8.297306
[setup in-reg] rst_ni -> _60860_/RN : -8.297306
[setup in-reg] rst_ni -> _60861_/RN : -8.297306
[setup in-reg] rst_ni -> _60862_/RN : -8.297306
[setup in-reg] rst_ni -> _60863_/RN : -8.297306
[setup in-reg] rst_ni -> _60864_/RN : -8.297306
[setup in-reg] rst_ni -> _60865_/RN : -8.297306
[setup in-reg] rst_ni -> _60866_/RN : -8.297306
[setup in-reg] rst_ni -> _60867_/RN : -8.297306
[setup in-reg] rst_ni -> _60868_/RN : -8.297306
[setup in-reg] rst_ni -> _60869_/RN : -8.297306
[setup in-reg] rst_ni -> _60870_/RN : -8.297306
[setup in-reg] rst_ni -> _60871_/RN : -8.297306
[setup in-reg] rst_ni -> _60872_/RN : -8.297306
[setup in-reg] rst_ni -> _60873_/RN : -8.297306
[setup in-reg] rst_ni -> _60874_/RN : -8.297306
[setup in-reg] rst_ni -> _60875_/RN : -8.297306
[setup in-reg] rst_ni -> _60876_/RN : -8.297306
[setup in-reg] rst_ni -> _60877_/RN : -8.297306
[setup in-reg] rst_ni -> _60878_/RN : -8.297306
[setup in-reg] rst_ni -> _60879_/RN : -8.297306
[setup in-reg] rst_ni -> _60880_/RN : -8.297306
[setup in-reg] rst_ni -> _60881_/RN : -8.297306
[setup in-reg] rst_ni -> _60882_/RN : -8.297306
[setup in-reg] rst_ni -> _60883_/RN : -8.297306
[setup in-reg] rst_ni -> _60884_/RN : -8.297306
[setup in-reg] rst_ni -> _60885_/RN : -8.297306
[setup in-reg] rst_ni -> _60886_/RN : -8.297306
[setup in-reg] rst_ni -> _60887_/RN : -8.297306
[setup in-reg] rst_ni -> _60888_/RN : -8.297306
[setup in-reg] rst_ni -> _60889_/RN : -8.297306
[setup in-reg] rst_ni -> _60890_/RN : -8.297306
[setup in-reg] rst_ni -> _60891_/RN : -8.297306
[setup in-reg] rst_ni -> _60892_/RN : -8.297306
[setup in-reg] rst_ni -> _60893_/RN : -8.297306
[setup in-reg] rst_ni -> _60894_/RN : -8.297306
[setup in-reg] rst_ni -> _60895_/RN : -8.297306
[setup in-reg] rst_ni -> _60896_/RN : -8.297306
[setup in-reg] rst_ni -> _60897_/RN : -8.297306
[setup in-reg] rst_ni -> _60898_/RN : -8.297306
[setup in-reg] rst_ni -> _60899_/RN : -8.297306
[setup in-reg] rst_ni -> _60900_/RN : -8.297306
[setup in-reg] rst_ni -> _60901_/RN : -8.297306
[setup in-reg] rst_ni -> _60902_/RN : -8.297306
[setup in-reg] rst_ni -> _60903_/RN : -8.297306
[setup in-reg] rst_ni -> _60904_/RN : -8.297306
[setup in-reg] rst_ni -> _60905_/RN : -8.297306
[setup in-reg] rst_ni -> _60906_/RN : -8.297306
[setup in-reg] rst_ni -> _60908_/RN : -8.297306
[setup in-reg] rst_ni -> _60909_/RN : -8.297306
[setup in-reg] rst_ni -> _60910_/RN : -8.297306
[setup in-reg] rst_ni -> _60911_/RN : -8.297306
[setup in-reg] rst_ni -> _60912_/RN : -8.297306
[setup in-reg] rst_ni -> _60913_/RN : -8.297306
[setup in-reg] rst_ni -> _60914_/RN : -8.297306
[setup in-reg] rst_ni -> _60915_/RN : -8.297306
[setup in-reg] rst_ni -> _60916_/RN : -8.297306
[setup in-reg] rst_ni -> _60917_/RN : -8.297306
[setup in-reg] rst_ni -> _60918_/RN : -8.297306
[setup in-reg] rst_ni -> _60919_/RN : -8.297306
[setup in-reg] rst_ni -> _60920_/RN : -8.297306
[setup in-reg] rst_ni -> _60921_/RN : -8.297306
[setup in-reg] rst_ni -> _60922_/RN : -8.297306
[setup in-reg] rst_ni -> _60923_/RN : -8.297306
[setup in-reg] rst_ni -> _60924_/RN : -8.297306
[setup in-reg] rst_ni -> _60925_/RN : -8.297306
[setup in-reg] rst_ni -> _60926_/RN : -8.297306
[setup in-reg] rst_ni -> _60927_/RN : -8.297306
[setup in-reg] rst_ni -> _60928_/RN : -8.297306
[setup in-reg] rst_ni -> _60929_/RN : -8.297306
[setup in-reg] rst_ni -> _60930_/RN : -8.297306
[setup in-reg] rst_ni -> _60931_/RN : -8.297306
[setup in-reg] rst_ni -> _60932_/RN : -8.297306
[setup in-reg] rst_ni -> _60933_/RN : -8.297306
[setup in-reg] rst_ni -> _60934_/RN : -8.297306
[setup in-reg] rst_ni -> _60935_/RN : -8.297306
[setup in-reg] rst_ni -> _60936_/RN : -8.297306
[setup in-reg] rst_ni -> _60937_/RN : -8.297306
[setup in-reg] rst_ni -> _60938_/RN : -8.297306
[setup in-reg] rst_ni -> _60940_/RN : -8.297306
[setup in-reg] rst_ni -> _60941_/RN : -8.297306
[setup in-reg] rst_ni -> _60942_/RN : -8.297306
[setup in-reg] rst_ni -> _60943_/RN : -8.297306
[setup in-reg] rst_ni -> _60944_/RN : -8.297306
[setup in-reg] rst_ni -> _60945_/RN : -8.297306
[setup in-reg] rst_ni -> _60946_/RN : -8.297306
[setup in-reg] rst_ni -> _60947_/RN : -8.297306
[setup in-reg] rst_ni -> _60948_/RN : -8.297306
[setup in-reg] rst_ni -> _60949_/RN : -8.297306
[setup in-reg] rst_ni -> _60950_/RN : -8.297306
[setup in-reg] rst_ni -> _60951_/RN : -8.297306
[setup in-reg] rst_ni -> _60952_/RN : -8.297306
[setup in-reg] rst_ni -> _60953_/RN : -8.297306
[setup in-reg] rst_ni -> _60954_/RN : -8.297306
[setup in-reg] rst_ni -> _60955_/RN : -8.297306
[setup in-reg] rst_ni -> _60956_/RN : -8.297306
[setup in-reg] rst_ni -> _60957_/RN : -8.297306
[setup in-reg] rst_ni -> _60958_/RN : -8.297306
[setup in-reg] rst_ni -> _60959_/RN : -8.297306
[setup in-reg] rst_ni -> _60960_/RN : -8.297306
[setup in-reg] rst_ni -> _60961_/RN : -8.297306
[setup in-reg] rst_ni -> _60962_/RN : -8.297306
[setup in-reg] rst_ni -> _60987_/RN : -8.297306
[setup in-reg] rst_ni -> _60988_/RN : -8.297306
[setup in-reg] rst_ni -> _60989_/RN : -8.297306
[setup in-reg] rst_ni -> _60990_/RN : -8.297306
[setup in-reg] rst_ni -> _60991_/RN : -8.297306
[setup in-reg] rst_ni -> _60992_/RN : -8.297306
[setup in-reg] rst_ni -> _60993_/RN : -8.297306
[setup in-reg] rst_ni -> _60994_/RN : -8.297306
[setup in-reg] rst_ni -> _60995_/RN : -8.297306
[setup in-reg] rst_ni -> _60996_/RN : -8.297306
[setup in-reg] rst_ni -> _60997_/RN : -8.297306
[setup in-reg] rst_ni -> _61000_/RN : -8.297306
[setup in-reg] rst_ni -> _61001_/RN : -8.297306
[setup in-reg] rst_ni -> _61002_/RN : -8.297306
[setup in-reg] rst_ni -> _61003_/RN : -8.297306
[setup in-reg] rst_ni -> _61004_/RN : -8.297306
[setup in-reg] rst_ni -> _61005_/RN : -8.297306
[setup in-reg] rst_ni -> _61029_/RN : -8.297306
[setup in-reg] rst_ni -> _61081_/RN : -8.297306
[setup in-reg] rst_ni -> _61082_/RN : -8.297306
[setup in-reg] rst_ni -> _61083_/RN : -8.297306
[setup in-reg] rst_ni -> _61084_/RN : -8.297306
[setup in-reg] rst_ni -> _61085_/RN : -8.297306
[setup in-reg] rst_ni -> _61086_/RN : -8.297306
[setup in-reg] rst_ni -> _61087_/RN : -8.297306
[setup in-reg] rst_ni -> _61089_/RN : -8.297306
[setup in-reg] rst_ni -> _61090_/RN : -8.297306
[setup in-reg] rst_ni -> _61091_/RN : -8.297306
[setup in-reg] rst_ni -> _61092_/RN : -8.297306
[setup in-reg] rst_ni -> _61093_/RN : -8.297306
[setup in-reg] rst_ni -> _61094_/RN : -8.297306
[setup in-reg] rst_ni -> _61496_/RN : -8.297306
[setup in-reg] rst_ni -> _61497_/RN : -8.297306
[setup in-reg] rst_ni -> _61498_/RN : -8.297306
[setup in-reg] rst_ni -> _61499_/RN : -8.297306
[setup in-reg] rst_ni -> _61500_/RN : -8.297306
[setup in-reg] rst_ni -> _61765_/RN : -8.297306
[setup in-reg] rst_ni -> _61766_/RN : -8.297306
[setup in-reg] rst_ni -> _61767_/RN : -8.297306
[setup in-reg] rst_ni -> _61768_/RN : -8.297306
[setup in-reg] rst_ni -> _61769_/RN : -8.297306
[setup in-reg] rst_ni -> _61770_/RN : -8.297306
[setup in-reg] rst_ni -> _61771_/RN : -8.297306
[setup in-reg] rst_ni -> _61772_/RN : -8.297306
[setup in-reg] rst_ni -> _61773_/RN : -8.297306
[setup in-reg] rst_ni -> _61774_/RN : -8.297306
[setup in-reg] rst_ni -> _61775_/RN : -8.297306
[setup in-reg] rst_ni -> _61776_/RN : -8.297306
[setup in-reg] rst_ni -> _61777_/RN : -8.297306
[setup in-reg] rst_ni -> _61778_/RN : -8.297306
[setup in-reg] rst_ni -> _61779_/RN : -8.297306
[setup in-reg] rst_ni -> _61780_/RN : -8.297306
[setup in-reg] rst_ni -> _61781_/RN : -8.297306
[setup in-reg] rst_ni -> _61782_/RN : -8.297306
[setup in-reg] rst_ni -> _61783_/RN : -8.297306
[setup in-reg] rst_ni -> _61784_/RN : -8.297306
[setup in-reg] rst_ni -> _61786_/RN : -8.297306
[setup in-reg] rst_ni -> _61787_/RN : -8.297306
[setup in-reg] rst_ni -> _61788_/RN : -8.297306
[setup in-reg] rst_ni -> _61789_/RN : -8.297306
[setup in-reg] rst_ni -> _61790_/RN : -8.297306
[setup in-reg] rst_ni -> _61791_/RN : -8.297306
[setup in-reg] rst_ni -> _61792_/RN : -8.297306
[setup in-reg] rst_ni -> _61793_/RN : -8.297306
[setup in-reg] rst_ni -> _61794_/RN : -8.297306
[setup in-reg] rst_ni -> _61795_/RN : -8.297306
[setup in-reg] rst_ni -> _61796_/RN : -8.297306
[setup in-reg] rst_ni -> _61797_/RN : -8.297306
[setup in-reg] rst_ni -> _61799_/RN : -8.297306
[setup in-reg] rst_ni -> _61800_/RN : -8.297306
[setup in-reg] rst_ni -> _61801_/RN : -8.297306
[setup in-reg] rst_ni -> _61803_/RN : -8.297306
[setup in-reg] rst_ni -> _61804_/RN : -8.297306
[setup in-reg] rst_ni -> _61806_/RN : -8.297306
[setup in-reg] rst_ni -> _61807_/RN : -8.297306
[setup in-reg] rst_ni -> _61809_/RN : -8.297306
[setup in-reg] rst_ni -> _61810_/RN : -8.297306
[setup in-reg] rst_ni -> _61812_/RN : -8.297306
[setup in-reg] rst_ni -> _61813_/RN : -8.297306
[setup in-reg] rst_ni -> _61815_/RN : -8.297306
[setup in-reg] rst_ni -> _61816_/RN : -8.297306
[setup in-reg] rst_ni -> _61818_/RN : -8.297306
[setup in-reg] rst_ni -> _61819_/RN : -8.297306
[setup in-reg] rst_ni -> _61820_/RN : -8.297306
[setup in-reg] rst_ni -> _61821_/RN : -8.297306
[setup in-reg] rst_ni -> _61822_/RN : -8.297306
[setup in-reg] rst_ni -> _61823_/RN : -8.297306
[setup in-reg] rst_ni -> _61824_/RN : -8.297306
[setup in-reg] rst_ni -> _61825_/RN : -8.297306
[setup in-reg] rst_ni -> _61826_/RN : -8.297306
[setup in-reg] rst_ni -> _61827_/RN : -8.297306
[setup in-reg] rst_ni -> _61828_/RN : -8.297306
[setup in-reg] rst_ni -> _61829_/RN : -8.297306
[setup in-reg] rst_ni -> _61830_/RN : -8.297306
[setup in-reg] rst_ni -> _61831_/RN : -8.297306
[setup in-reg] rst_ni -> _61832_/RN : -8.297306
[setup in-reg] rst_ni -> _61833_/RN : -8.297306
[setup in-reg] rst_ni -> _61834_/RN : -8.297306
[setup in-reg] rst_ni -> _61835_/RN : -8.297306
[setup in-reg] rst_ni -> _61836_/RN : -8.297306
[setup in-reg] rst_ni -> _61837_/RN : -8.297306
[setup in-reg] rst_ni -> _61838_/RN : -8.297306
[setup in-reg] rst_ni -> _61839_/RN : -8.297306
[setup in-reg] rst_ni -> _61840_/RN : -8.297306
[setup in-reg] rst_ni -> _61841_/RN : -8.297306
[setup in-reg] rst_ni -> _61842_/RN : -8.297306
[setup in-reg] rst_ni -> _61843_/RN : -8.297306
[setup in-reg] rst_ni -> _61844_/RN : -8.297306
[setup in-reg] rst_ni -> _61845_/RN : -8.297306
[setup in-reg] rst_ni -> _61846_/RN : -8.297306
[setup in-reg] rst_ni -> _61847_/RN : -8.297306
[setup in-reg] rst_ni -> _61848_/RN : -8.297306
[setup in-reg] rst_ni -> _61849_/RN : -8.297306
[setup in-reg] rst_ni -> _61850_/RN : -8.297306
[setup in-reg] rst_ni -> _61852_/RN : -8.297306
[setup in-reg] rst_ni -> _61853_/RN : -8.297306
[setup in-reg] rst_ni -> _61854_/RN : -8.297306
[setup in-reg] rst_ni -> _61855_/RN : -8.297306
[setup in-reg] rst_ni -> _61856_/RN : -8.297306
[setup in-reg] rst_ni -> _61857_/RN : -8.297306
[setup in-reg] rst_ni -> _61881_/RN : -8.297306
[setup in-reg] rst_ni -> _61882_/RN : -8.297306
[setup in-reg] rst_ni -> _61883_/RN : -8.297306
[setup in-reg] rst_ni -> _61884_/RN : -8.297306
[setup in-reg] rst_ni -> _61885_/RN : -8.297306
[setup in-reg] rst_ni -> _61886_/RN : -8.297306
[setup in-reg] rst_ni -> _61887_/RN : -8.297306
[setup in-reg] rst_ni -> _61888_/RN : -8.297306
[setup in-reg] rst_ni -> _61889_/RN : -8.297306
[setup in-reg] rst_ni -> _61890_/RN : -8.297306
[setup in-reg] rst_ni -> _61891_/RN : -8.297306
[setup in-reg] rst_ni -> _61892_/RN : -8.297306
[setup in-reg] rst_ni -> _61893_/RN : -8.297306
[setup in-reg] rst_ni -> _61894_/RN : -8.297306
[setup in-reg] rst_ni -> _61895_/RN : -8.297306
[setup in-reg] rst_ni -> _61896_/RN : -8.297306
[setup in-reg] rst_ni -> _61897_/RN : -8.297306
[setup in-reg] rst_ni -> _61898_/RN : -8.297306
[setup in-reg] rst_ni -> _61899_/RN : -8.297306
[setup in-reg] rst_ni -> _61900_/RN : -8.297306
[setup in-reg] rst_ni -> _61901_/RN : -8.297306
[setup in-reg] rst_ni -> _61902_/RN : -8.297306
[setup in-reg] rst_ni -> _61903_/RN : -8.297306
[setup in-reg] rst_ni -> _61904_/RN : -8.297306
[setup in-reg] rst_ni -> _61905_/RN : -8.297306
[setup in-reg] rst_ni -> _61906_/RN : -8.297306
[setup in-reg] rst_ni -> _61907_/RN : -8.297306
[setup in-reg] rst_ni -> _61908_/RN : -8.297306
[setup in-reg] rst_ni -> _61909_/RN : -8.297306
[setup in-reg] rst_ni -> _61910_/RN : -8.297306
[setup in-reg] rst_ni -> _61911_/RN : -8.297306
[setup in-reg] rst_ni -> _61912_/RN : -8.297306
[setup in-reg] rst_ni -> _61913_/RN : -8.297306
[setup in-reg] rst_ni -> _61914_/RN : -8.297306
[setup in-reg] rst_ni -> _61915_/RN : -8.297306
[setup in-reg] rst_ni -> _61916_/RN : -8.297306
[setup in-reg] rst_ni -> _61917_/RN : -8.297306
[setup in-reg] rst_ni -> _61918_/RN : -8.297306
[setup in-reg] rst_ni -> _61919_/RN : -8.297306
[setup in-reg] rst_ni -> _61920_/RN : -8.297306
[setup in-reg] rst_ni -> _61921_/RN : -8.297306
[setup in-reg] rst_ni -> _61954_/RN : -8.297306
[setup in-reg] rst_ni -> _61955_/RN : -8.297306
[setup in-reg] rst_ni -> _61956_/RN : -8.297306
[setup in-reg] rst_ni -> _61957_/RN : -8.297306
[setup in-reg] rst_ni -> _61958_/RN : -8.297306
[setup in-reg] rst_ni -> _61959_/RN : -8.297306
[setup in-reg] rst_ni -> _61960_/RN : -8.297306
[setup in-reg] rst_ni -> _61961_/RN : -8.297306
[setup in-reg] rst_ni -> _61962_/RN : -8.297306
[setup in-reg] rst_ni -> _61963_/RN : -8.297306
[setup in-reg] rst_ni -> _61964_/RN : -8.297306
[setup in-reg] rst_ni -> _61965_/RN : -8.297306
[setup in-reg] rst_ni -> _61966_/RN : -8.297306
[setup in-reg] rst_ni -> _61967_/RN : -8.297306
[setup in-reg] rst_ni -> _61968_/RN : -8.297306
[setup in-reg] rst_ni -> _61969_/RN : -8.297306
[setup in-reg] rst_ni -> _61970_/RN : -8.297306
[setup in-reg] rst_ni -> _61971_/RN : -8.297306
[setup in-reg] rst_ni -> _61972_/RN : -8.297306
[setup in-reg] rst_ni -> _61973_/RN : -8.297306
[setup in-reg] rst_ni -> _61974_/RN : -8.297306
[setup in-reg] rst_ni -> _61975_/RN : -8.297306
[setup in-reg] rst_ni -> _61976_/RN : -8.297306
[setup in-reg] rst_ni -> _61977_/RN : -8.297306
[setup in-reg] rst_ni -> _61978_/RN : -8.297306
[setup in-reg] rst_ni -> _61979_/RN : -8.297306
[setup in-reg] rst_ni -> _61980_/RN : -8.297306
[setup in-reg] rst_ni -> _61981_/RN : -8.297306
[setup in-reg] rst_ni -> _61982_/RN : -8.297306
[setup in-reg] rst_ni -> _61983_/RN : -8.297306
[setup in-reg] rst_ni -> _61984_/RN : -8.297306
[setup in-reg] rst_ni -> _61985_/RN : -8.297306
[setup in-reg] rst_ni -> _61994_/RN : -8.297306
[setup in-reg] rst_ni -> _61995_/RN : -8.297306
[setup in-reg] rst_ni -> _61996_/RN : -8.297306
[setup in-reg] rst_ni -> _61997_/RN : -8.297306
[setup in-reg] rst_ni -> _61998_/RN : -8.297306
[setup in-reg] rst_ni -> _61999_/RN : -8.297306
[setup in-reg] rst_ni -> _62000_/RN : -8.297306
[setup in-reg] rst_ni -> _62001_/RN : -8.297306
[setup in-reg] rst_ni -> _62002_/RN : -8.297306
[setup in-reg] rst_ni -> _62003_/RN : -8.297306
[setup in-reg] rst_ni -> _62004_/RN : -8.297306
[setup in-reg] rst_ni -> _62005_/RN : -8.297306
[setup in-reg] rst_ni -> _62006_/RN : -8.297306
[setup in-reg] rst_ni -> _62007_/RN : -8.297306
[setup in-reg] rst_ni -> _62008_/RN : -8.297306
[setup in-reg] rst_ni -> _62009_/RN : -8.297306
[setup in-reg] rst_ni -> _62010_/RN : -8.297306
[setup in-reg] rst_ni -> _62011_/RN : -8.297306
[setup in-reg] rst_ni -> _62012_/RN : -8.297306
[setup in-reg] rst_ni -> _62013_/RN : -8.297306
[setup in-reg] rst_ni -> _62014_/RN : -8.297306
[setup in-reg] rst_ni -> _62015_/RN : -8.297306
[setup in-reg] rst_ni -> _62016_/RN : -8.297306
[setup in-reg] rst_ni -> _62017_/RN : -8.297306
[setup in-reg] rst_ni -> _62018_/RN : -8.297306
[setup in-reg] rst_ni -> _62019_/RN : -8.297306
[setup in-reg] rst_ni -> _62020_/RN : -8.297306
[setup in-reg] rst_ni -> _62021_/RN : -8.297306
[setup in-reg] rst_ni -> _62022_/RN : -8.297306
[setup in-reg] rst_ni -> _62023_/RN : -8.297306
[setup in-reg] rst_ni -> _62024_/RN : -8.297306
[setup in-reg] rst_ni -> _62025_/RN : -8.297306
[setup in-reg] rst_ni -> _62026_/RN : -8.297306
[setup in-reg] rst_ni -> _62027_/RN : -8.297306
[setup in-reg] rst_ni -> _62028_/RN : -8.297306
[setup in-reg] rst_ni -> _62029_/RN : -8.297306
[setup in-reg] rst_ni -> _62030_/RN : -8.297306
[setup in-reg] rst_ni -> _62031_/RN : -8.297306
[setup in-reg] rst_ni -> _62032_/RN : -8.297306
[setup in-reg] rst_ni -> _62033_/RN : -8.297306
[setup in-reg] rst_ni -> _62034_/RN : -8.297306
[setup in-reg] rst_ni -> _62035_/RN : -8.297306
[setup in-reg] rst_ni -> _62036_/RN : -8.297306
[setup in-reg] rst_ni -> _62037_/RN : -8.297306
[setup in-reg] rst_ni -> _62038_/RN : -8.297306
[setup in-reg] rst_ni -> _62039_/RN : -8.297306
[setup in-reg] rst_ni -> _62040_/RN : -8.297306
[setup in-reg] rst_ni -> _62041_/RN : -8.297306
[setup in-reg] rst_ni -> _62044_/RN : -8.297306
[setup in-reg] rst_ni -> _62045_/RN : -8.297306
[setup in-reg] rst_ni -> _62046_/RN : -8.297306
[setup in-reg] rst_ni -> _62047_/RN : -8.297306
[setup in-reg] rst_ni -> _62048_/RN : -8.297306
[setup in-reg] rst_ni -> _62049_/RN : -8.297306
[setup in-reg] rst_ni -> _62050_/RN : -8.297306
[setup in-reg] rst_ni -> _62051_/RN : -8.297306
[setup in-reg] rst_ni -> _62052_/RN : -8.297306
[setup in-reg] rst_ni -> _62053_/RN : -8.297306
[setup in-reg] rst_ni -> _62054_/RN : -8.297306
[setup in-reg] rst_ni -> _62055_/RN : -8.297306
[setup in-reg] rst_ni -> _62056_/RN : -8.297306
[setup in-reg] rst_ni -> _62057_/RN : -8.297306
[setup in-reg] rst_ni -> _62058_/RN : -8.297306
[setup in-reg] rst_ni -> _62059_/RN : -8.297306
[setup in-reg] rst_ni -> _62060_/RN : -8.297306
[setup in-reg] rst_ni -> _62061_/RN : -8.297306
[setup in-reg] rst_ni -> _62062_/RN : -8.297306
[setup in-reg] rst_ni -> _62063_/RN : -8.297306
[setup in-reg] rst_ni -> _62064_/RN : -8.297306
[setup in-reg] rst_ni -> _62065_/RN : -8.297306
[setup in-reg] rst_ni -> _62066_/RN : -8.297306
[setup in-reg] rst_ni -> _62067_/RN : -8.297306
[setup in-reg] rst_ni -> _62068_/RN : -8.297306
[setup in-reg] rst_ni -> _62069_/RN : -8.297306
[setup in-reg] rst_ni -> _62070_/RN : -8.297306
[setup in-reg] rst_ni -> _62071_/RN : -8.297306
[setup in-reg] rst_ni -> _62072_/RN : -8.297306
[setup in-reg] rst_ni -> _62073_/RN : -8.297306
[setup in-reg] rst_ni -> _62074_/RN : -8.297306
[setup in-reg] rst_ni -> _62075_/RN : -8.297306
[setup in-reg] rst_ni -> _62076_/RN : -8.297306
[setup in-reg] rst_ni -> _62077_/RN : -8.297306
[setup in-reg] rst_ni -> _62078_/RN : -8.297306
[setup in-reg] rst_ni -> _62079_/RN : -8.297306
[setup in-reg] rst_ni -> _62080_/RN : -8.297306
[setup in-reg] rst_ni -> _62081_/RN : -8.297306
[setup in-reg] rst_ni -> _62082_/RN : -8.297306
[setup in-reg] rst_ni -> _62083_/RN : -8.297306
[setup in-reg] rst_ni -> _62084_/RN : -8.297306
[setup in-reg] rst_ni -> _62085_/RN : -8.297306
[setup in-reg] rst_ni -> _62086_/RN : -8.297306
[setup in-reg] rst_ni -> _62087_/RN : -8.297306
[setup in-reg] rst_ni -> _62088_/RN : -8.297306
[setup in-reg] rst_ni -> _62089_/RN : -8.297306
[setup in-reg] rst_ni -> _62090_/RN : -8.297306
[setup in-reg] rst_ni -> _62091_/RN : -8.297306
[setup in-reg] rst_ni -> _62092_/RN : -8.297306
[setup in-reg] rst_ni -> _62093_/RN : -8.297306
[setup in-reg] rst_ni -> _62094_/RN : -8.297306
[setup in-reg] rst_ni -> _62095_/RN : -8.297306
[setup in-reg] rst_ni -> _62096_/RN : -8.297306
[setup in-reg] rst_ni -> _62097_/RN : -8.297306
[setup in-reg] rst_ni -> _62098_/RN : -8.297306
[setup in-reg] rst_ni -> _62099_/RN : -8.297306
[setup in-reg] rst_ni -> _62100_/RN : -8.297306
[setup in-reg] rst_ni -> _62101_/RN : -8.297306
[setup in-reg] rst_ni -> _62102_/RN : -8.297306
[setup in-reg] rst_ni -> _62103_/RN : -8.297306
[setup in-reg] rst_ni -> _62104_/RN : -8.297306
[setup in-reg] rst_ni -> _62105_/RN : -8.297306
[setup in-reg] rst_ni -> _62106_/RN : -8.297306
[setup in-reg] rst_ni -> _62107_/RN : -8.297306
[setup in-reg] rst_ni -> _62108_/RN : -8.297306
[setup in-reg] rst_ni -> _62109_/RN : -8.297306
[setup in-reg] rst_ni -> _62110_/RN : -8.297306
[setup in-reg] rst_ni -> _62111_/RN : -8.297306
[setup in-reg] rst_ni -> _62112_/RN : -8.297306
[setup in-reg] rst_ni -> _62113_/RN : -8.297306
[setup in-reg] rst_ni -> _62114_/RN : -8.297306
[setup in-reg] rst_ni -> _62115_/RN : -8.297306
[setup in-reg] rst_ni -> _62116_/RN : -8.297306
[setup in-reg] rst_ni -> _62117_/RN : -8.297306
[setup in-reg] rst_ni -> _62118_/RN : -8.297306
[setup in-reg] rst_ni -> _62119_/RN : -8.297306
[setup in-reg] rst_ni -> _62120_/RN : -8.297306
[setup in-reg] rst_ni -> _62121_/RN : -8.297306
[setup in-reg] rst_ni -> _62122_/RN : -8.297306
[setup in-reg] rst_ni -> _62123_/RN : -8.297306
[setup in-reg] rst_ni -> _62124_/RN : -8.297306
[setup in-reg] rst_ni -> _62125_/RN : -8.297306
[setup in-reg] rst_ni -> _62126_/RN : -8.297306
[setup in-reg] rst_ni -> _62127_/RN : -8.297306
[setup in-reg] rst_ni -> _62128_/RN : -8.297306
[setup in-reg] rst_ni -> _62129_/RN : -8.297306
[setup in-reg] rst_ni -> _62130_/RN : -8.297306
[setup in-reg] rst_ni -> _62131_/RN : -8.297306
[setup in-reg] rst_ni -> _62132_/RN : -8.297306
[setup in-reg] rst_ni -> _62133_/RN : -8.297306
[setup in-reg] rst_ni -> _62134_/RN : -8.297306
[setup in-reg] rst_ni -> _62135_/RN : -8.297306
[setup in-reg] rst_ni -> _62136_/RN : -8.297306
[setup in-reg] rst_ni -> _62137_/RN : -8.297306
[setup in-reg] rst_ni -> _62138_/RN : -8.297306
[setup in-reg] rst_ni -> _62139_/RN : -8.297306
[setup in-reg] rst_ni -> _62140_/RN : -8.297306
[setup in-reg] rst_ni -> _62141_/RN : -8.297306
[setup in-reg] rst_ni -> _62142_/RN : -8.297306
[setup in-reg] rst_ni -> _62143_/RN : -8.297306
[setup in-reg] rst_ni -> _62197_/RN : -8.297306
[setup in-reg] rst_ni -> _62200_/RN : -8.297306
[setup in-reg] rst_ni -> _62201_/RN : -8.297306
[setup in-reg] rst_ni -> _62202_/RN : -8.297306
[setup in-reg] rst_ni -> _62203_/RN : -8.297306
[setup in-reg] rst_ni -> _62204_/RN : -8.297306
[setup in-reg] rst_ni -> _62205_/RN : -8.297306
[setup in-reg] rst_ni -> _62206_/RN : -8.297306
[setup in-reg] rst_ni -> _62219_/RN : -8.297306
[setup in-reg] rst_ni -> _62346_/RN : -8.297306
[setup in-reg] rst_ni -> _62347_/RN : -8.297306
[setup in-reg] rst_ni -> _62348_/RN : -8.297306
[setup in-reg] rst_ni -> _62349_/RN : -8.297306
[setup in-reg] rst_ni -> _62350_/RN : -8.297306
[setup in-reg] rst_ni -> _62351_/RN : -8.297306
[setup in-reg] rst_ni -> _62352_/RN : -8.297306
[setup in-reg] rst_ni -> _62353_/RN : -8.297306
[setup in-reg] rst_ni -> _62354_/RN : -8.297306
[setup in-reg] rst_ni -> _62355_/RN : -8.297306
[setup in-reg] rst_ni -> _62356_/RN : -8.297306
[setup in-reg] rst_ni -> _62357_/RN : -8.297306
[setup in-reg] rst_ni -> _62358_/RN : -8.297306
[setup in-reg] rst_ni -> _62359_/RN : -8.297306
[setup in-reg] rst_ni -> _62360_/RN : -8.297306
[setup in-reg] rst_ni -> _62361_/RN : -8.297306
[setup in-reg] rst_ni -> _62362_/RN : -8.297306
[setup in-reg] rst_ni -> _62363_/RN : -8.297306
[setup in-reg] rst_ni -> _62364_/RN : -8.297306
[setup in-reg] rst_ni -> _62365_/RN : -8.297306
[setup in-reg] rst_ni -> _62366_/RN : -8.297306
[setup in-reg] rst_ni -> _62367_/RN : -8.297306
[setup in-reg] rst_ni -> _62368_/RN : -8.297306
[setup in-reg] rst_ni -> _62369_/RN : -8.297306
[setup in-reg] rst_ni -> _62370_/RN : -8.297306
[setup in-reg] rst_ni -> _62371_/RN : -8.297306
[setup in-reg] rst_ni -> _62372_/RN : -8.297306
[setup in-reg] rst_ni -> _62373_/RN : -8.297306
[setup in-reg] rst_ni -> _62374_/RN : -8.297306
[setup in-reg] rst_ni -> _62375_/RN : -8.297306
[setup in-reg] rst_ni -> _62376_/RN : -8.297306
[setup in-reg] rst_ni -> _62377_/RN : -8.297306
[setup in-reg] rst_ni -> _62378_/RN : -8.297306
[setup in-reg] rst_ni -> _62379_/RN : -8.297306
[setup in-reg] rst_ni -> _62380_/RN : -8.297306
[setup in-reg] rst_ni -> _62381_/RN : -8.297306
[setup in-reg] rst_ni -> _62382_/RN : -8.297306
[setup in-reg] rst_ni -> _62383_/RN : -8.297306
[setup in-reg] rst_ni -> _62384_/RN : -8.297306
[setup in-reg] rst_ni -> _62385_/RN : -8.297306
[setup in-reg] rst_ni -> _62386_/RN : -8.297306
[setup in-reg] rst_ni -> _62387_/RN : -8.297306
[setup in-reg] rst_ni -> _62388_/RN : -8.297306
[setup in-reg] rst_ni -> _62389_/RN : -8.297306
[setup in-reg] rst_ni -> _62390_/RN : -8.297306
[setup in-reg] rst_ni -> _62391_/RN : -8.297306
[setup in-reg] rst_ni -> _62392_/RN : -8.297306
[setup in-reg] rst_ni -> _62393_/RN : -8.297306
[setup in-reg] rst_ni -> _62394_/RN : -8.297306
[setup in-reg] rst_ni -> _62395_/RN : -8.297306
[setup in-reg] rst_ni -> _62396_/RN : -8.297306
[setup in-reg] rst_ni -> _62397_/RN : -8.297306
[setup in-reg] rst_ni -> _62398_/RN : -8.297306
[setup in-reg] rst_ni -> _62399_/RN : -8.297306
[setup in-reg] rst_ni -> _62400_/RN : -8.297306
[setup in-reg] rst_ni -> _62401_/RN : -8.297306
[setup in-reg] rst_ni -> _62402_/RN : -8.297306
[setup in-reg] rst_ni -> _62403_/RN : -8.297306
[setup in-reg] rst_ni -> _62404_/RN : -8.297306
[setup in-reg] rst_ni -> _62405_/RN : -8.297306
[setup in-reg] rst_ni -> _62406_/RN : -8.297306
[setup in-reg] rst_ni -> _62407_/RN : -8.297306
[setup in-reg] rst_ni -> _62408_/RN : -8.297306
[setup in-reg] rst_ni -> _62409_/RN : -8.297306
[setup in-reg] rst_ni -> _62410_/RN : -8.297306
[setup in-reg] rst_ni -> _62411_/RN : -8.297306
[setup in-reg] rst_ni -> _62412_/RN : -8.297306
[setup in-reg] rst_ni -> _62413_/RN : -8.297306
[setup in-reg] rst_ni -> _62414_/RN : -8.297306
[setup in-reg] rst_ni -> _62415_/RN : -8.297306
[setup in-reg] rst_ni -> _62416_/RN : -8.297306
[setup in-reg] rst_ni -> _62417_/RN : -8.297306
[setup in-reg] rst_ni -> _62418_/RN : -8.297306
[setup in-reg] rst_ni -> _62419_/RN : -8.297306
[setup in-reg] rst_ni -> _62420_/RN : -8.297306
[setup in-reg] rst_ni -> _62421_/RN : -8.297306
[setup in-reg] rst_ni -> _62422_/RN : -8.297306
[setup in-reg] rst_ni -> _62423_/RN : -8.297306
[setup in-reg] rst_ni -> _62424_/RN : -8.297306
[setup in-reg] rst_ni -> _62425_/RN : -8.297306
[setup in-reg] rst_ni -> _62426_/RN : -8.297306
[setup in-reg] rst_ni -> _62427_/RN : -8.297306
[setup in-reg] rst_ni -> _62428_/RN : -8.297306
[setup in-reg] rst_ni -> _62429_/RN : -8.297306
[setup in-reg] rst_ni -> _62430_/RN : -8.297306
[setup in-reg] rst_ni -> _62431_/RN : -8.297306
[setup in-reg] rst_ni -> _62432_/RN : -8.297306
[setup in-reg] rst_ni -> _62433_/RN : -8.297306
[setup in-reg] rst_ni -> _62434_/RN : -8.297306
[setup in-reg] rst_ni -> _62435_/RN : -8.297306
[setup in-reg] rst_ni -> _62436_/RN : -8.297306
[setup in-reg] rst_ni -> _62437_/RN : -8.297306
[setup in-reg] rst_ni -> _62438_/RN : -8.297306
[setup in-reg] rst_ni -> _62439_/RN : -8.297306
[setup in-reg] rst_ni -> _62440_/RN : -8.297306
[setup in-reg] rst_ni -> _62441_/RN : -8.297306
[setup in-reg] rst_ni -> _62442_/RN : -8.297306
[setup in-reg] rst_ni -> _62443_/RN : -8.297306
[setup in-reg] rst_ni -> _62444_/RN : -8.297306
[setup in-reg] rst_ni -> _62445_/RN : -8.297306
[setup in-reg] rst_ni -> _62446_/RN : -8.297306
[setup in-reg] rst_ni -> _62447_/RN : -8.297306
[setup in-reg] rst_ni -> _62448_/RN : -8.297306
[setup in-reg] rst_ni -> _62449_/RN : -8.297306
[setup in-reg] rst_ni -> _62450_/RN : -8.297306
[setup in-reg] rst_ni -> _62451_/RN : -8.297306
[setup in-reg] rst_ni -> _62452_/RN : -8.297306
[setup in-reg] rst_ni -> _62453_/RN : -8.297306
[setup in-reg] rst_ni -> _62454_/RN : -8.297306
[setup in-reg] rst_ni -> _62455_/RN : -8.297306
[setup in-reg] rst_ni -> _62456_/RN : -8.297306
[setup in-reg] rst_ni -> _62457_/RN : -8.297306
[setup in-reg] rst_ni -> _62458_/RN : -8.297306
[setup in-reg] rst_ni -> _62459_/RN : -8.297306
[setup in-reg] rst_ni -> _62460_/RN : -8.297306
[setup in-reg] rst_ni -> _62461_/RN : -8.297306
[setup in-reg] rst_ni -> _62462_/RN : -8.297306
[setup in-reg] rst_ni -> _62463_/RN : -8.297306
[setup in-reg] rst_ni -> _62464_/RN : -8.297306
[setup in-reg] rst_ni -> _62465_/RN : -8.297306
[setup in-reg] rst_ni -> _62466_/RN : -8.297306
[setup in-reg] rst_ni -> _62467_/RN : -8.297306
[setup in-reg] rst_ni -> _62468_/RN : -8.297306
[setup in-reg] rst_ni -> _62469_/RN : -8.297306
[setup in-reg] rst_ni -> _62470_/RN : -8.297306
[setup in-reg] rst_ni -> _62471_/RN : -8.297306
[setup in-reg] rst_ni -> _62472_/RN : -8.297306
[setup in-reg] rst_ni -> _62473_/RN : -8.297306
[setup in-reg] rst_ni -> _62474_/RN : -8.297306
[setup in-reg] rst_ni -> _62475_/RN : -8.297306
[setup in-reg] rst_ni -> _62476_/RN : -8.297306
[setup in-reg] rst_ni -> _62477_/RN : -8.297306
[setup in-reg] rst_ni -> _62478_/RN : -8.297306
[setup in-reg] rst_ni -> _62479_/RN : -8.297306
[setup in-reg] rst_ni -> _62480_/RN : -8.297306
[setup in-reg] rst_ni -> _62481_/RN : -8.297306
[setup in-reg] rst_ni -> _62482_/RN : -8.297306
[setup in-reg] rst_ni -> _62483_/RN : -8.297306
[setup in-reg] rst_ni -> _62484_/RN : -8.297306
[setup in-reg] rst_ni -> _62485_/RN : -8.297306
[setup in-reg] rst_ni -> _62486_/RN : -8.297306
[setup in-reg] rst_ni -> _62487_/RN : -8.297306
[setup in-reg] rst_ni -> _62488_/RN : -8.297306
[setup in-reg] rst_ni -> _62489_/RN : -8.297306
[setup in-reg] rst_ni -> _62490_/RN : -8.297306
[setup in-reg] rst_ni -> _62491_/RN : -8.297306
[setup in-reg] rst_ni -> _62492_/RN : -8.297306
[setup in-reg] rst_ni -> _62493_/RN : -8.297306
[setup in-reg] rst_ni -> _62494_/RN : -8.297306
[setup in-reg] rst_ni -> _62495_/RN : -8.297306
[setup in-reg] rst_ni -> _62496_/RN : -8.297306
[setup in-reg] rst_ni -> _62497_/RN : -8.297306
[setup in-reg] rst_ni -> _62498_/RN : -8.297306
[setup in-reg] rst_ni -> _62499_/RN : -8.297306
[setup in-reg] rst_ni -> _62500_/RN : -8.297306
[setup in-reg] rst_ni -> _62501_/RN : -8.297306
[setup in-reg] rst_ni -> _62502_/RN : -8.297306
[setup in-reg] rst_ni -> _62503_/RN : -8.297306
[setup in-reg] rst_ni -> _60614_/SETN : -5.065687
[setup in-reg] rst_ni -> _60616_/SETN : -5.065687
[setup in-reg] rst_ni -> _60835_/SETN : -5.065687
[setup in-reg] rst_ni -> _60837_/SETN : -5.065687
[setup in-reg] rst_ni -> _60838_/SETN : -5.065687
[setup in-reg] rst_ni -> _60839_/SETN : -5.065687
[setup in-reg] rst_ni -> _60847_/SETN : -5.065687
[setup in-reg] rst_ni -> _60848_/SETN : -5.065687
[setup in-reg] rst_ni -> _60907_/SETN : -5.065687
[setup in-reg] rst_ni -> _60939_/SETN : -5.065687
[setup in-reg] rst_ni -> _60998_/SETN : -5.065687
[setup in-reg] rst_ni -> _60999_/SETN : -5.065687
[setup in-reg] rst_ni -> _61088_/SETN : -5.065687
[setup in-reg] rst_ni -> _61785_/SETN : -5.065687
[setup in-reg] rst_ni -> _61798_/SETN : -5.065687
[setup in-reg] rst_ni -> _61802_/SETN : -5.065687
[setup in-reg] rst_ni -> _61805_/SETN : -5.065687
[setup in-reg] rst_ni -> _61808_/SETN : -5.065687
[setup in-reg] rst_ni -> _61811_/SETN : -5.065687
[setup in-reg] rst_ni -> _61814_/SETN : -5.065687
[setup in-reg] rst_ni -> _61817_/SETN : -5.065687
[setup in-reg] rst_ni -> _61851_/SETN : -5.065687
[setup in-reg] rst_ni -> _61986_/SETN : -5.065687
[setup in-reg] rst_ni -> _62198_/SETN : -5.065687
[setup in-reg] rst_ni -> _62199_/SETN : -5.065687
[setup in-reg] rst_ni -> _62220_/SETN : -5.065687
[setup in-reg] rst_ni -> _62221_/SETN : -5.065687
[setup in-reg] rst_ni -> _62222_/SETN : -5.065687
[setup in-reg] rst_ni -> _62223_/SETN : -5.065687
[setup in-reg] rst_ni -> _62224_/SETN : -5.065687
[setup in-reg] rst_ni -> _62225_/SETN : -5.065687
[setup in-reg] rst_ni -> _62226_/SETN : -5.065687
[setup in-reg] rst_ni -> _62227_/SETN : -5.065687
[setup in-reg] rst_ni -> _62228_/SETN : -5.065687
[setup in-reg] rst_ni -> _62229_/SETN : -5.065687
[setup in-reg] rst_ni -> _62230_/SETN : -5.065687
[setup in-reg] rst_ni -> _62231_/SETN : -5.065687
[setup in-reg] rst_ni -> _62232_/SETN : -5.065687
[setup in-reg] rst_ni -> _62233_/SETN : -5.065687
[setup in-reg] rst_ni -> _62234_/SETN : -5.065687
[setup in-reg] rst_ni -> _62235_/SETN : -5.065687
[setup in-reg] rst_ni -> _62236_/SETN : -5.065687
[setup in-reg] rst_ni -> _62237_/SETN : -5.065687
[setup in-reg] rst_ni -> _62238_/SETN : -5.065687
[setup in-reg] rst_ni -> _62239_/SETN : -5.065687
[setup in-reg] rst_ni -> _62240_/SETN : -5.065687
[setup in-reg] rst_ni -> _62241_/SETN : -5.065687
[setup in-reg] rst_ni -> _62242_/SETN : -5.065687
[setup in-reg] rst_ni -> _62243_/SETN : -5.065687
[setup in-reg] rst_ni -> _62244_/SETN : -5.065687
[setup in-reg] rst_ni -> _62245_/SETN : -5.065687
[setup in-reg] rst_ni -> _62246_/SETN : -5.065687
[setup in-reg] rst_ni -> _62247_/SETN : -5.065687
[setup in-reg] rst_ni -> _62248_/SETN : -5.065687
[setup in-reg] rst_ni -> _62249_/SETN : -5.065687
[setup in-reg] rst_ni -> _62250_/SETN : -5.065687
[setup in-reg] rst_ni -> _62251_/SETN : -5.065687
[setup in-reg] rst_ni -> _62252_/SETN : -5.065687
[setup in-reg] rst_ni -> _62253_/SETN : -5.065687
[setup in-reg] rst_ni -> _62254_/SETN : -5.065687
[setup in-reg] rst_ni -> _62255_/SETN : -5.065687
[setup in-reg] rst_ni -> _62256_/SETN : -5.065687
[setup in-reg] rst_ni -> _62257_/SETN : -5.065687
[setup in-reg] rst_ni -> _62258_/SETN : -5.065687
[setup in-reg] rst_ni -> _62259_/SETN : -5.065687
[setup in-reg] rst_ni -> _62260_/SETN : -5.065687
[setup in-reg] rst_ni -> _62261_/SETN : -5.065687
[setup in-reg] rst_ni -> _62262_/SETN : -5.065687
[setup in-reg] rst_ni -> _62263_/SETN : -5.065687
[setup in-reg] rst_ni -> _62264_/SETN : -5.065687
[setup in-reg] rst_ni -> _62265_/SETN : -5.065687
[setup in-reg] rst_ni -> _62266_/SETN : -5.065687
[setup in-reg] rst_ni -> _62267_/SETN : -5.065687
[setup in-reg] rst_ni -> _62268_/SETN : -5.065687
[setup in-reg] rst_ni -> _62269_/SETN : -5.065687
[setup in-reg] rst_ni -> _62270_/SETN : -5.065687
[setup in-reg] rst_ni -> _62271_/SETN : -5.065687
[setup in-reg] rst_ni -> _62272_/SETN : -5.065687
[setup in-reg] rst_ni -> _62273_/SETN : -5.065687
[setup in-reg] rst_ni -> _62274_/SETN : -5.065687
[setup in-reg] rst_ni -> _62275_/SETN : -5.065687
[setup in-reg] rst_ni -> _62276_/SETN : -5.065687
[setup in-reg] rst_ni -> _62277_/SETN : -5.065687
[setup in-reg] rst_ni -> _62278_/SETN : -5.065687
[setup in-reg] rst_ni -> _62279_/SETN : -5.065687
[setup in-reg] rst_ni -> _62280_/SETN : -5.065687
[setup in-reg] rst_ni -> _62281_/SETN : -5.065687
[setup in-reg] rst_ni -> _62282_/SETN : -5.065687
[setup in-reg] rst_ni -> _62283_/SETN : -5.065687
[setup in-reg] rst_ni -> _62284_/SETN : -5.065687
[setup in-reg] rst_ni -> _62285_/SETN : -5.065687
[setup in-reg] rst_ni -> _62286_/SETN : -5.065687
[setup in-reg] rst_ni -> _62287_/SETN : -5.065687
[setup in-reg] rst_ni -> _62288_/SETN : -5.065687
[setup in-reg] rst_ni -> _62289_/SETN : -5.065687
[setup in-reg] rst_ni -> _62290_/SETN : -5.065687
[setup in-reg] rst_ni -> _62291_/SETN : -5.065687
[setup in-reg] rst_ni -> _62292_/SETN : -5.065687
[setup in-reg] rst_ni -> _62293_/SETN : -5.065687
[setup in-reg] rst_ni -> _62294_/SETN : -5.065687
[setup in-reg] rst_ni -> _62295_/SETN : -5.065687
[setup in-reg] rst_ni -> _62296_/SETN : -5.065687
[setup in-reg] rst_ni -> _62297_/SETN : -5.065687
[setup in-reg] rst_ni -> _62298_/SETN : -5.065687
[setup in-reg] rst_ni -> _62299_/SETN : -5.065687
[setup in-reg] rst_ni -> _62300_/SETN : -5.065687
[setup in-reg] rst_ni -> _62301_/SETN : -5.065687
[setup in-reg] rst_ni -> _62302_/SETN : -5.065687
[setup in-reg] rst_ni -> _62303_/SETN : -5.065687
[setup in-reg] rst_ni -> _62304_/SETN : -5.065687
[setup in-reg] rst_ni -> _62305_/SETN : -5.065687
[setup in-reg] rst_ni -> _62306_/SETN : -5.065687
[setup in-reg] rst_ni -> _62307_/SETN : -5.065687
[setup in-reg] rst_ni -> _62308_/SETN : -5.065687
[setup in-reg] rst_ni -> _62309_/SETN : -5.065687
[setup in-reg] rst_ni -> _62310_/SETN : -5.065687
[setup in-reg] rst_ni -> _62311_/SETN : -5.065687
[setup in-reg] rst_ni -> _62312_/SETN : -5.065687
[setup in-reg] rst_ni -> _62313_/SETN : -5.065687
[setup in-reg] rst_ni -> _62314_/SETN : -5.065687
[setup in-reg] rst_ni -> _62315_/SETN : -5.065687
[setup in-reg] rst_ni -> _62316_/SETN : -5.065687
[setup in-reg] rst_ni -> _62317_/SETN : -5.065687
[setup in-reg] rst_ni -> _62318_/SETN : -5.065687
[setup in-reg] rst_ni -> _62319_/SETN : -5.065687
[setup in-reg] rst_ni -> _62320_/SETN : -5.065687
[setup in-reg] rst_ni -> _62321_/SETN : -5.065687
[setup in-reg] rst_ni -> _62322_/SETN : -5.065687
[setup in-reg] rst_ni -> _62323_/SETN : -5.065687
[setup in-reg] rst_ni -> _62324_/SETN : -5.065687
[setup in-reg] rst_ni -> _62325_/SETN : -5.065687
[setup in-reg] rst_ni -> _62326_/SETN : -5.065687
[setup in-reg] rst_ni -> _62327_/SETN : -5.065687
[setup in-reg] rst_ni -> _62328_/SETN : -5.065687
[setup in-reg] rst_ni -> _62329_/SETN : -5.065687
[setup in-reg] rst_ni -> _62330_/SETN : -5.065687
[setup in-reg] rst_ni -> _62331_/SETN : -5.065687
[setup in-reg] rst_ni -> _62332_/SETN : -5.065687
[setup in-reg] rst_ni -> _62333_/SETN : -5.065687
[setup in-reg] rst_ni -> _62334_/SETN : -5.065687
[setup in-reg] rst_ni -> _62335_/SETN : -5.065687
[setup in-reg] rst_ni -> _62336_/SETN : -5.065687
[setup in-reg] rst_ni -> _62337_/SETN : -5.065687
[setup in-reg] rst_ni -> _62338_/SETN : -5.065687
[setup in-reg] rst_ni -> _62339_/SETN : -5.065687
[setup in-reg] rst_ni -> _62340_/SETN : -5.065687
[setup in-reg] rst_ni -> _62341_/SETN : -5.065687
[setup in-reg] rst_ni -> _62342_/SETN : -5.065687
[setup in-reg] rst_ni -> _62343_/SETN : -5.065687
[setup in-reg] rst_ni -> _62344_/SETN : -5.065687
[setup in-reg] rst_ni -> _62345_/SETN : -5.065687
