Total number of Clock Roots: 6.
Total number of Buffers Inserted: 790.
Total number of Clock Subnets: 790.
Total number of Sinks: 5591.
Cells used:
  gf180mcu_fd_sc_mcu7t5v0__clkbuf_8: 738
  gf180mcu_fd_sc_mcu7t5v0__clkbuf_16: 58
Dummys used:
  gf180mcu_fd_sc_mcu7t5v0__clkbuf_2: 219
  gf180mcu_fd_sc_mcu7t5v0__clkbuf_4: 60
  gf180mcu_fd_sc_mcu7t5v0__clkbuf_8: 2
  gf180mcu_fd_sc_mcu7t5v0__clkinv_1: 1
  gf180mcu_fd_sc_mcu7t5v0__clkinv_2: 5
  gf180mcu_fd_sc_mcu7t5v0__clkinv_4: 41
  gf180mcu_fd_sc_mcu7t5v0__clkinv_8: 9
  gf180mcu_fd_sc_mcu7t5v0__clkinv_12: 4
  gf180mcu_fd_sc_mcu7t5v0__clkinv_20: 2
  gf180mcu_fd_sc_mcu7t5v0__inv_1: 1
  gf180mcu_fd_sc_mcu7t5v0__inv_2: 68
  gf180mcu_fd_sc_mcu7t5v0__inv_3: 71
  gf180mcu_fd_sc_mcu7t5v0__inv_4: 57
  gf180mcu_fd_sc_mcu7t5v0__inv_8: 1
  gf180mcu_fd_sc_mcu7t5v0__inv_12: 4
  gf180mcu_fd_sc_mcu7t5v0__inv_20: 15
