
===========================================================================
report_checks -unconstrained
===========================================================================
======================= min_tt_025C_5v00 Corner ===================================

Startpoint: rst_ni (input port clocked by clk_i)
Endpoint: _60515_ (recovery check against rising-edge clock clk_i)
Path Group: asynchronous
Path Type: max

Fanout         Cap        Slew       Delay        Time   Description
---------------------------------------------------------------------------------------------
                                  0.000000    0.000000   clock clk_i (rise edge)
                                  0.000000    0.000000   clock network delay (propagated)
                                 10.000000   10.000000 ^ input external delay
     1    0.004511    0.121874    0.044723   10.044724 ^ rst_ni (in)
                                                         rst_ni (net)
                      0.121874    0.000000   10.044724 ^ input3/I (gf180mcu_fd_sc_mcu7t5v0__dlyb_1)
     1    0.068769    1.150168    1.467990   11.512713 ^ input3/Z (gf180mcu_fd_sc_mcu7t5v0__dlyb_1)
                                                         net3 (net)
                      1.150331    0.007672   11.520386 ^ fanout1203/I (gf180mcu_fd_sc_mcu7t5v0__dlyb_1)
     5    0.096229    1.590730    1.744193   13.264579 ^ fanout1203/Z (gf180mcu_fd_sc_mcu7t5v0__dlyb_1)
                                                         net1203 (net)
                      1.590735    0.001594   13.266173 ^ fanout1092/I (gf180mcu_fd_sc_mcu7t5v0__dlyb_1)
     5    0.073156    1.222215    1.512974   14.779147 ^ fanout1092/Z (gf180mcu_fd_sc_mcu7t5v0__dlyb_1)
                                                         net1092 (net)
                      1.222215    0.000490   14.779637 ^ fanout1078/I (gf180mcu_fd_sc_mcu7t5v0__dlyb_1)
     5    0.072360    1.209693    1.522803   16.302441 ^ fanout1078/Z (gf180mcu_fd_sc_mcu7t5v0__dlyb_1)
                                                         net1078 (net)
                      1.209722    0.003325   16.305765 ^ fanout1077/I (gf180mcu_fd_sc_mcu7t5v0__buf_1)
    10    0.091253    1.509707    1.069370   17.375137 ^ fanout1077/Z (gf180mcu_fd_sc_mcu7t5v0__buf_1)
                                                         net1077 (net)
                      1.509707    0.000771   17.375908 ^ fanout1076/I (gf180mcu_fd_sc_mcu7t5v0__dlyb_1)
     9    0.086570    1.437225    1.641698   19.017607 ^ fanout1076/Z (gf180mcu_fd_sc_mcu7t5v0__dlyb_1)
                                                         net1076 (net)
                      1.437225    0.000854   19.018459 ^ fanout1075/I (gf180mcu_fd_sc_mcu7t5v0__dlyb_1)
     5    0.046283    0.795225    1.274140   20.292601 ^ fanout1075/Z (gf180mcu_fd_sc_mcu7t5v0__dlyb_1)
                                                         net1075 (net)
                      0.795225    0.000510   20.293110 ^ fanout1072/I (gf180mcu_fd_sc_mcu7t5v0__dlyb_1)
    10    0.094794    1.568319    1.742272   22.035381 ^ fanout1072/Z (gf180mcu_fd_sc_mcu7t5v0__dlyb_1)
                                                         net1072 (net)
                      1.568335    0.002848   22.038229 ^ _60515_/SETN (gf180mcu_fd_sc_mcu7t5v0__dffsnq_1)
                                             22.038229   data arrival time

                                 50.000000   50.000000   clock clk_i (rise edge)
                                  0.000000   50.000000   clock source latency
     2    0.149730    0.626690    0.351083   50.351082 ^ clk_i (in)
                                                         clk_i (net)
                      0.627308    0.000000   50.351082 ^ delaybuf_1_clk_i/I (gf180mcu_fd_sc_mcu7t5v0__clkbuf_16)
     1    0.050564    0.128378    0.343267   50.694347 ^ delaybuf_1_clk_i/Z (gf180mcu_fd_sc_mcu7t5v0__clkbuf_16)
                                                         delaynet_1_clk_i (net)
                      0.128438    0.004608   50.698956 ^ delaybuf_2_clk_i/I (gf180mcu_fd_sc_mcu7t5v0__clkbuf_16)
     1    0.050089    0.115062    0.249241   50.948196 ^ delaybuf_2_clk_i/Z (gf180mcu_fd_sc_mcu7t5v0__clkbuf_16)
                                                         delaynet_2_clk_i (net)
                      0.115122    0.004288   50.952484 ^ delaybuf_3_clk_i/I (gf180mcu_fd_sc_mcu7t5v0__clkbuf_16)
     1    0.052963    0.117532    0.248470   51.200954 ^ delaybuf_3_clk_i/Z (gf180mcu_fd_sc_mcu7t5v0__clkbuf_16)
                                                         delaynet_3_clk_i (net)
                      0.117588    0.004171   51.205124 ^ clkbuf_regs_0_clk_i/I (gf180mcu_fd_sc_mcu7t5v0__clkbuf_16)
     1    0.024714    0.092745    0.230678   51.435802 ^ clkbuf_regs_0_clk_i/Z (gf180mcu_fd_sc_mcu7t5v0__clkbuf_16)
                                                         clk_i_regs (net)
                      0.092745    0.000551   51.436352 ^ clkbuf_0_clk_i_regs/I (gf180mcu_fd_sc_mcu7t5v0__clkbuf_16)
    16    0.374990    0.408247    0.425423   51.861778 ^ clkbuf_0_clk_i_regs/Z (gf180mcu_fd_sc_mcu7t5v0__clkbuf_16)
                                                         clknet_0_clk_i_regs (net)
                      0.410342    0.014570   51.876347 ^ clkbuf_4_8_0_clk_i_regs/I (gf180mcu_fd_sc_mcu7t5v0__clkbuf_8)
     2    0.062245    0.181541    0.348475   52.224823 ^ clkbuf_4_8_0_clk_i_regs/Z (gf180mcu_fd_sc_mcu7t5v0__clkbuf_8)
                                                         clknet_4_8_0_clk_i_regs (net)
                      0.181547    0.001823   52.226643 ^ clkbuf_5_16__f_clk_i_regs/I (gf180mcu_fd_sc_mcu7t5v0__clkbuf_16)
     5    0.094722    0.153538    0.289678   52.516323 ^ clkbuf_5_16__f_clk_i_regs/Z (gf180mcu_fd_sc_mcu7t5v0__clkbuf_16)
                                                         clknet_5_16__leaf_clk_i_regs (net)
                      0.153587    0.004377   52.520699 ^ clkbuf_leaf_23_clk_i_regs/I (gf180mcu_fd_sc_mcu7t5v0__clkbuf_8)
    10    0.047969    0.152072    0.278590   52.799290 ^ clkbuf_leaf_23_clk_i_regs/Z (gf180mcu_fd_sc_mcu7t5v0__clkbuf_8)
                                                         clknet_leaf_23_clk_i_regs (net)
                      0.152072    0.000213   52.799500 ^ _60515_/CLK (gf180mcu_fd_sc_mcu7t5v0__dffsnq_1)
                                 -0.250000   52.549500   clock uncertainty
                                  0.000000   52.549500   clock reconvergence pessimism
                                 -0.249802   52.299698   library recovery time
                                             52.299698   data required time
---------------------------------------------------------------------------------------------
                                             52.299698   data required time
                                            -22.038229   data arrival time
---------------------------------------------------------------------------------------------
                                             30.261469   slack (MET)


Startpoint: _61892_ (falling edge-triggered flip-flop clocked by clk_i)
Endpoint: spi_flash_sd_io_OUT[2] (output port clocked by clk_i)
Path Group: clk_i
Path Type: max

Fanout         Cap        Slew       Delay        Time   Description
---------------------------------------------------------------------------------------------
                                 25.000000   25.000000   clock clk_i (fall edge)
                                  0.000000   25.000000   clock source latency
     2    0.149730    0.371036    0.217046   25.217045 v clk_i (in)
                                                         clk_i (net)
                      0.371980    0.000000   25.217045 v delaybuf_1_clk_i/I (gf180mcu_fd_sc_mcu7t5v0__clkbuf_16)
     1    0.050564    0.117613    0.318014   25.535059 v delaybuf_1_clk_i/Z (gf180mcu_fd_sc_mcu7t5v0__clkbuf_16)
                                                         delaynet_1_clk_i (net)
                      0.117685    0.004603   25.539661 v delaybuf_2_clk_i/I (gf180mcu_fd_sc_mcu7t5v0__clkbuf_16)
     1    0.050089    0.112867    0.246814   25.786476 v delaybuf_2_clk_i/Z (gf180mcu_fd_sc_mcu7t5v0__clkbuf_16)
                                                         delaynet_2_clk_i (net)
                      0.112932    0.004286   25.790762 v delaybuf_3_clk_i/I (gf180mcu_fd_sc_mcu7t5v0__clkbuf_16)
     1    0.052963    0.115318    0.247582   26.038343 v delaybuf_3_clk_i/Z (gf180mcu_fd_sc_mcu7t5v0__clkbuf_16)
                                                         delaynet_3_clk_i (net)
                      0.115378    0.004166   26.042509 v clkbuf_regs_0_clk_i/I (gf180mcu_fd_sc_mcu7t5v0__clkbuf_16)
     1    0.024714    0.090310    0.228381   26.270889 v clkbuf_regs_0_clk_i/Z (gf180mcu_fd_sc_mcu7t5v0__clkbuf_16)
                                                         clk_i_regs (net)
                      0.090311    0.000551   26.271441 v clkbuf_0_clk_i_regs/I (gf180mcu_fd_sc_mcu7t5v0__clkbuf_16)
    16    0.374990    0.391863    0.432387   26.703827 v clkbuf_0_clk_i_regs/Z (gf180mcu_fd_sc_mcu7t5v0__clkbuf_16)
                                                         clknet_0_clk_i_regs (net)
                      0.392693    0.009033   26.712860 v clkbuf_4_0_0_clk_i_regs/I (gf180mcu_fd_sc_mcu7t5v0__clkbuf_8)
     2    0.057842    0.183187    0.376138   27.088999 v clkbuf_4_0_0_clk_i_regs/Z (gf180mcu_fd_sc_mcu7t5v0__clkbuf_8)
                                                         clknet_4_0_0_clk_i_regs (net)
                      0.183197    0.002325   27.091324 v clkbuf_5_1__f_clk_i_regs/I (gf180mcu_fd_sc_mcu7t5v0__clkbuf_16)
     5    0.092356    0.149464    0.295152   27.386477 v clkbuf_5_1__f_clk_i_regs/Z (gf180mcu_fd_sc_mcu7t5v0__clkbuf_16)
                                                         clknet_5_1__leaf_clk_i_regs (net)
                      0.149518    0.004441   27.390917 v clkbuf_leaf_6_clk_i_regs/I (gf180mcu_fd_sc_mcu7t5v0__clkbuf_8)
    10    0.050358    0.164788    0.298828   27.689745 v clkbuf_leaf_6_clk_i_regs/Z (gf180mcu_fd_sc_mcu7t5v0__clkbuf_8)
                                                         clknet_leaf_6_clk_i_regs (net)
                      0.164811    0.000890   27.690634 v _61892_/CLKN (gf180mcu_fd_sc_mcu7t5v0__dffnq_1)
     1    0.005114    0.154095    0.773790   28.464424 ^ _61892_/Q (gf180mcu_fd_sc_mcu7t5v0__dffnq_1)
                                                         i_core_v_mini_mcu.ao_peripheral_subsystem_i.spi_subsystem_i.obi_spimemio_i.spimemio_i.xfer_io2_90 (net)
                      0.154095    0.000096   28.464520 ^ _33906_/A2 (gf180mcu_fd_sc_mcu7t5v0__nor2_1)
     1    0.005600    0.311064    0.138799   28.603319 v _33906_/ZN (gf180mcu_fd_sc_mcu7t5v0__nor2_1)
                                                         _10651_ (net)
                      0.311064    0.000057   28.603376 v _33908_/A2 (gf180mcu_fd_sc_mcu7t5v0__oai21_1)
     1    0.019361    0.706238    0.488868   29.092243 ^ _33908_/ZN (gf180mcu_fd_sc_mcu7t5v0__oai21_1)
                                                         i_core_v_mini_mcu.ao_peripheral_subsystem_i.spi_subsystem_i.obi_spimemio_i.flash_io2_do_o (net)
                      0.706239    0.000764   29.093008 ^ wire401/I (gf180mcu_fd_sc_mcu7t5v0__buf_2)
     2    0.059940    0.515792    0.481226   29.574234 ^ wire401/Z (gf180mcu_fd_sc_mcu7t5v0__buf_2)
                                                         net401 (net)
                      0.515922    0.004571   29.578804 ^ _62678_/I (gf180mcu_fd_sc_mcu7t5v0__buf_1)
     1    0.005456    0.153473    0.266592   29.845396 ^ _62678_/Z (gf180mcu_fd_sc_mcu7t5v0__buf_1)
                                                         net21 (net)
                      0.153473    0.000110   29.845507 ^ output21/I (gf180mcu_fd_sc_mcu7t5v0__dlyb_1)
     1    0.075055    1.252707    1.535305   31.380812 ^ output21/Z (gf180mcu_fd_sc_mcu7t5v0__dlyb_1)
                                                         spi_flash_sd_io_OUT[2] (net)
                      1.252707    0.000728   31.381540 ^ spi_flash_sd_io_OUT[2] (out)
                                             31.381540   data arrival time

                                 50.000000   50.000000   clock clk_i (rise edge)
                                  0.000000   50.000000   clock network delay (propagated)
                                 -0.250000   49.749996   clock uncertainty
                                  0.000000   49.749996   clock reconvergence pessimism
                                -10.000000   39.749996   output external delay
                                             39.749996   data required time
---------------------------------------------------------------------------------------------
                                             39.749996   data required time
                                            -31.381540   data arrival time
---------------------------------------------------------------------------------------------
                                              8.368457   slack (MET)




===========================================================================
report_checks --slack_max -0.01
============================================================================
======================= min_tt_025C_5v00 Corner ===================================

No paths found.


===========================================================================
 report_check_types -max_slew -max_cap -max_fanout -violators
============================================================================
======================= min_tt_025C_5v00 Corner ===================================

max fanout

Pin                                   Limit Fanout  Slack
---------------------------------------------------------
clkbuf_0_clk_i_regs/Z                    10     16     -6 (VIOLATED)
clkbuf_0_i_core_v_mini_mcu.cpu_subsystem_i.cpu_0_0.clk_i/Z     10     16     -6 (VIOLATED)
clkbuf_0_i_core_v_mini_mcu.cpu_subsystem_i.cpu_1_0.clk_i/Z     10     16     -6 (VIOLATED)
clkbuf_0_i_core_v_mini_mcu.memory_subsystem_i.clk_cg/Z     10     16     -6 (VIOLATED)
_52521_/Z                                10     11        (VIOLATED)



===========================================================================
report_parasitic_annotation -report_unannotated
============================================================================
Found 161 unannotated drivers.
 spi_flash_cs_o_IN
 spi_flash_sck_o_IN
 status_o_IN[0]
 status_o_IN[1]
 status_o_IN[2]
 status_o_IN[3]
 status_o_IN[4]
 status_o_IN[5]
 status_o_IN[6]
 status_valid_o_IN
 uart_tx_o_IN
 clkload0/ZN
 clkload1/ZN
 clkload10/ZN
 clkload100/ZN
 clkload101/ZN
 clkload102/ZN
 clkload103/ZN
 clkload104/ZN
 clkload105/Z
 clkload106/Z
 clkload107/ZN
 clkload108/Z
 clkload109/Z
 clkload11/ZN
 clkload110/ZN
 clkload111/ZN
 clkload112/ZN
 clkload113/ZN
 clkload114/Z
 clkload115/Z
 clkload116/ZN
 clkload117/ZN
 clkload118/ZN
 clkload119/ZN
 clkload12/ZN
 clkload120/ZN
 clkload121/Z
 clkload122/Z
 clkload123/Z
 clkload124/Z
 clkload125/ZN
 clkload126/Z
 clkload127/Z
 clkload128/Z
 clkload129/ZN
 clkload13/ZN
 clkload130/ZN
 clkload131/ZN
 clkload132/ZN
 clkload133/ZN
 clkload134/ZN
 clkload135/ZN
 clkload136/ZN
 clkload137/ZN
 clkload138/Z
 clkload139/ZN
 clkload14/Z
 clkload140/ZN
 clkload141/Z
 clkload142/ZN
 clkload143/Z
 clkload144/Z
 clkload145/Z
 clkload146/Z
 clkload147/ZN
 clkload148/ZN
 clkload149/ZN
 clkload15/ZN
 clkload16/ZN
 clkload17/ZN
 clkload18/ZN
 clkload19/Z
 clkload2/Z
 clkload20/ZN
 clkload21/Z
 clkload22/ZN
 clkload23/ZN
 clkload24/ZN
 clkload25/Z
 clkload26/Z
 clkload27/ZN
 clkload28/Z
 clkload29/Z
 clkload3/ZN
 clkload30/Z
 clkload31/ZN
 clkload32/ZN
 clkload33/ZN
 clkload34/ZN
 clkload35/Z
 clkload36/ZN
 clkload37/Z
 clkload38/Z
 clkload39/Z
 clkload4/Z
 clkload40/ZN
 clkload41/Z
 clkload42/Z
 clkload43/Z
 clkload44/Z
 clkload45/Z
 clkload46/Z
 clkload47/ZN
 clkload48/Z
 clkload49/ZN
 clkload5/Z
 clkload50/ZN
 clkload51/ZN
 clkload52/ZN
 clkload53/ZN
 clkload54/Z
 clkload55/Z
 clkload56/Z
 clkload57/Z
 clkload58/ZN
 clkload59/ZN
 clkload6/ZN
 clkload60/Z
 clkload61/Z
 clkload62/Z
 clkload63/ZN
 clkload64/ZN
 clkload65/ZN
 clkload66/Z
 clkload67/Z
 clkload68/Z
 clkload69/Z
 clkload7/ZN
 clkload70/ZN
 clkload71/Z
 clkload72/ZN
 clkload73/Z
 clkload74/ZN
 clkload75/ZN
 clkload76/ZN
 clkload77/Z
 clkload78/ZN
 clkload79/ZN
 clkload8/ZN
 clkload80/Z
 clkload81/Z
 clkload82/ZN
 clkload83/ZN
 clkload84/ZN
 clkload85/ZN
 clkload86/ZN
 clkload87/Z
 clkload88/Z
 clkload89/ZN
 clkload9/ZN
 clkload90/ZN
 clkload91/ZN
 clkload92/ZN
 clkload93/ZN
 clkload94/ZN
 clkload95/Z
 clkload96/ZN
 clkload97/ZN
 clkload98/Z
 clkload99/Z
Found 0 partially unannotated drivers.

===========================================================================
max slew violation count 0
max fanout violation count 5
max cap violation count 0
============================================================================

===========================================================================
check_setup -verbose -unconstrained_endpoints -multiple_clock -no_clock -no_input_delay -loops -generated_clocks
===========================================================================
