
===========================================================================
report_checks -unconstrained
===========================================================================
======================= nom_tt_025C_5v00 Corner ===================================

Startpoint: rst_ni (input port clocked by clk_i)
Endpoint: _59897_ (recovery check against rising-edge clock clk_i)
Path Group: asynchronous
Path Type: max

Fanout         Cap        Slew       Delay        Time   Description
---------------------------------------------------------------------------------------------
                                  0.000000    0.000000   clock clk_i (rise edge)
                                  0.000000    0.000000   clock network delay (propagated)
                                 20.000000   20.000000 ^ input external delay
     1    0.007404    0.168102    0.072484   20.072485 ^ rst_ni (in)
                                                         rst_ni (net)
                      0.168102    0.000000   20.072485 ^ input3/I (gf180mcu_fd_sc_mcu7t5v0__buf_2)
     2    0.070097    0.595817    0.482322   20.554806 ^ input3/Z (gf180mcu_fd_sc_mcu7t5v0__buf_2)
                                                         net3 (net)
                      0.595959    0.005146   20.559952 ^ wire1905/I (gf180mcu_fd_sc_mcu7t5v0__buf_8)
     4    0.166937    0.361464    0.367598   20.927549 ^ wire1905/Z (gf180mcu_fd_sc_mcu7t5v0__buf_8)
                                                         net1905 (net)
                      0.368744    0.029553   20.957104 ^ fanout1825/I (gf180mcu_fd_sc_mcu7t5v0__dlyb_1)
     5    0.076723    1.279247    1.568502   22.525604 ^ fanout1825/Z (gf180mcu_fd_sc_mcu7t5v0__dlyb_1)
                                                         net1825 (net)
                      1.279261    0.002405   22.528009 ^ load_slew1826/I (gf180mcu_fd_sc_mcu7t5v0__buf_4)
     2    0.094715    0.417504    0.412934   22.940945 ^ load_slew1826/Z (gf180mcu_fd_sc_mcu7t5v0__buf_4)
                                                         net1826 (net)
                      0.417986    0.007432   22.948376 ^ fanout1802/I (gf180mcu_fd_sc_mcu7t5v0__dlyb_1)
     5    0.093865    1.553773    1.728564   24.676941 ^ fanout1802/Z (gf180mcu_fd_sc_mcu7t5v0__dlyb_1)
                                                         net1802 (net)
                      1.553784    0.002339   24.679279 ^ fanout1801/I (gf180mcu_fd_sc_mcu7t5v0__dlyb_1)
     8    0.074085    1.237127    1.524100   26.203381 ^ fanout1801/Z (gf180mcu_fd_sc_mcu7t5v0__dlyb_1)
                                                         net1801 (net)
                      1.237166    0.003933   26.207314 ^ fanout1800/I (gf180mcu_fd_sc_mcu7t5v0__dlyb_1)
     5    0.068154    1.142163    1.482716   27.690029 ^ fanout1800/Z (gf180mcu_fd_sc_mcu7t5v0__dlyb_1)
                                                         net1800 (net)
                      1.142163    0.000879   27.690908 ^ fanout1799/I (gf180mcu_fd_sc_mcu7t5v0__dlyb_1)
     8    0.075041    1.252967    1.551898   29.242805 ^ fanout1799/Z (gf180mcu_fd_sc_mcu7t5v0__dlyb_1)
                                                         net1799 (net)
                      1.252977    0.002004   29.244810 ^ fanout1798/I (gf180mcu_fd_sc_mcu7t5v0__buf_1)
    10    0.099998    1.649441    1.148734   30.393545 ^ fanout1798/Z (gf180mcu_fd_sc_mcu7t5v0__buf_1)
                                                         net1798 (net)
                      1.649501    0.005592   30.399136 ^ _59897_/RN (gf180mcu_fd_sc_mcu7t5v0__dffrnq_1)
                                             30.399136   data arrival time

                                100.000000  100.000000   clock clk_i (rise edge)
                                  0.000000  100.000000   clock source latency
     2    0.211466    0.864021    0.487759  100.487755 ^ clk_i (in)
                                                         clk_i (net)
                      0.864905    0.000000  100.487755 ^ delaybuf_1_clk_i/I (gf180mcu_fd_sc_mcu7t5v0__clkbuf_16)
     1    0.049389    0.134963    0.371578  100.859337 ^ delaybuf_1_clk_i/Z (gf180mcu_fd_sc_mcu7t5v0__clkbuf_16)
                                                         delaynet_1_clk_i (net)
                      0.134989    0.003304  100.862640 ^ delaybuf_2_clk_i/I (gf180mcu_fd_sc_mcu7t5v0__clkbuf_16)
     1    0.050549    0.115450    0.250857  101.113495 ^ delaybuf_2_clk_i/Z (gf180mcu_fd_sc_mcu7t5v0__clkbuf_16)
                                                         delaynet_2_clk_i (net)
                      0.115503    0.004050  101.117546 ^ delaybuf_3_clk_i/I (gf180mcu_fd_sc_mcu7t5v0__clkbuf_16)
     1    0.048792    0.113980    0.246068  101.363617 ^ delaybuf_3_clk_i/Z (gf180mcu_fd_sc_mcu7t5v0__clkbuf_16)
                                                         delaynet_3_clk_i (net)
                      0.114010    0.003098  101.366714 ^ clkbuf_regs_0_clk_i/I (gf180mcu_fd_sc_mcu7t5v0__clkbuf_16)
     1    0.025253    0.093235    0.230393  101.597107 ^ clkbuf_regs_0_clk_i/Z (gf180mcu_fd_sc_mcu7t5v0__clkbuf_16)
                                                         clk_i_regs (net)
                      0.093236    0.000590  101.597694 ^ clkbuf_0_clk_i_regs/I (gf180mcu_fd_sc_mcu7t5v0__clkbuf_16)
     8    0.234836    0.277412    0.349885  101.947578 ^ clkbuf_0_clk_i_regs/Z (gf180mcu_fd_sc_mcu7t5v0__clkbuf_16)
                                                         clknet_0_clk_i_regs (net)
                      0.277668    0.006679  101.954262 ^ clkbuf_3_6_0_clk_i_regs/I (gf180mcu_fd_sc_mcu7t5v0__clkbuf_8)
     4    0.172850    0.384547    0.450505  102.404762 ^ clkbuf_3_6_0_clk_i_regs/Z (gf180mcu_fd_sc_mcu7t5v0__clkbuf_8)
                                                         clknet_3_6_0_clk_i_regs (net)
                      0.384750    0.004682  102.409447 ^ clkbuf_5_27__f_clk_i_regs/I (gf180mcu_fd_sc_mcu7t5v0__clkbuf_16)
     5    0.103770    0.164307    0.338446  102.747894 ^ clkbuf_5_27__f_clk_i_regs/Z (gf180mcu_fd_sc_mcu7t5v0__clkbuf_16)
                                                         clknet_5_27__leaf_clk_i_regs (net)
                      0.164322    0.002657  102.750549 ^ clkbuf_leaf_121_clk_i_regs/I (gf180mcu_fd_sc_mcu7t5v0__clkbuf_8)
    10    0.054061    0.162539    0.288999  103.039551 ^ clkbuf_leaf_121_clk_i_regs/Z (gf180mcu_fd_sc_mcu7t5v0__clkbuf_8)
                                                         clknet_leaf_121_clk_i_regs (net)
                      0.162540    0.001059  103.040611 ^ _59897_/CLK (gf180mcu_fd_sc_mcu7t5v0__dffrnq_1)
                                 -0.250000  102.790611   clock uncertainty
                                  0.000000  102.790611   clock reconvergence pessimism
                                 -0.170555  102.620056   library recovery time
                                            102.620056   data required time
---------------------------------------------------------------------------------------------
                                            102.620056   data required time
                                            -30.399136   data arrival time
---------------------------------------------------------------------------------------------
                                             72.220924   slack (MET)


Startpoint: _61322_ (falling edge-triggered flip-flop clocked by clk_i)
Endpoint: spi_flash_sd_io[2] (output port clocked by clk_i)
Path Group: clk_i
Path Type: max

Fanout         Cap        Slew       Delay        Time   Description
---------------------------------------------------------------------------------------------
                                 50.000000   50.000000   clock clk_i (fall edge)
                                  0.000000   50.000000   clock source latency
     2    0.211466    0.518015    0.299970   50.299969 v clk_i (in)
                                                         clk_i (net)
                      0.519395    0.000000   50.299969 v delaybuf_1_clk_i/I (gf180mcu_fd_sc_mcu7t5v0__clkbuf_16)
     1    0.049389    0.121983    0.352809   50.652779 v delaybuf_1_clk_i/Z (gf180mcu_fd_sc_mcu7t5v0__clkbuf_16)
                                                         delaynet_1_clk_i (net)
                      0.122014    0.003300   50.656078 v delaybuf_2_clk_i/I (gf180mcu_fd_sc_mcu7t5v0__clkbuf_16)
     1    0.050549    0.113265    0.248349   50.904427 v delaybuf_2_clk_i/Z (gf180mcu_fd_sc_mcu7t5v0__clkbuf_16)
                                                         delaynet_2_clk_i (net)
                      0.113323    0.004047   50.908474 v delaybuf_3_clk_i/I (gf180mcu_fd_sc_mcu7t5v0__clkbuf_16)
     1    0.048792    0.111757    0.245002   51.153477 v delaybuf_3_clk_i/Z (gf180mcu_fd_sc_mcu7t5v0__clkbuf_16)
                                                         delaynet_3_clk_i (net)
                      0.111789    0.003098   51.156574 v clkbuf_regs_0_clk_i/I (gf180mcu_fd_sc_mcu7t5v0__clkbuf_16)
     1    0.025253    0.090821    0.227860   51.384434 v clkbuf_regs_0_clk_i/Z (gf180mcu_fd_sc_mcu7t5v0__clkbuf_16)
                                                         clk_i_regs (net)
                      0.090822    0.000586   51.385021 v clkbuf_0_clk_i_regs/I (gf180mcu_fd_sc_mcu7t5v0__clkbuf_16)
     8    0.234836    0.269952    0.354266   51.739285 v clkbuf_0_clk_i_regs/Z (gf180mcu_fd_sc_mcu7t5v0__clkbuf_16)
                                                         clknet_0_clk_i_regs (net)
                      0.270260    0.004221   51.743507 v clkbuf_3_7_0_clk_i_regs/I (gf180mcu_fd_sc_mcu7t5v0__clkbuf_8)
     4    0.140298    0.338099    0.452182   52.195690 v clkbuf_3_7_0_clk_i_regs/Z (gf180mcu_fd_sc_mcu7t5v0__clkbuf_8)
                                                         clknet_3_7_0_clk_i_regs (net)
                      0.338125    0.001691   52.197380 v clkbuf_5_28__f_clk_i_regs/I (gf180mcu_fd_sc_mcu7t5v0__clkbuf_16)
     5    0.094568    0.153736    0.342276   52.539658 v clkbuf_5_28__f_clk_i_regs/Z (gf180mcu_fd_sc_mcu7t5v0__clkbuf_16)
                                                         clknet_5_28__leaf_clk_i_regs (net)
                      0.153741    0.001730   52.541386 v clkbuf_leaf_80_clk_i_regs/I (gf180mcu_fd_sc_mcu7t5v0__clkbuf_8)
    10    0.060004    0.184303    0.314774   52.856159 v clkbuf_leaf_80_clk_i_regs/Z (gf180mcu_fd_sc_mcu7t5v0__clkbuf_8)
                                                         clknet_leaf_80_clk_i_regs (net)
                      0.184303    0.000721   52.856880 v _61322_/CLKN (gf180mcu_fd_sc_mcu7t5v0__dffnq_1)
     1    0.005655    0.162509    0.785416   53.642296 ^ _61322_/Q (gf180mcu_fd_sc_mcu7t5v0__dffnq_1)
                                                         i_core_v_mini_mcu.ao_peripheral_subsystem_i.spi_subsystem_i.obi_spimemio_i.spimemio_i.xfer_io2_90 (net)
                      0.162509    0.000160   53.642456 ^ _33455_/A2 (gf180mcu_fd_sc_mcu7t5v0__nor2_1)
     1    0.007416    0.326917    0.155755   53.798210 v _33455_/ZN (gf180mcu_fd_sc_mcu7t5v0__nor2_1)
                                                         _10485_ (net)
                      0.326917    0.000160   53.798370 v _33457_/A2 (gf180mcu_fd_sc_mcu7t5v0__oai21_1)
     1    0.012846    0.530519    0.383743   54.182114 ^ _33457_/ZN (gf180mcu_fd_sc_mcu7t5v0__oai21_1)
                                                         i_core_v_mini_mcu.ao_peripheral_subsystem_i.spi_subsystem_i.obi_spimemio_i.flash_io2_do_o (net)
                      0.530519    0.000295   54.182411 ^ gen_flash_sd[2].u_pad_drv/I (gf180mcu_fd_sc_mcu7t5v0__bufz_4)
     2    0.149968    0.633193    0.623267   54.805676 ^ gen_flash_sd[2].u_pad_drv/Z (gf180mcu_fd_sc_mcu7t5v0__bufz_4)
                                                         spi_flash_sd_io[2] (net)
                      0.633727    0.010463   54.816139 ^ spi_flash_sd_io[2] (inout)
                                             54.816139   data arrival time

                                100.000000  100.000000   clock clk_i (rise edge)
                                  0.000000  100.000000   clock network delay (propagated)
                                 -0.250000   99.750000   clock uncertainty
                                  0.000000   99.750000   clock reconvergence pessimism
                                -20.000000   79.750000   output external delay
                                             79.750000   data required time
---------------------------------------------------------------------------------------------
                                             79.750000   data required time
                                            -54.816139   data arrival time
---------------------------------------------------------------------------------------------
                                             24.933859   slack (MET)




===========================================================================
report_checks --slack_max -0.01
============================================================================
======================= nom_tt_025C_5v00 Corner ===================================

No paths found.


===========================================================================
 report_check_types -max_slew -max_cap -max_fanout -violators
============================================================================
======================= nom_tt_025C_5v00 Corner ===================================

max fanout

Pin                                   Limit Fanout  Slack
---------------------------------------------------------
clkbuf_0_i_core_v_mini_mcu.memory_subsystem_i.clk_cg/Z     10     16     -6 (VIOLATED)

max capacitance

Pin                                        Limit         Cap       Slack
------------------------------------------------------------------------
clkbuf_0_i_core_v_mini_mcu.memory_subsystem_i.clk_cg/Z    0.200000    0.412732   -0.212732 (VIOLATED)
clkbuf_0_i_core_v_mini_mcu.peripheral_subsystem_i.clk_cg/Z    0.200000    0.305580   -0.105580 (VIOLATED)
clkbuf_0_clk_i_regs/Z                   0.200000    0.234836   -0.034836 (VIOLATED)
max_cap129/Z                            0.200000    0.229673   -0.029673 (VIOLATED)
clkbuf_0_i_core_v_mini_mcu.cpu_subsystem_i.cpu_0_0.clk_i/Z    0.200000    0.215281   -0.015281 (VIOLATED)
clkbuf_0_i_core_v_mini_mcu.cpu_subsystem_i.cpu_1_0.clk_i/Z    0.200000    0.211805   -0.011805 (VIOLATED)
clk_i                                   0.200000    0.211466   -0.011466 (VIOLATED)
wire1922/Z                              0.200000    0.210756   -0.010756 (VIOLATED)
wire1929/Z                              0.200000    0.208071   -0.008071 (VIOLATED)
_44809_/Z                               0.200000    0.200501   -0.000501 (VIOLATED)



===========================================================================
report_parasitic_annotation -report_unannotated
============================================================================
Found 227 unannotated drivers.
 clkload0/Z
 clkload1/Z
 clkload10/ZN
 clkload100/Z
 clkload101/Z
 clkload102/Z
 clkload103/Z
 clkload104/Z
 clkload105/Z
 clkload106/Z
 clkload107/Z
 clkload108/Z
 clkload109/Z
 clkload11/ZN
 clkload110/Z
 clkload111/ZN
 clkload112/Z
 clkload113/ZN
 clkload114/ZN
 clkload115/ZN
 clkload116/ZN
 clkload117/ZN
 clkload118/Z
 clkload119/ZN
 clkload12/Z
 clkload120/ZN
 clkload121/ZN
 clkload122/Z
 clkload123/Z
 clkload124/ZN
 clkload125/ZN
 clkload126/ZN
 clkload127/ZN
 clkload128/Z
 clkload129/ZN
 clkload13/Z
 clkload130/ZN
 clkload131/Z
 clkload132/ZN
 clkload133/Z
 clkload134/ZN
 clkload135/Z
 clkload136/Z
 clkload137/Z
 clkload138/ZN
 clkload139/ZN
 clkload14/ZN
 clkload140/ZN
 clkload141/Z
 clkload142/Z
 clkload143/ZN
 clkload144/ZN
 clkload145/ZN
 clkload146/ZN
 clkload147/ZN
 clkload148/ZN
 clkload149/ZN
 clkload15/Z
 clkload150/ZN
 clkload151/ZN
 clkload152/ZN
 clkload153/Z
 clkload154/ZN
 clkload155/Z
 clkload156/Z
 clkload157/Z
 clkload158/Z
 clkload159/ZN
 clkload16/Z
 clkload160/ZN
 clkload161/Z
 clkload162/Z
 clkload163/ZN
 clkload164/Z
 clkload165/ZN
 clkload166/ZN
 clkload167/ZN
 clkload168/Z
 clkload169/ZN
 clkload17/ZN
 clkload170/Z
 clkload171/ZN
 clkload172/Z
 clkload173/ZN
 clkload174/Z
 clkload175/ZN
 clkload176/ZN
 clkload177/ZN
 clkload178/ZN
 clkload179/ZN
 clkload18/ZN
 clkload180/Z
 clkload181/Z
 clkload182/Z
 clkload183/Z
 clkload184/Z
 clkload185/ZN
 clkload186/Z
 clkload187/ZN
 clkload188/Z
 clkload189/Z
 clkload19/ZN
 clkload190/Z
 clkload191/Z
 clkload192/ZN
 clkload193/ZN
 clkload194/Z
 clkload195/ZN
 clkload196/Z
 clkload197/ZN
 clkload198/Z
 clkload199/ZN
 clkload2/Z
 clkload20/ZN
 clkload200/Z
 clkload201/ZN
 clkload202/ZN
 clkload203/ZN
 clkload204/ZN
 clkload205/ZN
 clkload206/ZN
 clkload207/ZN
 clkload208/Z
 clkload209/Z
 clkload21/Z
 clkload210/ZN
 clkload211/ZN
 clkload212/ZN
 clkload213/ZN
 clkload214/Z
 clkload215/Z
 clkload216/Z
 clkload217/Z
 clkload218/ZN
 clkload219/ZN
 clkload22/Z
 clkload220/Z
 clkload221/ZN
 clkload222/ZN
 clkload223/ZN
 clkload224/ZN
 clkload225/Z
 clkload226/Z
 clkload23/Z
 clkload24/ZN
 clkload25/Z
 clkload26/ZN
 clkload27/Z
 clkload28/ZN
 clkload29/Z
 clkload3/Z
 clkload30/ZN
 clkload31/ZN
 clkload32/Z
 clkload33/ZN
 clkload34/ZN
 clkload35/ZN
 clkload36/Z
 clkload37/ZN
 clkload38/ZN
 clkload39/ZN
 clkload4/Z
 clkload40/ZN
 clkload41/ZN
 clkload42/ZN
 clkload43/ZN
 clkload44/ZN
 clkload45/ZN
 clkload46/ZN
 clkload47/ZN
 clkload48/Z
 clkload49/Z
 clkload5/Z
 clkload50/ZN
 clkload51/ZN
 clkload52/ZN
 clkload53/ZN
 clkload54/Z
 clkload55/Z
 clkload56/Z
 clkload57/ZN
 clkload58/ZN
 clkload59/ZN
 clkload6/Z
 clkload60/ZN
 clkload61/Z
 clkload62/Z
 clkload63/ZN
 clkload64/ZN
 clkload65/ZN
 clkload66/ZN
 clkload67/ZN
 clkload68/Z
 clkload69/ZN
 clkload7/Z
 clkload70/ZN
 clkload71/ZN
 clkload72/Z
 clkload73/ZN
 clkload74/ZN
 clkload75/Z
 clkload76/ZN
 clkload77/ZN
 clkload78/ZN
 clkload79/Z
 clkload8/Z
 clkload80/Z
 clkload81/Z
 clkload82/Z
 clkload83/Z
 clkload84/ZN
 clkload85/ZN
 clkload86/ZN
 clkload87/Z
 clkload88/Z
 clkload89/Z
 clkload9/ZN
 clkload90/Z
 clkload91/ZN
 clkload92/ZN
 clkload93/ZN
 clkload94/Z
 clkload95/Z
 clkload96/Z
 clkload97/Z
 clkload98/Z
 clkload99/Z
Found 0 partially unannotated drivers.

===========================================================================
max slew violation count 0
max fanout violation count 1
max cap violation count 10
============================================================================

===========================================================================
check_setup -verbose -unconstrained_endpoints -multiple_clock -no_clock -no_input_delay -loops -generated_clocks
===========================================================================
