Clock: clk_i
Sources: clk_i 
Generated: no
Virtual: yes
Propagated: no
Period: 100.000000

===========================================================================
report_clock_properties
============================================================================
Clock                   Period          Waveform
----------------------------------------------------
clk_i               100.000000    0.000000 50.000000

===========================================================================
report_clock_latency
============================================================================
Clock clk_i
rise -> rise
    min     max
0.000000 0.000000 source latency
2.776520         network latency _61480_/CLK
        3.185802 network latency _59047_/CLK
---------------
2.776520 3.185802 latency
        0.409282 skew

fall -> fall
    min     max
0.000000 0.000000 source latency
2.502144         network latency _61480_/CLK
        3.006090 network latency _59047_/CLK
---------------
2.502144 3.006090 latency
        0.503945 skew



===========================================================================
report_clock_min_period
============================================================================
clk_i period_min = 20.64 fmax = 48.46
