Clock: clk_i
Sources: clk_i 
Generated: no
Virtual: yes
Propagated: no
Period: 100.000000

===========================================================================
report_clock_properties
============================================================================
Clock                   Period          Waveform
----------------------------------------------------
clk_i               100.000000    0.000000 50.000000

===========================================================================
report_clock_latency
============================================================================
Clock clk_i
rise -> rise
    min     max
0.000000 0.000000 source latency
4.778122         network latency _61480_/CLK
        5.463353 network latency _58213_/CLK
---------------
4.778122 5.463353 latency
        0.685231 skew

fall -> fall
    min     max
0.000000 0.000000 source latency
4.290840         network latency _61480_/CLK
        5.118288 network latency _61444_/CLK
---------------
4.290840 5.118288 latency
        0.827448 skew



===========================================================================
report_clock_min_period
============================================================================
clk_i period_min = 34.85 fmax = 28.70
