
===========================================================================
 report_power
============================================================================
======================= min_ss_125C_4v50 Corner ===================================

Group                    Internal    Switching      Leakage        Total
                            Power        Power        Power        Power (Watts)
------------------------------------------------------------------------
Sequential           2.454376e-02 8.535325e-07 6.535680e-06 2.455115e-02  51.9%
Combinational        6.133557e-05 1.463968e-04 1.865533e-05 2.263877e-04   0.5%
Clock                1.239113e-02 1.014017e-02 1.730665e-05 2.254861e-02  47.6%
Macro                0.000000e+00 0.000000e+00 0.000000e+00 0.000000e+00   0.0%
Pad                  0.000000e+00 0.000000e+00 0.000000e+00 0.000000e+00   0.0%
------------------------------------------------------------------------
Total                3.699627e-02 1.028742e-02 4.248997e-05 4.732618e-02 100.0%
                            78.2%        21.7%         0.1%

