
===========================================================================
 report_power
============================================================================
======================= nom_ff_n40C_5v50 Corner ===================================

Group                    Internal    Switching      Leakage        Total
                            Power        Power        Power        Power (Watts)
------------------------------------------------------------------------
Sequential           8.440233e-02 1.641856e-06 2.787535e-06 8.440676e-02  90.7%
Combinational        1.001970e-04 1.172558e-05 3.956166e-06 1.158787e-04   0.1%
Clock                1.034112e-04 8.474930e-03 1.523954e-09 8.578343e-03   9.2%
Macro                0.000000e+00 0.000000e+00 0.000000e+00 0.000000e+00   0.0%
Pad                  0.000000e+00 0.000000e+00 0.000000e+00 0.000000e+00   0.0%
------------------------------------------------------------------------
Total                8.460595e-02 8.488297e-03 6.744997e-06 9.310099e-02 100.0%
                            90.9%         9.1%         0.0%

