                                                                        Cells by Master                                                                         
┏━━━━━━━━━━━━━━━━━━━━━━━━━━━━━━━━━━━━━━━━━━━━━━━━━━━━━━━━━━━━━━━━━━━━━━━━━━━━━━━━━━━━━━━━━━━━━━━━━━━━━━━━━━━━━━━━━━━━━━━━━━━━━━━━━━━━━┳━━━━━━━━━━━━━━━━━━━━━━━━┓
┃ Cell                                                                                                                                ┃ Count                  ┃
┡━━━━━━━━━━━━━━━━━━━━━━━━━━━━━━━━━━━━━━━━━━━━━━━━━━━━━━━━━━━━━━━━━━━━━━━━━━━━━━━━━━━━━━━━━━━━━━━━━━━━━━━━━━━━━━━━━━━━━━━━━━━━━━━━━━━━━╇━━━━━━━━━━━━━━━━━━━━━━━━┩
│ gf180mcu_fd_sc_mcu7t5v0__and2_1                                                                                                     │ 160                    │
│ gf180mcu_fd_sc_mcu7t5v0__and2_2                                                                                                     │ 13                     │
│ gf180mcu_fd_sc_mcu7t5v0__and2_4                                                                                                     │ 1                      │
│ gf180mcu_fd_sc_mcu7t5v0__and3_1                                                                                                     │ 26                     │
│ gf180mcu_fd_sc_mcu7t5v0__and4_1                                                                                                     │ 33                     │
│ gf180mcu_fd_sc_mcu7t5v0__and4_2                                                                                                     │ 1                      │
│ gf180mcu_fd_sc_mcu7t5v0__antenna                                                                                                    │ 10                     │
│ gf180mcu_fd_sc_mcu7t5v0__aoi211_1                                                                                                   │ 85                     │
│ gf180mcu_fd_sc_mcu7t5v0__aoi211_2                                                                                                   │ 6                      │
│ gf180mcu_fd_sc_mcu7t5v0__aoi21_1                                                                                                    │ 562                    │
│ gf180mcu_fd_sc_mcu7t5v0__aoi21_2                                                                                                    │ 61                     │
│ gf180mcu_fd_sc_mcu7t5v0__aoi21_4                                                                                                    │ 12                     │
│ gf180mcu_fd_sc_mcu7t5v0__aoi221_1                                                                                                   │ 213                    │
│ gf180mcu_fd_sc_mcu7t5v0__aoi221_2                                                                                                   │ 1                      │
│ gf180mcu_fd_sc_mcu7t5v0__aoi22_1                                                                                                    │ 865                    │
│ gf180mcu_fd_sc_mcu7t5v0__aoi22_2                                                                                                    │ 3                      │
│ gf180mcu_fd_sc_mcu7t5v0__aoi22_4                                                                                                    │ 1                      │
│ gf180mcu_fd_sc_mcu7t5v0__buf_1                                                                                                      │ 1536                   │
│ gf180mcu_fd_sc_mcu7t5v0__buf_12                                                                                                     │ 2                      │
│ gf180mcu_fd_sc_mcu7t5v0__buf_2                                                                                                      │ 453                    │
│ gf180mcu_fd_sc_mcu7t5v0__buf_3                                                                                                      │ 105                    │
│ gf180mcu_fd_sc_mcu7t5v0__buf_4                                                                                                      │ 1117                   │
│ gf180mcu_fd_sc_mcu7t5v0__buf_8                                                                                                      │ 41                     │
│ gf180mcu_fd_sc_mcu7t5v0__clkbuf_1                                                                                                   │ 31                     │
│ gf180mcu_fd_sc_mcu7t5v0__clkbuf_16                                                                                                  │ 85                     │
│ gf180mcu_fd_sc_mcu7t5v0__clkbuf_2                                                                                                   │ 68                     │
│ gf180mcu_fd_sc_mcu7t5v0__clkbuf_3                                                                                                   │ 18                     │
│ gf180mcu_fd_sc_mcu7t5v0__clkbuf_4                                                                                                   │ 26                     │
│ gf180mcu_fd_sc_mcu7t5v0__clkbuf_8                                                                                                   │ 685                    │
│ gf180mcu_fd_sc_mcu7t5v0__clkinv_1                                                                                                   │ 2738                   │
│ gf180mcu_fd_sc_mcu7t5v0__clkinv_16                                                                                                  │ 1                      │
│ gf180mcu_fd_sc_mcu7t5v0__clkinv_2                                                                                                   │ 15                     │
│ gf180mcu_fd_sc_mcu7t5v0__clkinv_4                                                                                                   │ 12                     │
│ gf180mcu_fd_sc_mcu7t5v0__clkinv_8                                                                                                   │ 4                      │
│ gf180mcu_fd_sc_mcu7t5v0__dffnq_1                                                                                                    │ 4                      │
│ gf180mcu_fd_sc_mcu7t5v0__dffq_1                                                                                                     │ 4081                   │
│ gf180mcu_fd_sc_mcu7t5v0__dffrnq_1                                                                                                   │ 1327                   │
│ gf180mcu_fd_sc_mcu7t5v0__dffsnq_1                                                                                                   │ 175                    │
│ gf180mcu_fd_sc_mcu7t5v0__dlyb_1                                                                                                     │ 314                    │
│ gf180mcu_fd_sc_mcu7t5v0__endcap                                                                                                     │ 548                    │
│ gf180mcu_fd_sc_mcu7t5v0__fill_1                                                                                                     │ 10232                  │
│ gf180mcu_fd_sc_mcu7t5v0__fill_2                                                                                                     │ 9514                   │
│ gf180mcu_fd_sc_mcu7t5v0__fillcap_16                                                                                                 │ 714                    │
│ gf180mcu_fd_sc_mcu7t5v0__fillcap_32                                                                                                 │ 84                     │
│ gf180mcu_fd_sc_mcu7t5v0__fillcap_4                                                                                                  │ 5207                   │
│ gf180mcu_fd_sc_mcu7t5v0__fillcap_64                                                                                                 │ 4                      │
│ gf180mcu_fd_sc_mcu7t5v0__fillcap_8                                                                                                  │ 2496                   │
│ gf180mcu_fd_sc_mcu7t5v0__filltie                                                                                                    │ 7456                   │
│ gf180mcu_fd_sc_mcu7t5v0__icgtp_1                                                                                                    │ 4                      │
│ gf180mcu_fd_sc_mcu7t5v0__inv_1                                                                                                      │ 194                    │
│ gf180mcu_fd_sc_mcu7t5v0__inv_12                                                                                                     │ 2                      │
│ gf180mcu_fd_sc_mcu7t5v0__inv_2                                                                                                      │ 49                     │
│ gf180mcu_fd_sc_mcu7t5v0__inv_3                                                                                                      │ 25                     │
│ gf180mcu_fd_sc_mcu7t5v0__inv_4                                                                                                      │ 22                     │
│ gf180mcu_fd_sc_mcu7t5v0__nand2_1                                                                                                    │ 11160                  │
│ gf180mcu_fd_sc_mcu7t5v0__nand2_2                                                                                                    │ 205                    │
│ gf180mcu_fd_sc_mcu7t5v0__nand2_4                                                                                                    │ 45                     │
│ gf180mcu_fd_sc_mcu7t5v0__nand3_1                                                                                                    │ 2205                   │
│ gf180mcu_fd_sc_mcu7t5v0__nand3_2                                                                                                    │ 49                     │
│ gf180mcu_fd_sc_mcu7t5v0__nand3_4                                                                                                    │ 6                      │
│ gf180mcu_fd_sc_mcu7t5v0__nand4_1                                                                                                    │ 597                    │
│ gf180mcu_fd_sc_mcu7t5v0__nand4_2                                                                                                    │ 8                      │
│ gf180mcu_fd_sc_mcu7t5v0__nand4_4                                                                                                    │ 1                      │
│ gf180mcu_fd_sc_mcu7t5v0__nor2_1                                                                                                     │ 678                    │
│ gf180mcu_fd_sc_mcu7t5v0__nor2_2                                                                                                     │ 57                     │
│ gf180mcu_fd_sc_mcu7t5v0__nor2_4                                                                                                     │ 53                     │
│ gf180mcu_fd_sc_mcu7t5v0__nor3_1                                                                                                     │ 162                    │
│ gf180mcu_fd_sc_mcu7t5v0__nor3_2                                                                                                     │ 7                      │
│ gf180mcu_fd_sc_mcu7t5v0__nor3_4                                                                                                     │ 9                      │
│ gf180mcu_fd_sc_mcu7t5v0__nor4_1                                                                                                     │ 65                     │
│ gf180mcu_fd_sc_mcu7t5v0__nor4_2                                                                                                     │ 9                      │
│ gf180mcu_fd_sc_mcu7t5v0__oai211_1                                                                                                   │ 267                    │
│ gf180mcu_fd_sc_mcu7t5v0__oai211_2                                                                                                   │ 20                     │
│ gf180mcu_fd_sc_mcu7t5v0__oai21_1                                                                                                    │ 3574                   │
│ gf180mcu_fd_sc_mcu7t5v0__oai21_2                                                                                                    │ 772                    │
│ gf180mcu_fd_sc_mcu7t5v0__oai21_4                                                                                                    │ 915                    │
│ gf180mcu_fd_sc_mcu7t5v0__oai221_1                                                                                                   │ 182                    │
│ gf180mcu_fd_sc_mcu7t5v0__oai221_2                                                                                                   │ 69                     │
│ gf180mcu_fd_sc_mcu7t5v0__oai221_4                                                                                                   │ 19                     │
│ gf180mcu_fd_sc_mcu7t5v0__oai22_1                                                                                                    │ 146                    │
│ gf180mcu_fd_sc_mcu7t5v0__oai22_2                                                                                                    │ 10                     │
│ gf180mcu_fd_sc_mcu7t5v0__oai22_4                                                                                                    │ 1                      │
│ gf180mcu_fd_sc_mcu7t5v0__oai31_1                                                                                                    │ 20                     │
│ gf180mcu_fd_sc_mcu7t5v0__oai31_2                                                                                                    │ 25                     │
│ gf180mcu_fd_sc_mcu7t5v0__oai31_4                                                                                                    │ 1                      │
│ gf180mcu_fd_sc_mcu7t5v0__oai32_1                                                                                                    │ 33                     │
│ gf180mcu_fd_sc_mcu7t5v0__oai32_2                                                                                                    │ 3                      │
│ gf180mcu_fd_sc_mcu7t5v0__oai32_4                                                                                                    │ 1                      │
│ gf180mcu_fd_sc_mcu7t5v0__or2_1                                                                                                      │ 165                    │
│ gf180mcu_fd_sc_mcu7t5v0__or2_2                                                                                                      │ 10                     │
│ gf180mcu_fd_sc_mcu7t5v0__or2_4                                                                                                      │ 1                      │
│ gf180mcu_fd_sc_mcu7t5v0__or3_1                                                                                                      │ 12                     │
│ gf180mcu_fd_sc_mcu7t5v0__or3_2                                                                                                      │ 2                      │
│ gf180mcu_fd_sc_mcu7t5v0__or3_4                                                                                                      │ 1                      │
│ gf180mcu_fd_sc_mcu7t5v0__or4_1                                                                                                      │ 14                     │
│ gf180mcu_fd_sc_mcu7t5v0__or4_2                                                                                                      │ 2                      │
│ gf180mcu_fd_sc_mcu7t5v0__tieh                                                                                                       │ 29                     │
│ gf180mcu_fd_sc_mcu7t5v0__tiel                                                                                                       │ 101                    │
│ gf180mcu_fd_sc_mcu7t5v0__xnor2_1                                                                                                    │ 1                      │
│ gf180mcu_fd_sc_mcu7t5v0__xnor3_1                                                                                                    │ 4                      │
└─────────────────────────────────────────────────────────────────────────────────────────────────────────────────────────────────────┴────────────────────────┘
