Clock: clk_i
Sources: clk_i 
Generated: no
Virtual: yes
Propagated: no
Period: 100.000000

===========================================================================
report_clock_properties
============================================================================
Clock                   Period          Waveform
----------------------------------------------------
clk_i               100.000000    0.000000 50.000000

===========================================================================
report_clock_latency
============================================================================
Clock clk_i
rise -> rise
    min     max
0.000000 0.000000 source latency
2.872927         network latency _62474_/CLK
        3.078957 network latency _60237_/CLK
---------------
2.872927 3.078957 latency
        0.206029 skew

fall -> fall
    min     max
0.000000 0.000000 source latency
2.666830         network latency _62155_/CLK
        2.877027 network latency _61157_/CLK
---------------
2.666830 2.877027 latency
        0.210196 skew



===========================================================================
report_clock_min_period
============================================================================
clk_i period_min = 19.41 fmax = 51.52
