
===========================================================================
 report_power
============================================================================
======================= nom_tt_025C_5v00 Corner ===================================

Group                    Internal    Switching      Leakage        Total
                            Power        Power        Power        Power (Watts)
------------------------------------------------------------------------
Sequential           2.993119e-02 1.293494e-06 2.280547e-06 2.993477e-02  56.2%
Combinational        6.802627e-05 1.732897e-04 3.592705e-06 2.449087e-04   0.5%
Clock                1.162114e-02 1.148625e-02 6.549400e-07 2.310804e-02  43.4%
Macro                0.000000e+00 0.000000e+00 0.000000e+00 0.000000e+00   0.0%
Pad                  0.000000e+00 0.000000e+00 0.000000e+00 0.000000e+00   0.0%
------------------------------------------------------------------------
Total                4.162038e-02 1.166083e-02 6.528202e-06 5.328774e-02 100.0%
                            78.1%        21.9%         0.0%
Writing metric power__internal__total: 0.04162038117647171
Writing metric power__switching__total: 0.011660834774374962
Writing metric power__leakage__total: 6.528201538458234e-6
Writing metric power__total: 0.05328774452209473

