Clock: clk_i
Sources: clk_i 
Generated: no
Virtual: yes
Propagated: no
Period: 40.000000

===========================================================================
report_clock_properties
============================================================================
Clock                   Period          Waveform
----------------------------------------------------
clk_i                40.000000    0.000000 20.000000

===========================================================================
report_clock_latency
============================================================================
Clock clk_i
rise -> rise
    min     max
0.000000 0.000000 source latency
1.877719         network latency _60995_/CLK
        2.136104 network latency _57845_/CLK
---------------
1.877719 2.136104 latency
        0.258385 skew

fall -> fall
    min     max
0.000000 0.000000 source latency
1.684917         network latency _60995_/CLK
        1.985590 network latency _57845_/CLK
---------------
1.684917 1.985590 latency
        0.300673 skew



===========================================================================
report_clock_min_period
============================================================================
clk_i period_min = 13.94 fmax = 71.76
