Clock: clk_i
Sources: clk_i 
Generated: no
Virtual: yes
Propagated: no
Period: 100.000000

===========================================================================
report_clock_properties
============================================================================
Clock                   Period          Waveform
----------------------------------------------------
clk_i               100.000000    0.000000 50.000000

===========================================================================
report_clock_latency
============================================================================
Clock clk_i
rise -> rise
    min     max
0.000000 0.000000 source latency
2.745282         network latency _60995_/CLK
        3.121861 network latency _57888_/CLK
---------------
2.745282 3.121861 latency
        0.376579 skew

fall -> fall
    min     max
0.000000 0.000000 source latency
2.483795         network latency _60995_/CLK
        2.929419 network latency _57888_/CLK
---------------
2.483795 2.929419 latency
        0.445624 skew



===========================================================================
report_clock_min_period
============================================================================
clk_i period_min = 20.79 fmax = 48.11
