Clock: clk_i
Sources: clk_i 
Generated: no
Virtual: yes
Propagated: no
Period: 50.000000

===========================================================================
report_clock_properties
============================================================================
Clock                   Period          Waveform
----------------------------------------------------
clk_i                50.000000    0.000000 25.000000

===========================================================================
report_clock_latency
============================================================================
Clock clk_i
rise -> rise
    min     max
0.000000 0.000000 source latency
4.656050         network latency _58505_/CLK
        5.930475 network latency _56918_/CLK
---------------
4.656050 5.930475 latency
        1.274425 skew

fall -> fall
    min     max
0.000000 0.000000 source latency
4.210264         network latency _58505_/CLK
        5.660503 network latency _56918_/CLK
---------------
4.210264 5.660503 latency
        1.450239 skew



===========================================================================
report_clock_min_period
============================================================================
clk_i period_min = 39.79 fmax = 25.13
