Clock: clk_i
Sources: clk_i 
Generated: no
Virtual: yes
Propagated: no
Period: 50.000000

===========================================================================
report_clock_properties
============================================================================
Clock                   Period          Waveform
----------------------------------------------------
clk_i                50.000000    0.000000 25.000000

===========================================================================
report_clock_latency
============================================================================
Clock clk_i
rise -> rise
    min     max
0.000000 0.000000 source latency
1.663425         network latency _61788_/CLK
        5.311173 network latency _58402_/CLK
---------------
1.663425 5.311173 latency
        3.647749 skew

fall -> fall
    min     max
0.000000 0.000000 source latency
1.515293         network latency _61788_/CLK
        5.012723 network latency _57163_/CLK
---------------
1.515293 5.012723 latency
        3.497430 skew



===========================================================================
report_clock_min_period
============================================================================
clk_i period_min = 35.93 fmax = 27.84
