
===========================================================================
report_checks -unconstrained
===========================================================================
======================= max_tt_025C_5v00 Corner ===================================

Startpoint: rst_ni (input port clocked by clk_i)
Endpoint: _62379_ (recovery check against rising-edge clock clk_i)
Path Group: asynchronous
Path Type: max

Fanout         Cap        Slew       Delay        Time   Description
---------------------------------------------------------------------------------------------
                                  0.000000    0.000000   clock clk_i (rise edge)
                                  0.000000    0.000000   clock network delay (propagated)
                                 20.000000   20.000000 ^ input external delay
     1    0.007922    0.176451    0.077515   20.077515 ^ rst_ni (in)
                                                         rst_ni (net)
                      0.176451    0.000000   20.077515 ^ input3/I (gf180mcu_fd_sc_mcu7t5v0__dlyb_1)
     2    0.088962    1.472556    1.661016   21.738531 ^ input3/Z (gf180mcu_fd_sc_mcu7t5v0__dlyb_1)
                                                         net3 (net)
                      1.472803    0.010724   21.749256 ^ fanout1872/I (gf180mcu_fd_sc_mcu7t5v0__dlyb_1)
     5    0.166086    2.705376    2.369706   24.118961 ^ fanout1872/Z (gf180mcu_fd_sc_mcu7t5v0__dlyb_1)
                                                         net1872 (net)
                      2.705411    0.005569   24.124531 ^ fanout1871/I (gf180mcu_fd_sc_mcu7t5v0__dlyb_1)
     5    0.091206    1.509564    1.595364   25.719894 ^ fanout1871/Z (gf180mcu_fd_sc_mcu7t5v0__dlyb_1)
                                                         net1871 (net)
                      1.509570    0.001734   25.721628 ^ fanout1869/I (gf180mcu_fd_sc_mcu7t5v0__dlyb_1)
     2    0.026650    0.488509    1.089690   26.811317 ^ fanout1869/Z (gf180mcu_fd_sc_mcu7t5v0__dlyb_1)
                                                         net1869 (net)
                      0.488509    0.000346   26.811665 ^ fanout1868/I (gf180mcu_fd_sc_mcu7t5v0__dlyb_1)
     6    0.088262    1.462968    1.677750   28.489414 ^ fanout1868/Z (gf180mcu_fd_sc_mcu7t5v0__dlyb_1)
                                                         net1868 (net)
                      1.462968    0.000712   28.490128 ^ fanout1867/I (gf180mcu_fd_sc_mcu7t5v0__dlyb_1)
     5    0.071319    1.192662    1.502253   29.992380 ^ fanout1867/Z (gf180mcu_fd_sc_mcu7t5v0__dlyb_1)
                                                         net1867 (net)
                      1.192666    0.001219   29.993597 ^ fanout1866/I (gf180mcu_fd_sc_mcu7t5v0__dlyb_1)
     6    0.058324    0.986102    1.395385   31.388983 ^ fanout1866/Z (gf180mcu_fd_sc_mcu7t5v0__dlyb_1)
                                                         net1866 (net)
                      0.986109    0.001560   31.390543 ^ fanout1865/I (gf180mcu_fd_sc_mcu7t5v0__dlyb_1)
    10    0.101477    1.675843    1.801368   33.191910 ^ fanout1865/Z (gf180mcu_fd_sc_mcu7t5v0__dlyb_1)
                                                         net1865 (net)
                      1.675869    0.003748   33.195660 ^ _62379_/RN (gf180mcu_fd_sc_mcu7t5v0__dffrnq_1)
                                             33.195660   data arrival time

                                100.000000  100.000000   clock clk_i (rise edge)
                                  0.000000  100.000000   clock source latency
     2    0.221774    0.899430    0.506979  100.506973 ^ clk_i (in)
                                                         clk_i (net)
                      0.900559    0.000000  100.506973 ^ delaybuf_1_clk_i/I (gf180mcu_fd_sc_mcu7t5v0__clkbuf_16)
     1    0.047272    0.134430    0.374499  100.881477 ^ delaybuf_1_clk_i/Z (gf180mcu_fd_sc_mcu7t5v0__clkbuf_16)
                                                         delaynet_1_clk_i (net)
                      0.134451    0.003098  100.884575 ^ delaybuf_2_clk_i/I (gf180mcu_fd_sc_mcu7t5v0__clkbuf_16)
     1    0.044304    0.110116    0.246970  101.131546 ^ delaybuf_2_clk_i/Z (gf180mcu_fd_sc_mcu7t5v0__clkbuf_16)
                                                         delaynet_2_clk_i (net)
                      0.110142    0.002935  101.134476 ^ delaybuf_3_clk_i/I (gf180mcu_fd_sc_mcu7t5v0__clkbuf_16)
     1    0.044702    0.110475    0.242373  101.376854 ^ delaybuf_3_clk_i/Z (gf180mcu_fd_sc_mcu7t5v0__clkbuf_16)
                                                         delaynet_3_clk_i (net)
                      0.110499    0.002821  101.379669 ^ clkbuf_regs_0_clk_i/I (gf180mcu_fd_sc_mcu7t5v0__clkbuf_16)
     1    0.026933    0.094981    0.231069  101.610741 ^ clkbuf_regs_0_clk_i/Z (gf180mcu_fd_sc_mcu7t5v0__clkbuf_16)
                                                         clk_i_regs (net)
                      0.094982    0.000711  101.611450 ^ clkbuf_0_clk_i_regs/I (gf180mcu_fd_sc_mcu7t5v0__clkbuf_16)
    16    0.468496    0.484628    0.454229  102.065681 ^ clkbuf_0_clk_i_regs/Z (gf180mcu_fd_sc_mcu7t5v0__clkbuf_16)
                                                         clknet_0_clk_i_regs (net)
                      0.490859    0.025231  102.090912 ^ clkbuf_4_7_0_clk_i_regs/I (gf180mcu_fd_sc_mcu7t5v0__clkbuf_8)
     8    0.176139    0.392617    0.493571  102.584480 ^ clkbuf_4_7_0_clk_i_regs/Z (gf180mcu_fd_sc_mcu7t5v0__clkbuf_8)
                                                         clknet_4_7_0_clk_i_regs (net)
                      0.392676    0.002267  102.586746 ^ clkbuf_leaf_88_clk_i_regs/I (gf180mcu_fd_sc_mcu7t5v0__clkbuf_8)
    10    0.067740    0.191305    0.352273  102.939018 ^ clkbuf_leaf_88_clk_i_regs/Z (gf180mcu_fd_sc_mcu7t5v0__clkbuf_8)
                                                         clknet_leaf_88_clk_i_regs (net)
                      0.191305    0.000405  102.939430 ^ _62379_/CLK (gf180mcu_fd_sc_mcu7t5v0__dffrnq_1)
                                 -0.250000  102.689430   clock uncertainty
                                  0.000000  102.689430   clock reconvergence pessimism
                                 -0.173736  102.515694   library recovery time
                                            102.515694   data required time
---------------------------------------------------------------------------------------------
                                            102.515694   data required time
                                            -33.195660   data arrival time
---------------------------------------------------------------------------------------------
                                             69.320038   slack (MET)


Startpoint: _61989_ (falling edge-triggered flip-flop clocked by clk_i)
Endpoint: spi_flash_sd_io[2] (output port clocked by clk_i)
Path Group: clk_i
Path Type: max

Fanout         Cap        Slew       Delay        Time   Description
---------------------------------------------------------------------------------------------
                                 50.000000   50.000000   clock clk_i (fall edge)
                                  0.000000   50.000000   clock source latency
     2    0.221774    0.540805    0.309800   50.309799 v clk_i (in)
                                                         clk_i (net)
                      0.542588    0.000000   50.309799 v delaybuf_1_clk_i/I (gf180mcu_fd_sc_mcu7t5v0__clkbuf_16)
     1    0.047272    0.121013    0.356891   50.666691 v delaybuf_1_clk_i/Z (gf180mcu_fd_sc_mcu7t5v0__clkbuf_16)
                                                         delaynet_1_clk_i (net)
                      0.121041    0.003098   50.669788 v delaybuf_2_clk_i/I (gf180mcu_fd_sc_mcu7t5v0__clkbuf_16)
     1    0.044304    0.107921    0.243961   50.913750 v delaybuf_2_clk_i/Z (gf180mcu_fd_sc_mcu7t5v0__clkbuf_16)
                                                         delaynet_2_clk_i (net)
                      0.107950    0.002938   50.916687 v delaybuf_3_clk_i/I (gf180mcu_fd_sc_mcu7t5v0__clkbuf_16)
     1    0.044702    0.108239    0.240661   51.157349 v delaybuf_3_clk_i/Z (gf180mcu_fd_sc_mcu7t5v0__clkbuf_16)
                                                         delaynet_3_clk_i (net)
                      0.108266    0.002821   51.160168 v clkbuf_regs_0_clk_i/I (gf180mcu_fd_sc_mcu7t5v0__clkbuf_16)
     1    0.026933    0.092673    0.228365   51.388535 v clkbuf_regs_0_clk_i/Z (gf180mcu_fd_sc_mcu7t5v0__clkbuf_16)
                                                         clk_i_regs (net)
                      0.092674    0.000711   51.389244 v clkbuf_0_clk_i_regs/I (gf180mcu_fd_sc_mcu7t5v0__clkbuf_16)
    16    0.468496    0.471912    0.460179   51.849422 v clkbuf_0_clk_i_regs/Z (gf180mcu_fd_sc_mcu7t5v0__clkbuf_16)
                                                         clknet_0_clk_i_regs (net)
                      0.486620    0.044007   51.893433 v clkbuf_4_1_0_clk_i_regs/I (gf180mcu_fd_sc_mcu7t5v0__clkbuf_8)
     8    0.167710    0.396342    0.543679   52.437111 v clkbuf_4_1_0_clk_i_regs/Z (gf180mcu_fd_sc_mcu7t5v0__clkbuf_8)
                                                         clknet_4_1_0_clk_i_regs (net)
                      0.396422    0.003141   52.440250 v clkbuf_leaf_120_clk_i_regs/I (gf180mcu_fd_sc_mcu7t5v0__clkbuf_8)
    14    0.089994    0.244049    0.420304   52.860554 v clkbuf_leaf_120_clk_i_regs/Z (gf180mcu_fd_sc_mcu7t5v0__clkbuf_8)
                                                         clknet_leaf_120_clk_i_regs (net)
                      0.244057    0.002043   52.862598 v _61989_/CLKN (gf180mcu_fd_sc_mcu7t5v0__dffnq_1)
     1    0.005939    0.166905    0.806878   53.669476 ^ _61989_/Q (gf180mcu_fd_sc_mcu7t5v0__dffnq_1)
                                                         i_core_v_mini_mcu.ao_peripheral_subsystem_i.spi_subsystem_i.obi_spimemio_i.spimemio_i.xfer_io2_90 (net)
                      0.166905    0.000117   53.669594 ^ _33819_/A2 (gf180mcu_fd_sc_mcu7t5v0__nor2_1)
     1    0.007897    0.304255    0.160686   53.830280 v _33819_/ZN (gf180mcu_fd_sc_mcu7t5v0__nor2_1)
                                                         _10515_ (net)
                      0.304255    0.000171   53.830448 v _33821_/A2 (gf180mcu_fd_sc_mcu7t5v0__oai21_1)
     1    0.015951    0.604692    0.431541   54.261990 ^ _33821_/ZN (gf180mcu_fd_sc_mcu7t5v0__oai21_1)
                                                         i_core_v_mini_mcu.ao_peripheral_subsystem_i.spi_subsystem_i.obi_spimemio_i.flash_io2_do_o (net)
                      0.604692    0.000423   54.262413 ^ gen_flash_sd[2].u_pad_drv/I (gf180mcu_fd_sc_mcu7t5v0__bufz_4)
     2    0.199750    0.837691    0.727635   54.990047 ^ gen_flash_sd[2].u_pad_drv/Z (gf180mcu_fd_sc_mcu7t5v0__bufz_4)
                                                         spi_flash_sd_io[2] (net)
                      0.844878    0.044647   55.034695 ^ spi_flash_sd_io[2] (inout)
                                             55.034695   data arrival time

                                100.000000  100.000000   clock clk_i (rise edge)
                                  0.000000  100.000000   clock network delay (propagated)
                                 -0.250000   99.750000   clock uncertainty
                                  0.000000   99.750000   clock reconvergence pessimism
                                -20.000000   79.750000   output external delay
                                             79.750000   data required time
---------------------------------------------------------------------------------------------
                                             79.750000   data required time
                                            -55.034695   data arrival time
---------------------------------------------------------------------------------------------
                                             24.715303   slack (MET)




===========================================================================
report_checks --slack_max -0.01
============================================================================
======================= max_tt_025C_5v00 Corner ===================================

No paths found.


===========================================================================
 report_check_types -max_slew -max_cap -max_fanout -violators
============================================================================
======================= max_tt_025C_5v00 Corner ===================================

max slew

Pin                                        Limit        Slew       Slack
------------------------------------------------------------------------
fanout1882/I                            3.000000    3.569365   -0.569365 (VIOLATED)
fanout1887/I                            3.000000    3.569324   -0.569325 (VIOLATED)
fanout1896/I                            3.000000    3.569125   -0.569125 (VIOLATED)
fanout1915/I                            3.000000    3.568643   -0.568643 (VIOLATED)
fanout1946/I                            3.000000    3.568454   -0.568454 (VIOLATED)
ANTENNA_2/I                             3.000000    3.568423   -0.568423 (VIOLATED)
fanout1927/I                            3.000000    3.568423   -0.568423 (VIOLATED)
fanout1956/I                            3.000000    3.568390   -0.568390 (VIOLATED)
fanout1957/Z                            3.000000    3.568373   -0.568373 (VIOLATED)
spi_flash_sd_io[3]                      3.000000    3.264993   -0.264993 (VIOLATED)
spi_flash_sd_io[1]                      3.000000    3.263139   -0.263139 (VIOLATED)
spi_flash_sd_io[2]                      3.000000    3.246284   -0.246284 (VIOLATED)
spi_flash_sd_io[0]                      3.000000    3.168960   -0.168960 (VIOLATED)

max fanout

Pin                                   Limit Fanout  Slack
---------------------------------------------------------
clkbuf_leaf_1_i_core_v_mini_mcu.peripheral_subsystem_i.clk_cg/Z     10     18     -8 (VIOLATED)
clkbuf_leaf_11_i_core_v_mini_mcu.peripheral_subsystem_i.clk_cg/Z     10     17     -7 (VIOLATED)
clkbuf_leaf_17_i_core_v_mini_mcu.peripheral_subsystem_i.clk_cg/Z     10     17     -7 (VIOLATED)
clkbuf_leaf_20_i_core_v_mini_mcu.peripheral_subsystem_i.clk_cg/Z     10     17     -7 (VIOLATED)
clkbuf_leaf_2_i_core_v_mini_mcu.peripheral_subsystem_i.clk_cg/Z     10     17     -7 (VIOLATED)
clkbuf_leaf_4_i_core_v_mini_mcu.peripheral_subsystem_i.clk_cg/Z     10     17     -7 (VIOLATED)
clkbuf_leaf_6_i_core_v_mini_mcu.peripheral_subsystem_i.clk_cg/Z     10     17     -7 (VIOLATED)
clkbuf_leaf_9_i_core_v_mini_mcu.peripheral_subsystem_i.clk_cg/Z     10     17     -7 (VIOLATED)
clkbuf_0_clk_i_regs/Z                    10     16     -6 (VIOLATED)
clkbuf_0_i_core_v_mini_mcu.cpu_subsystem_i.cpu_0_0.clk_i/Z     10     16     -6 (VIOLATED)
clkbuf_0_i_core_v_mini_mcu.cpu_subsystem_i.cpu_1_0.clk_i/Z     10     16     -6 (VIOLATED)
clkbuf_0_i_core_v_mini_mcu.memory_subsystem_i.clk_cg/Z     10     16     -6 (VIOLATED)
clkbuf_leaf_0_i_core_v_mini_mcu.peripheral_subsystem_i.clk_cg/Z     10     16     -6 (VIOLATED)
clkbuf_leaf_115_clk_i_regs/Z             10     16     -6 (VIOLATED)
clkbuf_leaf_13_i_core_v_mini_mcu.peripheral_subsystem_i.clk_cg/Z     10     16     -6 (VIOLATED)
clkbuf_leaf_16_i_core_v_mini_mcu.peripheral_subsystem_i.clk_cg/Z     10     16     -6 (VIOLATED)
clkbuf_leaf_25_i_core_v_mini_mcu.cpu_subsystem_i.cpu_1_0.clk_i/Z     10     16     -6 (VIOLATED)
clkbuf_leaf_29_i_core_v_mini_mcu.peripheral_subsystem_i.clk_cg/Z     10     16     -6 (VIOLATED)
clkbuf_leaf_30_i_core_v_mini_mcu.peripheral_subsystem_i.clk_cg/Z     10     16     -6 (VIOLATED)
clkbuf_leaf_3_i_core_v_mini_mcu.peripheral_subsystem_i.clk_cg/Z     10     16     -6 (VIOLATED)
clkbuf_leaf_5_i_core_v_mini_mcu.peripheral_subsystem_i.clk_cg/Z     10     16     -6 (VIOLATED)
clkbuf_leaf_93_clk_i_regs/Z              10     16     -6 (VIOLATED)
clkbuf_leaf_107_i_core_v_mini_mcu.cpu_subsystem_i.cpu_0_0.clk_i/Z     10     15     -5 (VIOLATED)
clkbuf_leaf_10_i_core_v_mini_mcu.cpu_subsystem_i.cpu_0_0.clk_i/Z     10     15     -5 (VIOLATED)
clkbuf_leaf_15_i_core_v_mini_mcu.peripheral_subsystem_i.clk_cg/Z     10     15     -5 (VIOLATED)
clkbuf_leaf_23_i_core_v_mini_mcu.peripheral_subsystem_i.clk_cg/Z     10     15     -5 (VIOLATED)
clkbuf_leaf_26_i_core_v_mini_mcu.memory_subsystem_i.clk_cg/Z     10     15     -5 (VIOLATED)
clkbuf_leaf_27_i_core_v_mini_mcu.memory_subsystem_i.clk_cg/Z     10     15     -5 (VIOLATED)
clkbuf_leaf_2_i_core_v_mini_mcu.cpu_subsystem_i.cpu_1_0.clk_i/Z     10     15     -5 (VIOLATED)
clkbuf_leaf_31_i_core_v_mini_mcu.peripheral_subsystem_i.clk_cg/Z     10     15     -5 (VIOLATED)
clkbuf_leaf_32_i_core_v_mini_mcu.peripheral_subsystem_i.clk_cg/Z     10     15     -5 (VIOLATED)
clkbuf_leaf_33_clk_i_regs/Z              10     15     -5 (VIOLATED)
clkbuf_leaf_48_clk_i_regs/Z              10     15     -5 (VIOLATED)
clkbuf_leaf_8_i_core_v_mini_mcu.memory_subsystem_i.clk_cg/Z     10     15     -5 (VIOLATED)
clkbuf_leaf_94_clk_i_regs/Z              10     15     -5 (VIOLATED)
clkbuf_leaf_0_i_core_v_mini_mcu.cpu_subsystem_i.cpu_1_0.clk_i/Z     10     14     -4 (VIOLATED)
clkbuf_leaf_108_clk_i_regs/Z             10     14     -4 (VIOLATED)
clkbuf_leaf_10_i_core_v_mini_mcu.peripheral_subsystem_i.clk_cg/Z     10     14     -4 (VIOLATED)
clkbuf_leaf_112_clk_i_regs/Z             10     14     -4 (VIOLATED)
clkbuf_leaf_112_i_core_v_mini_mcu.cpu_subsystem_i.cpu_0_0.clk_i/Z     10     14     -4 (VIOLATED)
clkbuf_leaf_117_clk_i_regs/Z             10     14     -4 (VIOLATED)
clkbuf_leaf_118_clk_i_regs/Z             10     14     -4 (VIOLATED)
clkbuf_leaf_120_clk_i_regs/Z             10     14     -4 (VIOLATED)
clkbuf_leaf_122_clk_i_regs/Z             10     14     -4 (VIOLATED)
clkbuf_leaf_12_i_core_v_mini_mcu.cpu_subsystem_i.cpu_1_0.clk_i/Z     10     14     -4 (VIOLATED)
clkbuf_leaf_12_i_core_v_mini_mcu.peripheral_subsystem_i.clk_cg/Z     10     14     -4 (VIOLATED)
clkbuf_leaf_14_i_core_v_mini_mcu.cpu_subsystem_i.cpu_0_0.clk_i/Z     10     14     -4 (VIOLATED)
clkbuf_leaf_14_i_core_v_mini_mcu.peripheral_subsystem_i.clk_cg/Z     10     14     -4 (VIOLATED)
clkbuf_leaf_15_i_core_v_mini_mcu.cpu_subsystem_i.cpu_0_0.clk_i/Z     10     14     -4 (VIOLATED)
clkbuf_leaf_16_i_core_v_mini_mcu.cpu_subsystem_i.cpu_0_0.clk_i/Z     10     14     -4 (VIOLATED)
clkbuf_leaf_19_clk_i_regs/Z              10     14     -4 (VIOLATED)
clkbuf_leaf_19_i_core_v_mini_mcu.peripheral_subsystem_i.clk_cg/Z     10     14     -4 (VIOLATED)
clkbuf_leaf_1_clk_i_regs/Z               10     14     -4 (VIOLATED)
clkbuf_leaf_20_clk_i_regs/Z              10     14     -4 (VIOLATED)
clkbuf_leaf_20_i_core_v_mini_mcu.memory_subsystem_i.clk_cg/Z     10     14     -4 (VIOLATED)
clkbuf_leaf_21_i_core_v_mini_mcu.cpu_subsystem_i.cpu_0_0.clk_i/Z     10     14     -4 (VIOLATED)
clkbuf_leaf_22_i_core_v_mini_mcu.peripheral_subsystem_i.clk_cg/Z     10     14     -4 (VIOLATED)
clkbuf_leaf_24_i_core_v_mini_mcu.cpu_subsystem_i.cpu_0_0.clk_i/Z     10     14     -4 (VIOLATED)
clkbuf_leaf_24_i_core_v_mini_mcu.peripheral_subsystem_i.clk_cg/Z     10     14     -4 (VIOLATED)
clkbuf_leaf_25_i_core_v_mini_mcu.peripheral_subsystem_i.clk_cg/Z     10     14     -4 (VIOLATED)
clkbuf_leaf_26_i_core_v_mini_mcu.cpu_subsystem_i.cpu_1_0.clk_i/Z     10     14     -4 (VIOLATED)
clkbuf_leaf_28_clk_i_regs/Z              10     14     -4 (VIOLATED)
clkbuf_leaf_28_i_core_v_mini_mcu.peripheral_subsystem_i.clk_cg/Z     10     14     -4 (VIOLATED)
clkbuf_leaf_29_clk_i_regs/Z              10     14     -4 (VIOLATED)
clkbuf_leaf_29_i_core_v_mini_mcu.memory_subsystem_i.clk_cg/Z     10     14     -4 (VIOLATED)
clkbuf_leaf_30_i_core_v_mini_mcu.memory_subsystem_i.clk_cg/Z     10     14     -4 (VIOLATED)
clkbuf_leaf_34_clk_i_regs/Z              10     14     -4 (VIOLATED)
clkbuf_leaf_35_clk_i_regs/Z              10     14     -4 (VIOLATED)
clkbuf_leaf_35_i_core_v_mini_mcu.memory_subsystem_i.clk_cg/Z     10     14     -4 (VIOLATED)
clkbuf_leaf_36_clk_i_regs/Z              10     14     -4 (VIOLATED)
clkbuf_leaf_36_i_core_v_mini_mcu.cpu_subsystem_i.cpu_0_0.clk_i/Z     10     14     -4 (VIOLATED)
clkbuf_leaf_38_clk_i_regs/Z              10     14     -4 (VIOLATED)
clkbuf_leaf_39_clk_i_regs/Z              10     14     -4 (VIOLATED)
clkbuf_leaf_3_i_core_v_mini_mcu.cpu_subsystem_i.cpu_1_0.clk_i/Z     10     14     -4 (VIOLATED)
clkbuf_leaf_40_clk_i_regs/Z              10     14     -4 (VIOLATED)
clkbuf_leaf_40_i_core_v_mini_mcu.memory_subsystem_i.clk_cg/Z     10     14     -4 (VIOLATED)
clkbuf_leaf_45_clk_i_regs/Z              10     14     -4 (VIOLATED)
clkbuf_leaf_45_i_core_v_mini_mcu.cpu_subsystem_i.cpu_0_0.clk_i/Z     10     14     -4 (VIOLATED)
clkbuf_leaf_46_clk_i_regs/Z              10     14     -4 (VIOLATED)
clkbuf_leaf_47_clk_i_regs/Z              10     14     -4 (VIOLATED)
clkbuf_leaf_49_clk_i_regs/Z              10     14     -4 (VIOLATED)
clkbuf_leaf_49_i_core_v_mini_mcu.memory_subsystem_i.clk_cg/Z     10     14     -4 (VIOLATED)
clkbuf_leaf_4_i_core_v_mini_mcu.memory_subsystem_i.clk_cg/Z     10     14     -4 (VIOLATED)
clkbuf_leaf_50_clk_i_regs/Z              10     14     -4 (VIOLATED)
clkbuf_leaf_52_i_core_v_mini_mcu.cpu_subsystem_i.cpu_1_0.clk_i/Z     10     14     -4 (VIOLATED)
clkbuf_leaf_54_i_core_v_mini_mcu.cpu_subsystem_i.cpu_0_0.clk_i/Z     10     14     -4 (VIOLATED)
clkbuf_leaf_56_i_core_v_mini_mcu.cpu_subsystem_i.cpu_0_0.clk_i/Z     10     14     -4 (VIOLATED)
clkbuf_leaf_58_clk_i_regs/Z              10     14     -4 (VIOLATED)
clkbuf_leaf_58_i_core_v_mini_mcu.cpu_subsystem_i.cpu_0_0.clk_i/Z     10     14     -4 (VIOLATED)
clkbuf_leaf_5_i_core_v_mini_mcu.cpu_subsystem_i.cpu_1_0.clk_i/Z     10     14     -4 (VIOLATED)
clkbuf_leaf_61_i_core_v_mini_mcu.cpu_subsystem_i.cpu_1_0.clk_i/Z     10     14     -4 (VIOLATED)
clkbuf_leaf_62_i_core_v_mini_mcu.cpu_subsystem_i.cpu_0_0.clk_i/Z     10     14     -4 (VIOLATED)
clkbuf_leaf_65_clk_i_regs/Z              10     14     -4 (VIOLATED)
clkbuf_leaf_66_i_core_v_mini_mcu.cpu_subsystem_i.cpu_1_0.clk_i/Z     10     14     -4 (VIOLATED)
clkbuf_leaf_68_i_core_v_mini_mcu.memory_subsystem_i.clk_cg/Z     10     14     -4 (VIOLATED)
clkbuf_leaf_6_i_core_v_mini_mcu.memory_subsystem_i.clk_cg/Z     10     14     -4 (VIOLATED)
clkbuf_leaf_70_i_core_v_mini_mcu.cpu_subsystem_i.cpu_0_0.clk_i/Z     10     14     -4 (VIOLATED)
clkbuf_leaf_73_i_core_v_mini_mcu.cpu_subsystem_i.cpu_0_0.clk_i/Z     10     14     -4 (VIOLATED)
clkbuf_leaf_74_clk_i_regs/Z              10     14     -4 (VIOLATED)
clkbuf_leaf_75_i_core_v_mini_mcu.cpu_subsystem_i.cpu_1_0.clk_i/Z     10     14     -4 (VIOLATED)
clkbuf_leaf_75_i_core_v_mini_mcu.memory_subsystem_i.clk_cg/Z     10     14     -4 (VIOLATED)
clkbuf_leaf_76_i_core_v_mini_mcu.cpu_subsystem_i.cpu_1_0.clk_i/Z     10     14     -4 (VIOLATED)
clkbuf_leaf_79_clk_i_regs/Z              10     14     -4 (VIOLATED)
clkbuf_leaf_7_i_core_v_mini_mcu.memory_subsystem_i.clk_cg/Z     10     14     -4 (VIOLATED)
clkbuf_leaf_7_i_core_v_mini_mcu.peripheral_subsystem_i.clk_cg/Z     10     14     -4 (VIOLATED)
clkbuf_leaf_80_clk_i_regs/Z              10     14     -4 (VIOLATED)
clkbuf_leaf_80_i_core_v_mini_mcu.cpu_subsystem_i.cpu_1_0.clk_i/Z     10     14     -4 (VIOLATED)
clkbuf_leaf_81_i_core_v_mini_mcu.cpu_subsystem_i.cpu_1_0.clk_i/Z     10     14     -4 (VIOLATED)
clkbuf_leaf_81_i_core_v_mini_mcu.memory_subsystem_i.clk_cg/Z     10     14     -4 (VIOLATED)
clkbuf_leaf_82_i_core_v_mini_mcu.memory_subsystem_i.clk_cg/Z     10     14     -4 (VIOLATED)
clkbuf_leaf_83_i_core_v_mini_mcu.cpu_subsystem_i.cpu_0_0.clk_i/Z     10     14     -4 (VIOLATED)
clkbuf_leaf_84_i_core_v_mini_mcu.cpu_subsystem_i.cpu_1_0.clk_i/Z     10     14     -4 (VIOLATED)
clkbuf_leaf_84_i_core_v_mini_mcu.memory_subsystem_i.clk_cg/Z     10     14     -4 (VIOLATED)
clkbuf_leaf_86_i_core_v_mini_mcu.cpu_subsystem_i.cpu_0_0.clk_i/Z     10     14     -4 (VIOLATED)
clkbuf_leaf_89_i_core_v_mini_mcu.cpu_subsystem_i.cpu_0_0.clk_i/Z     10     14     -4 (VIOLATED)
clkbuf_leaf_94_i_core_v_mini_mcu.cpu_subsystem_i.cpu_1_0.clk_i/Z     10     14     -4 (VIOLATED)
clkbuf_leaf_96_clk_i_regs/Z              10     14     -4 (VIOLATED)
clkbuf_leaf_97_i_core_v_mini_mcu.cpu_subsystem_i.cpu_1_0.clk_i/Z     10     14     -4 (VIOLATED)
clkbuf_leaf_0_i_core_v_mini_mcu.memory_subsystem_i.clk_cg/Z     10     13     -3 (VIOLATED)
clkbuf_leaf_100_clk_i_regs/Z             10     13     -3 (VIOLATED)
clkbuf_leaf_100_i_core_v_mini_mcu.cpu_subsystem_i.cpu_0_0.clk_i/Z     10     13     -3 (VIOLATED)
clkbuf_leaf_100_i_core_v_mini_mcu.cpu_subsystem_i.cpu_1_0.clk_i/Z     10     13     -3 (VIOLATED)
clkbuf_leaf_101_i_core_v_mini_mcu.cpu_subsystem_i.cpu_0_0.clk_i/Z     10     13     -3 (VIOLATED)
clkbuf_leaf_101_i_core_v_mini_mcu.cpu_subsystem_i.cpu_1_0.clk_i/Z     10     13     -3 (VIOLATED)
clkbuf_leaf_102_clk_i_regs/Z             10     13     -3 (VIOLATED)
clkbuf_leaf_102_i_core_v_mini_mcu.cpu_subsystem_i.cpu_0_0.clk_i/Z     10     13     -3 (VIOLATED)
clkbuf_leaf_103_clk_i_regs/Z             10     13     -3 (VIOLATED)
clkbuf_leaf_103_i_core_v_mini_mcu.cpu_subsystem_i.cpu_0_0.clk_i/Z     10     13     -3 (VIOLATED)
clkbuf_leaf_104_clk_i_regs/Z             10     13     -3 (VIOLATED)
clkbuf_leaf_104_i_core_v_mini_mcu.cpu_subsystem_i.cpu_0_0.clk_i/Z     10     13     -3 (VIOLATED)
clkbuf_leaf_105_clk_i_regs/Z             10     13     -3 (VIOLATED)
clkbuf_leaf_106_clk_i_regs/Z             10     13     -3 (VIOLATED)
clkbuf_leaf_106_i_core_v_mini_mcu.cpu_subsystem_i.cpu_0_0.clk_i/Z     10     13     -3 (VIOLATED)
clkbuf_leaf_107_clk_i_regs/Z             10     13     -3 (VIOLATED)
clkbuf_leaf_108_i_core_v_mini_mcu.cpu_subsystem_i.cpu_0_0.clk_i/Z     10     13     -3 (VIOLATED)
clkbuf_leaf_109_clk_i_regs/Z             10     13     -3 (VIOLATED)
clkbuf_leaf_109_i_core_v_mini_mcu.cpu_subsystem_i.cpu_0_0.clk_i/Z     10     13     -3 (VIOLATED)
clkbuf_leaf_10_clk_i_regs/Z              10     13     -3 (VIOLATED)
clkbuf_leaf_10_i_core_v_mini_mcu.memory_subsystem_i.clk_cg/Z     10     13     -3 (VIOLATED)
clkbuf_leaf_110_i_core_v_mini_mcu.cpu_subsystem_i.cpu_0_0.clk_i/Z     10     13     -3 (VIOLATED)
clkbuf_leaf_111_clk_i_regs/Z             10     13     -3 (VIOLATED)
clkbuf_leaf_123_clk_i_regs/Z             10     13     -3 (VIOLATED)
clkbuf_leaf_12_i_core_v_mini_mcu.memory_subsystem_i.clk_cg/Z     10     13     -3 (VIOLATED)
clkbuf_leaf_13_clk_i_regs/Z              10     13     -3 (VIOLATED)
clkbuf_leaf_13_i_core_v_mini_mcu.cpu_subsystem_i.cpu_0_0.clk_i/Z     10     13     -3 (VIOLATED)
clkbuf_leaf_13_i_core_v_mini_mcu.cpu_subsystem_i.cpu_1_0.clk_i/Z     10     13     -3 (VIOLATED)
clkbuf_leaf_13_i_core_v_mini_mcu.memory_subsystem_i.clk_cg/Z     10     13     -3 (VIOLATED)
clkbuf_leaf_15_i_core_v_mini_mcu.memory_subsystem_i.clk_cg/Z     10     13     -3 (VIOLATED)
clkbuf_leaf_16_i_core_v_mini_mcu.memory_subsystem_i.clk_cg/Z     10     13     -3 (VIOLATED)
clkbuf_leaf_17_i_core_v_mini_mcu.cpu_subsystem_i.cpu_0_0.clk_i/Z     10     13     -3 (VIOLATED)
clkbuf_leaf_18_i_core_v_mini_mcu.cpu_subsystem_i.cpu_0_0.clk_i/Z     10     13     -3 (VIOLATED)
clkbuf_leaf_18_i_core_v_mini_mcu.cpu_subsystem_i.cpu_1_0.clk_i/Z     10     13     -3 (VIOLATED)
clkbuf_leaf_18_i_core_v_mini_mcu.peripheral_subsystem_i.clk_cg/Z     10     13     -3 (VIOLATED)
clkbuf_leaf_19_i_core_v_mini_mcu.cpu_subsystem_i.cpu_1_0.clk_i/Z     10     13     -3 (VIOLATED)
clkbuf_leaf_19_i_core_v_mini_mcu.memory_subsystem_i.clk_cg/Z     10     13     -3 (VIOLATED)
clkbuf_leaf_1_i_core_v_mini_mcu.cpu_subsystem_i.cpu_1_0.clk_i/Z     10     13     -3 (VIOLATED)
clkbuf_leaf_1_i_core_v_mini_mcu.memory_subsystem_i.clk_cg/Z     10     13     -3 (VIOLATED)
clkbuf_leaf_20_i_core_v_mini_mcu.cpu_subsystem_i.cpu_0_0.clk_i/Z     10     13     -3 (VIOLATED)
clkbuf_leaf_20_i_core_v_mini_mcu.cpu_subsystem_i.cpu_1_0.clk_i/Z     10     13     -3 (VIOLATED)
clkbuf_leaf_21_clk_i_regs/Z              10     13     -3 (VIOLATED)
clkbuf_leaf_21_i_core_v_mini_mcu.memory_subsystem_i.clk_cg/Z     10     13     -3 (VIOLATED)
clkbuf_leaf_22_i_core_v_mini_mcu.cpu_subsystem_i.cpu_1_0.clk_i/Z     10     13     -3 (VIOLATED)
clkbuf_leaf_22_i_core_v_mini_mcu.memory_subsystem_i.clk_cg/Z     10     13     -3 (VIOLATED)
clkbuf_leaf_23_i_core_v_mini_mcu.cpu_subsystem_i.cpu_0_0.clk_i/Z     10     13     -3 (VIOLATED)
clkbuf_leaf_23_i_core_v_mini_mcu.cpu_subsystem_i.cpu_1_0.clk_i/Z     10     13     -3 (VIOLATED)
clkbuf_leaf_23_i_core_v_mini_mcu.memory_subsystem_i.clk_cg/Z     10     13     -3 (VIOLATED)
clkbuf_leaf_24_i_core_v_mini_mcu.memory_subsystem_i.clk_cg/Z     10     13     -3 (VIOLATED)
clkbuf_leaf_25_i_core_v_mini_mcu.memory_subsystem_i.clk_cg/Z     10     13     -3 (VIOLATED)
clkbuf_leaf_26_clk_i_regs/Z              10     13     -3 (VIOLATED)
clkbuf_leaf_26_i_core_v_mini_mcu.cpu_subsystem_i.cpu_0_0.clk_i/Z     10     13     -3 (VIOLATED)
clkbuf_leaf_26_i_core_v_mini_mcu.peripheral_subsystem_i.clk_cg/Z     10     13     -3 (VIOLATED)
clkbuf_leaf_27_i_core_v_mini_mcu.cpu_subsystem_i.cpu_0_0.clk_i/Z     10     13     -3 (VIOLATED)
clkbuf_leaf_28_i_core_v_mini_mcu.cpu_subsystem_i.cpu_0_0.clk_i/Z     10     13     -3 (VIOLATED)
clkbuf_leaf_2_i_core_v_mini_mcu.cpu_subsystem_i.cpu_0_0.clk_i/Z     10     13     -3 (VIOLATED)
clkbuf_leaf_31_i_core_v_mini_mcu.cpu_subsystem_i.cpu_0_0.clk_i/Z     10     13     -3 (VIOLATED)
clkbuf_leaf_32_i_core_v_mini_mcu.cpu_subsystem_i.cpu_0_0.clk_i/Z     10     13     -3 (VIOLATED)
clkbuf_leaf_32_i_core_v_mini_mcu.memory_subsystem_i.clk_cg/Z     10     13     -3 (VIOLATED)
clkbuf_leaf_33_i_core_v_mini_mcu.cpu_subsystem_i.cpu_0_0.clk_i/Z     10     13     -3 (VIOLATED)
clkbuf_leaf_33_i_core_v_mini_mcu.memory_subsystem_i.clk_cg/Z     10     13     -3 (VIOLATED)
clkbuf_leaf_34_i_core_v_mini_mcu.cpu_subsystem_i.cpu_0_0.clk_i/Z     10     13     -3 (VIOLATED)
clkbuf_leaf_34_i_core_v_mini_mcu.memory_subsystem_i.clk_cg/Z     10     13     -3 (VIOLATED)
clkbuf_leaf_35_i_core_v_mini_mcu.cpu_subsystem_i.cpu_0_0.clk_i/Z     10     13     -3 (VIOLATED)
clkbuf_leaf_35_i_core_v_mini_mcu.cpu_subsystem_i.cpu_1_0.clk_i/Z     10     13     -3 (VIOLATED)
clkbuf_leaf_37_clk_i_regs/Z              10     13     -3 (VIOLATED)
clkbuf_leaf_37_i_core_v_mini_mcu.cpu_subsystem_i.cpu_0_0.clk_i/Z     10     13     -3 (VIOLATED)
clkbuf_leaf_38_i_core_v_mini_mcu.cpu_subsystem_i.cpu_0_0.clk_i/Z     10     13     -3 (VIOLATED)
clkbuf_leaf_38_i_core_v_mini_mcu.cpu_subsystem_i.cpu_1_0.clk_i/Z     10     13     -3 (VIOLATED)
clkbuf_leaf_39_i_core_v_mini_mcu.cpu_subsystem_i.cpu_0_0.clk_i/Z     10     13     -3 (VIOLATED)
clkbuf_leaf_40_i_core_v_mini_mcu.cpu_subsystem_i.cpu_1_0.clk_i/Z     10     13     -3 (VIOLATED)
clkbuf_leaf_41_clk_i_regs/Z              10     13     -3 (VIOLATED)
clkbuf_leaf_41_i_core_v_mini_mcu.cpu_subsystem_i.cpu_1_0.clk_i/Z     10     13     -3 (VIOLATED)
clkbuf_leaf_42_i_core_v_mini_mcu.cpu_subsystem_i.cpu_0_0.clk_i/Z     10     13     -3 (VIOLATED)
clkbuf_leaf_42_i_core_v_mini_mcu.cpu_subsystem_i.cpu_1_0.clk_i/Z     10     13     -3 (VIOLATED)
clkbuf_leaf_43_i_core_v_mini_mcu.cpu_subsystem_i.cpu_0_0.clk_i/Z     10     13     -3 (VIOLATED)
clkbuf_leaf_43_i_core_v_mini_mcu.cpu_subsystem_i.cpu_1_0.clk_i/Z     10     13     -3 (VIOLATED)
clkbuf_leaf_43_i_core_v_mini_mcu.memory_subsystem_i.clk_cg/Z     10     13     -3 (VIOLATED)
clkbuf_leaf_44_clk_i_regs/Z              10     13     -3 (VIOLATED)
clkbuf_leaf_46_i_core_v_mini_mcu.cpu_subsystem_i.cpu_0_0.clk_i/Z     10     13     -3 (VIOLATED)
clkbuf_leaf_46_i_core_v_mini_mcu.cpu_subsystem_i.cpu_1_0.clk_i/Z     10     13     -3 (VIOLATED)
clkbuf_leaf_47_i_core_v_mini_mcu.cpu_subsystem_i.cpu_0_0.clk_i/Z     10     13     -3 (VIOLATED)
clkbuf_leaf_47_i_core_v_mini_mcu.cpu_subsystem_i.cpu_1_0.clk_i/Z     10     13     -3 (VIOLATED)
clkbuf_leaf_48_i_core_v_mini_mcu.cpu_subsystem_i.cpu_0_0.clk_i/Z     10     13     -3 (VIOLATED)
clkbuf_leaf_48_i_core_v_mini_mcu.cpu_subsystem_i.cpu_1_0.clk_i/Z     10     13     -3 (VIOLATED)
clkbuf_leaf_48_i_core_v_mini_mcu.memory_subsystem_i.clk_cg/Z     10     13     -3 (VIOLATED)
clkbuf_leaf_49_i_core_v_mini_mcu.cpu_subsystem_i.cpu_0_0.clk_i/Z     10     13     -3 (VIOLATED)
clkbuf_leaf_49_i_core_v_mini_mcu.cpu_subsystem_i.cpu_1_0.clk_i/Z     10     13     -3 (VIOLATED)
clkbuf_leaf_4_i_core_v_mini_mcu.cpu_subsystem_i.cpu_0_0.clk_i/Z     10     13     -3 (VIOLATED)
clkbuf_leaf_50_i_core_v_mini_mcu.cpu_subsystem_i.cpu_0_0.clk_i/Z     10     13     -3 (VIOLATED)
clkbuf_leaf_50_i_core_v_mini_mcu.memory_subsystem_i.clk_cg/Z     10     13     -3 (VIOLATED)
clkbuf_leaf_51_clk_i_regs/Z              10     13     -3 (VIOLATED)
clkbuf_leaf_51_i_core_v_mini_mcu.cpu_subsystem_i.cpu_0_0.clk_i/Z     10     13     -3 (VIOLATED)
clkbuf_leaf_51_i_core_v_mini_mcu.memory_subsystem_i.clk_cg/Z     10     13     -3 (VIOLATED)
clkbuf_leaf_52_i_core_v_mini_mcu.memory_subsystem_i.clk_cg/Z     10     13     -3 (VIOLATED)
clkbuf_leaf_53_i_core_v_mini_mcu.cpu_subsystem_i.cpu_0_0.clk_i/Z     10     13     -3 (VIOLATED)
clkbuf_leaf_53_i_core_v_mini_mcu.memory_subsystem_i.clk_cg/Z     10     13     -3 (VIOLATED)
clkbuf_leaf_54_i_core_v_mini_mcu.memory_subsystem_i.clk_cg/Z     10     13     -3 (VIOLATED)
clkbuf_leaf_56_i_core_v_mini_mcu.memory_subsystem_i.clk_cg/Z     10     13     -3 (VIOLATED)
clkbuf_leaf_57_i_core_v_mini_mcu.memory_subsystem_i.clk_cg/Z     10     13     -3 (VIOLATED)
clkbuf_leaf_58_i_core_v_mini_mcu.cpu_subsystem_i.cpu_1_0.clk_i/Z     10     13     -3 (VIOLATED)
clkbuf_leaf_59_clk_i_regs/Z              10     13     -3 (VIOLATED)
clkbuf_leaf_59_i_core_v_mini_mcu.cpu_subsystem_i.cpu_1_0.clk_i/Z     10     13     -3 (VIOLATED)
clkbuf_leaf_59_i_core_v_mini_mcu.memory_subsystem_i.clk_cg/Z     10     13     -3 (VIOLATED)
clkbuf_leaf_5_i_core_v_mini_mcu.memory_subsystem_i.clk_cg/Z     10     13     -3 (VIOLATED)
clkbuf_leaf_60_i_core_v_mini_mcu.cpu_subsystem_i.cpu_1_0.clk_i/Z     10     13     -3 (VIOLATED)
clkbuf_leaf_60_i_core_v_mini_mcu.memory_subsystem_i.clk_cg/Z     10     13     -3 (VIOLATED)
clkbuf_leaf_61_i_core_v_mini_mcu.cpu_subsystem_i.cpu_0_0.clk_i/Z     10     13     -3 (VIOLATED)
clkbuf_leaf_62_i_core_v_mini_mcu.memory_subsystem_i.clk_cg/Z     10     13     -3 (VIOLATED)
clkbuf_leaf_63_i_core_v_mini_mcu.cpu_subsystem_i.cpu_0_0.clk_i/Z     10     13     -3 (VIOLATED)
clkbuf_leaf_63_i_core_v_mini_mcu.memory_subsystem_i.clk_cg/Z     10     13     -3 (VIOLATED)
clkbuf_leaf_64_clk_i_regs/Z              10     13     -3 (VIOLATED)
clkbuf_leaf_64_i_core_v_mini_mcu.cpu_subsystem_i.cpu_0_0.clk_i/Z     10     13     -3 (VIOLATED)
clkbuf_leaf_64_i_core_v_mini_mcu.cpu_subsystem_i.cpu_1_0.clk_i/Z     10     13     -3 (VIOLATED)
clkbuf_leaf_66_clk_i_regs/Z              10     13     -3 (VIOLATED)
clkbuf_leaf_66_i_core_v_mini_mcu.cpu_subsystem_i.cpu_0_0.clk_i/Z     10     13     -3 (VIOLATED)
clkbuf_leaf_67_i_core_v_mini_mcu.cpu_subsystem_i.cpu_0_0.clk_i/Z     10     13     -3 (VIOLATED)
clkbuf_leaf_67_i_core_v_mini_mcu.cpu_subsystem_i.cpu_1_0.clk_i/Z     10     13     -3 (VIOLATED)
clkbuf_leaf_68_clk_i_regs/Z              10     13     -3 (VIOLATED)
clkbuf_leaf_68_i_core_v_mini_mcu.cpu_subsystem_i.cpu_0_0.clk_i/Z     10     13     -3 (VIOLATED)
clkbuf_leaf_69_i_core_v_mini_mcu.cpu_subsystem_i.cpu_0_0.clk_i/Z     10     13     -3 (VIOLATED)
clkbuf_leaf_6_clk_i_regs/Z               10     13     -3 (VIOLATED)
clkbuf_leaf_6_i_core_v_mini_mcu.cpu_subsystem_i.cpu_0_0.clk_i/Z     10     13     -3 (VIOLATED)
clkbuf_leaf_71_i_core_v_mini_mcu.cpu_subsystem_i.cpu_0_0.clk_i/Z     10     13     -3 (VIOLATED)
clkbuf_leaf_71_i_core_v_mini_mcu.cpu_subsystem_i.cpu_1_0.clk_i/Z     10     13     -3 (VIOLATED)
clkbuf_leaf_72_i_core_v_mini_mcu.cpu_subsystem_i.cpu_0_0.clk_i/Z     10     13     -3 (VIOLATED)
clkbuf_leaf_72_i_core_v_mini_mcu.cpu_subsystem_i.cpu_1_0.clk_i/Z     10     13     -3 (VIOLATED)
clkbuf_leaf_72_i_core_v_mini_mcu.memory_subsystem_i.clk_cg/Z     10     13     -3 (VIOLATED)
clkbuf_leaf_73_i_core_v_mini_mcu.cpu_subsystem_i.cpu_1_0.clk_i/Z     10     13     -3 (VIOLATED)
clkbuf_leaf_74_i_core_v_mini_mcu.cpu_subsystem_i.cpu_0_0.clk_i/Z     10     13     -3 (VIOLATED)
clkbuf_leaf_75_i_core_v_mini_mcu.cpu_subsystem_i.cpu_0_0.clk_i/Z     10     13     -3 (VIOLATED)
clkbuf_leaf_76_i_core_v_mini_mcu.cpu_subsystem_i.cpu_0_0.clk_i/Z     10     13     -3 (VIOLATED)
clkbuf_leaf_77_i_core_v_mini_mcu.cpu_subsystem_i.cpu_0_0.clk_i/Z     10     13     -3 (VIOLATED)
clkbuf_leaf_77_i_core_v_mini_mcu.cpu_subsystem_i.cpu_1_0.clk_i/Z     10     13     -3 (VIOLATED)
clkbuf_leaf_78_i_core_v_mini_mcu.cpu_subsystem_i.cpu_0_0.clk_i/Z     10     13     -3 (VIOLATED)
clkbuf_leaf_79_i_core_v_mini_mcu.cpu_subsystem_i.cpu_0_0.clk_i/Z     10     13     -3 (VIOLATED)
clkbuf_leaf_79_i_core_v_mini_mcu.cpu_subsystem_i.cpu_1_0.clk_i/Z     10     13     -3 (VIOLATED)
clkbuf_leaf_79_i_core_v_mini_mcu.memory_subsystem_i.clk_cg/Z     10     13     -3 (VIOLATED)
clkbuf_leaf_7_i_core_v_mini_mcu.cpu_subsystem_i.cpu_0_0.clk_i/Z     10     13     -3 (VIOLATED)
clkbuf_leaf_80_i_core_v_mini_mcu.memory_subsystem_i.clk_cg/Z     10     13     -3 (VIOLATED)
clkbuf_leaf_81_clk_i_regs/Z              10     13     -3 (VIOLATED)
clkbuf_leaf_81_i_core_v_mini_mcu.cpu_subsystem_i.cpu_0_0.clk_i/Z     10     13     -3 (VIOLATED)
clkbuf_leaf_82_i_core_v_mini_mcu.cpu_subsystem_i.cpu_0_0.clk_i/Z     10     13     -3 (VIOLATED)
clkbuf_leaf_82_i_core_v_mini_mcu.cpu_subsystem_i.cpu_1_0.clk_i/Z     10     13     -3 (VIOLATED)
clkbuf_leaf_83_clk_i_regs/Z              10     13     -3 (VIOLATED)
clkbuf_leaf_84_i_core_v_mini_mcu.cpu_subsystem_i.cpu_0_0.clk_i/Z     10     13     -3 (VIOLATED)
clkbuf_leaf_85_i_core_v_mini_mcu.cpu_subsystem_i.cpu_0_0.clk_i/Z     10     13     -3 (VIOLATED)
clkbuf_leaf_85_i_core_v_mini_mcu.memory_subsystem_i.clk_cg/Z     10     13     -3 (VIOLATED)
clkbuf_leaf_86_i_core_v_mini_mcu.cpu_subsystem_i.cpu_1_0.clk_i/Z     10     13     -3 (VIOLATED)
clkbuf_leaf_86_i_core_v_mini_mcu.memory_subsystem_i.clk_cg/Z     10     13     -3 (VIOLATED)
clkbuf_leaf_87_i_core_v_mini_mcu.cpu_subsystem_i.cpu_0_0.clk_i/Z     10     13     -3 (VIOLATED)
clkbuf_leaf_87_i_core_v_mini_mcu.cpu_subsystem_i.cpu_1_0.clk_i/Z     10     13     -3 (VIOLATED)
clkbuf_leaf_87_i_core_v_mini_mcu.memory_subsystem_i.clk_cg/Z     10     13     -3 (VIOLATED)
clkbuf_leaf_88_i_core_v_mini_mcu.cpu_subsystem_i.cpu_0_0.clk_i/Z     10     13     -3 (VIOLATED)
clkbuf_leaf_89_i_core_v_mini_mcu.cpu_subsystem_i.cpu_1_0.clk_i/Z     10     13     -3 (VIOLATED)
clkbuf_leaf_8_i_core_v_mini_mcu.cpu_subsystem_i.cpu_0_0.clk_i/Z     10     13     -3 (VIOLATED)
clkbuf_leaf_91_i_core_v_mini_mcu.cpu_subsystem_i.cpu_0_0.clk_i/Z     10     13     -3 (VIOLATED)
clkbuf_leaf_92_i_core_v_mini_mcu.cpu_subsystem_i.cpu_0_0.clk_i/Z     10     13     -3 (VIOLATED)
clkbuf_leaf_93_i_core_v_mini_mcu.cpu_subsystem_i.cpu_0_0.clk_i/Z     10     13     -3 (VIOLATED)
clkbuf_leaf_94_i_core_v_mini_mcu.cpu_subsystem_i.cpu_0_0.clk_i/Z     10     13     -3 (VIOLATED)
clkbuf_leaf_95_i_core_v_mini_mcu.cpu_subsystem_i.cpu_0_0.clk_i/Z     10     13     -3 (VIOLATED)
clkbuf_leaf_96_i_core_v_mini_mcu.cpu_subsystem_i.cpu_1_0.clk_i/Z     10     13     -3 (VIOLATED)
clkbuf_leaf_97_clk_i_regs/Z              10     13     -3 (VIOLATED)
clkbuf_leaf_97_i_core_v_mini_mcu.cpu_subsystem_i.cpu_0_0.clk_i/Z     10     13     -3 (VIOLATED)
clkbuf_leaf_98_i_core_v_mini_mcu.cpu_subsystem_i.cpu_0_0.clk_i/Z     10     13     -3 (VIOLATED)
clkbuf_leaf_98_i_core_v_mini_mcu.cpu_subsystem_i.cpu_1_0.clk_i/Z     10     13     -3 (VIOLATED)
clkbuf_leaf_99_clk_i_regs/Z              10     13     -3 (VIOLATED)
clkbuf_leaf_9_i_core_v_mini_mcu.cpu_subsystem_i.cpu_0_0.clk_i/Z     10     13     -3 (VIOLATED)
clkbuf_leaf_9_i_core_v_mini_mcu.memory_subsystem_i.clk_cg/Z     10     13     -3 (VIOLATED)
clkbuf_leaf_0_clk_i_regs/Z               10     12     -2 (VIOLATED)
clkbuf_leaf_0_i_core_v_mini_mcu.cpu_subsystem_i.cpu_0_0.clk_i/Z     10     12     -2 (VIOLATED)
clkbuf_leaf_10_i_core_v_mini_mcu.cpu_subsystem_i.cpu_1_0.clk_i/Z     10     12     -2 (VIOLATED)
clkbuf_leaf_110_clk_i_regs/Z             10     12     -2 (VIOLATED)
clkbuf_leaf_111_i_core_v_mini_mcu.cpu_subsystem_i.cpu_0_0.clk_i/Z     10     12     -2 (VIOLATED)
clkbuf_leaf_113_clk_i_regs/Z             10     12     -2 (VIOLATED)
clkbuf_leaf_113_i_core_v_mini_mcu.cpu_subsystem_i.cpu_0_0.clk_i/Z     10     12     -2 (VIOLATED)
clkbuf_leaf_116_clk_i_regs/Z             10     12     -2 (VIOLATED)
clkbuf_leaf_11_i_core_v_mini_mcu.memory_subsystem_i.clk_cg/Z     10     12     -2 (VIOLATED)
clkbuf_leaf_121_clk_i_regs/Z             10     12     -2 (VIOLATED)
clkbuf_leaf_12_clk_i_regs/Z              10     12     -2 (VIOLATED)
clkbuf_leaf_14_clk_i_regs/Z              10     12     -2 (VIOLATED)
clkbuf_leaf_14_i_core_v_mini_mcu.memory_subsystem_i.clk_cg/Z     10     12     -2 (VIOLATED)
clkbuf_leaf_15_i_core_v_mini_mcu.cpu_subsystem_i.cpu_1_0.clk_i/Z     10     12     -2 (VIOLATED)
clkbuf_leaf_16_clk_i_regs/Z              10     12     -2 (VIOLATED)
clkbuf_leaf_17_i_core_v_mini_mcu.memory_subsystem_i.clk_cg/Z     10     12     -2 (VIOLATED)
clkbuf_leaf_18_i_core_v_mini_mcu.memory_subsystem_i.clk_cg/Z     10     12     -2 (VIOLATED)
clkbuf_leaf_19_i_core_v_mini_mcu.cpu_subsystem_i.cpu_0_0.clk_i/Z     10     12     -2 (VIOLATED)
clkbuf_leaf_21_i_core_v_mini_mcu.cpu_subsystem_i.cpu_1_0.clk_i/Z     10     12     -2 (VIOLATED)
clkbuf_leaf_21_i_core_v_mini_mcu.peripheral_subsystem_i.clk_cg/Z     10     12     -2 (VIOLATED)
clkbuf_leaf_22_clk_i_regs/Z              10     12     -2 (VIOLATED)
clkbuf_leaf_22_i_core_v_mini_mcu.cpu_subsystem_i.cpu_0_0.clk_i/Z     10     12     -2 (VIOLATED)
clkbuf_leaf_23_clk_i_regs/Z              10     12     -2 (VIOLATED)
clkbuf_leaf_24_i_core_v_mini_mcu.cpu_subsystem_i.cpu_1_0.clk_i/Z     10     12     -2 (VIOLATED)
clkbuf_leaf_25_i_core_v_mini_mcu.cpu_subsystem_i.cpu_0_0.clk_i/Z     10     12     -2 (VIOLATED)
clkbuf_leaf_27_clk_i_regs/Z              10     12     -2 (VIOLATED)
clkbuf_leaf_27_i_core_v_mini_mcu.cpu_subsystem_i.cpu_1_0.clk_i/Z     10     12     -2 (VIOLATED)
clkbuf_leaf_27_i_core_v_mini_mcu.peripheral_subsystem_i.clk_cg/Z     10     12     -2 (VIOLATED)
clkbuf_leaf_29_i_core_v_mini_mcu.cpu_subsystem_i.cpu_0_0.clk_i/Z     10     12     -2 (VIOLATED)
clkbuf_leaf_29_i_core_v_mini_mcu.cpu_subsystem_i.cpu_1_0.clk_i/Z     10     12     -2 (VIOLATED)
clkbuf_leaf_2_clk_i_regs/Z               10     12     -2 (VIOLATED)
clkbuf_leaf_2_i_core_v_mini_mcu.memory_subsystem_i.clk_cg/Z     10     12     -2 (VIOLATED)
clkbuf_leaf_30_clk_i_regs/Z              10     12     -2 (VIOLATED)
clkbuf_leaf_30_i_core_v_mini_mcu.cpu_subsystem_i.cpu_0_0.clk_i/Z     10     12     -2 (VIOLATED)
clkbuf_leaf_30_i_core_v_mini_mcu.cpu_subsystem_i.cpu_1_0.clk_i/Z     10     12     -2 (VIOLATED)
clkbuf_leaf_31_i_core_v_mini_mcu.cpu_subsystem_i.cpu_1_0.clk_i/Z     10     12     -2 (VIOLATED)
clkbuf_leaf_31_i_core_v_mini_mcu.memory_subsystem_i.clk_cg/Z     10     12     -2 (VIOLATED)
clkbuf_leaf_32_clk_i_regs/Z              10     12     -2 (VIOLATED)
clkbuf_leaf_32_i_core_v_mini_mcu.cpu_subsystem_i.cpu_1_0.clk_i/Z     10     12     -2 (VIOLATED)
clkbuf_leaf_33_i_core_v_mini_mcu.cpu_subsystem_i.cpu_1_0.clk_i/Z     10     12     -2 (VIOLATED)
clkbuf_leaf_36_i_core_v_mini_mcu.cpu_subsystem_i.cpu_1_0.clk_i/Z     10     12     -2 (VIOLATED)
clkbuf_leaf_37_i_core_v_mini_mcu.cpu_subsystem_i.cpu_1_0.clk_i/Z     10     12     -2 (VIOLATED)
clkbuf_leaf_39_i_core_v_mini_mcu.cpu_subsystem_i.cpu_1_0.clk_i/Z     10     12     -2 (VIOLATED)
clkbuf_leaf_3_clk_i_regs/Z               10     12     -2 (VIOLATED)
clkbuf_leaf_3_i_core_v_mini_mcu.cpu_subsystem_i.cpu_0_0.clk_i/Z     10     12     -2 (VIOLATED)
clkbuf_leaf_40_i_core_v_mini_mcu.cpu_subsystem_i.cpu_0_0.clk_i/Z     10     12     -2 (VIOLATED)
clkbuf_leaf_41_i_core_v_mini_mcu.cpu_subsystem_i.cpu_0_0.clk_i/Z     10     12     -2 (VIOLATED)
clkbuf_leaf_41_i_core_v_mini_mcu.memory_subsystem_i.clk_cg/Z     10     12     -2 (VIOLATED)
clkbuf_leaf_42_clk_i_regs/Z              10     12     -2 (VIOLATED)
clkbuf_leaf_44_i_core_v_mini_mcu.cpu_subsystem_i.cpu_0_0.clk_i/Z     10     12     -2 (VIOLATED)
clkbuf_leaf_44_i_core_v_mini_mcu.cpu_subsystem_i.cpu_1_0.clk_i/Z     10     12     -2 (VIOLATED)
clkbuf_leaf_44_i_core_v_mini_mcu.memory_subsystem_i.clk_cg/Z     10     12     -2 (VIOLATED)
clkbuf_leaf_45_i_core_v_mini_mcu.cpu_subsystem_i.cpu_1_0.clk_i/Z     10     12     -2 (VIOLATED)
clkbuf_leaf_45_i_core_v_mini_mcu.memory_subsystem_i.clk_cg/Z     10     12     -2 (VIOLATED)
clkbuf_leaf_46_i_core_v_mini_mcu.memory_subsystem_i.clk_cg/Z     10     12     -2 (VIOLATED)
clkbuf_leaf_4_i_core_v_mini_mcu.cpu_subsystem_i.cpu_1_0.clk_i/Z     10     12     -2 (VIOLATED)
clkbuf_leaf_50_i_core_v_mini_mcu.cpu_subsystem_i.cpu_1_0.clk_i/Z     10     12     -2 (VIOLATED)
clkbuf_leaf_51_i_core_v_mini_mcu.cpu_subsystem_i.cpu_1_0.clk_i/Z     10     12     -2 (VIOLATED)
clkbuf_leaf_52_clk_i_regs/Z              10     12     -2 (VIOLATED)
clkbuf_leaf_52_i_core_v_mini_mcu.cpu_subsystem_i.cpu_0_0.clk_i/Z     10     12     -2 (VIOLATED)
clkbuf_leaf_53_clk_i_regs/Z              10     12     -2 (VIOLATED)
clkbuf_leaf_53_i_core_v_mini_mcu.cpu_subsystem_i.cpu_1_0.clk_i/Z     10     12     -2 (VIOLATED)
clkbuf_leaf_54_i_core_v_mini_mcu.cpu_subsystem_i.cpu_1_0.clk_i/Z     10     12     -2 (VIOLATED)
clkbuf_leaf_55_clk_i_regs/Z              10     12     -2 (VIOLATED)
clkbuf_leaf_55_i_core_v_mini_mcu.cpu_subsystem_i.cpu_0_0.clk_i/Z     10     12     -2 (VIOLATED)
clkbuf_leaf_55_i_core_v_mini_mcu.cpu_subsystem_i.cpu_1_0.clk_i/Z     10     12     -2 (VIOLATED)
clkbuf_leaf_55_i_core_v_mini_mcu.memory_subsystem_i.clk_cg/Z     10     12     -2 (VIOLATED)
clkbuf_leaf_56_i_core_v_mini_mcu.cpu_subsystem_i.cpu_1_0.clk_i/Z     10     12     -2 (VIOLATED)
clkbuf_leaf_57_clk_i_regs/Z              10     12     -2 (VIOLATED)
clkbuf_leaf_57_i_core_v_mini_mcu.cpu_subsystem_i.cpu_1_0.clk_i/Z     10     12     -2 (VIOLATED)
clkbuf_leaf_58_i_core_v_mini_mcu.memory_subsystem_i.clk_cg/Z     10     12     -2 (VIOLATED)
clkbuf_leaf_59_i_core_v_mini_mcu.cpu_subsystem_i.cpu_0_0.clk_i/Z     10     12     -2 (VIOLATED)
clkbuf_leaf_5_clk_i_regs/Z               10     12     -2 (VIOLATED)
clkbuf_leaf_60_clk_i_regs/Z              10     12     -2 (VIOLATED)
clkbuf_leaf_60_i_core_v_mini_mcu.cpu_subsystem_i.cpu_0_0.clk_i/Z     10     12     -2 (VIOLATED)
clkbuf_leaf_61_clk_i_regs/Z              10     12     -2 (VIOLATED)
clkbuf_leaf_61_i_core_v_mini_mcu.memory_subsystem_i.clk_cg/Z     10     12     -2 (VIOLATED)
clkbuf_leaf_62_i_core_v_mini_mcu.cpu_subsystem_i.cpu_1_0.clk_i/Z     10     12     -2 (VIOLATED)
clkbuf_leaf_63_i_core_v_mini_mcu.cpu_subsystem_i.cpu_1_0.clk_i/Z     10     12     -2 (VIOLATED)
clkbuf_leaf_64_i_core_v_mini_mcu.memory_subsystem_i.clk_cg/Z     10     12     -2 (VIOLATED)
clkbuf_leaf_65_i_core_v_mini_mcu.cpu_subsystem_i.cpu_0_0.clk_i/Z     10     12     -2 (VIOLATED)
clkbuf_leaf_65_i_core_v_mini_mcu.cpu_subsystem_i.cpu_1_0.clk_i/Z     10     12     -2 (VIOLATED)
clkbuf_leaf_65_i_core_v_mini_mcu.memory_subsystem_i.clk_cg/Z     10     12     -2 (VIOLATED)
clkbuf_leaf_66_i_core_v_mini_mcu.memory_subsystem_i.clk_cg/Z     10     12     -2 (VIOLATED)
clkbuf_leaf_67_clk_i_regs/Z              10     12     -2 (VIOLATED)
clkbuf_leaf_67_i_core_v_mini_mcu.memory_subsystem_i.clk_cg/Z     10     12     -2 (VIOLATED)
clkbuf_leaf_68_i_core_v_mini_mcu.cpu_subsystem_i.cpu_1_0.clk_i/Z     10     12     -2 (VIOLATED)
clkbuf_leaf_69_i_core_v_mini_mcu.memory_subsystem_i.clk_cg/Z     10     12     -2 (VIOLATED)
clkbuf_leaf_6_i_core_v_mini_mcu.cpu_subsystem_i.cpu_1_0.clk_i/Z     10     12     -2 (VIOLATED)
clkbuf_leaf_70_clk_i_regs/Z              10     12     -2 (VIOLATED)
clkbuf_leaf_70_i_core_v_mini_mcu.memory_subsystem_i.clk_cg/Z     10     12     -2 (VIOLATED)
clkbuf_leaf_71_clk_i_regs/Z              10     12     -2 (VIOLATED)
clkbuf_leaf_73_clk_i_regs/Z              10     12     -2 (VIOLATED)
clkbuf_leaf_73_i_core_v_mini_mcu.memory_subsystem_i.clk_cg/Z     10     12     -2 (VIOLATED)
clkbuf_leaf_74_i_core_v_mini_mcu.cpu_subsystem_i.cpu_1_0.clk_i/Z     10     12     -2 (VIOLATED)
clkbuf_leaf_74_i_core_v_mini_mcu.memory_subsystem_i.clk_cg/Z     10     12     -2 (VIOLATED)
clkbuf_leaf_76_clk_i_regs/Z              10     12     -2 (VIOLATED)
clkbuf_leaf_76_i_core_v_mini_mcu.memory_subsystem_i.clk_cg/Z     10     12     -2 (VIOLATED)
clkbuf_leaf_77_clk_i_regs/Z              10     12     -2 (VIOLATED)
clkbuf_leaf_77_i_core_v_mini_mcu.memory_subsystem_i.clk_cg/Z     10     12     -2 (VIOLATED)
clkbuf_leaf_78_i_core_v_mini_mcu.cpu_subsystem_i.cpu_1_0.clk_i/Z     10     12     -2 (VIOLATED)
clkbuf_leaf_78_i_core_v_mini_mcu.memory_subsystem_i.clk_cg/Z     10     12     -2 (VIOLATED)
clkbuf_leaf_7_i_core_v_mini_mcu.cpu_subsystem_i.cpu_1_0.clk_i/Z     10     12     -2 (VIOLATED)
clkbuf_leaf_80_i_core_v_mini_mcu.cpu_subsystem_i.cpu_0_0.clk_i/Z     10     12     -2 (VIOLATED)
clkbuf_leaf_83_i_core_v_mini_mcu.cpu_subsystem_i.cpu_1_0.clk_i/Z     10     12     -2 (VIOLATED)
clkbuf_leaf_83_i_core_v_mini_mcu.memory_subsystem_i.clk_cg/Z     10     12     -2 (VIOLATED)
clkbuf_leaf_85_clk_i_regs/Z              10     12     -2 (VIOLATED)
clkbuf_leaf_85_i_core_v_mini_mcu.cpu_subsystem_i.cpu_1_0.clk_i/Z     10     12     -2 (VIOLATED)
clkbuf_leaf_86_clk_i_regs/Z              10     12     -2 (VIOLATED)
clkbuf_leaf_87_clk_i_regs/Z              10     12     -2 (VIOLATED)
clkbuf_leaf_88_i_core_v_mini_mcu.cpu_subsystem_i.cpu_1_0.clk_i/Z     10     12     -2 (VIOLATED)
clkbuf_leaf_8_clk_i_regs/Z               10     12     -2 (VIOLATED)
clkbuf_leaf_8_i_core_v_mini_mcu.cpu_subsystem_i.cpu_1_0.clk_i/Z     10     12     -2 (VIOLATED)
clkbuf_leaf_90_i_core_v_mini_mcu.cpu_subsystem_i.cpu_1_0.clk_i/Z     10     12     -2 (VIOLATED)
clkbuf_leaf_91_clk_i_regs/Z              10     12     -2 (VIOLATED)
clkbuf_leaf_91_i_core_v_mini_mcu.cpu_subsystem_i.cpu_1_0.clk_i/Z     10     12     -2 (VIOLATED)
clkbuf_leaf_92_i_core_v_mini_mcu.cpu_subsystem_i.cpu_1_0.clk_i/Z     10     12     -2 (VIOLATED)
clkbuf_leaf_93_i_core_v_mini_mcu.cpu_subsystem_i.cpu_1_0.clk_i/Z     10     12     -2 (VIOLATED)
clkbuf_leaf_95_i_core_v_mini_mcu.cpu_subsystem_i.cpu_1_0.clk_i/Z     10     12     -2 (VIOLATED)
clkbuf_leaf_96_i_core_v_mini_mcu.cpu_subsystem_i.cpu_0_0.clk_i/Z     10     12     -2 (VIOLATED)
clkbuf_leaf_98_clk_i_regs/Z              10     12     -2 (VIOLATED)
clkbuf_leaf_99_i_core_v_mini_mcu.cpu_subsystem_i.cpu_0_0.clk_i/Z     10     12     -2 (VIOLATED)
clkbuf_leaf_99_i_core_v_mini_mcu.cpu_subsystem_i.cpu_1_0.clk_i/Z     10     12     -2 (VIOLATED)
clkbuf_leaf_9_clk_i_regs/Z               10     12     -2 (VIOLATED)

max capacitance

Pin                                        Limit         Cap       Slack
------------------------------------------------------------------------
clkbuf_0_clk_i_regs/Z                   0.200000    0.468496   -0.268496 (VIOLATED)
clkbuf_0_i_core_v_mini_mcu.cpu_subsystem_i.cpu_0_0.clk_i/Z    0.200000    0.443931   -0.243931 (VIOLATED)
clkbuf_0_i_core_v_mini_mcu.memory_subsystem_i.clk_cg/Z    0.200000    0.414622   -0.214622 (VIOLATED)
clkbuf_0_i_core_v_mini_mcu.cpu_subsystem_i.cpu_1_0.clk_i/Z    0.200000    0.382816   -0.182816 (VIOLATED)
max_cap1285/Z                           0.200000    0.249706   -0.049706 (VIOLATED)
wire1292/Z                              0.200000    0.226646   -0.026646 (VIOLATED)
max_cap867/Z                            0.200000    0.224193   -0.024193 (VIOLATED)
max_cap1260/Z                           0.200000    0.222845   -0.022845 (VIOLATED)
clk_i                                   0.200000    0.221774   -0.021774 (VIOLATED)
fanout1957/Z                            0.200000    0.220132   -0.020132 (VIOLATED)
max_cap106/Z                            0.200000    0.217042   -0.017042 (VIOLATED)
wire1338/Z                              0.200000    0.216838   -0.016838 (VIOLATED)
max_cap301/Z                            0.200000    0.210093   -0.010093 (VIOLATED)
_52474_/Z                               0.200000    0.209621   -0.009621 (VIOLATED)
_52469_/Z                               0.200000    0.205910   -0.005910 (VIOLATED)
clkbuf_2_1__f_i_core_v_mini_mcu.peripheral_subsystem_i.clk_cg/Z    0.200000    0.204555   -0.004555 (VIOLATED)
max_cap1257/Z                           0.200000    0.204096   -0.004096 (VIOLATED)
_45034_/ZN                              0.200000    0.204008   -0.004008 (VIOLATED)
wire161/Z                               0.200000    0.202678   -0.002678 (VIOLATED)
max_cap281/Z                            0.200000    0.202082   -0.002082 (VIOLATED)
spi_flash_sd_io[3]                      0.200000    0.200895   -0.000895 (VIOLATED)
gen_flash_sd[3].u_pad_drv/Z             0.200000    0.200895   -0.000895 (VIOLATED)
spi_flash_sd_io[1]                      0.200000    0.200785   -0.000785 (VIOLATED)
gen_flash_sd[1].u_pad_drv/Z             0.200000    0.200785   -0.000785 (VIOLATED)



===========================================================================
report_parasitic_annotation -report_unannotated
============================================================================
Found 351 unannotated drivers.
 clkload0/Z
 clkload1/Z
 clkload10/Z
 clkload100/ZN
 clkload101/ZN
 clkload102/Z
 clkload103/Z
 clkload104/ZN
 clkload105/ZN
 clkload106/ZN
 clkload107/Z
 clkload108/Z
 clkload109/ZN
 clkload11/ZN
 clkload110/ZN
 clkload111/ZN
 clkload112/Z
 clkload113/ZN
 clkload114/ZN
 clkload115/ZN
 clkload116/Z
 clkload117/Z
 clkload118/Z
 clkload119/Z
 clkload12/Z
 clkload120/Z
 clkload121/Z
 clkload122/Z
 clkload123/Z
 clkload124/ZN
 clkload125/ZN
 clkload126/Z
 clkload127/Z
 clkload128/ZN
 clkload129/ZN
 clkload13/ZN
 clkload130/ZN
 clkload131/Z
 clkload132/ZN
 clkload133/Z
 clkload134/Z
 clkload135/Z
 clkload136/Z
 clkload137/ZN
 clkload138/ZN
 clkload139/ZN
 clkload14/Z
 clkload140/ZN
 clkload141/ZN
 clkload142/ZN
 clkload143/ZN
 clkload144/ZN
 clkload145/Z
 clkload146/Z
 clkload147/Z
 clkload148/Z
 clkload149/ZN
 clkload15/Z
 clkload150/Z
 clkload151/ZN
 clkload152/Z
 clkload153/Z
 clkload154/Z
 clkload155/Z
 clkload156/Z
 clkload157/Z
 clkload158/Z
 clkload159/Z
 clkload16/Z
 clkload160/Z
 clkload161/Z
 clkload162/Z
 clkload163/Z
 clkload164/Z
 clkload165/Z
 clkload166/ZN
 clkload167/Z
 clkload168/Z
 clkload169/Z
 clkload17/Z
 clkload170/Z
 clkload171/ZN
 clkload172/Z
 clkload173/ZN
 clkload174/ZN
 clkload175/ZN
 clkload176/Z
 clkload177/ZN
 clkload178/Z
 clkload179/Z
 clkload18/ZN
 clkload180/Z
 clkload181/Z
 clkload182/Z
 clkload183/Z
 clkload184/Z
 clkload185/Z
 clkload186/Z
 clkload187/Z
 clkload188/Z
 clkload189/ZN
 clkload19/Z
 clkload190/ZN
 clkload191/Z
 clkload192/ZN
 clkload193/Z
 clkload194/Z
 clkload195/Z
 clkload196/Z
 clkload197/ZN
 clkload198/ZN
 clkload199/ZN
 clkload2/ZN
 clkload20/ZN
 clkload200/ZN
 clkload201/ZN
 clkload202/Z
 clkload203/Z
 clkload204/ZN
 clkload205/ZN
 clkload206/Z
 clkload207/ZN
 clkload208/ZN
 clkload209/Z
 clkload21/Z
 clkload210/Z
 clkload211/Z
 clkload212/ZN
 clkload213/ZN
 clkload214/Z
 clkload215/Z
 clkload216/Z
 clkload217/Z
 clkload218/Z
 clkload219/Z
 clkload22/ZN
 clkload220/Z
 clkload221/Z
 clkload222/Z
 clkload223/Z
 clkload224/Z
 clkload225/Z
 clkload226/Z
 clkload227/Z
 clkload228/Z
 clkload229/Z
 clkload23/ZN
 clkload230/ZN
 clkload231/Z
 clkload232/Z
 clkload233/Z
 clkload234/ZN
 clkload235/Z
 clkload236/Z
 clkload237/Z
 clkload238/ZN
 clkload239/ZN
 clkload24/ZN
 clkload240/ZN
 clkload241/ZN
 clkload242/ZN
 clkload243/ZN
 clkload244/Z
 clkload245/Z
 clkload246/ZN
 clkload247/Z
 clkload248/Z
 clkload249/Z
 clkload25/Z
 clkload250/Z
 clkload251/Z
 clkload252/Z
 clkload253/Z
 clkload254/Z
 clkload255/Z
 clkload256/Z
 clkload257/Z
 clkload258/Z
 clkload259/Z
 clkload26/ZN
 clkload260/Z
 clkload261/Z
 clkload262/Z
 clkload263/Z
 clkload264/Z
 clkload265/Z
 clkload266/Z
 clkload267/Z
 clkload268/Z
 clkload269/Z
 clkload27/ZN
 clkload270/Z
 clkload271/ZN
 clkload272/ZN
 clkload273/ZN
 clkload274/ZN
 clkload275/Z
 clkload276/ZN
 clkload277/ZN
 clkload278/Z
 clkload279/Z
 clkload28/ZN
 clkload280/Z
 clkload281/Z
 clkload282/Z
 clkload283/Z
 clkload284/Z
 clkload285/Z
 clkload286/Z
 clkload287/Z
 clkload288/Z
 clkload289/Z
 clkload29/Z
 clkload290/Z
 clkload291/Z
 clkload292/Z
 clkload293/Z
 clkload294/Z
 clkload295/Z
 clkload296/Z
 clkload297/Z
 clkload298/Z
 clkload299/ZN
 clkload3/Z
 clkload30/Z
 clkload300/Z
 clkload301/Z
 clkload302/Z
 clkload303/Z
 clkload304/Z
 clkload305/Z
 clkload306/Z
 clkload307/Z
 clkload308/Z
 clkload309/ZN
 clkload31/ZN
 clkload310/ZN
 clkload311/ZN
 clkload312/ZN
 clkload313/Z
 clkload314/ZN
 clkload315/Z
 clkload316/Z
 clkload317/Z
 clkload318/Z
 clkload319/Z
 clkload32/Z
 clkload320/Z
 clkload321/Z
 clkload322/ZN
 clkload323/Z
 clkload324/Z
 clkload325/Z
 clkload326/Z
 clkload327/Z
 clkload328/Z
 clkload329/Z
 clkload33/Z
 clkload330/Z
 clkload331/Z
 clkload332/Z
 clkload333/Z
 clkload334/Z
 clkload335/Z
 clkload336/Z
 clkload337/ZN
 clkload338/ZN
 clkload339/Z
 clkload34/Z
 clkload340/Z
 clkload341/ZN
 clkload342/Z
 clkload343/ZN
 clkload344/Z
 clkload345/Z
 clkload346/Z
 clkload347/Z
 clkload348/Z
 clkload349/Z
 clkload35/Z
 clkload350/Z
 clkload36/Z
 clkload37/Z
 clkload38/ZN
 clkload39/ZN
 clkload4/ZN
 clkload40/ZN
 clkload41/ZN
 clkload42/Z
 clkload43/ZN
 clkload44/Z
 clkload45/ZN
 clkload46/ZN
 clkload47/Z
 clkload48/Z
 clkload49/Z
 clkload5/ZN
 clkload50/Z
 clkload51/Z
 clkload52/Z
 clkload53/Z
 clkload54/Z
 clkload55/Z
 clkload56/Z
 clkload57/ZN
 clkload58/ZN
 clkload59/ZN
 clkload6/ZN
 clkload60/Z
 clkload61/Z
 clkload62/Z
 clkload63/Z
 clkload64/ZN
 clkload65/ZN
 clkload66/ZN
 clkload67/ZN
 clkload68/ZN
 clkload69/ZN
 clkload7/ZN
 clkload70/Z
 clkload71/Z
 clkload72/ZN
 clkload73/ZN
 clkload74/Z
 clkload75/Z
 clkload76/ZN
 clkload77/ZN
 clkload78/ZN
 clkload79/ZN
 clkload8/ZN
 clkload80/ZN
 clkload81/Z
 clkload82/Z
 clkload83/ZN
 clkload84/Z
 clkload85/Z
 clkload86/Z
 clkload87/Z
 clkload88/ZN
 clkload89/ZN
 clkload9/ZN
 clkload90/ZN
 clkload91/ZN
 clkload92/ZN
 clkload93/ZN
 clkload94/ZN
 clkload95/ZN
 clkload96/Z
 clkload97/ZN
 clkload98/ZN
 clkload99/ZN
Found 0 partially unannotated drivers.

===========================================================================
max slew violation count 13
max fanout violation count 411
max cap violation count 24
============================================================================

===========================================================================
check_setup -verbose -unconstrained_endpoints -multiple_clock -no_clock -no_input_delay -loops -generated_clocks
===========================================================================
