Clock: clk_i
Sources: clk_i 
Generated: no
Virtual: yes
Propagated: no
Period: 100.000000

===========================================================================
report_clock_properties
============================================================================
Clock                   Period          Waveform
----------------------------------------------------
clk_i               100.000000    0.000000 50.000000

===========================================================================
report_clock_latency
============================================================================
Clock clk_i
rise -> rise
    min     max
0.000000 0.000000 source latency
2.918405         network latency _61011_/CLK
        3.275053 network latency _61885_/CLK
---------------
2.918405 3.275053 latency
        0.356647 skew

fall -> fall
    min     max
0.000000 0.000000 source latency
2.741533         network latency _62156_/CLK
        3.072419 network latency _61885_/CLK
---------------
2.741533 3.072419 latency
        0.330886 skew



===========================================================================
report_clock_min_period
============================================================================
clk_i period_min = 21.48 fmax = 46.56
