
===========================================================================
report_checks -unconstrained
===========================================================================
======================= min_ss_125C_4v50 Corner ===================================

Startpoint: rst_ni (input port clocked by clk_i)
Endpoint: _61688_ (recovery check against rising-edge clock clk_i)
Path Group: asynchronous
Path Type: max

Fanout         Cap        Slew       Delay        Time   Description
---------------------------------------------------------------------------------------------
                                  0.000000    0.000000   clock clk_i (rise edge)
                                  0.000000    0.000000   clock network delay (propagated)
                                 10.000000   10.000000 ^ input external delay
     1    0.007040    0.279439    0.112518   10.112518 ^ rst_ni (in)
                                                         rst_ni (net)
                      0.279439    0.000000   10.112518 ^ input3/I (gf180mcu_fd_sc_mcu7t5v0__dlyb_1)
     1    0.036445    1.098617    2.211783   12.324301 ^ input3/Z (gf180mcu_fd_sc_mcu7t5v0__dlyb_1)
                                                         net3 (net)
                      1.098625    0.002037   12.326338 ^ fanout1269/I (gf180mcu_fd_sc_mcu7t5v0__dlyb_1)
     1    0.014221    0.531391    1.925521   14.251859 ^ fanout1269/Z (gf180mcu_fd_sc_mcu7t5v0__dlyb_1)
                                                         net1269 (net)
                      0.531391    0.000362   14.252221 ^ wire1272/I (gf180mcu_fd_sc_mcu7t5v0__buf_4)
     4    0.109445    0.803213    0.726400   14.978621 ^ wire1272/Z (gf180mcu_fd_sc_mcu7t5v0__buf_4)
                                                         net1272 (net)
                      0.803225    0.001753   14.980374 ^ fanout1268/I (gf180mcu_fd_sc_mcu7t5v0__buf_1)
     2    0.014995    0.511833    0.630941   15.611316 ^ fanout1268/Z (gf180mcu_fd_sc_mcu7t5v0__buf_1)
                                                         net1268 (net)
                      0.511833    0.000176   15.611491 ^ max_cap1754/I (gf180mcu_fd_sc_mcu7t5v0__buf_4)
     4    0.097951    0.726363    0.679586   16.291077 ^ max_cap1754/Z (gf180mcu_fd_sc_mcu7t5v0__buf_4)
                                                         net1753 (net)
                      0.726457    0.004480   16.295557 ^ fanout1233/I (gf180mcu_fd_sc_mcu7t5v0__dlyb_1)
     5    0.054051    1.567746    2.532339   18.827896 ^ fanout1233/Z (gf180mcu_fd_sc_mcu7t5v0__dlyb_1)
                                                         net1233 (net)
                      1.567757    0.002284   18.830181 ^ fanout1224/I (gf180mcu_fd_sc_mcu7t5v0__dlyb_1)
     5    0.073093    2.079478    2.844333   21.674513 ^ fanout1224/Z (gf180mcu_fd_sc_mcu7t5v0__dlyb_1)
                                                         net1224 (net)
                      2.079487    0.002462   21.676975 ^ fanout1214/I (gf180mcu_fd_sc_mcu7t5v0__dlyb_1)
     5    0.048436    1.417386    2.451531   24.128506 ^ fanout1214/Z (gf180mcu_fd_sc_mcu7t5v0__dlyb_1)
                                                         net1214 (net)
                      1.417386    0.000373   24.128880 ^ fanout1213/I (gf180mcu_fd_sc_mcu7t5v0__dlyb_1)
     6    0.045839    1.348782    2.423011   26.551889 ^ fanout1213/Z (gf180mcu_fd_sc_mcu7t5v0__dlyb_1)
                                                         net1213 (net)
                      1.348782    0.000858   26.552748 ^ fanout1212/I (gf180mcu_fd_sc_mcu7t5v0__dlyb_1)
     9    0.085303    2.409856    3.033916   29.586664 ^ fanout1212/Z (gf180mcu_fd_sc_mcu7t5v0__dlyb_1)
                                                         net1212 (net)
                      2.409869    0.003180   29.589844 ^ fanout1211/I (gf180mcu_fd_sc_mcu7t5v0__dlyb_1)
    10    0.094196    2.649816    3.150207   32.740051 ^ fanout1211/Z (gf180mcu_fd_sc_mcu7t5v0__dlyb_1)
                                                         net1211 (net)
                      2.649826    0.002867   32.742920 ^ _61688_/RN (gf180mcu_fd_sc_mcu7t5v0__dffrnq_1)
                                             32.742920   data arrival time

                                 50.000000   50.000000   clock clk_i (rise edge)
                                  0.000000   50.000000   clock source latency
     2    0.188288    1.325265    0.731493   50.731491 ^ clk_i (in)
                                                         clk_i (net)
                      1.325476    0.000000   50.731491 ^ delaybuf_0_clk_i/I (gf180mcu_fd_sc_mcu7t5v0__clkbuf_16)
     1    0.046466    0.227766    0.641961   51.373451 ^ delaybuf_0_clk_i/Z (gf180mcu_fd_sc_mcu7t5v0__clkbuf_16)
                                                         delaynet_0_clk_i (net)
                      0.227778    0.003066   51.376518 ^ delaybuf_1_clk_i/I (gf180mcu_fd_sc_mcu7t5v0__clkbuf_16)
     1    0.044343    0.196090    0.442892   51.819412 ^ delaybuf_1_clk_i/Z (gf180mcu_fd_sc_mcu7t5v0__clkbuf_16)
                                                         delaynet_1_clk_i (net)
                      0.196100    0.002565   51.821976 ^ delaybuf_2_clk_i/I (gf180mcu_fd_sc_mcu7t5v0__clkbuf_16)
     1    0.042729    0.193589    0.434145   52.256123 ^ delaybuf_2_clk_i/Z (gf180mcu_fd_sc_mcu7t5v0__clkbuf_16)
                                                         delaynet_2_clk_i (net)
                      0.193598    0.002480   52.258602 ^ clkbuf_regs_0_clk_i/I (gf180mcu_fd_sc_mcu7t5v0__clkbuf_16)
     1    0.025206    0.166273    0.412456   52.671055 ^ clkbuf_regs_0_clk_i/Z (gf180mcu_fd_sc_mcu7t5v0__clkbuf_16)
                                                         clk_i_regs (net)
                      0.166273    0.000568   52.671623 ^ clkbuf_0_clk_i_regs/I (gf180mcu_fd_sc_mcu7t5v0__clkbuf_16)
     8    0.222139    0.468585    0.618201   53.289825 ^ clkbuf_0_clk_i_regs/Z (gf180mcu_fd_sc_mcu7t5v0__clkbuf_16)
                                                         clknet_0_clk_i_regs (net)
                      0.468592    0.002682   53.292507 ^ clkbuf_3_5_0_clk_i_regs/I (gf180mcu_fd_sc_mcu7t5v0__clkbuf_8)
     4    0.129508    0.521795    0.712291   54.004799 ^ clkbuf_3_5_0_clk_i_regs/Z (gf180mcu_fd_sc_mcu7t5v0__clkbuf_8)
                                                         clknet_3_5_0_clk_i_regs (net)
                      0.521814    0.004349   54.009148 ^ clkbuf_5_23__f_clk_i_regs/I (gf180mcu_fd_sc_mcu7t5v0__clkbuf_16)
     5    0.075912    0.245556    0.549047   54.558193 ^ clkbuf_5_23__f_clk_i_regs/Z (gf180mcu_fd_sc_mcu7t5v0__clkbuf_16)
                                                         clknet_5_23__leaf_clk_i_regs (net)
                      0.245558    0.001467   54.559662 ^ clkbuf_leaf_119_clk_i_regs/I (gf180mcu_fd_sc_mcu7t5v0__clkbuf_8)
     8    0.046830    0.264281    0.491809   55.051472 ^ clkbuf_leaf_119_clk_i_regs/Z (gf180mcu_fd_sc_mcu7t5v0__clkbuf_8)
                                                         clknet_leaf_119_clk_i_regs (net)
                      0.264281    0.000096   55.051567 ^ _61688_/CLK (gf180mcu_fd_sc_mcu7t5v0__dffrnq_1)
                                 -0.250000   54.801567   clock uncertainty
                                  0.000000   54.801567   clock reconvergence pessimism
                                 -0.126592   54.674973   library recovery time
                                             54.674973   data required time
---------------------------------------------------------------------------------------------
                                             54.674973   data required time
                                            -32.742920   data arrival time
---------------------------------------------------------------------------------------------
                                             21.932053   slack (MET)


Startpoint: _61323_ (falling edge-triggered flip-flop clocked by clk_i)
Endpoint: spi_flash_sd_io[3] (output port clocked by clk_i)
Path Group: clk_i
Path Type: max

Fanout         Cap        Slew       Delay        Time   Description
---------------------------------------------------------------------------------------------
                                 25.000000   25.000000   clock clk_i (fall edge)
                                  0.000000   25.000000   clock source latency
     2    0.188288    0.770672    0.446763   25.446762 v clk_i (in)
                                                         clk_i (net)
                      0.771008    0.000000   25.446762 v delaybuf_0_clk_i/I (gf180mcu_fd_sc_mcu7t5v0__clkbuf_16)
     1    0.046466    0.206421    0.602244   26.049006 v delaybuf_0_clk_i/Z (gf180mcu_fd_sc_mcu7t5v0__clkbuf_16)
                                                         delaynet_0_clk_i (net)
                      0.206437    0.003064   26.052071 v delaybuf_1_clk_i/I (gf180mcu_fd_sc_mcu7t5v0__clkbuf_16)
     1    0.044343    0.191959    0.437327   26.489397 v delaybuf_1_clk_i/Z (gf180mcu_fd_sc_mcu7t5v0__clkbuf_16)
                                                         delaynet_1_clk_i (net)
                      0.191967    0.002565   26.491961 v delaybuf_2_clk_i/I (gf180mcu_fd_sc_mcu7t5v0__clkbuf_16)
     1    0.042729    0.189552    0.430946   26.922907 v delaybuf_2_clk_i/Z (gf180mcu_fd_sc_mcu7t5v0__clkbuf_16)
                                                         delaynet_2_clk_i (net)
                      0.189563    0.002480   26.925386 v clkbuf_regs_0_clk_i/I (gf180mcu_fd_sc_mcu7t5v0__clkbuf_16)
     1    0.025206    0.161711    0.407452   27.332838 v clkbuf_regs_0_clk_i/Z (gf180mcu_fd_sc_mcu7t5v0__clkbuf_16)
                                                         clk_i_regs (net)
                      0.161711    0.000568   27.333408 v clkbuf_0_clk_i_regs/I (gf180mcu_fd_sc_mcu7t5v0__clkbuf_16)
     8    0.222139    0.458641    0.625239   27.958647 v clkbuf_0_clk_i_regs/Z (gf180mcu_fd_sc_mcu7t5v0__clkbuf_16)
                                                         clknet_0_clk_i_regs (net)
                      0.459779    0.013380   27.972025 v clkbuf_3_0_0_clk_i_regs/I (gf180mcu_fd_sc_mcu7t5v0__clkbuf_8)
     4    0.140743    0.598937    0.810079   28.782104 v clkbuf_3_0_0_clk_i_regs/Z (gf180mcu_fd_sc_mcu7t5v0__clkbuf_8)
                                                         clknet_3_0_0_clk_i_regs (net)
                      0.599000    0.003437   28.785542 v clkbuf_5_2__f_clk_i_regs/I (gf180mcu_fd_sc_mcu7t5v0__clkbuf_16)
     5    0.081436    0.252928    0.603499   29.389042 v clkbuf_5_2__f_clk_i_regs/Z (gf180mcu_fd_sc_mcu7t5v0__clkbuf_16)
                                                         clknet_5_2__leaf_clk_i_regs (net)
                      0.252928    0.000524   29.389565 v clkbuf_leaf_10_clk_i_regs/I (gf180mcu_fd_sc_mcu7t5v0__clkbuf_8)
    10    0.052890    0.301644    0.539504   29.929070 v clkbuf_leaf_10_clk_i_regs/Z (gf180mcu_fd_sc_mcu7t5v0__clkbuf_8)
                                                         clknet_leaf_10_clk_i_regs (net)
                      0.301645    0.000885   29.929955 v _61323_/CLKN (gf180mcu_fd_sc_mcu7t5v0__dffnq_1)
     1    0.005294    0.277884    1.440458   31.370413 ^ _61323_/Q (gf180mcu_fd_sc_mcu7t5v0__dffnq_1)
                                                         i_core_v_mini_mcu.ao_peripheral_subsystem_i.spi_subsystem_i.obi_spimemio_i.spimemio_i.xfer_io3_90 (net)
                      0.277884    0.000103   31.370516 ^ _33459_/A2 (gf180mcu_fd_sc_mcu7t5v0__nor2_1)
     1    0.005971    0.557268    0.252260   31.622776 v _33459_/ZN (gf180mcu_fd_sc_mcu7t5v0__nor2_1)
                                                         _10488_ (net)
                      0.557268    0.000114   31.622890 v _33461_/A2 (gf180mcu_fd_sc_mcu7t5v0__oai21_1)
     1    0.012270    0.931211    0.686047   32.308937 ^ _33461_/ZN (gf180mcu_fd_sc_mcu7t5v0__oai21_1)
                                                         i_core_v_mini_mcu.ao_peripheral_subsystem_i.spi_subsystem_i.obi_spimemio_i.flash_io3_do_o (net)
                      0.931211    0.000174   32.309113 ^ gen_flash_sd[3].u_pad_drv/I (gf180mcu_fd_sc_mcu7t5v0__bufz_4)
     2    0.121691    0.908033    1.005265   33.314377 ^ gen_flash_sd[3].u_pad_drv/Z (gf180mcu_fd_sc_mcu7t5v0__bufz_4)
                                                         spi_flash_sd_io[3] (net)
                      0.908355    0.009649   33.324024 ^ spi_flash_sd_io[3] (inout)
                                             33.324024   data arrival time

                                 50.000000   50.000000   clock clk_i (rise edge)
                                  0.000000   50.000000   clock network delay (propagated)
                                 -0.250000   49.749996   clock uncertainty
                                  0.000000   49.749996   clock reconvergence pessimism
                                -10.000000   39.749996   output external delay
                                             39.749996   data required time
---------------------------------------------------------------------------------------------
                                             39.749996   data required time
                                            -33.324024   data arrival time
---------------------------------------------------------------------------------------------
                                              6.425971   slack (MET)




===========================================================================
report_checks --slack_max -0.01
============================================================================
======================= min_ss_125C_4v50 Corner ===================================

No paths found.


===========================================================================
 report_check_types -max_slew -max_cap -max_fanout -violators
============================================================================
======================= min_ss_125C_4v50 Corner ===================================

max fanout

Pin                                   Limit Fanout  Slack
---------------------------------------------------------
clkbuf_0_i_core_v_mini_mcu.cpu_subsystem_i.cpu_0_0.clk_i/Z     10     16     -6 (VIOLATED)
clkbuf_0_i_core_v_mini_mcu.cpu_subsystem_i.cpu_1_0.clk_i/Z     10     16     -6 (VIOLATED)
clkbuf_0_i_core_v_mini_mcu.memory_subsystem_i.clk_cg/Z     10     16     -6 (VIOLATED)
clkbuf_0_i_core_v_mini_mcu.peripheral_subsystem_i.clk_cg/Z     10     16     -6 (VIOLATED)



===========================================================================
report_parasitic_annotation -report_unannotated
============================================================================
Found 143 unannotated drivers.
 clkload0/Z
 clkload1/Z
 clkload10/ZN
 clkload100/ZN
 clkload101/ZN
 clkload102/Z
 clkload103/ZN
 clkload104/ZN
 clkload105/ZN
 clkload106/ZN
 clkload107/ZN
 clkload108/ZN
 clkload109/ZN
 clkload11/ZN
 clkload110/ZN
 clkload111/ZN
 clkload112/Z
 clkload113/ZN
 clkload114/ZN
 clkload115/ZN
 clkload116/ZN
 clkload117/ZN
 clkload118/Z
 clkload119/Z
 clkload12/ZN
 clkload120/ZN
 clkload121/Z
 clkload122/Z
 clkload123/Z
 clkload124/Z
 clkload125/ZN
 clkload126/Z
 clkload127/Z
 clkload128/ZN
 clkload129/Z
 clkload13/ZN
 clkload130/Z
 clkload131/ZN
 clkload132/Z
 clkload133/Z
 clkload134/ZN
 clkload135/ZN
 clkload136/Z
 clkload137/ZN
 clkload138/ZN
 clkload139/Z
 clkload14/ZN
 clkload140/Z
 clkload141/ZN
 clkload142/ZN
 clkload15/ZN
 clkload16/ZN
 clkload17/ZN
 clkload18/ZN
 clkload19/ZN
 clkload2/Z
 clkload20/ZN
 clkload21/ZN
 clkload22/ZN
 clkload23/Z
 clkload24/Z
 clkload25/Z
 clkload26/Z
 clkload27/Z
 clkload28/Z
 clkload29/Z
 clkload3/Z
 clkload30/Z
 clkload31/Z
 clkload32/Z
 clkload33/Z
 clkload34/Z
 clkload35/Z
 clkload36/Z
 clkload37/Z
 clkload38/ZN
 clkload39/ZN
 clkload4/Z
 clkload40/ZN
 clkload41/Z
 clkload42/ZN
 clkload43/ZN
 clkload44/ZN
 clkload45/ZN
 clkload46/ZN
 clkload47/Z
 clkload48/ZN
 clkload49/ZN
 clkload5/Z
 clkload50/ZN
 clkload51/Z
 clkload52/Z
 clkload53/Z
 clkload54/Z
 clkload55/ZN
 clkload56/ZN
 clkload57/ZN
 clkload58/ZN
 clkload59/ZN
 clkload6/Z
 clkload60/ZN
 clkload61/ZN
 clkload62/ZN
 clkload63/Z
 clkload64/ZN
 clkload65/ZN
 clkload66/ZN
 clkload67/ZN
 clkload68/ZN
 clkload69/ZN
 clkload7/ZN
 clkload70/ZN
 clkload71/ZN
 clkload72/ZN
 clkload73/ZN
 clkload74/ZN
 clkload75/ZN
 clkload76/ZN
 clkload77/ZN
 clkload78/ZN
 clkload79/ZN
 clkload8/ZN
 clkload80/ZN
 clkload81/ZN
 clkload82/ZN
 clkload83/ZN
 clkload84/ZN
 clkload85/ZN
 clkload86/ZN
 clkload87/ZN
 clkload88/ZN
 clkload89/ZN
 clkload9/ZN
 clkload90/ZN
 clkload91/Z
 clkload92/ZN
 clkload93/ZN
 clkload94/ZN
 clkload95/ZN
 clkload96/ZN
 clkload97/ZN
 clkload98/ZN
 clkload99/ZN
Found 0 partially unannotated drivers.

===========================================================================
max slew violation count 0
max fanout violation count 4
max cap violation count 0
============================================================================

===========================================================================
check_setup -verbose -unconstrained_endpoints -multiple_clock -no_clock -no_input_delay -loops -generated_clocks
===========================================================================
