Clock: clk_i
Sources: clk_i 
Generated: no
Virtual: yes
Propagated: no
Period: 50.000000

===========================================================================
report_clock_properties
============================================================================
Clock                   Period          Waveform
----------------------------------------------------
clk_i                50.000000    0.000000 25.000000

===========================================================================
report_clock_latency
============================================================================
Clock clk_i
rise -> rise
    min     max
0.000000 0.000000 source latency
4.345026         network latency _61894_/CLK
        5.215758 network latency _60704_/CLK
---------------
4.345026 5.215758 latency
        0.870733 skew

fall -> fall
    min     max
0.000000 0.000000 source latency
3.916785         network latency _61894_/CLK
        5.021548 network latency _61439_/CLK
---------------
3.916785 5.021548 latency
        1.104763 skew



===========================================================================
report_clock_min_period
============================================================================
clk_i period_min = 35.24 fmax = 28.38
