
===========================================================================
report_checks -unconstrained
===========================================================================
======================= min_ff_n40C_5v50 Corner ===================================

Startpoint: rst_ni (input port clocked by clk_i)
Endpoint: _61688_ (recovery check against rising-edge clock clk_i)
Path Group: asynchronous
Path Type: max

Fanout         Cap        Slew       Delay        Time   Description
---------------------------------------------------------------------------------------------
                                  0.000000    0.000000   clock clk_i (rise edge)
                                  0.000000    0.000000   clock network delay (propagated)
                                 10.000000   10.000000 ^ input external delay
     1    0.007029    0.105385    0.047133   10.047133 ^ rst_ni (in)
                                                         rst_ni (net)
                      0.105385    0.000000   10.047133 ^ input3/I (gf180mcu_fd_sc_mcu7t5v0__dlyb_1)
     1    0.036434    0.420909    0.722944   10.770078 ^ input3/Z (gf180mcu_fd_sc_mcu7t5v0__dlyb_1)
                                                         net3 (net)
                      0.420941    0.002035   10.772113 ^ fanout1269/I (gf180mcu_fd_sc_mcu7t5v0__dlyb_1)
     1    0.013968    0.191506    0.597959   11.370071 ^ fanout1269/Z (gf180mcu_fd_sc_mcu7t5v0__dlyb_1)
                                                         net1269 (net)
                      0.191506    0.000355   11.370427 ^ wire1272/I (gf180mcu_fd_sc_mcu7t5v0__buf_4)
     4    0.108928    0.309545    0.272260   11.642686 ^ wire1272/Z (gf180mcu_fd_sc_mcu7t5v0__buf_4)
                                                         net1272 (net)
                      0.309575    0.001744   11.644431 ^ fanout1268/I (gf180mcu_fd_sc_mcu7t5v0__buf_1)
     2    0.014731    0.191458    0.223846   11.868277 ^ fanout1268/Z (gf180mcu_fd_sc_mcu7t5v0__buf_1)
                                                         net1268 (net)
                      0.191458    0.000172   11.868449 ^ max_cap1754/I (gf180mcu_fd_sc_mcu7t5v0__buf_4)
     4    0.097907    0.280710    0.255865   12.124313 ^ max_cap1754/Z (gf180mcu_fd_sc_mcu7t5v0__buf_4)
                                                         net1753 (net)
                      0.280943    0.004471   12.128784 ^ fanout1233/I (gf180mcu_fd_sc_mcu7t5v0__dlyb_1)
     5    0.054013    0.606811    0.843641   12.972425 ^ fanout1233/Z (gf180mcu_fd_sc_mcu7t5v0__dlyb_1)
                                                         net1233 (net)
                      0.606838    0.002283   12.974708 ^ fanout1224/I (gf180mcu_fd_sc_mcu7t5v0__dlyb_1)
     5    0.073038    0.809318    0.960477   13.935185 ^ fanout1224/Z (gf180mcu_fd_sc_mcu7t5v0__dlyb_1)
                                                         net1224 (net)
                      0.809341    0.002458   13.937643 ^ fanout1214/I (gf180mcu_fd_sc_mcu7t5v0__dlyb_1)
     5    0.048164    0.545478    0.796080   14.733723 ^ fanout1214/Z (gf180mcu_fd_sc_mcu7t5v0__dlyb_1)
                                                         net1214 (net)
                      0.545478    0.000372   14.734096 ^ fanout1213/I (gf180mcu_fd_sc_mcu7t5v0__dlyb_1)
     6    0.045383    0.516232    0.789951   15.524047 ^ fanout1213/Z (gf180mcu_fd_sc_mcu7t5v0__dlyb_1)
                                                         net1213 (net)
                      0.516236    0.000849   15.524896 ^ fanout1212/I (gf180mcu_fd_sc_mcu7t5v0__dlyb_1)
     9    0.084580    0.931364    1.034985   16.559881 ^ fanout1212/Z (gf180mcu_fd_sc_mcu7t5v0__dlyb_1)
                                                         net1212 (net)
                      0.931397    0.003153   16.563034 ^ fanout1211/I (gf180mcu_fd_sc_mcu7t5v0__dlyb_1)
    10    0.093306    1.025293    1.071449   17.634483 ^ fanout1211/Z (gf180mcu_fd_sc_mcu7t5v0__dlyb_1)
                                                         net1211 (net)
                      1.025317    0.002839   17.637321 ^ _61688_/RN (gf180mcu_fd_sc_mcu7t5v0__dffrnq_1)
                                             17.637321   data arrival time

                                 50.000000   50.000000   clock clk_i (rise edge)
                                  0.000000   50.000000   clock source latency
     2    0.187768    0.510718    0.292346   50.292343 ^ clk_i (in)
                                                         clk_i (net)
                      0.511174    0.000000   50.292343 ^ delaybuf_0_clk_i/I (gf180mcu_fd_sc_mcu7t5v0__clkbuf_16)
     1    0.046206    0.083511    0.233506   50.525848 ^ delaybuf_0_clk_i/Z (gf180mcu_fd_sc_mcu7t5v0__clkbuf_16)
                                                         delaynet_0_clk_i (net)
                      0.083549    0.003038   50.528889 ^ delaybuf_1_clk_i/I (gf180mcu_fd_sc_mcu7t5v0__clkbuf_16)
     1    0.044083    0.070352    0.157648   50.686535 ^ delaybuf_1_clk_i/Z (gf180mcu_fd_sc_mcu7t5v0__clkbuf_16)
                                                         delaynet_1_clk_i (net)
                      0.070386    0.002544   50.689079 ^ delaybuf_2_clk_i/I (gf180mcu_fd_sc_mcu7t5v0__clkbuf_16)
     1    0.042469    0.069453    0.154383   50.843464 ^ delaybuf_2_clk_i/Z (gf180mcu_fd_sc_mcu7t5v0__clkbuf_16)
                                                         delaynet_2_clk_i (net)
                      0.069485    0.002458   50.845921 ^ clkbuf_regs_0_clk_i/I (gf180mcu_fd_sc_mcu7t5v0__clkbuf_16)
     1    0.024946    0.059327    0.146887   50.992809 ^ clkbuf_regs_0_clk_i/Z (gf180mcu_fd_sc_mcu7t5v0__clkbuf_16)
                                                         clk_i_regs (net)
                      0.059329    0.000561   50.993370 ^ clkbuf_0_clk_i_regs/I (gf180mcu_fd_sc_mcu7t5v0__clkbuf_16)
     8    0.221819    0.171947    0.220073   51.213444 ^ clkbuf_0_clk_i_regs/Z (gf180mcu_fd_sc_mcu7t5v0__clkbuf_16)
                                                         clknet_0_clk_i_regs (net)
                      0.172019    0.002668   51.216110 ^ clkbuf_3_5_0_clk_i_regs/I (gf180mcu_fd_sc_mcu7t5v0__clkbuf_8)
     4    0.128468    0.195797    0.255870   51.471981 ^ clkbuf_3_5_0_clk_i_regs/Z (gf180mcu_fd_sc_mcu7t5v0__clkbuf_8)
                                                         clknet_3_5_0_clk_i_regs (net)
                      0.196083    0.004302   51.476284 ^ clkbuf_5_23__f_clk_i_regs/I (gf180mcu_fd_sc_mcu7t5v0__clkbuf_16)
     5    0.075712    0.089290    0.195715   51.671997 ^ clkbuf_5_23__f_clk_i_regs/Z (gf180mcu_fd_sc_mcu7t5v0__clkbuf_16)
                                                         clknet_5_23__leaf_clk_i_regs (net)
                      0.089298    0.001460   51.673458 ^ clkbuf_leaf_119_clk_i_regs/I (gf180mcu_fd_sc_mcu7t5v0__clkbuf_8)
     8    0.046211    0.096123    0.175842   51.849300 ^ clkbuf_leaf_119_clk_i_regs/Z (gf180mcu_fd_sc_mcu7t5v0__clkbuf_8)
                                                         clknet_leaf_119_clk_i_regs (net)
                      0.096123    0.000096   51.849396 ^ _61688_/CLK (gf180mcu_fd_sc_mcu7t5v0__dffrnq_1)
                                 -0.250000   51.599396   clock uncertainty
                                  0.000000   51.599396   clock reconvergence pessimism
                                 -0.133354   51.466042   library recovery time
                                             51.466042   data required time
---------------------------------------------------------------------------------------------
                                             51.466042   data required time
                                            -17.637321   data arrival time
---------------------------------------------------------------------------------------------
                                             33.828720   slack (MET)


Startpoint: _61323_ (falling edge-triggered flip-flop clocked by clk_i)
Endpoint: spi_flash_sd_io[3] (output port clocked by clk_i)
Path Group: clk_i
Path Type: max

Fanout         Cap        Slew       Delay        Time   Description
---------------------------------------------------------------------------------------------
                                 25.000000   25.000000   clock clk_i (fall edge)
                                  0.000000   25.000000   clock source latency
     2    0.187768    0.310687    0.177494   25.177492 v clk_i (in)
                                                         clk_i (net)
                      0.311588    0.000000   25.177492 v delaybuf_0_clk_i/I (gf180mcu_fd_sc_mcu7t5v0__clkbuf_16)
     1    0.046206    0.075360    0.217918   25.395411 v delaybuf_0_clk_i/Z (gf180mcu_fd_sc_mcu7t5v0__clkbuf_16)
                                                         delaynet_0_clk_i (net)
                      0.075407    0.003038   25.398449 v delaybuf_1_clk_i/I (gf180mcu_fd_sc_mcu7t5v0__clkbuf_16)
     1    0.044083    0.068701    0.155490   25.553938 v delaybuf_1_clk_i/Z (gf180mcu_fd_sc_mcu7t5v0__clkbuf_16)
                                                         delaynet_1_clk_i (net)
                      0.068738    0.002540   25.556479 v delaybuf_2_clk_i/I (gf180mcu_fd_sc_mcu7t5v0__clkbuf_16)
     1    0.042469    0.067817    0.152994   25.709473 v delaybuf_2_clk_i/Z (gf180mcu_fd_sc_mcu7t5v0__clkbuf_16)
                                                         delaynet_2_clk_i (net)
                      0.067851    0.002457   25.711929 v clkbuf_regs_0_clk_i/I (gf180mcu_fd_sc_mcu7t5v0__clkbuf_16)
     1    0.024946    0.057720    0.144954   25.856884 v clkbuf_regs_0_clk_i/Z (gf180mcu_fd_sc_mcu7t5v0__clkbuf_16)
                                                         clk_i_regs (net)
                      0.057721    0.000563   25.857447 v clkbuf_0_clk_i_regs/I (gf180mcu_fd_sc_mcu7t5v0__clkbuf_16)
     8    0.221819    0.165601    0.221055   26.078503 v clkbuf_0_clk_i_regs/Z (gf180mcu_fd_sc_mcu7t5v0__clkbuf_16)
                                                         clknet_0_clk_i_regs (net)
                      0.168788    0.013221   26.091722 v clkbuf_3_0_0_clk_i_regs/I (gf180mcu_fd_sc_mcu7t5v0__clkbuf_8)
     4    0.139703    0.217811    0.288562   26.380285 v clkbuf_3_0_0_clk_i_regs/Z (gf180mcu_fd_sc_mcu7t5v0__clkbuf_8)
                                                         clknet_3_0_0_clk_i_regs (net)
                      0.217979    0.003405   26.383690 v clkbuf_5_2__f_clk_i_regs/I (gf180mcu_fd_sc_mcu7t5v0__clkbuf_16)
     5    0.081236    0.090807    0.212410   26.596100 v clkbuf_5_2__f_clk_i_regs/Z (gf180mcu_fd_sc_mcu7t5v0__clkbuf_16)
                                                         clknet_5_2__leaf_clk_i_regs (net)
                      0.090808    0.000522   26.596622 v clkbuf_leaf_10_clk_i_regs/I (gf180mcu_fd_sc_mcu7t5v0__clkbuf_8)
    10    0.052528    0.107332    0.191763   26.788385 v clkbuf_leaf_10_clk_i_regs/Z (gf180mcu_fd_sc_mcu7t5v0__clkbuf_8)
                                                         clknet_leaf_10_clk_i_regs (net)
                      0.107348    0.000879   26.789265 v _61323_/CLKN (gf180mcu_fd_sc_mcu7t5v0__dffnq_1)
     1    0.005185    0.099578    0.482324   27.271589 ^ _61323_/Q (gf180mcu_fd_sc_mcu7t5v0__dffnq_1)
                                                         i_core_v_mini_mcu.ao_peripheral_subsystem_i.spi_subsystem_i.obi_spimemio_i.spimemio_i.xfer_io3_90 (net)
                      0.099578    0.000099   27.271688 ^ _33459_/A2 (gf180mcu_fd_sc_mcu7t5v0__nor2_1)
     1    0.005737    0.214561    0.090166   27.361855 v _33459_/ZN (gf180mcu_fd_sc_mcu7t5v0__nor2_1)
                                                         _10488_ (net)
                      0.214561    0.000110   27.361963 v _33461_/A2 (gf180mcu_fd_sc_mcu7t5v0__oai21_1)
     1    0.012019    0.303977    0.230475   27.592440 ^ _33461_/ZN (gf180mcu_fd_sc_mcu7t5v0__oai21_1)
                                                         i_core_v_mini_mcu.ao_peripheral_subsystem_i.spi_subsystem_i.obi_spimemio_i.flash_io3_do_o (net)
                      0.303977    0.000171   27.592609 ^ gen_flash_sd[3].u_pad_drv/I (gf180mcu_fd_sc_mcu7t5v0__bufz_4)
     2    0.120570    0.353310    0.349852   27.942461 ^ gen_flash_sd[3].u_pad_drv/Z (gf180mcu_fd_sc_mcu7t5v0__bufz_4)
                                                         spi_flash_sd_io[3] (net)
                      0.354113    0.009628   27.952089 ^ spi_flash_sd_io[3] (inout)
                                             27.952089   data arrival time

                                 50.000000   50.000000   clock clk_i (rise edge)
                                  0.000000   50.000000   clock network delay (propagated)
                                 -0.250000   49.749996   clock uncertainty
                                  0.000000   49.749996   clock reconvergence pessimism
                                -10.000000   39.749996   output external delay
                                             39.749996   data required time
---------------------------------------------------------------------------------------------
                                             39.749996   data required time
                                            -27.952089   data arrival time
---------------------------------------------------------------------------------------------
                                             11.797907   slack (MET)




===========================================================================
report_checks --slack_max -0.01
============================================================================
======================= min_ff_n40C_5v50 Corner ===================================

No paths found.


===========================================================================
 report_check_types -max_slew -max_cap -max_fanout -violators
============================================================================
======================= min_ff_n40C_5v50 Corner ===================================

max fanout

Pin                                   Limit Fanout  Slack
---------------------------------------------------------
clkbuf_0_i_core_v_mini_mcu.cpu_subsystem_i.cpu_0_0.clk_i/Z     10     16     -6 (VIOLATED)
clkbuf_0_i_core_v_mini_mcu.cpu_subsystem_i.cpu_1_0.clk_i/Z     10     16     -6 (VIOLATED)
clkbuf_0_i_core_v_mini_mcu.memory_subsystem_i.clk_cg/Z     10     16     -6 (VIOLATED)
clkbuf_0_i_core_v_mini_mcu.peripheral_subsystem_i.clk_cg/Z     10     16     -6 (VIOLATED)



===========================================================================
report_parasitic_annotation -report_unannotated
============================================================================
Found 143 unannotated drivers.
 clkload0/Z
 clkload1/Z
 clkload10/ZN
 clkload100/ZN
 clkload101/ZN
 clkload102/Z
 clkload103/ZN
 clkload104/ZN
 clkload105/ZN
 clkload106/ZN
 clkload107/ZN
 clkload108/ZN
 clkload109/ZN
 clkload11/ZN
 clkload110/ZN
 clkload111/ZN
 clkload112/Z
 clkload113/ZN
 clkload114/ZN
 clkload115/ZN
 clkload116/ZN
 clkload117/ZN
 clkload118/Z
 clkload119/Z
 clkload12/ZN
 clkload120/ZN
 clkload121/Z
 clkload122/Z
 clkload123/Z
 clkload124/Z
 clkload125/ZN
 clkload126/Z
 clkload127/Z
 clkload128/ZN
 clkload129/Z
 clkload13/ZN
 clkload130/Z
 clkload131/ZN
 clkload132/Z
 clkload133/Z
 clkload134/ZN
 clkload135/ZN
 clkload136/Z
 clkload137/ZN
 clkload138/ZN
 clkload139/Z
 clkload14/ZN
 clkload140/Z
 clkload141/ZN
 clkload142/ZN
 clkload15/ZN
 clkload16/ZN
 clkload17/ZN
 clkload18/ZN
 clkload19/ZN
 clkload2/Z
 clkload20/ZN
 clkload21/ZN
 clkload22/ZN
 clkload23/Z
 clkload24/Z
 clkload25/Z
 clkload26/Z
 clkload27/Z
 clkload28/Z
 clkload29/Z
 clkload3/Z
 clkload30/Z
 clkload31/Z
 clkload32/Z
 clkload33/Z
 clkload34/Z
 clkload35/Z
 clkload36/Z
 clkload37/Z
 clkload38/ZN
 clkload39/ZN
 clkload4/Z
 clkload40/ZN
 clkload41/Z
 clkload42/ZN
 clkload43/ZN
 clkload44/ZN
 clkload45/ZN
 clkload46/ZN
 clkload47/Z
 clkload48/ZN
 clkload49/ZN
 clkload5/Z
 clkload50/ZN
 clkload51/Z
 clkload52/Z
 clkload53/Z
 clkload54/Z
 clkload55/ZN
 clkload56/ZN
 clkload57/ZN
 clkload58/ZN
 clkload59/ZN
 clkload6/Z
 clkload60/ZN
 clkload61/ZN
 clkload62/ZN
 clkload63/Z
 clkload64/ZN
 clkload65/ZN
 clkload66/ZN
 clkload67/ZN
 clkload68/ZN
 clkload69/ZN
 clkload7/ZN
 clkload70/ZN
 clkload71/ZN
 clkload72/ZN
 clkload73/ZN
 clkload74/ZN
 clkload75/ZN
 clkload76/ZN
 clkload77/ZN
 clkload78/ZN
 clkload79/ZN
 clkload8/ZN
 clkload80/ZN
 clkload81/ZN
 clkload82/ZN
 clkload83/ZN
 clkload84/ZN
 clkload85/ZN
 clkload86/ZN
 clkload87/ZN
 clkload88/ZN
 clkload89/ZN
 clkload9/ZN
 clkload90/ZN
 clkload91/Z
 clkload92/ZN
 clkload93/ZN
 clkload94/ZN
 clkload95/ZN
 clkload96/ZN
 clkload97/ZN
 clkload98/ZN
 clkload99/ZN
Found 0 partially unannotated drivers.

===========================================================================
max slew violation count 0
max fanout violation count 4
max cap violation count 0
============================================================================

===========================================================================
check_setup -verbose -unconstrained_endpoints -multiple_clock -no_clock -no_input_delay -loops -generated_clocks
===========================================================================
