Clock: clk_i
Sources: clk_i 
Generated: no
Virtual: yes
Propagated: no
Period: 50.000000

===========================================================================
report_clock_properties
============================================================================
Clock                   Period          Waveform
----------------------------------------------------
clk_i                50.000000    0.000000 25.000000

===========================================================================
report_clock_latency
============================================================================
Clock clk_i
rise -> rise
    min     max
0.000000 0.000000 source latency
1.615741         network latency _61894_/CLK
        1.939585 network latency _56712_/CLK
---------------
1.615741 1.939585 latency
        0.323844 skew

fall -> fall
    min     max
0.000000 0.000000 source latency
1.453088         network latency _61894_/CLK
        1.816044 network latency _61439_/CLK
---------------
1.453088 1.816044 latency
        0.362956 skew



===========================================================================
report_clock_min_period
============================================================================
clk_i period_min = 12.80 fmax = 78.13
