
===========================================================================
report_checks -unconstrained
===========================================================================
======================= max_ss_125C_4v50 Corner ===================================

Startpoint: rst_ni (input port clocked by clk_i)
Endpoint: _62175_ (recovery check against rising-edge clock clk_i)
Path Group: asynchronous
Path Type: max

Fanout         Cap        Slew       Delay        Time   Description
---------------------------------------------------------------------------------------------
                                  0.000000    0.000000   clock clk_i (rise edge)
                                  0.000000    0.000000   clock network delay (propagated)
                                 10.000000   10.000000 ^ input external delay
     1    0.004889    0.221376    0.078485   10.078485 ^ rst_ni (in)
                                                         rst_ni (net)
                      0.221376    0.000000   10.078485 ^ input3/I (gf180mcu_fd_sc_mcu7t5v0__dlyb_1)
     1    0.086859    2.447631    2.977795   13.056280 ^ input3/Z (gf180mcu_fd_sc_mcu7t5v0__dlyb_1)
                                                         net3 (net)
                      2.447847    0.012859   13.069139 ^ fanout1203/I (gf180mcu_fd_sc_mcu7t5v0__dlyb_1)
     5    0.118937    3.318859    3.528351   16.597490 ^ fanout1203/Z (gf180mcu_fd_sc_mcu7t5v0__dlyb_1)
                                                         net1203 (net)
                      3.318859    0.002094   16.599585 ^ load_slew1205/I (gf180mcu_fd_sc_mcu7t5v0__buf_4)
     3    0.135019    0.993978    0.881171   17.480755 ^ load_slew1205/Z (gf180mcu_fd_sc_mcu7t5v0__buf_4)
                                                         net1205 (net)
                      0.994979    0.017616   17.498371 ^ fanout1202/I (gf180mcu_fd_sc_mcu7t5v0__dlyb_1)
     5    0.115066    3.213703    3.491275   20.989647 ^ fanout1202/Z (gf180mcu_fd_sc_mcu7t5v0__dlyb_1)
                                                         net1202 (net)
                      3.213739    0.006068   20.995714 ^ fanout1201/I (gf180mcu_fd_sc_mcu7t5v0__buf_1)
     2    0.015783    0.567774    0.682515   21.678230 ^ fanout1201/Z (gf180mcu_fd_sc_mcu7t5v0__buf_1)
                                                         net1201 (net)
                      0.567774    0.000313   21.678543 ^ max_cap1842/I (gf180mcu_fd_sc_mcu7t5v0__buf_4)
     5    0.134856    0.974680    0.829271   22.507812 ^ max_cap1842/Z (gf180mcu_fd_sc_mcu7t5v0__buf_4)
                                                         net1842 (net)
                      0.974781    0.005489   22.513302 ^ fanout1196/I (gf180mcu_fd_sc_mcu7t5v0__dlyb_1)
     2    0.016410    0.585420    1.956929   24.470230 ^ fanout1196/Z (gf180mcu_fd_sc_mcu7t5v0__dlyb_1)
                                                         net1196 (net)
                      0.585420    0.000256   24.470488 ^ fanout1195/I (gf180mcu_fd_sc_mcu7t5v0__dlyb_1)
     5    0.075885    2.154424    2.863009   27.333496 ^ fanout1195/Z (gf180mcu_fd_sc_mcu7t5v0__dlyb_1)
                                                         net1195 (net)
                      2.154424    0.000624   27.334120 ^ fanout1192/I (gf180mcu_fd_sc_mcu7t5v0__dlyb_1)
    10    0.101668    2.851877    3.275739   30.609859 ^ fanout1192/Z (gf180mcu_fd_sc_mcu7t5v0__dlyb_1)
                                                         net1192 (net)
                      2.851877    0.002114   30.611973 ^ fanout1191/I (gf180mcu_fd_sc_mcu7t5v0__dlyb_1)
    10    0.093170    2.622902    3.116568   33.728542 ^ fanout1191/Z (gf180mcu_fd_sc_mcu7t5v0__dlyb_1)
                                                         net1191 (net)
                      2.622902    0.001055   33.729595 ^ _62175_/SETN (gf180mcu_fd_sc_mcu7t5v0__dffsnq_1)
                                             33.729595   data arrival time

                                 50.000000   50.000000   clock clk_i (rise edge)
                                  0.000000   50.000000   clock source latency
     2    0.173201    1.220646    0.676962   50.676960 ^ clk_i (in)
                                                         clk_i (net)
                      1.221387    0.000000   50.676960 ^ delaybuf_1_clk_i/I (gf180mcu_fd_sc_mcu7t5v0__clkbuf_16)
     1    0.057196    0.240026    0.641741   51.318703 ^ delaybuf_1_clk_i/Z (gf180mcu_fd_sc_mcu7t5v0__clkbuf_16)
                                                         delaynet_1_clk_i (net)
                      0.240078    0.005986   51.324688 ^ delaybuf_2_clk_i/I (gf180mcu_fd_sc_mcu7t5v0__clkbuf_16)
     1    0.056923    0.214973    0.459547   51.784237 ^ delaybuf_2_clk_i/Z (gf180mcu_fd_sc_mcu7t5v0__clkbuf_16)
                                                         delaynet_2_clk_i (net)
                      0.215027    0.005642   51.789879 ^ delaybuf_3_clk_i/I (gf180mcu_fd_sc_mcu7t5v0__clkbuf_16)
     1    0.060283    0.219928    0.458090   52.247967 ^ delaybuf_3_clk_i/Z (gf180mcu_fd_sc_mcu7t5v0__clkbuf_16)
                                                         delaynet_3_clk_i (net)
                      0.219978    0.005436   52.253403 ^ clkbuf_regs_0_clk_i/I (gf180mcu_fd_sc_mcu7t5v0__clkbuf_16)
     1    0.025457    0.166726    0.418531   52.671932 ^ clkbuf_regs_0_clk_i/Z (gf180mcu_fd_sc_mcu7t5v0__clkbuf_16)
                                                         clk_i_regs (net)
                      0.166727    0.000611   52.672546 ^ clkbuf_0_clk_i_regs/I (gf180mcu_fd_sc_mcu7t5v0__clkbuf_16)
    16    0.424777    0.786339    0.806608   53.479153 ^ clkbuf_0_clk_i_regs/Z (gf180mcu_fd_sc_mcu7t5v0__clkbuf_16)
                                                         clknet_0_clk_i_regs (net)
                      0.791616    0.036970   53.516125 ^ clkbuf_4_7_0_clk_i_regs/I (gf180mcu_fd_sc_mcu7t5v0__clkbuf_8)
     2    0.061974    0.321270    0.639023   54.155148 ^ clkbuf_4_7_0_clk_i_regs/Z (gf180mcu_fd_sc_mcu7t5v0__clkbuf_8)
                                                         clknet_4_7_0_clk_i_regs (net)
                      0.321270    0.000728   54.155872 ^ clkbuf_5_15__f_clk_i_regs/I (gf180mcu_fd_sc_mcu7t5v0__clkbuf_16)
     5    0.096831    0.275219    0.526075   54.681950 ^ clkbuf_5_15__f_clk_i_regs/Z (gf180mcu_fd_sc_mcu7t5v0__clkbuf_16)
                                                         clknet_5_15__leaf_clk_i_regs (net)
                      0.275219    0.001005   54.682957 ^ clkbuf_leaf_105_clk_i_regs/I (gf180mcu_fd_sc_mcu7t5v0__clkbuf_8)
    10    0.059438    0.303976    0.528146   55.211102 ^ clkbuf_leaf_105_clk_i_regs/Z (gf180mcu_fd_sc_mcu7t5v0__clkbuf_8)
                                                         clknet_leaf_105_clk_i_regs (net)
                      0.303976    0.000764   55.211864 ^ _62175_/CLK (gf180mcu_fd_sc_mcu7t5v0__dffsnq_1)
                                 -0.250000   54.961864   clock uncertainty
                                  0.000000   54.961864   clock reconvergence pessimism
                                 -0.417963   54.543903   library recovery time
                                             54.543903   data required time
---------------------------------------------------------------------------------------------
                                             54.543903   data required time
                                            -33.729595   data arrival time
---------------------------------------------------------------------------------------------
                                             20.814306   slack (MET)


Startpoint: _61892_ (falling edge-triggered flip-flop clocked by clk_i)
Endpoint: spi_flash_sd_io_OUT[2] (output port clocked by clk_i)
Path Group: clk_i
Path Type: max

Fanout         Cap        Slew       Delay        Time   Description
---------------------------------------------------------------------------------------------
                                 25.000000   25.000000   clock clk_i (fall edge)
                                  0.000000   25.000000   clock source latency
     2    0.173201    0.708316    0.414140   25.414139 v clk_i (in)
                                                         clk_i (net)
                      0.709489    0.000000   25.414139 v delaybuf_1_clk_i/I (gf180mcu_fd_sc_mcu7t5v0__clkbuf_16)
     1    0.057196    0.220310    0.599345   26.013483 v delaybuf_1_clk_i/Z (gf180mcu_fd_sc_mcu7t5v0__clkbuf_16)
                                                         delaynet_1_clk_i (net)
                      0.220371    0.005983   26.019466 v delaybuf_2_clk_i/I (gf180mcu_fd_sc_mcu7t5v0__clkbuf_16)
     1    0.056923    0.210876    0.456501   26.475967 v delaybuf_2_clk_i/Z (gf180mcu_fd_sc_mcu7t5v0__clkbuf_16)
                                                         delaynet_2_clk_i (net)
                      0.210934    0.005640   26.481607 v delaybuf_3_clk_i/I (gf180mcu_fd_sc_mcu7t5v0__clkbuf_16)
     1    0.060283    0.215937    0.458016   26.939623 v delaybuf_3_clk_i/Z (gf180mcu_fd_sc_mcu7t5v0__clkbuf_16)
                                                         delaynet_3_clk_i (net)
                      0.215989    0.005434   26.945057 v clkbuf_regs_0_clk_i/I (gf180mcu_fd_sc_mcu7t5v0__clkbuf_16)
     1    0.025457    0.162114    0.415785   27.360842 v clkbuf_regs_0_clk_i/Z (gf180mcu_fd_sc_mcu7t5v0__clkbuf_16)
                                                         clk_i_regs (net)
                      0.162114    0.000611   27.361452 v clkbuf_0_clk_i_regs/I (gf180mcu_fd_sc_mcu7t5v0__clkbuf_16)
    16    0.424777    0.766925    0.821313   28.182766 v clkbuf_0_clk_i_regs/Z (gf180mcu_fd_sc_mcu7t5v0__clkbuf_16)
                                                         clknet_0_clk_i_regs (net)
                      0.767743    0.012985   28.195751 v clkbuf_4_0_0_clk_i_regs/I (gf180mcu_fd_sc_mcu7t5v0__clkbuf_8)
     2    0.062223    0.342146    0.709996   28.905746 v clkbuf_4_0_0_clk_i_regs/Z (gf180mcu_fd_sc_mcu7t5v0__clkbuf_8)
                                                         clknet_4_0_0_clk_i_regs (net)
                      0.342153    0.002901   28.908648 v clkbuf_5_1__f_clk_i_regs/I (gf180mcu_fd_sc_mcu7t5v0__clkbuf_16)
     5    0.103202    0.280842    0.551431   29.460077 v clkbuf_5_1__f_clk_i_regs/Z (gf180mcu_fd_sc_mcu7t5v0__clkbuf_16)
                                                         clknet_5_1__leaf_clk_i_regs (net)
                      0.280888    0.005922   29.466000 v clkbuf_leaf_6_clk_i_regs/I (gf180mcu_fd_sc_mcu7t5v0__clkbuf_8)
    10    0.054804    0.308628    0.553515   30.019514 v clkbuf_leaf_6_clk_i_regs/Z (gf180mcu_fd_sc_mcu7t5v0__clkbuf_8)
                                                         clknet_leaf_6_clk_i_regs (net)
                      0.308630    0.001073   30.020588 v _61892_/CLKN (gf180mcu_fd_sc_mcu7t5v0__dffnq_1)
     1    0.005436    0.281621    1.445297   31.465885 ^ _61892_/Q (gf180mcu_fd_sc_mcu7t5v0__dffnq_1)
                                                         i_core_v_mini_mcu.ao_peripheral_subsystem_i.spi_subsystem_i.obi_spimemio_i.spimemio_i.xfer_io2_90 (net)
                      0.281621    0.000107   31.465992 ^ _33906_/A2 (gf180mcu_fd_sc_mcu7t5v0__nor2_1)
     1    0.005941    0.572284    0.252552   31.718544 v _33906_/ZN (gf180mcu_fd_sc_mcu7t5v0__nor2_1)
                                                         _10651_ (net)
                      0.572284    0.000064   31.718607 v _33908_/A2 (gf180mcu_fd_sc_mcu7t5v0__oai21_1)
     1    0.023496    1.492636    1.026301   32.744907 ^ _33908_/ZN (gf180mcu_fd_sc_mcu7t5v0__oai21_1)
                                                         i_core_v_mini_mcu.ao_peripheral_subsystem_i.spi_subsystem_i.obi_spimemio_i.flash_io2_do_o (net)
                      1.492636    0.001002   32.745911 ^ wire401/I (gf180mcu_fd_sc_mcu7t5v0__buf_2)
     2    0.077386    1.114425    0.987686   33.733597 ^ wire401/Z (gf180mcu_fd_sc_mcu7t5v0__buf_2)
                                                         net401 (net)
                      1.114588    0.007493   33.741089 ^ _62678_/I (gf180mcu_fd_sc_mcu7t5v0__buf_1)
     1    0.006292    0.295792    0.517936   34.259026 ^ _62678_/Z (gf180mcu_fd_sc_mcu7t5v0__buf_1)
                                                         net21 (net)
                      0.295792    0.000131   34.259155 ^ output21/I (gf180mcu_fd_sc_mcu7t5v0__dlyb_1)
     1    0.075485    2.144390    2.820308   37.079464 ^ output21/Z (gf180mcu_fd_sc_mcu7t5v0__dlyb_1)
                                                         spi_flash_sd_io_OUT[2] (net)
                      2.144390    0.000878   37.080341 ^ spi_flash_sd_io_OUT[2] (out)
                                             37.080341   data arrival time

                                 50.000000   50.000000   clock clk_i (rise edge)
                                  0.000000   50.000000   clock network delay (propagated)
                                 -0.250000   49.749996   clock uncertainty
                                  0.000000   49.749996   clock reconvergence pessimism
                                -10.000000   39.749996   output external delay
                                             39.749996   data required time
---------------------------------------------------------------------------------------------
                                             39.749996   data required time
                                            -37.080341   data arrival time
---------------------------------------------------------------------------------------------
                                              2.669655   slack (MET)




===========================================================================
report_checks --slack_max -0.01
============================================================================
======================= max_ss_125C_4v50 Corner ===================================

No paths found.


===========================================================================
 report_check_types -max_slew -max_cap -max_fanout -violators
============================================================================
======================= max_ss_125C_4v50 Corner ===================================

max fanout

Pin                                   Limit Fanout  Slack
---------------------------------------------------------
clkbuf_0_clk_i_regs/Z                    10     16     -6 (VIOLATED)
clkbuf_0_i_core_v_mini_mcu.cpu_subsystem_i.cpu_0_0.clk_i/Z     10     16     -6 (VIOLATED)
clkbuf_0_i_core_v_mini_mcu.cpu_subsystem_i.cpu_1_0.clk_i/Z     10     16     -6 (VIOLATED)
clkbuf_0_i_core_v_mini_mcu.memory_subsystem_i.clk_cg/Z     10     16     -6 (VIOLATED)
_52521_/Z                                10     11        (VIOLATED)



===========================================================================
report_parasitic_annotation -report_unannotated
============================================================================
Found 161 unannotated drivers.
 spi_flash_cs_o_IN
 spi_flash_sck_o_IN
 status_o_IN[0]
 status_o_IN[1]
 status_o_IN[2]
 status_o_IN[3]
 status_o_IN[4]
 status_o_IN[5]
 status_o_IN[6]
 status_valid_o_IN
 uart_tx_o_IN
 clkload0/ZN
 clkload1/ZN
 clkload10/ZN
 clkload100/ZN
 clkload101/ZN
 clkload102/ZN
 clkload103/ZN
 clkload104/ZN
 clkload105/Z
 clkload106/Z
 clkload107/ZN
 clkload108/Z
 clkload109/Z
 clkload11/ZN
 clkload110/ZN
 clkload111/ZN
 clkload112/ZN
 clkload113/ZN
 clkload114/Z
 clkload115/Z
 clkload116/ZN
 clkload117/ZN
 clkload118/ZN
 clkload119/ZN
 clkload12/ZN
 clkload120/ZN
 clkload121/Z
 clkload122/Z
 clkload123/Z
 clkload124/Z
 clkload125/ZN
 clkload126/Z
 clkload127/Z
 clkload128/Z
 clkload129/ZN
 clkload13/ZN
 clkload130/ZN
 clkload131/ZN
 clkload132/ZN
 clkload133/ZN
 clkload134/ZN
 clkload135/ZN
 clkload136/ZN
 clkload137/ZN
 clkload138/Z
 clkload139/ZN
 clkload14/Z
 clkload140/ZN
 clkload141/Z
 clkload142/ZN
 clkload143/Z
 clkload144/Z
 clkload145/Z
 clkload146/Z
 clkload147/ZN
 clkload148/ZN
 clkload149/ZN
 clkload15/ZN
 clkload16/ZN
 clkload17/ZN
 clkload18/ZN
 clkload19/Z
 clkload2/Z
 clkload20/ZN
 clkload21/Z
 clkload22/ZN
 clkload23/ZN
 clkload24/ZN
 clkload25/Z
 clkload26/Z
 clkload27/ZN
 clkload28/Z
 clkload29/Z
 clkload3/ZN
 clkload30/Z
 clkload31/ZN
 clkload32/ZN
 clkload33/ZN
 clkload34/ZN
 clkload35/Z
 clkload36/ZN
 clkload37/Z
 clkload38/Z
 clkload39/Z
 clkload4/Z
 clkload40/ZN
 clkload41/Z
 clkload42/Z
 clkload43/Z
 clkload44/Z
 clkload45/Z
 clkload46/Z
 clkload47/ZN
 clkload48/Z
 clkload49/ZN
 clkload5/Z
 clkload50/ZN
 clkload51/ZN
 clkload52/ZN
 clkload53/ZN
 clkload54/Z
 clkload55/Z
 clkload56/Z
 clkload57/Z
 clkload58/ZN
 clkload59/ZN
 clkload6/ZN
 clkload60/Z
 clkload61/Z
 clkload62/Z
 clkload63/ZN
 clkload64/ZN
 clkload65/ZN
 clkload66/Z
 clkload67/Z
 clkload68/Z
 clkload69/Z
 clkload7/ZN
 clkload70/ZN
 clkload71/Z
 clkload72/ZN
 clkload73/Z
 clkload74/ZN
 clkload75/ZN
 clkload76/ZN
 clkload77/Z
 clkload78/ZN
 clkload79/ZN
 clkload8/ZN
 clkload80/Z
 clkload81/Z
 clkload82/ZN
 clkload83/ZN
 clkload84/ZN
 clkload85/ZN
 clkload86/ZN
 clkload87/Z
 clkload88/Z
 clkload89/ZN
 clkload9/ZN
 clkload90/ZN
 clkload91/ZN
 clkload92/ZN
 clkload93/ZN
 clkload94/ZN
 clkload95/Z
 clkload96/ZN
 clkload97/ZN
 clkload98/Z
 clkload99/Z
Found 0 partially unannotated drivers.

===========================================================================
max slew violation count 0
max fanout violation count 5
max cap violation count 0
============================================================================

===========================================================================
check_setup -verbose -unconstrained_endpoints -multiple_clock -no_clock -no_input_delay -loops -generated_clocks
===========================================================================
