Clock: clk_i
Sources: clk_i 
Generated: no
Virtual: yes
Propagated: no
Period: 100.000000

===========================================================================
report_clock_properties
============================================================================
Clock                   Period          Waveform
----------------------------------------------------
clk_i               100.000000    0.000000 50.000000

===========================================================================
report_clock_latency
============================================================================
Clock clk_i
rise -> rise
    min     max
0.000000 0.000000 source latency
17.619606         network latency _57082_/CLK
        83.910286 network latency _57479_/CLK
---------------
17.619606 83.910286 latency
        66.290680 skew

fall -> fall
    min     max
0.000000 0.000000 source latency
11.115106         network latency _57084_/CLK
        66.373947 network latency _57479_/CLK
---------------
11.115106 66.373947 latency
        55.258839 skew



===========================================================================
report_clock_min_period
============================================================================
clk_i period_min = 88.98 fmax = 11.24
