Clock: clk_i
Sources: clk_i 
Generated: no
Virtual: yes
Propagated: no
Period: 100.000000

===========================================================================
report_clock_properties
============================================================================
Clock                   Period          Waveform
----------------------------------------------------
clk_i               100.000000    0.000000 50.000000

===========================================================================
report_clock_latency
============================================================================
Clock clk_i
rise -> rise
    min     max
0.000000 0.000000 source latency
4.999242         network latency _61011_/CLK
        5.516835 network latency _61885_/CLK
---------------
4.999242 5.516835 latency
        0.517593 skew

fall -> fall
    min     max
0.000000 0.000000 source latency
4.701900         network latency _62156_/CLK
        5.164210 network latency _61885_/CLK
---------------
4.701900 5.164210 latency
        0.462311 skew



===========================================================================
report_clock_min_period
============================================================================
clk_i period_min = 36.84 fmax = 27.14
