
===========================================================================
report_checks -unconstrained
===========================================================================
======================= nom_tt_025C_5v00 Corner ===================================

Startpoint: rst_ni (input port clocked by clk_i)
Endpoint: _59896_ (recovery check against rising-edge clock clk_i)
Path Group: asynchronous
Path Type: max

Fanout         Cap        Slew       Delay        Time   Description
---------------------------------------------------------------------------------------------
                                  0.000000    0.000000   clock clk_i (rise edge)
                                  0.000000    0.000000   clock network delay (propagated)
                                 20.000000   20.000000 ^ input external delay
     1    0.008746    0.189644    0.085246   20.085245 ^ rst_ni (in)
                                                         rst_ni (net)
                      0.189644    0.000000   20.085245 ^ input3/I (gf180mcu_fd_sc_mcu7t5v0__buf_2)
     2    0.059489    0.512334    0.438062   20.523308 ^ input3/Z (gf180mcu_fd_sc_mcu7t5v0__buf_2)
                                                         net3 (net)
                      0.512345    0.001313   20.524620 ^ wire1905/I (gf180mcu_fd_sc_mcu7t5v0__buf_8)
     2    0.159983    0.360640    0.369576   20.894197 ^ wire1905/Z (gf180mcu_fd_sc_mcu7t5v0__buf_8)
                                                         net1905 (net)
                      0.360710    0.002755   20.896952 ^ fanout1825/I (gf180mcu_fd_sc_mcu7t5v0__dlyb_1)
     5    0.069023    1.156953    1.499460   22.396412 ^ fanout1825/Z (gf180mcu_fd_sc_mcu7t5v0__dlyb_1)
                                                         net1825 (net)
                      1.156958    0.001320   22.397732 ^ load_slew1826/I (gf180mcu_fd_sc_mcu7t5v0__buf_4)
     2    0.076353    0.348881    0.376440   22.774172 ^ load_slew1826/Z (gf180mcu_fd_sc_mcu7t5v0__buf_4)
                                                         net1826 (net)
                      0.348883    0.001334   22.775507 ^ fanout1802/I (gf180mcu_fd_sc_mcu7t5v0__dlyb_1)
     5    0.076498    1.277908    1.568891   24.344397 ^ fanout1802/Z (gf180mcu_fd_sc_mcu7t5v0__dlyb_1)
                                                         net1802 (net)
                      1.277913    0.001334   24.345732 ^ fanout1801/I (gf180mcu_fd_sc_mcu7t5v0__dlyb_1)
     8    0.068845    1.154034    1.489088   25.834820 ^ fanout1801/Z (gf180mcu_fd_sc_mcu7t5v0__dlyb_1)
                                                         net1801 (net)
                      1.154038    0.001206   25.836025 ^ fanout1800/I (gf180mcu_fd_sc_mcu7t5v0__dlyb_1)
     5    0.059697    1.008133    1.410072   27.246098 ^ fanout1800/Z (gf180mcu_fd_sc_mcu7t5v0__dlyb_1)
                                                         net1800 (net)
                      1.008137    0.001052   27.247149 ^ fanout1799/I (gf180mcu_fd_sc_mcu7t5v0__dlyb_1)
     8    0.072408    1.211098    1.533438   28.780588 ^ fanout1799/Z (gf180mcu_fd_sc_mcu7t5v0__dlyb_1)
                                                         net1799 (net)
                      1.211103    0.001267   28.781855 ^ fanout1798/I (gf180mcu_fd_sc_mcu7t5v0__dlyb_1)
    10    0.091049    1.509131    1.697098   30.478952 ^ fanout1798/Z (gf180mcu_fd_sc_mcu7t5v0__dlyb_1)
                                                         net1798 (net)
                      1.509137    0.001656   30.480608 ^ _59896_/RN (gf180mcu_fd_sc_mcu7t5v0__dffrnq_1)
                                             30.480608   data arrival time

                                100.000000  100.000000   clock clk_i (rise edge)
                                  0.000000  100.000000   clock source latency
     2    0.217367    0.904576    0.511974  100.511971 ^ clk_i (in)
                                                         clk_i (net)
                      0.904576    0.000000  100.511971 ^ delaybuf_1_clk_i/I (gf180mcu_fd_sc_mcu7t5v0__clkbuf_16)
     1    0.050755    0.137276    0.377788  100.889763 ^ delaybuf_1_clk_i/Z (gf180mcu_fd_sc_mcu7t5v0__clkbuf_16)
                                                         delaynet_1_clk_i (net)
                      0.137279    0.001236  100.890999 ^ delaybuf_2_clk_i/I (gf180mcu_fd_sc_mcu7t5v0__clkbuf_16)
     1    0.050837    0.115742    0.252285  101.143280 ^ delaybuf_2_clk_i/Z (gf180mcu_fd_sc_mcu7t5v0__clkbuf_16)
                                                         delaynet_2_clk_i (net)
                      0.115746    0.001236  101.144516 ^ delaybuf_3_clk_i/I (gf180mcu_fd_sc_mcu7t5v0__clkbuf_16)
     1    0.049798    0.114859    0.247269  101.391785 ^ delaybuf_3_clk_i/Z (gf180mcu_fd_sc_mcu7t5v0__clkbuf_16)
                                                         delaynet_3_clk_i (net)
                      0.114864    0.001215  101.393005 ^ clkbuf_regs_0_clk_i/I (gf180mcu_fd_sc_mcu7t5v0__clkbuf_16)
     1    0.024130    0.092215    0.229591  101.622589 ^ clkbuf_regs_0_clk_i/Z (gf180mcu_fd_sc_mcu7t5v0__clkbuf_16)
                                                         clk_i_regs (net)
                      0.092216    0.000782  101.623375 ^ clkbuf_0_clk_i_regs/I (gf180mcu_fd_sc_mcu7t5v0__clkbuf_16)
     8    0.228980    0.279817    0.353374  101.976746 ^ clkbuf_0_clk_i_regs/Z (gf180mcu_fd_sc_mcu7t5v0__clkbuf_16)
                                                         clknet_0_clk_i_regs (net)
                      0.279843    0.004043  101.980789 ^ clkbuf_3_6_0_clk_i_regs/I (gf180mcu_fd_sc_mcu7t5v0__clkbuf_8)
     4    0.150902    0.342098    0.427342  102.408134 ^ clkbuf_3_6_0_clk_i_regs/Z (gf180mcu_fd_sc_mcu7t5v0__clkbuf_8)
                                                         clknet_3_6_0_clk_i_regs (net)
                      0.342140    0.002920  102.411057 ^ clkbuf_5_27__f_clk_i_regs/I (gf180mcu_fd_sc_mcu7t5v0__clkbuf_16)
     5    0.092736    0.153807    0.324043  102.735100 ^ clkbuf_5_27__f_clk_i_regs/Z (gf180mcu_fd_sc_mcu7t5v0__clkbuf_16)
                                                         clknet_5_27__leaf_clk_i_regs (net)
                      0.153813    0.001748  102.736847 ^ clkbuf_leaf_121_clk_i_regs/I (gf180mcu_fd_sc_mcu7t5v0__clkbuf_8)
    10    0.046810    0.150494    0.277190  103.014030 ^ clkbuf_leaf_121_clk_i_regs/Z (gf180mcu_fd_sc_mcu7t5v0__clkbuf_8)
                                                         clknet_leaf_121_clk_i_regs (net)
                      0.150495    0.000846  103.014877 ^ _59896_/CLK (gf180mcu_fd_sc_mcu7t5v0__dffrnq_1)
                                 -0.250000  102.764885   clock uncertainty
                                  0.000000  102.764885   clock reconvergence pessimism
                                 -0.120547  102.644341   library recovery time
                                            102.644341   data required time
---------------------------------------------------------------------------------------------
                                            102.644341   data required time
                                            -30.480608   data arrival time
---------------------------------------------------------------------------------------------
                                             72.163734   slack (MET)


Startpoint: _61322_ (falling edge-triggered flip-flop clocked by clk_i)
Endpoint: spi_flash_sd_io[2] (output port clocked by clk_i)
Path Group: clk_i
Path Type: max

Fanout         Cap        Slew       Delay        Time   Description
---------------------------------------------------------------------------------------------
                                 50.000000   50.000000   clock clk_i (fall edge)
                                  0.000000   50.000000   clock source latency
     2    0.217367    0.540934    0.322206   50.322205 v clk_i (in)
                                                         clk_i (net)
                      0.540934    0.000000   50.322205 v delaybuf_1_clk_i/I (gf180mcu_fd_sc_mcu7t5v0__clkbuf_16)
     1    0.050755    0.123840    0.359492   50.681698 v delaybuf_1_clk_i/Z (gf180mcu_fd_sc_mcu7t5v0__clkbuf_16)
                                                         delaynet_1_clk_i (net)
                      0.123845    0.001233   50.682930 v delaybuf_2_clk_i/I (gf180mcu_fd_sc_mcu7t5v0__clkbuf_16)
     1    0.050837    0.113498    0.249951   50.932880 v delaybuf_2_clk_i/Z (gf180mcu_fd_sc_mcu7t5v0__clkbuf_16)
                                                         delaynet_2_clk_i (net)
                      0.113502    0.001236   50.934116 v delaybuf_3_clk_i/I (gf180mcu_fd_sc_mcu7t5v0__clkbuf_16)
     1    0.049798    0.112589    0.246338   51.180454 v delaybuf_3_clk_i/Z (gf180mcu_fd_sc_mcu7t5v0__clkbuf_16)
                                                         delaynet_3_clk_i (net)
                      0.112593    0.001219   51.181675 v clkbuf_regs_0_clk_i/I (gf180mcu_fd_sc_mcu7t5v0__clkbuf_16)
     1    0.024130    0.089748    0.227018   51.408691 v clkbuf_regs_0_clk_i/Z (gf180mcu_fd_sc_mcu7t5v0__clkbuf_16)
                                                         clk_i_regs (net)
                      0.089750    0.000785   51.409477 v clkbuf_0_clk_i_regs/I (gf180mcu_fd_sc_mcu7t5v0__clkbuf_16)
     8    0.228980    0.270977    0.358273   51.767750 v clkbuf_0_clk_i_regs/Z (gf180mcu_fd_sc_mcu7t5v0__clkbuf_16)
                                                         clknet_0_clk_i_regs (net)
                      0.271174    0.004039   51.771790 v clkbuf_3_7_0_clk_i_regs/I (gf180mcu_fd_sc_mcu7t5v0__clkbuf_8)
     4    0.146160    0.350819    0.463036   52.234825 v clkbuf_3_7_0_clk_i_regs/Z (gf180mcu_fd_sc_mcu7t5v0__clkbuf_8)
                                                         clknet_3_7_0_clk_i_regs (net)
                      0.350893    0.002839   52.237663 v clkbuf_5_28__f_clk_i_regs/I (gf180mcu_fd_sc_mcu7t5v0__clkbuf_16)
     5    0.083361    0.144582    0.337185   52.574848 v clkbuf_5_28__f_clk_i_regs/Z (gf180mcu_fd_sc_mcu7t5v0__clkbuf_16)
                                                         clknet_5_28__leaf_clk_i_regs (net)
                      0.144587    0.001592   52.576439 v clkbuf_leaf_80_clk_i_regs/I (gf180mcu_fd_sc_mcu7t5v0__clkbuf_8)
    10    0.055472    0.175109    0.305576   52.882015 v clkbuf_leaf_80_clk_i_regs/Z (gf180mcu_fd_sc_mcu7t5v0__clkbuf_8)
                                                         clknet_leaf_80_clk_i_regs (net)
                      0.175111    0.000991   52.883007 v _61322_/CLKN (gf180mcu_fd_sc_mcu7t5v0__dffnq_1)
     1    0.005379    0.158199    0.779700   53.662708 ^ _61322_/Q (gf180mcu_fd_sc_mcu7t5v0__dffnq_1)
                                                         i_core_v_mini_mcu.ao_peripheral_subsystem_i.spi_subsystem_i.obi_spimemio_i.spimemio_i.xfer_io2_90 (net)
                      0.158199    0.000163   53.662872 ^ _33455_/A2 (gf180mcu_fd_sc_mcu7t5v0__nor2_1)
     1    0.006394    0.292115    0.146230   53.809101 v _33455_/ZN (gf180mcu_fd_sc_mcu7t5v0__nor2_1)
                                                         _10485_ (net)
                      0.292115    0.000188   53.809288 v _33457_/A2 (gf180mcu_fd_sc_mcu7t5v0__oai21_1)
     1    0.011966    0.502516    0.363620   54.172909 ^ _33457_/ZN (gf180mcu_fd_sc_mcu7t5v0__oai21_1)
                                                         i_core_v_mini_mcu.ao_peripheral_subsystem_i.spi_subsystem_i.obi_spimemio_i.flash_io2_do_o (net)
                      0.502516    0.000355   54.173264 ^ gen_flash_sd[2].u_pad_drv/I (gf180mcu_fd_sc_mcu7t5v0__bufz_4)
     2    0.089225    0.404161    0.480028   54.653294 ^ gen_flash_sd[2].u_pad_drv/Z (gf180mcu_fd_sc_mcu7t5v0__bufz_4)
                                                         spi_flash_sd_io[2] (net)
                      0.404161    0.000000   54.653294 ^ spi_flash_sd_io[2] (inout)
                                             54.653294   data arrival time

                                100.000000  100.000000   clock clk_i (rise edge)
                                  0.000000  100.000000   clock network delay (propagated)
                                 -0.250000   99.750000   clock uncertainty
                                  0.000000   99.750000   clock reconvergence pessimism
                                -20.000000   79.750000   output external delay
                                             79.750000   data required time
---------------------------------------------------------------------------------------------
                                             79.750000   data required time
                                            -54.653294   data arrival time
---------------------------------------------------------------------------------------------
                                             25.096704   slack (MET)




===========================================================================
report_checks --slack_max -0.01
============================================================================
======================= nom_tt_025C_5v00 Corner ===================================

No paths found.


===========================================================================
 report_check_types -max_slew -max_cap -max_fanout -violators
============================================================================
======================= nom_tt_025C_5v00 Corner ===================================

max fanout

Pin                                   Limit Fanout  Slack
---------------------------------------------------------
clkbuf_0_i_core_v_mini_mcu.memory_subsystem_i.clk_cg/Z     10     16     -6 (VIOLATED)

max capacitance

Pin                                        Limit         Cap       Slack
------------------------------------------------------------------------
clkbuf_0_i_core_v_mini_mcu.memory_subsystem_i.clk_cg/Z    0.200000    0.399633   -0.199633 (VIOLATED)
clkbuf_0_i_core_v_mini_mcu.peripheral_subsystem_i.clk_cg/Z    0.200000    0.312929   -0.112929 (VIOLATED)
clkbuf_0_clk_i_regs/Z                   0.200000    0.228980   -0.028980 (VIOLATED)
clk_i                                   0.200000    0.217367   -0.017367 (VIOLATED)
clkbuf_0_i_core_v_mini_mcu.cpu_subsystem_i.cpu_0_0.clk_i/Z    0.200000    0.214222   -0.014222 (VIOLATED)
clkbuf_0_i_core_v_mini_mcu.cpu_subsystem_i.cpu_1_0.clk_i/Z    0.200000    0.213920   -0.013920 (VIOLATED)



===========================================================================
report_parasitic_annotation -report_unannotated
============================================================================
Found 227 unannotated drivers.
 clkload0/Z
 clkload1/Z
 clkload10/ZN
 clkload100/Z
 clkload101/Z
 clkload102/Z
 clkload103/Z
 clkload104/Z
 clkload105/Z
 clkload106/Z
 clkload107/Z
 clkload108/Z
 clkload109/Z
 clkload11/ZN
 clkload110/Z
 clkload111/ZN
 clkload112/Z
 clkload113/ZN
 clkload114/ZN
 clkload115/ZN
 clkload116/ZN
 clkload117/ZN
 clkload118/Z
 clkload119/ZN
 clkload12/Z
 clkload120/ZN
 clkload121/ZN
 clkload122/Z
 clkload123/Z
 clkload124/ZN
 clkload125/ZN
 clkload126/ZN
 clkload127/ZN
 clkload128/Z
 clkload129/ZN
 clkload13/Z
 clkload130/ZN
 clkload131/Z
 clkload132/ZN
 clkload133/Z
 clkload134/ZN
 clkload135/Z
 clkload136/Z
 clkload137/Z
 clkload138/ZN
 clkload139/ZN
 clkload14/ZN
 clkload140/ZN
 clkload141/Z
 clkload142/Z
 clkload143/ZN
 clkload144/ZN
 clkload145/ZN
 clkload146/ZN
 clkload147/ZN
 clkload148/ZN
 clkload149/ZN
 clkload15/Z
 clkload150/ZN
 clkload151/ZN
 clkload152/ZN
 clkload153/Z
 clkload154/ZN
 clkload155/Z
 clkload156/Z
 clkload157/Z
 clkload158/Z
 clkload159/ZN
 clkload16/Z
 clkload160/ZN
 clkload161/Z
 clkload162/Z
 clkload163/ZN
 clkload164/Z
 clkload165/ZN
 clkload166/ZN
 clkload167/ZN
 clkload168/Z
 clkload169/ZN
 clkload17/ZN
 clkload170/Z
 clkload171/ZN
 clkload172/Z
 clkload173/ZN
 clkload174/Z
 clkload175/ZN
 clkload176/ZN
 clkload177/ZN
 clkload178/ZN
 clkload179/ZN
 clkload18/ZN
 clkload180/Z
 clkload181/Z
 clkload182/Z
 clkload183/Z
 clkload184/Z
 clkload185/ZN
 clkload186/Z
 clkload187/ZN
 clkload188/Z
 clkload189/Z
 clkload19/ZN
 clkload190/Z
 clkload191/Z
 clkload192/ZN
 clkload193/ZN
 clkload194/Z
 clkload195/ZN
 clkload196/Z
 clkload197/ZN
 clkload198/Z
 clkload199/ZN
 clkload2/Z
 clkload20/ZN
 clkload200/Z
 clkload201/ZN
 clkload202/ZN
 clkload203/ZN
 clkload204/ZN
 clkload205/ZN
 clkload206/ZN
 clkload207/ZN
 clkload208/Z
 clkload209/Z
 clkload21/Z
 clkload210/ZN
 clkload211/ZN
 clkload212/ZN
 clkload213/ZN
 clkload214/Z
 clkload215/Z
 clkload216/Z
 clkload217/Z
 clkload218/ZN
 clkload219/ZN
 clkload22/Z
 clkload220/Z
 clkload221/ZN
 clkload222/ZN
 clkload223/ZN
 clkload224/ZN
 clkload225/Z
 clkload226/Z
 clkload23/Z
 clkload24/ZN
 clkload25/Z
 clkload26/ZN
 clkload27/Z
 clkload28/ZN
 clkload29/Z
 clkload3/Z
 clkload30/ZN
 clkload31/ZN
 clkload32/Z
 clkload33/ZN
 clkload34/ZN
 clkload35/ZN
 clkload36/Z
 clkload37/ZN
 clkload38/ZN
 clkload39/ZN
 clkload4/Z
 clkload40/ZN
 clkload41/ZN
 clkload42/ZN
 clkload43/ZN
 clkload44/ZN
 clkload45/ZN
 clkload46/ZN
 clkload47/ZN
 clkload48/Z
 clkload49/Z
 clkload5/Z
 clkload50/ZN
 clkload51/ZN
 clkload52/ZN
 clkload53/ZN
 clkload54/Z
 clkload55/Z
 clkload56/Z
 clkload57/ZN
 clkload58/ZN
 clkload59/ZN
 clkload6/Z
 clkload60/ZN
 clkload61/Z
 clkload62/Z
 clkload63/ZN
 clkload64/ZN
 clkload65/ZN
 clkload66/ZN
 clkload67/ZN
 clkload68/Z
 clkload69/ZN
 clkload7/Z
 clkload70/ZN
 clkload71/ZN
 clkload72/Z
 clkload73/ZN
 clkload74/ZN
 clkload75/Z
 clkload76/ZN
 clkload77/ZN
 clkload78/ZN
 clkload79/Z
 clkload8/Z
 clkload80/Z
 clkload81/Z
 clkload82/Z
 clkload83/Z
 clkload84/ZN
 clkload85/ZN
 clkload86/ZN
 clkload87/Z
 clkload88/Z
 clkload89/Z
 clkload9/ZN
 clkload90/Z
 clkload91/ZN
 clkload92/ZN
 clkload93/ZN
 clkload94/Z
 clkload95/Z
 clkload96/Z
 clkload97/Z
 clkload98/Z
 clkload99/Z
Found 19 partially unannotated drivers.
 spi_flash_sd_io[0]
 spi_flash_sd_io[1]
 spi_flash_sd_io[2]
 spi_flash_sd_io[3]
 gen_flash_sd\[0\].u_pad_drv/Z
 gen_flash_sd\[1\].u_pad_drv/Z
 gen_flash_sd\[2\].u_pad_drv/Z
 gen_flash_sd\[3\].u_pad_drv/Z
 output10/Z
 output11/Z
 output12/Z
 output13/Z
 output14/Z
 output15/Z
 output5/Z
 output6/Z
 output7/Z
 output8/Z
 output9/Z

===========================================================================
max slew violation count 0
Writing metric design__max_slew_violation__count__corner:nom_tt_025C_5v00: 0
max fanout violation count 1
Writing metric design__max_fanout_violation__count__corner:nom_tt_025C_5v00: 1
max cap violation count 6
Writing metric design__max_cap_violation__count__corner:nom_tt_025C_5v00: 6
============================================================================

===========================================================================
check_setup -verbose -unconstrained_endpoints -multiple_clock -no_clock -no_input_delay -loops -generated_clocks
===========================================================================
