
===========================================================================
report_checks -unconstrained
===========================================================================
======================= nom_ss_125C_4v50 Corner ===================================

Startpoint: rst_ni (input port clocked by clk_i)
Endpoint: _61704_ (recovery check against rising-edge clock clk_i)
Path Group: asynchronous
Path Type: max

Fanout         Cap        Slew       Delay        Time   Description
---------------------------------------------------------------------------------------------
                                  0.000000    0.000000   clock clk_i (rise edge)
                                  0.000000    0.000000   clock network delay (propagated)
                                 20.000000   20.000000 ^ input external delay
     1    0.008621    0.322230    0.137451   20.137451 ^ rst_ni (in)
                                                         rst_ni (net)
                      0.322230    0.000000   20.137451 ^ input3/I (gf180mcu_fd_sc_mcu7t5v0__buf_2)
     2    0.097766    1.388914    1.052118   21.189569 ^ input3/Z (gf180mcu_fd_sc_mcu7t5v0__buf_2)
                                                         net3 (net)
                      1.388914    0.000803   21.190372 ^ max_cap1278/I (gf180mcu_fd_sc_mcu7t5v0__buf_12)
     4    0.201215    0.522215    0.608404   21.798777 ^ max_cap1278/Z (gf180mcu_fd_sc_mcu7t5v0__buf_12)
                                                         net1278 (net)
                      0.530136    0.044615   21.843391 ^ fanout1197/I (gf180mcu_fd_sc_mcu7t5v0__dlyb_1)
     5    0.081697    2.310789    2.946775   24.790167 ^ fanout1197/Z (gf180mcu_fd_sc_mcu7t5v0__dlyb_1)
                                                         net1197 (net)
                      2.310789    0.001611   24.791779 ^ load_slew1198/I (gf180mcu_fd_sc_mcu7t5v0__buf_4)
     2    0.093851    0.710663    0.731109   25.522888 ^ load_slew1198/Z (gf180mcu_fd_sc_mcu7t5v0__buf_4)
                                                         net1198 (net)
                      0.710835    0.007585   25.530472 ^ fanout1174/I (gf180mcu_fd_sc_mcu7t5v0__dlyb_1)
     5    0.095766    2.691343    3.176208   28.706680 ^ fanout1174/Z (gf180mcu_fd_sc_mcu7t5v0__dlyb_1)
                                                         net1174 (net)
                      2.691343    0.002537   28.709217 ^ fanout1173/I (gf180mcu_fd_sc_mcu7t5v0__dlyb_1)
     8    0.075613    2.148073    2.852602   31.561819 ^ fanout1173/Z (gf180mcu_fd_sc_mcu7t5v0__dlyb_1)
                                                         net1173 (net)
                      2.148087    0.003094   31.564913 ^ fanout1172/I (gf180mcu_fd_sc_mcu7t5v0__dlyb_1)
     5    0.066776    1.908300    2.732399   34.297314 ^ fanout1172/Z (gf180mcu_fd_sc_mcu7t5v0__dlyb_1)
                                                         net1172 (net)
                      1.908300    0.001180   34.298492 ^ fanout1171/I (gf180mcu_fd_sc_mcu7t5v0__dlyb_1)
     8    0.077294    2.192594    2.905075   37.203568 ^ fanout1171/Z (gf180mcu_fd_sc_mcu7t5v0__dlyb_1)
                                                         net1171 (net)
                      2.192602    0.002423   37.205990 ^ fanout1170/I (gf180mcu_fd_sc_mcu7t5v0__dlyb_1)
    10    0.101449    2.846010    3.270888   40.476879 ^ fanout1170/Z (gf180mcu_fd_sc_mcu7t5v0__dlyb_1)
                                                         net1170 (net)
                      2.846010    0.001851   40.478729 ^ _61704_/RN (gf180mcu_fd_sc_mcu7t5v0__dffrnq_1)
                                             40.478729   data arrival time

                                100.000000  100.000000   clock clk_i (rise edge)
                                  0.000000  100.000000   clock source latency
     2    0.196175    1.370359    0.758050  100.758049 ^ clk_i (in)
                                                         clk_i (net)
                      1.370959    0.000000  100.758049 ^ delaybuf_1_clk_i/I (gf180mcu_fd_sc_mcu7t5v0__clkbuf_16)
     1    0.050514    0.234810    0.652108  101.410156 ^ delaybuf_1_clk_i/Z (gf180mcu_fd_sc_mcu7t5v0__clkbuf_16)
                                                         delaynet_1_clk_i (net)
                      0.234831    0.003993  101.414146 ^ delaybuf_2_clk_i/I (gf180mcu_fd_sc_mcu7t5v0__clkbuf_16)
     1    0.048090    0.201702    0.448622  101.862770 ^ delaybuf_2_clk_i/Z (gf180mcu_fd_sc_mcu7t5v0__clkbuf_16)
                                                         delaynet_2_clk_i (net)
                      0.201721    0.003311  101.866081 ^ delaybuf_3_clk_i/I (gf180mcu_fd_sc_mcu7t5v0__clkbuf_16)
     1    0.046230    0.198842    0.439350  102.305428 ^ delaybuf_3_clk_i/Z (gf180mcu_fd_sc_mcu7t5v0__clkbuf_16)
                                                         delaynet_3_clk_i (net)
                      0.198857    0.003055  102.308487 ^ clkbuf_regs_0_clk_i/I (gf180mcu_fd_sc_mcu7t5v0__clkbuf_16)
     1    0.025240    0.166339    0.413642  102.722130 ^ clkbuf_regs_0_clk_i/Z (gf180mcu_fd_sc_mcu7t5v0__clkbuf_16)
                                                         clk_i_regs (net)
                      0.166340    0.000597  102.722725 ^ clkbuf_0_clk_i_regs/I (gf180mcu_fd_sc_mcu7t5v0__clkbuf_16)
     8    0.229893    0.478973    0.623714  103.346443 ^ clkbuf_0_clk_i_regs/Z (gf180mcu_fd_sc_mcu7t5v0__clkbuf_16)
                                                         clknet_0_clk_i_regs (net)
                      0.479030    0.007788  103.354225 ^ clkbuf_3_6_0_clk_i_regs/I (gf180mcu_fd_sc_mcu7t5v0__clkbuf_8)
     4    0.175200    0.670666    0.805109  104.159340 ^ clkbuf_3_6_0_clk_i_regs/Z (gf180mcu_fd_sc_mcu7t5v0__clkbuf_8)
                                                         clknet_3_6_0_clk_i_regs (net)
                      0.670684    0.003219  104.162552 ^ clkbuf_5_27__f_clk_i_regs/I (gf180mcu_fd_sc_mcu7t5v0__clkbuf_16)
     5    0.094320    0.276671    0.598909  104.761467 ^ clkbuf_5_27__f_clk_i_regs/Z (gf180mcu_fd_sc_mcu7t5v0__clkbuf_16)
                                                         clknet_5_27__leaf_clk_i_regs (net)
                      0.276671    0.000966  104.762428 ^ clkbuf_leaf_34_clk_i_regs/I (gf180mcu_fd_sc_mcu7t5v0__clkbuf_8)
    10    0.062236    0.312660    0.534072  105.296501 ^ clkbuf_leaf_34_clk_i_regs/Z (gf180mcu_fd_sc_mcu7t5v0__clkbuf_8)
                                                         clknet_leaf_34_clk_i_regs (net)
                      0.312660    0.000952  105.297455 ^ _61704_/CLK (gf180mcu_fd_sc_mcu7t5v0__dffrnq_1)
                                 -0.250000  105.047455   clock uncertainty
                                  0.000000  105.047455   clock reconvergence pessimism
                                 -0.191940  104.855522   library recovery time
                                            104.855522   data required time
---------------------------------------------------------------------------------------------
                                            104.855522   data required time
                                            -40.478729   data arrival time
---------------------------------------------------------------------------------------------
                                             64.376793   slack (MET)


Startpoint: _61323_ (falling edge-triggered flip-flop clocked by clk_i)
Endpoint: spi_flash_sd_io[3] (output port clocked by clk_i)
Path Group: clk_i
Path Type: max

Fanout         Cap        Slew       Delay        Time   Description
---------------------------------------------------------------------------------------------
                                 50.000000   50.000000   clock clk_i (fall edge)
                                  0.000000   50.000000   clock source latency
     2    0.196175    0.794755    0.460503   50.460503 v clk_i (in)
                                                         clk_i (net)
                      0.795691    0.000000   50.460503 v delaybuf_1_clk_i/I (gf180mcu_fd_sc_mcu7t5v0__clkbuf_16)
     1    0.050514    0.213251    0.613369   51.073872 v delaybuf_1_clk_i/Z (gf180mcu_fd_sc_mcu7t5v0__clkbuf_16)
                                                         delaynet_1_clk_i (net)
                      0.213277    0.003990   51.077858 v delaybuf_2_clk_i/I (gf180mcu_fd_sc_mcu7t5v0__clkbuf_16)
     1    0.048090    0.197558    0.443901   51.521759 v delaybuf_2_clk_i/Z (gf180mcu_fd_sc_mcu7t5v0__clkbuf_16)
                                                         delaynet_2_clk_i (net)
                      0.197576    0.003315   51.525074 v delaybuf_3_clk_i/I (gf180mcu_fd_sc_mcu7t5v0__clkbuf_16)
     1    0.046230    0.194796    0.436927   51.962002 v delaybuf_3_clk_i/Z (gf180mcu_fd_sc_mcu7t5v0__clkbuf_16)
                                                         delaynet_3_clk_i (net)
                      0.194812    0.003059   51.965061 v clkbuf_regs_0_clk_i/I (gf180mcu_fd_sc_mcu7t5v0__clkbuf_16)
     1    0.025240    0.161765    0.409077   52.374138 v clkbuf_regs_0_clk_i/Z (gf180mcu_fd_sc_mcu7t5v0__clkbuf_16)
                                                         clk_i_regs (net)
                      0.161766    0.000597   52.374737 v clkbuf_0_clk_i_regs/I (gf180mcu_fd_sc_mcu7t5v0__clkbuf_16)
     8    0.229893    0.469023    0.630951   53.005688 v clkbuf_0_clk_i_regs/Z (gf180mcu_fd_sc_mcu7t5v0__clkbuf_16)
                                                         clknet_0_clk_i_regs (net)
                      0.469308    0.005063   53.010750 v clkbuf_3_7_0_clk_i_regs/I (gf180mcu_fd_sc_mcu7t5v0__clkbuf_8)
     4    0.143955    0.606589    0.818186   53.828938 v clkbuf_3_7_0_clk_i_regs/Z (gf180mcu_fd_sc_mcu7t5v0__clkbuf_8)
                                                         clknet_3_7_0_clk_i_regs (net)
                      0.606680    0.003983   53.832920 v clkbuf_5_31__f_clk_i_regs/I (gf180mcu_fd_sc_mcu7t5v0__clkbuf_16)
     5    0.091063    0.267537    0.617383   54.450302 v clkbuf_5_31__f_clk_i_regs/Z (gf180mcu_fd_sc_mcu7t5v0__clkbuf_16)
                                                         clknet_5_31__leaf_clk_i_regs (net)
                      0.267538    0.001144   54.451447 v clkbuf_leaf_80_clk_i_regs/I (gf180mcu_fd_sc_mcu7t5v0__clkbuf_8)
    10    0.061054    0.331333    0.565752   55.017197 v clkbuf_leaf_80_clk_i_regs/Z (gf180mcu_fd_sc_mcu7t5v0__clkbuf_8)
                                                         clknet_leaf_80_clk_i_regs (net)
                      0.331333    0.000661   55.017857 v _61323_/CLKN (gf180mcu_fd_sc_mcu7t5v0__dffnq_1)
     1    0.006326    0.305085    1.468848   56.486706 ^ _61323_/Q (gf180mcu_fd_sc_mcu7t5v0__dffnq_1)
                                                         i_core_v_mini_mcu.ao_peripheral_subsystem_i.spi_subsystem_i.obi_spimemio_i.spimemio_i.xfer_io3_90 (net)
                      0.305085    0.000128   56.486835 ^ _33459_/A2 (gf180mcu_fd_sc_mcu7t5v0__nor2_1)
     1    0.006687    0.528549    0.268077   56.754913 v _33459_/ZN (gf180mcu_fd_sc_mcu7t5v0__nor2_1)
                                                         _10488_ (net)
                      0.528549    0.000135   56.755047 v _33461_/A2 (gf180mcu_fd_sc_mcu7t5v0__oai21_1)
     1    0.011937    0.913081    0.671189   57.426235 ^ _33461_/ZN (gf180mcu_fd_sc_mcu7t5v0__oai21_1)
                                                         i_core_v_mini_mcu.ao_peripheral_subsystem_i.spi_subsystem_i.obi_spimemio_i.flash_io3_do_o (net)
                      0.913081    0.000256   57.426491 ^ gen_flash_sd[3].u_pad_drv/I (gf180mcu_fd_sc_mcu7t5v0__bufz_4)
     3    0.175944    1.261839    1.221732   58.648224 ^ gen_flash_sd[3].u_pad_drv/Z (gf180mcu_fd_sc_mcu7t5v0__bufz_4)
                                                         spi_flash_sd_io[3] (net)
                      1.262841    0.020091   58.668316 ^ spi_flash_sd_io[3] (inout)
                                             58.668316   data arrival time

                                100.000000  100.000000   clock clk_i (rise edge)
                                  0.000000  100.000000   clock network delay (propagated)
                                 -0.250000   99.750000   clock uncertainty
                                  0.000000   99.750000   clock reconvergence pessimism
                                -20.000000   79.750000   output external delay
                                             79.750000   data required time
---------------------------------------------------------------------------------------------
                                             79.750000   data required time
                                            -58.668316   data arrival time
---------------------------------------------------------------------------------------------
                                             21.081682   slack (MET)




===========================================================================
report_checks --slack_max -0.01
============================================================================
======================= nom_ss_125C_4v50 Corner ===================================

No paths found.


===========================================================================
 report_check_types -max_slew -max_cap -max_fanout -violators
============================================================================
======================= nom_ss_125C_4v50 Corner ===================================

max slew

Pin                                        Limit        Slew       Slack
------------------------------------------------------------------------
spi_flash_sd_io[3]                      4.000000    4.857268   -0.857269 (VIOLATED)
spi_flash_sd_io[1]                      4.000000    4.789464   -0.789464 (VIOLATED)
_55685_/A2                              4.000000    4.525988   -0.525988 (VIOLATED)
_55682_/ZN                              4.000000    4.525970   -0.525970 (VIOLATED)
spi_flash_sd_io[2]                      4.000000    4.514153   -0.514153 (VIOLATED)
_37853_/I                               4.000000    4.509953   -0.509953 (VIOLATED)
_40573_/A1                              4.000000    4.509950   -0.509950 (VIOLATED)
_40343_/A1                              4.000000    4.509948   -0.509948 (VIOLATED)
_37852_/ZN                              4.000000    4.509945   -0.509945 (VIOLATED)
_40531_/A1                              4.000000    4.509945   -0.509945 (VIOLATED)
max_cap387/I                            4.000000    4.509945   -0.509945 (VIOLATED)
spi_flash_sd_io[0]                      4.000000    4.500366   -0.500366 (VIOLATED)
_55776_/A2                              4.000000    4.420504   -0.420504 (VIOLATED)
_55774_/ZN                              4.000000    4.420487   -0.420487 (VIOLATED)
_55751_/A2                              4.000000    4.269451   -0.269451 (VIOLATED)
_55749_/ZN                              4.000000    4.269434   -0.269434 (VIOLATED)
_32021_/ZN                              4.000000    4.250662   -0.250662 (VIOLATED)
_51792_/A1                              4.000000    4.250662   -0.250662 (VIOLATED)
_51794_/A1                              4.000000    4.250662   -0.250662 (VIOLATED)
max_cap1287/I                           4.000000    4.250662   -0.250662 (VIOLATED)
max_cap39/I                             4.000000    4.250662   -0.250662 (VIOLATED)
_37940_/I                               4.000000    4.225738   -0.225738 (VIOLATED)
_40725_/I                               4.000000    4.225711   -0.225711 (VIOLATED)
_38477_/I                               4.000000    4.225699   -0.225699 (VIOLATED)
_37644_/I                               4.000000    4.225697   -0.225697 (VIOLATED)
_39012_/I                               4.000000    4.225687   -0.225687 (VIOLATED)
_40672_/I                               4.000000    4.225615   -0.225615 (VIOLATED)
_40619_/I                               4.000000    4.225470   -0.225469 (VIOLATED)
_40085_/I                               4.000000    4.225433   -0.225433 (VIOLATED)
_39551_/I                               4.000000    4.225380   -0.225380 (VIOLATED)
_37643_/Z                               4.000000    4.225338   -0.225338 (VIOLATED)
_31133_/A1                              4.000000    4.102732   -0.102732 (VIOLATED)
_31052_/A1                              4.000000    4.102731   -0.102731 (VIOLATED)
_31214_/B1                              4.000000    4.102726   -0.102726 (VIOLATED)
_30793_/A1                              4.000000    4.102723   -0.102723 (VIOLATED)
_30064_/A1                              4.000000    4.102703   -0.102703 (VIOLATED)
_30439_/A1                              4.000000    4.102699   -0.102699 (VIOLATED)
_30268_/B1                              4.000000    4.102697   -0.102697 (VIOLATED)
_47320_/A2                              4.000000    4.102694   -0.102694 (VIOLATED)
_30694_/B2                              4.000000    4.102694   -0.102693 (VIOLATED)
_30208_/B1                              4.000000    4.102686   -0.102686 (VIOLATED)
_30063_/Z                               4.000000    4.102669   -0.102669 (VIOLATED)
_47313_/A1                              4.000000    4.054953   -0.054953 (VIOLATED)
_28444_/I                               4.000000    4.054753   -0.054753 (VIOLATED)
_48090_/A2                              4.000000    4.054703   -0.054703 (VIOLATED)
_28928_/A3                              4.000000    4.054686   -0.054686 (VIOLATED)
_29516_/A1                              4.000000    4.054674   -0.054674 (VIOLATED)
_28443_/ZN                              4.000000    4.054644   -0.054643 (VIOLATED)
_50744_/A1                              4.000000    4.047421   -0.047421 (VIOLATED)
_50748_/A1                              4.000000    4.047421   -0.047420 (VIOLATED)
_50740_/A1                              4.000000    4.047398   -0.047398 (VIOLATED)
_50705_/Z                               4.000000    4.047350   -0.047351 (VIOLATED)
_50709_/A1                              4.000000    4.047350   -0.047351 (VIOLATED)
_50713_/A1                              4.000000    4.047350   -0.047351 (VIOLATED)
_50717_/A1                              4.000000    4.047350   -0.047351 (VIOLATED)
_50721_/A1                              4.000000    4.047350   -0.047351 (VIOLATED)
_50725_/A1                              4.000000    4.047350   -0.047351 (VIOLATED)
_50730_/A1                              4.000000    4.047350   -0.047351 (VIOLATED)
_50734_/A1                              4.000000    4.047350   -0.047351 (VIOLATED)
_36282_/A1                              4.000000    4.013909   -0.013909 (VIOLATED)
_36277_/A1                              4.000000    4.013896   -0.013896 (VIOLATED)
_36285_/A2                              4.000000    4.013877   -0.013877 (VIOLATED)
_36289_/A2                              4.000000    4.013876   -0.013876 (VIOLATED)
_35489_/I                               4.000000    4.013862   -0.013862 (VIOLATED)
_35542_/I                               4.000000    4.013811   -0.013811 (VIOLATED)
_35704_/I                               4.000000    4.013603   -0.013603 (VIOLATED)
_35621_/I                               4.000000    4.013571   -0.013571 (VIOLATED)
_35457_/I                               4.000000    4.013555   -0.013555 (VIOLATED)
_36513_/A2                              4.000000    4.013490   -0.013490 (VIOLATED)
_35456_/Z                               4.000000    4.013464   -0.013464 (VIOLATED)
_37048_/I                               4.000000    4.008671   -0.008671 (VIOLATED)
_29065_/A2                              4.000000    4.008637   -0.008637 (VIOLATED)
_33558_/I                               4.000000    4.008515   -0.008515 (VIOLATED)
_28734_/A2                              4.000000    4.008467   -0.008467 (VIOLATED)
_28729_/Z                               4.000000    4.008154   -0.008154 (VIOLATED)
ANTENNA_2/I                             4.000000    4.004792   -0.004792 (VIOLATED)
i_core_v_mini_mcu.peripheral_subsystem_i.clk_gating_cell.u_icg/E    4.000000    4.004792   -0.004792 (VIOLATED)
_29111_/ZN                              4.000000    4.004284   -0.004284 (VIOLATED)
_29447_/A1                              4.000000    4.004284   -0.004284 (VIOLATED)

max fanout

Pin                                   Limit Fanout  Slack
---------------------------------------------------------
clkbuf_0_i_core_v_mini_mcu.memory_subsystem_i.clk_cg/Z     10     16     -6 (VIOLATED)



===========================================================================
report_parasitic_annotation -report_unannotated
============================================================================
Found 242 unannotated drivers.
 clkload0/Z
 clkload1/Z
 clkload10/ZN
 clkload100/Z
 clkload101/Z
 clkload102/Z
 clkload103/Z
 clkload104/Z
 clkload105/Z
 clkload106/Z
 clkload107/Z
 clkload108/Z
 clkload109/Z
 clkload11/ZN
 clkload110/Z
 clkload111/Z
 clkload112/Z
 clkload113/Z
 clkload114/Z
 clkload115/Z
 clkload116/ZN
 clkload117/ZN
 clkload118/ZN
 clkload119/Z
 clkload12/Z
 clkload120/ZN
 clkload121/ZN
 clkload122/ZN
 clkload123/ZN
 clkload124/ZN
 clkload125/ZN
 clkload126/Z
 clkload127/ZN
 clkload128/ZN
 clkload129/ZN
 clkload13/Z
 clkload130/ZN
 clkload131/Z
 clkload132/Z
 clkload133/ZN
 clkload134/ZN
 clkload135/ZN
 clkload136/ZN
 clkload137/ZN
 clkload138/Z
 clkload139/ZN
 clkload14/ZN
 clkload140/Z
 clkload141/Z
 clkload142/ZN
 clkload143/ZN
 clkload144/Z
 clkload145/Z
 clkload146/ZN
 clkload147/Z
 clkload148/Z
 clkload149/Z
 clkload15/Z
 clkload150/ZN
 clkload151/ZN
 clkload152/Z
 clkload153/Z
 clkload154/Z
 clkload155/Z
 clkload156/ZN
 clkload157/Z
 clkload158/Z
 clkload159/ZN
 clkload16/Z
 clkload160/ZN
 clkload161/Z
 clkload162/ZN
 clkload163/ZN
 clkload164/ZN
 clkload165/ZN
 clkload166/ZN
 clkload167/Z
 clkload168/ZN
 clkload169/Z
 clkload17/ZN
 clkload170/ZN
 clkload171/Z
 clkload172/ZN
 clkload173/Z
 clkload174/Z
 clkload175/ZN
 clkload176/ZN
 clkload177/Z
 clkload178/ZN
 clkload179/Z
 clkload18/ZN
 clkload180/ZN
 clkload181/Z
 clkload182/ZN
 clkload183/ZN
 clkload184/ZN
 clkload185/Z
 clkload186/ZN
 clkload187/Z
 clkload188/Z
 clkload189/ZN
 clkload19/Z
 clkload190/Z
 clkload191/ZN
 clkload192/ZN
 clkload193/ZN
 clkload194/ZN
 clkload195/Z
 clkload196/ZN
 clkload197/Z
 clkload198/ZN
 clkload199/Z
 clkload2/Z
 clkload20/ZN
 clkload200/Z
 clkload201/ZN
 clkload202/Z
 clkload203/ZN
 clkload204/Z
 clkload205/Z
 clkload206/Z
 clkload207/ZN
 clkload208/Z
 clkload209/Z
 clkload21/ZN
 clkload210/ZN
 clkload211/Z
 clkload212/ZN
 clkload213/ZN
 clkload214/Z
 clkload215/ZN
 clkload216/Z
 clkload217/ZN
 clkload218/ZN
 clkload219/Z
 clkload22/Z
 clkload220/Z
 clkload221/ZN
 clkload222/ZN
 clkload223/Z
 clkload224/ZN
 clkload225/Z
 clkload226/ZN
 clkload227/ZN
 clkload228/ZN
 clkload229/ZN
 clkload23/ZN
 clkload230/Z
 clkload231/Z
 clkload232/Z
 clkload233/ZN
 clkload234/ZN
 clkload235/Z
 clkload236/ZN
 clkload237/ZN
 clkload238/Z
 clkload239/ZN
 clkload24/Z
 clkload240/Z
 clkload241/ZN
 clkload25/ZN
 clkload26/Z
 clkload27/ZN
 clkload28/Z
 clkload29/ZN
 clkload3/Z
 clkload30/Z
 clkload31/ZN
 clkload32/ZN
 clkload33/Z
 clkload34/Z
 clkload35/Z
 clkload36/ZN
 clkload37/Z
 clkload38/ZN
 clkload39/Z
 clkload4/Z
 clkload40/Z
 clkload41/Z
 clkload42/ZN
 clkload43/ZN
 clkload44/ZN
 clkload45/ZN
 clkload46/Z
 clkload47/Z
 clkload48/Z
 clkload49/ZN
 clkload5/Z
 clkload50/ZN
 clkload51/ZN
 clkload52/ZN
 clkload53/Z
 clkload54/Z
 clkload55/Z
 clkload56/ZN
 clkload57/ZN
 clkload58/ZN
 clkload59/ZN
 clkload6/Z
 clkload60/ZN
 clkload61/ZN
 clkload62/ZN
 clkload63/ZN
 clkload64/Z
 clkload65/ZN
 clkload66/ZN
 clkload67/ZN
 clkload68/Z
 clkload69/ZN
 clkload7/Z
 clkload70/ZN
 clkload71/ZN
 clkload72/ZN
 clkload73/Z
 clkload74/ZN
 clkload75/Z
 clkload76/ZN
 clkload77/ZN
 clkload78/ZN
 clkload79/Z
 clkload8/Z
 clkload80/Z
 clkload81/ZN
 clkload82/ZN
 clkload83/ZN
 clkload84/Z
 clkload85/Z
 clkload86/ZN
 clkload87/Z
 clkload88/ZN
 clkload89/Z
 clkload9/Z
 clkload90/Z
 clkload91/Z
 clkload92/Z
 clkload93/Z
 clkload94/ZN
 clkload95/Z
 clkload96/ZN
 clkload97/ZN
 clkload98/ZN
 clkload99/Z
Found 0 partially unannotated drivers.

===========================================================================
max slew violation count 79
max fanout violation count 1
max cap violation count 0
============================================================================

===========================================================================
check_setup -verbose -unconstrained_endpoints -multiple_clock -no_clock -no_input_delay -loops -generated_clocks
===========================================================================
