Clock: clk_i
Sources: clk_i 
Generated: no
Virtual: yes
Propagated: no
Period: 100.000000

===========================================================================
report_clock_properties
============================================================================
Clock                   Period          Waveform
----------------------------------------------------
clk_i               100.000000    0.000000 50.000000

===========================================================================
report_clock_latency
============================================================================
Clock clk_i
rise -> rise
    min     max
0.000000 0.000000 source latency
4.851552         network latency _61480_/CLK
        5.526019 network latency _57888_/CLK
---------------
4.851552 5.526019 latency
        0.674468 skew

fall -> fall
    min     max
0.000000 0.000000 source latency
4.368953         network latency _61480_/CLK
        5.182592 network latency _61475_/CLK
---------------
4.368953 5.182592 latency
        0.813639 skew



===========================================================================
report_clock_min_period
============================================================================
clk_i period_min = 37.07 fmax = 26.98
