
===========================================================================
 report_power
============================================================================
======================= nom_ss_125C_4v50 Corner ===================================

Group                    Internal    Switching      Leakage        Total
                            Power        Power        Power        Power (Watts)
------------------------------------------------------------------------
Sequential           2.455833e-02 9.108244e-07 6.535680e-06 2.456578e-02  51.6%
Combinational        5.339333e-05 1.464362e-04 1.801233e-05 2.178419e-04   0.5%
Clock                1.241369e-02 1.042959e-02 1.849409e-05 2.286178e-02  48.0%
Macro                0.000000e+00 0.000000e+00 0.000000e+00 0.000000e+00   0.0%
Pad                  0.000000e+00 0.000000e+00 0.000000e+00 0.000000e+00   0.0%
------------------------------------------------------------------------
Total                3.702542e-02 1.057695e-02 4.303457e-05 4.764540e-02 100.0%
                            77.7%        22.2%         0.1%

