Total number of Clock Roots: 6.
Total number of Buffers Inserted: 770.
Total number of Clock Subnets: 770.
Total number of Sinks: 5591.
Cells used:
  gf180mcu_fd_sc_mcu7t5v0__clkbuf_8: 674
  gf180mcu_fd_sc_mcu7t5v0__clkbuf_16: 101
Dummys used:
  gf180mcu_fd_sc_mcu7t5v0__clkbuf_2: 57
  gf180mcu_fd_sc_mcu7t5v0__clkbuf_4: 25
  gf180mcu_fd_sc_mcu7t5v0__clkbuf_8: 37
  gf180mcu_fd_sc_mcu7t5v0__clkinv_1: 2
  gf180mcu_fd_sc_mcu7t5v0__clkinv_2: 16
  gf180mcu_fd_sc_mcu7t5v0__clkinv_3: 4
  gf180mcu_fd_sc_mcu7t5v0__clkinv_4: 11
  gf180mcu_fd_sc_mcu7t5v0__clkinv_8: 2
  gf180mcu_fd_sc_mcu7t5v0__inv_1: 1
  gf180mcu_fd_sc_mcu7t5v0__inv_2: 25
  gf180mcu_fd_sc_mcu7t5v0__inv_3: 31
  gf180mcu_fd_sc_mcu7t5v0__inv_4: 31
