
===========================================================================
report_checks -unconstrained
===========================================================================
======================= min_ff_n40C_5v50 Corner ===================================

Startpoint: rst_ni (input port clocked by clk_i)
Endpoint: _61704_ (recovery check against rising-edge clock clk_i)
Path Group: asynchronous
Path Type: max

Fanout         Cap        Slew       Delay        Time   Description
---------------------------------------------------------------------------------------------
                                  0.000000    0.000000   clock clk_i (rise edge)
                                  0.000000    0.000000   clock network delay (propagated)
                                  8.000000    8.000000 ^ input external delay
     1    0.008154    0.117372    0.054557    8.054557 ^ rst_ni (in)
                                                         rst_ni (net)
                      0.117372    0.000000    8.054557 ^ input3/I (gf180mcu_fd_sc_mcu7t5v0__buf_2)
     2    0.093611    0.520085    0.395301    8.449858 ^ input3/Z (gf180mcu_fd_sc_mcu7t5v0__buf_2)
                                                         net3 (net)
                      0.520088    0.000735    8.450592 ^ max_cap1278/I (gf180mcu_fd_sc_mcu7t5v0__buf_12)
     3    0.175620    0.171345    0.203010    8.653603 ^ max_cap1278/Z (gf180mcu_fd_sc_mcu7t5v0__buf_12)
                                                         net1278 (net)
                      0.188256    0.033062    8.686665 ^ fanout1197/I (gf180mcu_fd_sc_mcu7t5v0__dlyb_1)
     5    0.077546    0.856905    0.985667    9.672332 ^ fanout1197/Z (gf180mcu_fd_sc_mcu7t5v0__dlyb_1)
                                                         net1197 (net)
                      0.856913    0.001458    9.673790 ^ load_slew1198/I (gf180mcu_fd_sc_mcu7t5v0__buf_4)
     2    0.088476    0.260127    0.261285    9.935075 ^ load_slew1198/Z (gf180mcu_fd_sc_mcu7t5v0__buf_4)
                                                         net1198 (net)
                      0.260603    0.005840    9.940915 ^ fanout1174/I (gf180mcu_fd_sc_mcu7t5v0__dlyb_1)
     5    0.087056    0.958203    1.049470   10.990385 ^ fanout1174/Z (gf180mcu_fd_sc_mcu7t5v0__dlyb_1)
                                                         net1174 (net)
                      0.958209    0.001369   10.991754 ^ fanout1173/I (gf180mcu_fd_sc_mcu7t5v0__dlyb_1)
     8    0.071341    0.791612    0.933328   11.925081 ^ fanout1173/Z (gf180mcu_fd_sc_mcu7t5v0__dlyb_1)
                                                         net1173 (net)
                      0.791632    0.002238   11.927320 ^ fanout1172/I (gf180mcu_fd_sc_mcu7t5v0__dlyb_1)
     5    0.062913    0.701825    0.888439   12.815759 ^ fanout1172/Z (gf180mcu_fd_sc_mcu7t5v0__dlyb_1)
                                                         net1172 (net)
                      0.701828    0.000774   12.816533 ^ fanout1171/I (gf180mcu_fd_sc_mcu7t5v0__dlyb_1)
     8    0.077261    0.854183    0.983401   13.799934 ^ fanout1171/Z (gf180mcu_fd_sc_mcu7t5v0__dlyb_1)
                                                         net1171 (net)
                      0.854222    0.003276   13.803209 ^ fanout1170/I (gf180mcu_fd_sc_mcu7t5v0__buf_1)
    10    0.092238    1.012888    0.713273   14.516482 ^ fanout1170/Z (gf180mcu_fd_sc_mcu7t5v0__buf_1)
                                                         net1170 (net)
                      1.012900    0.001966   14.518449 ^ _61704_/RN (gf180mcu_fd_sc_mcu7t5v0__dffrnq_1)
                                             14.518449   data arrival time

                                 40.000000   40.000000   clock clk_i (rise edge)
                                  0.000000   40.000000   clock source latency
     2    0.185922    0.507056    0.288068   40.288071 ^ clk_i (in)
                                                         clk_i (net)
                      0.508267    0.000000   40.288071 ^ delaybuf_1_clk_i/I (gf180mcu_fd_sc_mcu7t5v0__clkbuf_16)
     1    0.046803    0.083720    0.233385   40.521454 ^ delaybuf_1_clk_i/Z (gf180mcu_fd_sc_mcu7t5v0__clkbuf_16)
                                                         delaynet_1_clk_i (net)
                      0.083763    0.003219   40.524673 ^ delaybuf_2_clk_i/I (gf180mcu_fd_sc_mcu7t5v0__clkbuf_16)
     1    0.045929    0.071376    0.158384   40.683056 ^ delaybuf_2_clk_i/Z (gf180mcu_fd_sc_mcu7t5v0__clkbuf_16)
                                                         delaynet_2_clk_i (net)
                      0.071420    0.002885   40.685940 ^ delaybuf_3_clk_i/I (gf180mcu_fd_sc_mcu7t5v0__clkbuf_16)
     1    0.044688    0.070692    0.155513   40.841454 ^ delaybuf_3_clk_i/Z (gf180mcu_fd_sc_mcu7t5v0__clkbuf_16)
                                                         delaynet_3_clk_i (net)
                      0.070727    0.002569   40.844021 ^ clkbuf_regs_0_clk_i/I (gf180mcu_fd_sc_mcu7t5v0__clkbuf_16)
     1    0.024618    0.059133    0.146951   40.990974 ^ clkbuf_regs_0_clk_i/Z (gf180mcu_fd_sc_mcu7t5v0__clkbuf_16)
                                                         clk_i_regs (net)
                      0.059134    0.000561   40.991535 ^ clkbuf_0_clk_i_regs/I (gf180mcu_fd_sc_mcu7t5v0__clkbuf_16)
     8    0.219792    0.171089    0.218428   41.209961 ^ clkbuf_0_clk_i_regs/Z (gf180mcu_fd_sc_mcu7t5v0__clkbuf_16)
                                                         clknet_0_clk_i_regs (net)
                      0.171701    0.006292   41.216255 ^ clkbuf_3_6_0_clk_i_regs/I (gf180mcu_fd_sc_mcu7t5v0__clkbuf_8)
     4    0.161567    0.238694    0.282146   41.498402 ^ clkbuf_3_6_0_clk_i_regs/Z (gf180mcu_fd_sc_mcu7t5v0__clkbuf_8)
                                                         clknet_3_6_0_clk_i_regs (net)
                      0.238805    0.002672   41.501072 ^ clkbuf_5_27__f_clk_i_regs/I (gf180mcu_fd_sc_mcu7t5v0__clkbuf_16)
     5    0.090222    0.098075    0.210253   41.711327 ^ clkbuf_5_27__f_clk_i_regs/Z (gf180mcu_fd_sc_mcu7t5v0__clkbuf_16)
                                                         clknet_5_27__leaf_clk_i_regs (net)
                      0.098078    0.000849   41.712173 ^ clkbuf_leaf_34_clk_i_regs/I (gf180mcu_fd_sc_mcu7t5v0__clkbuf_8)
    10    0.058360    0.109844    0.187608   41.899784 ^ clkbuf_leaf_34_clk_i_regs/Z (gf180mcu_fd_sc_mcu7t5v0__clkbuf_8)
                                                         clknet_leaf_34_clk_i_regs (net)
                      0.109853    0.001737   41.901520 ^ _61704_/CLK (gf180mcu_fd_sc_mcu7t5v0__dffrnq_1)
                                 -0.250000   41.651520   clock uncertainty
                                  0.000000   41.651520   clock reconvergence pessimism
                                 -0.125430   41.526089   library recovery time
                                             41.526089   data required time
---------------------------------------------------------------------------------------------
                                             41.526089   data required time
                                            -14.518449   data arrival time
---------------------------------------------------------------------------------------------
                                             27.007637   slack (MET)


Startpoint: _61322_ (falling edge-triggered flip-flop clocked by clk_i)
Endpoint: spi_flash_sd_io[2] (output port clocked by clk_i)
Path Group: clk_i
Path Type: max

Fanout         Cap        Slew       Delay        Time   Description
---------------------------------------------------------------------------------------------
                                 20.000000   20.000000   clock clk_i (fall edge)
                                  0.000000   20.000000   clock source latency
     2    0.185922    0.305720    0.173777   20.173779 v clk_i (in)
                                                         clk_i (net)
                      0.307682    0.000000   20.173779 v delaybuf_1_clk_i/I (gf180mcu_fd_sc_mcu7t5v0__clkbuf_16)
     1    0.046803    0.075532    0.217263   20.391041 v delaybuf_1_clk_i/Z (gf180mcu_fd_sc_mcu7t5v0__clkbuf_16)
                                                         delaynet_1_clk_i (net)
                      0.075586    0.003213   20.394255 v delaybuf_2_clk_i/I (gf180mcu_fd_sc_mcu7t5v0__clkbuf_16)
     1    0.045929    0.069710    0.156277   20.550531 v delaybuf_2_clk_i/Z (gf180mcu_fd_sc_mcu7t5v0__clkbuf_16)
                                                         delaynet_2_clk_i (net)
                      0.069758    0.002881   20.553411 v delaybuf_3_clk_i/I (gf180mcu_fd_sc_mcu7t5v0__clkbuf_16)
     1    0.044688    0.069032    0.154255   20.707666 v delaybuf_3_clk_i/Z (gf180mcu_fd_sc_mcu7t5v0__clkbuf_16)
                                                         delaynet_3_clk_i (net)
                      0.069069    0.002569   20.710236 v clkbuf_regs_0_clk_i/I (gf180mcu_fd_sc_mcu7t5v0__clkbuf_16)
     1    0.024618    0.057514    0.145087   20.855324 v clkbuf_regs_0_clk_i/Z (gf180mcu_fd_sc_mcu7t5v0__clkbuf_16)
                                                         clk_i_regs (net)
                      0.057516    0.000560   20.855883 v clkbuf_0_clk_i_regs/I (gf180mcu_fd_sc_mcu7t5v0__clkbuf_16)
     8    0.219792    0.165117    0.219174   21.075056 v clkbuf_0_clk_i_regs/Z (gf180mcu_fd_sc_mcu7t5v0__clkbuf_16)
                                                         clknet_0_clk_i_regs (net)
                      0.165757    0.004574   21.079632 v clkbuf_3_7_0_clk_i_regs/I (gf180mcu_fd_sc_mcu7t5v0__clkbuf_8)
     4    0.141702    0.219669    0.287246   21.366877 v clkbuf_3_7_0_clk_i_regs/Z (gf180mcu_fd_sc_mcu7t5v0__clkbuf_8)
                                                         clknet_3_7_0_clk_i_regs (net)
                      0.219872    0.003578   21.370455 v clkbuf_5_31__f_clk_i_regs/I (gf180mcu_fd_sc_mcu7t5v0__clkbuf_16)
     5    0.088096    0.094493    0.215831   21.586285 v clkbuf_5_31__f_clk_i_regs/Z (gf180mcu_fd_sc_mcu7t5v0__clkbuf_16)
                                                         clknet_5_31__leaf_clk_i_regs (net)
                      0.094497    0.000998   21.587284 v clkbuf_leaf_80_clk_i_regs/I (gf180mcu_fd_sc_mcu7t5v0__clkbuf_8)
    10    0.057236    0.113715    0.197781   21.785065 v clkbuf_leaf_80_clk_i_regs/Z (gf180mcu_fd_sc_mcu7t5v0__clkbuf_8)
                                                         clknet_leaf_80_clk_i_regs (net)
                      0.113716    0.000711   21.785776 v _61322_/CLKN (gf180mcu_fd_sc_mcu7t5v0__dffnq_1)
     1    0.005159    0.099325    0.484119   22.269896 ^ _61322_/Q (gf180mcu_fd_sc_mcu7t5v0__dffnq_1)
                                                         i_core_v_mini_mcu.ao_peripheral_subsystem_i.spi_subsystem_i.obi_spimemio_i.spimemio_i.xfer_io2_90 (net)
                      0.099325    0.000053   22.269949 ^ _33455_/A2 (gf180mcu_fd_sc_mcu7t5v0__nor2_1)
     1    0.006842    0.206691    0.096277   22.366224 v _33455_/ZN (gf180mcu_fd_sc_mcu7t5v0__nor2_1)
                                                         _10485_ (net)
                      0.206691    0.000142   22.366367 v _33457_/A2 (gf180mcu_fd_sc_mcu7t5v0__oai21_1)
     1    0.012225    0.318051    0.231262   22.597630 ^ _33457_/ZN (gf180mcu_fd_sc_mcu7t5v0__oai21_1)
                                                         i_core_v_mini_mcu.ao_peripheral_subsystem_i.spi_subsystem_i.obi_spimemio_i.flash_io2_do_o (net)
                      0.318051    0.000270   22.597898 ^ gen_flash_sd[2].u_pad_drv/I (gf180mcu_fd_sc_mcu7t5v0__bufz_4)
     2    0.141377    0.397359    0.384981   22.982880 ^ gen_flash_sd[2].u_pad_drv/Z (gf180mcu_fd_sc_mcu7t5v0__bufz_4)
                                                         spi_flash_sd_io[2] (net)
                      0.398011    0.009228   22.992109 ^ spi_flash_sd_io[2] (inout)
                                             22.992109   data arrival time

                                 40.000000   40.000000   clock clk_i (rise edge)
                                  0.000000   40.000000   clock network delay (propagated)
                                 -0.250000   39.750000   clock uncertainty
                                  0.000000   39.750000   clock reconvergence pessimism
                                 -8.000000   31.750000   output external delay
                                             31.750000   data required time
---------------------------------------------------------------------------------------------
                                             31.750000   data required time
                                            -22.992109   data arrival time
---------------------------------------------------------------------------------------------
                                              8.757891   slack (MET)




===========================================================================
report_checks --slack_max -0.01
============================================================================
======================= min_ff_n40C_5v50 Corner ===================================

No paths found.


===========================================================================
 report_check_types -max_slew -max_cap -max_fanout -violators
============================================================================
======================= min_ff_n40C_5v50 Corner ===================================

max fanout

Pin                                   Limit Fanout  Slack
---------------------------------------------------------
clkbuf_0_i_core_v_mini_mcu.memory_subsystem_i.clk_cg/Z     10     16     -6 (VIOLATED)



===========================================================================
report_parasitic_annotation -report_unannotated
============================================================================
Found 242 unannotated drivers.
 clkload0/Z
 clkload1/Z
 clkload10/ZN
 clkload100/Z
 clkload101/Z
 clkload102/Z
 clkload103/Z
 clkload104/Z
 clkload105/Z
 clkload106/Z
 clkload107/Z
 clkload108/Z
 clkload109/Z
 clkload11/ZN
 clkload110/Z
 clkload111/Z
 clkload112/Z
 clkload113/Z
 clkload114/Z
 clkload115/Z
 clkload116/ZN
 clkload117/ZN
 clkload118/ZN
 clkload119/Z
 clkload12/Z
 clkload120/ZN
 clkload121/ZN
 clkload122/ZN
 clkload123/ZN
 clkload124/ZN
 clkload125/ZN
 clkload126/Z
 clkload127/ZN
 clkload128/ZN
 clkload129/ZN
 clkload13/Z
 clkload130/ZN
 clkload131/Z
 clkload132/Z
 clkload133/ZN
 clkload134/ZN
 clkload135/ZN
 clkload136/ZN
 clkload137/ZN
 clkload138/Z
 clkload139/ZN
 clkload14/ZN
 clkload140/Z
 clkload141/Z
 clkload142/ZN
 clkload143/ZN
 clkload144/Z
 clkload145/Z
 clkload146/ZN
 clkload147/Z
 clkload148/Z
 clkload149/Z
 clkload15/Z
 clkload150/ZN
 clkload151/ZN
 clkload152/Z
 clkload153/Z
 clkload154/Z
 clkload155/Z
 clkload156/ZN
 clkload157/Z
 clkload158/Z
 clkload159/ZN
 clkload16/Z
 clkload160/ZN
 clkload161/Z
 clkload162/ZN
 clkload163/ZN
 clkload164/ZN
 clkload165/ZN
 clkload166/ZN
 clkload167/Z
 clkload168/ZN
 clkload169/Z
 clkload17/ZN
 clkload170/ZN
 clkload171/Z
 clkload172/ZN
 clkload173/Z
 clkload174/Z
 clkload175/ZN
 clkload176/ZN
 clkload177/Z
 clkload178/ZN
 clkload179/Z
 clkload18/ZN
 clkload180/ZN
 clkload181/Z
 clkload182/ZN
 clkload183/ZN
 clkload184/ZN
 clkload185/Z
 clkload186/ZN
 clkload187/Z
 clkload188/Z
 clkload189/ZN
 clkload19/Z
 clkload190/Z
 clkload191/ZN
 clkload192/ZN
 clkload193/ZN
 clkload194/ZN
 clkload195/Z
 clkload196/ZN
 clkload197/Z
 clkload198/ZN
 clkload199/Z
 clkload2/Z
 clkload20/ZN
 clkload200/Z
 clkload201/ZN
 clkload202/Z
 clkload203/ZN
 clkload204/Z
 clkload205/Z
 clkload206/Z
 clkload207/ZN
 clkload208/Z
 clkload209/Z
 clkload21/ZN
 clkload210/ZN
 clkload211/Z
 clkload212/ZN
 clkload213/ZN
 clkload214/Z
 clkload215/ZN
 clkload216/Z
 clkload217/ZN
 clkload218/ZN
 clkload219/Z
 clkload22/Z
 clkload220/Z
 clkload221/ZN
 clkload222/ZN
 clkload223/Z
 clkload224/ZN
 clkload225/Z
 clkload226/ZN
 clkload227/ZN
 clkload228/ZN
 clkload229/ZN
 clkload23/ZN
 clkload230/Z
 clkload231/Z
 clkload232/Z
 clkload233/ZN
 clkload234/ZN
 clkload235/Z
 clkload236/ZN
 clkload237/ZN
 clkload238/Z
 clkload239/ZN
 clkload24/Z
 clkload240/Z
 clkload241/ZN
 clkload25/ZN
 clkload26/Z
 clkload27/ZN
 clkload28/Z
 clkload29/ZN
 clkload3/Z
 clkload30/Z
 clkload31/ZN
 clkload32/ZN
 clkload33/Z
 clkload34/Z
 clkload35/Z
 clkload36/ZN
 clkload37/Z
 clkload38/ZN
 clkload39/Z
 clkload4/Z
 clkload40/Z
 clkload41/Z
 clkload42/ZN
 clkload43/ZN
 clkload44/ZN
 clkload45/ZN
 clkload46/Z
 clkload47/Z
 clkload48/Z
 clkload49/ZN
 clkload5/Z
 clkload50/ZN
 clkload51/ZN
 clkload52/ZN
 clkload53/Z
 clkload54/Z
 clkload55/Z
 clkload56/ZN
 clkload57/ZN
 clkload58/ZN
 clkload59/ZN
 clkload6/Z
 clkload60/ZN
 clkload61/ZN
 clkload62/ZN
 clkload63/ZN
 clkload64/Z
 clkload65/ZN
 clkload66/ZN
 clkload67/ZN
 clkload68/Z
 clkload69/ZN
 clkload7/Z
 clkload70/ZN
 clkload71/ZN
 clkload72/ZN
 clkload73/Z
 clkload74/ZN
 clkload75/Z
 clkload76/ZN
 clkload77/ZN
 clkload78/ZN
 clkload79/Z
 clkload8/Z
 clkload80/Z
 clkload81/ZN
 clkload82/ZN
 clkload83/ZN
 clkload84/Z
 clkload85/Z
 clkload86/ZN
 clkload87/Z
 clkload88/ZN
 clkload89/Z
 clkload9/Z
 clkload90/Z
 clkload91/Z
 clkload92/Z
 clkload93/Z
 clkload94/ZN
 clkload95/Z
 clkload96/ZN
 clkload97/ZN
 clkload98/ZN
 clkload99/Z
Found 0 partially unannotated drivers.

===========================================================================
max slew violation count 0
max fanout violation count 1
max cap violation count 0
============================================================================

===========================================================================
check_setup -verbose -unconstrained_endpoints -multiple_clock -no_clock -no_input_delay -loops -generated_clocks
===========================================================================
