Clock: clk_i
Sources: clk_i 
Generated: no
Virtual: yes
Propagated: no
Period: 40.000000

===========================================================================
report_clock_properties
============================================================================
Clock                   Period          Waveform
----------------------------------------------------
clk_i                40.000000    0.000000 20.000000

===========================================================================
report_clock_latency
============================================================================
Clock clk_i
rise -> rise
    min     max
0.000000 0.000000 source latency
1.756549         network latency _60995_/CLK
        1.996463 network latency _57845_/CLK
---------------
1.756549 1.996463 latency
        0.239914 skew

fall -> fall
    min     max
0.000000 0.000000 source latency
1.579016         network latency _60995_/CLK
        1.858437 network latency _57845_/CLK
---------------
1.579016 1.858437 latency
        0.279421 skew



===========================================================================
report_clock_min_period
============================================================================
clk_i period_min = 12.42 fmax = 80.52
