+ analyze_power_grid -net VDD -voltage_file /mnt/fda14e36-49c8-4508-a4b0-f37189565cd9/Base/Chipathon_SSCS_PICO_2026/AMCSOC/MOSAIC-SOC-PRIVATE/flow/librelane/experimental/runs/blocka_fanout16/57-openroad-irdropreport/net-VDD.csv
[INFO PSM-0040] All shapes on net VDD are connected.
########## IR report #################
Net              : VDD
Corner           : max_ss_125C_4v50
Total power      : 1.00e-01 W
Supply voltage   : 5.00e+00 V
Worstcase voltage: 5.00e+00 V
Average voltage  : 5.00e+00 V
Average IR drop  : 5.69e-05 V
Worstcase IR drop: 1.88e-04 V
Percentage drop  : 0.00 %
######################################
+ analyze_power_grid -net VSS -voltage_file /mnt/fda14e36-49c8-4508-a4b0-f37189565cd9/Base/Chipathon_SSCS_PICO_2026/AMCSOC/MOSAIC-SOC-PRIVATE/flow/librelane/experimental/runs/blocka_fanout16/57-openroad-irdropreport/net-VSS.csv
[INFO PSM-0040] All shapes on net VSS are connected.
########## IR report #################
Net              : VSS
Corner           : max_ss_125C_4v50
Total power      : 1.00e-01 W
Supply voltage   : 0.00e+00 V
Worstcase voltage: 2.28e-04 V
Average voltage  : 5.69e-05 V
Average IR drop  : 5.69e-05 V
Worstcase IR drop: 2.28e-04 V
Percentage drop  : 0.00 %
######################################
