Clock: clk_i
Sources: clk_i 
Generated: no
Virtual: yes
Propagated: no
Period: 100.000000

===========================================================================
report_clock_properties
============================================================================
Clock                   Period          Waveform
----------------------------------------------------
clk_i               100.000000    0.000000 50.000000

===========================================================================
report_clock_latency
============================================================================
Clock clk_i
rise -> rise
    min     max
0.000000 0.000000 source latency
2.731688         network latency _61480_/CLK
        3.103369 network latency _58589_/CLK
---------------
2.731688 3.103369 latency
        0.371682 skew

fall -> fall
    min     max
0.000000 0.000000 source latency
2.454321         network latency _61480_/CLK
        2.910483 network latency _60419_/CLK
---------------
2.454321 2.910483 latency
        0.456161 skew



===========================================================================
report_clock_min_period
============================================================================
clk_i period_min = 18.45 fmax = 54.21
