Clock: clk_i
Sources: clk_i 
Generated: no
Virtual: yes
Propagated: no
Period: 50.000000

===========================================================================
report_clock_properties
============================================================================
Clock                   Period          Waveform
----------------------------------------------------
clk_i                50.000000    0.000000 25.000000

===========================================================================
report_clock_latency
============================================================================
Clock clk_i
rise -> rise
    min     max
0.000000 0.000000 source latency
2.477420         network latency _61788_/CLK
        2.948032 network latency _61386_/CLK
---------------
2.477420 2.948032 latency
        0.470612 skew

fall -> fall
    min     max
0.000000 0.000000 source latency
2.286431         network latency _61788_/CLK
        2.775648 network latency _61991_/CLK
---------------
2.286431 2.775648 latency
        0.489218 skew



===========================================================================
report_clock_min_period
============================================================================
clk_i period_min = 21.12 fmax = 47.34
