
===========================================================================
report_checks -unconstrained
===========================================================================
======================= nom_tt_025C_5v00 Corner ===================================

Startpoint: rst_ni (input port clocked by clk_i)
Endpoint: _60421_ (recovery check against rising-edge clock clk_i)
Path Group: asynchronous
Path Type: max

Fanout         Cap        Slew       Delay        Time   Description
---------------------------------------------------------------------------------------------
                                  0.000000    0.000000   clock clk_i (rise edge)
                                  0.000000    0.000000   clock network delay (propagated)
                                  8.000000    8.000000 ^ input external delay
     1    0.009612    0.203399    0.093357    8.093357 ^ rst_ni (in)
                                                         rst_ni (net)
                      0.203399    0.000000    8.093357 ^ input3/I (gf180mcu_fd_sc_mcu7t5v0__buf_2)
     2    0.156789    1.290620    0.890203    8.983560 ^ input3/Z (gf180mcu_fd_sc_mcu7t5v0__buf_2)
                                                         net3 (net)
                      1.290661    0.004102    8.987661 ^ max_cap1278/I (gf180mcu_fd_sc_mcu7t5v0__buf_12)
     2    0.187808    0.300810    0.349001    9.336662 ^ max_cap1278/Z (gf180mcu_fd_sc_mcu7t5v0__buf_12)
                                                         net1278 (net)
                      0.300849    0.005170    9.341832 ^ fanout1197/I (gf180mcu_fd_sc_mcu7t5v0__dlyb_1)
     5    0.074786    1.248048    1.546082   10.887915 ^ fanout1197/Z (gf180mcu_fd_sc_mcu7t5v0__dlyb_1)
                                                         net1197 (net)
                      1.248084    0.003757   10.891672 ^ load_slew1198/I (gf180mcu_fd_sc_mcu7t5v0__buf_4)
     2    0.077198    0.350820    0.375974   11.267646 ^ load_slew1198/Z (gf180mcu_fd_sc_mcu7t5v0__buf_4)
                                                         net1198 (net)
                      0.350834    0.003338   11.270984 ^ fanout1174/I (gf180mcu_fd_sc_mcu7t5v0__dlyb_1)
     5    0.080597    1.341594    1.603962   12.874946 ^ fanout1174/Z (gf180mcu_fd_sc_mcu7t5v0__dlyb_1)
                                                         net1174 (net)
                      1.341633    0.004086   12.879031 ^ fanout1173/I (gf180mcu_fd_sc_mcu7t5v0__dlyb_1)
     8    0.074331    1.240587    1.534652   14.413683 ^ fanout1173/Z (gf180mcu_fd_sc_mcu7t5v0__dlyb_1)
                                                         net1173 (net)
                      1.240624    0.003773   14.417456 ^ fanout1172/I (gf180mcu_fd_sc_mcu7t5v0__dlyb_1)
     5    0.062846    1.057546    1.433996   15.851452 ^ fanout1172/Z (gf180mcu_fd_sc_mcu7t5v0__dlyb_1)
                                                         net1172 (net)
                      1.057561    0.002188   15.853641 ^ fanout1171/I (gf180mcu_fd_sc_mcu7t5v0__dlyb_1)
     8    0.074303    1.240460    1.547202   17.400843 ^ fanout1171/Z (gf180mcu_fd_sc_mcu7t5v0__dlyb_1)
                                                         net1171 (net)
                      1.240496    0.003732   17.404573 ^ fanout1170/I (gf180mcu_fd_sc_mcu7t5v0__buf_1)
    10    0.093607    1.547424    1.090999   18.495573 ^ fanout1170/Z (gf180mcu_fd_sc_mcu7t5v0__buf_1)
                                                         net1170 (net)
                      1.547448    0.003437   18.499010 ^ _60421_/RN (gf180mcu_fd_sc_mcu7t5v0__dffrnq_1)
                                             18.499010   data arrival time

                                 40.000000   40.000000   clock clk_i (rise edge)
                                  0.000000   40.000000   clock source latency
     2    0.215441    0.891280    0.506827   40.506828 ^ clk_i (in)
                                                         clk_i (net)
                      0.891667    0.000000   40.506828 ^ delaybuf_1_clk_i/I (gf180mcu_fd_sc_mcu7t5v0__clkbuf_16)
     1    0.050536    0.136714    0.375717   40.882545 ^ delaybuf_1_clk_i/Z (gf180mcu_fd_sc_mcu7t5v0__clkbuf_16)
                                                         delaynet_1_clk_i (net)
                      0.136739    0.003237   40.885780 ^ delaybuf_2_clk_i/I (gf180mcu_fd_sc_mcu7t5v0__clkbuf_16)
     1    0.054328    0.118687    0.253731   41.139511 ^ delaybuf_2_clk_i/Z (gf180mcu_fd_sc_mcu7t5v0__clkbuf_16)
                                                         delaynet_2_clk_i (net)
                      0.118738    0.003975   41.143490 ^ delaybuf_3_clk_i/I (gf180mcu_fd_sc_mcu7t5v0__clkbuf_16)
     1    0.051926    0.116620    0.248878   41.392365 ^ delaybuf_3_clk_i/Z (gf180mcu_fd_sc_mcu7t5v0__clkbuf_16)
                                                         delaynet_3_clk_i (net)
                      0.116641    0.002654   41.395020 ^ clkbuf_regs_0_clk_i/I (gf180mcu_fd_sc_mcu7t5v0__clkbuf_16)
     1    0.029547    0.097367    0.233946   41.628967 ^ clkbuf_regs_0_clk_i/Z (gf180mcu_fd_sc_mcu7t5v0__clkbuf_16)
                                                         clk_i_regs (net)
                      0.097375    0.001773   41.630737 ^ clkbuf_0_clk_i_regs/I (gf180mcu_fd_sc_mcu7t5v0__clkbuf_16)
     8    0.235013    0.281115    0.354802   41.985542 ^ clkbuf_0_clk_i_regs/Z (gf180mcu_fd_sc_mcu7t5v0__clkbuf_16)
                                                         clknet_0_clk_i_regs (net)
                      0.281317    0.007354   41.992897 ^ clkbuf_3_6_0_clk_i_regs/I (gf180mcu_fd_sc_mcu7t5v0__clkbuf_8)
     4    0.158153    0.356022    0.434763   42.427658 ^ clkbuf_3_6_0_clk_i_regs/Z (gf180mcu_fd_sc_mcu7t5v0__clkbuf_8)
                                                         clknet_3_6_0_clk_i_regs (net)
                      0.356190    0.004192   42.431850 ^ clkbuf_5_26__f_clk_i_regs/I (gf180mcu_fd_sc_mcu7t5v0__clkbuf_16)
     5    0.099105    0.159608    0.329965   42.761818 ^ clkbuf_5_26__f_clk_i_regs/Z (gf180mcu_fd_sc_mcu7t5v0__clkbuf_16)
                                                         clknet_5_26__leaf_clk_i_regs (net)
                      0.159629    0.003038   42.764854 ^ clkbuf_leaf_121_clk_i_regs/I (gf180mcu_fd_sc_mcu7t5v0__clkbuf_8)
    10    0.056097    0.165741    0.290257   43.055111 ^ clkbuf_leaf_121_clk_i_regs/Z (gf180mcu_fd_sc_mcu7t5v0__clkbuf_8)
                                                         clknet_leaf_121_clk_i_regs (net)
                      0.165745    0.001425   43.056534 ^ _60421_/CLK (gf180mcu_fd_sc_mcu7t5v0__dffrnq_1)
                                 -0.250000   42.806534   clock uncertainty
                                  0.000000   42.806534   clock reconvergence pessimism
                                 -0.130831   42.675701   library recovery time
                                             42.675701   data required time
---------------------------------------------------------------------------------------------
                                             42.675701   data required time
                                            -18.499010   data arrival time
---------------------------------------------------------------------------------------------
                                             24.176691   slack (MET)


Startpoint: _61322_ (falling edge-triggered flip-flop clocked by clk_i)
Endpoint: spi_flash_sd_io[2] (output port clocked by clk_i)
Path Group: clk_i
Path Type: max

Fanout         Cap        Slew       Delay        Time   Description
---------------------------------------------------------------------------------------------
                                 20.000000   20.000000   clock clk_i (fall edge)
                                  0.000000   20.000000   clock source latency
     2    0.215441    0.532351    0.317685   20.317686 v clk_i (in)
                                                         clk_i (net)
                      0.532972    0.000000   20.317686 v delaybuf_1_clk_i/I (gf180mcu_fd_sc_mcu7t5v0__clkbuf_16)
     1    0.050536    0.123369    0.356993   20.674679 v delaybuf_1_clk_i/Z (gf180mcu_fd_sc_mcu7t5v0__clkbuf_16)
                                                         delaynet_1_clk_i (net)
                      0.123400    0.003238   20.677917 v delaybuf_2_clk_i/I (gf180mcu_fd_sc_mcu7t5v0__clkbuf_16)
     1    0.054328    0.116498    0.251482   20.929399 v delaybuf_2_clk_i/Z (gf180mcu_fd_sc_mcu7t5v0__clkbuf_16)
                                                         delaynet_2_clk_i (net)
                      0.116552    0.003974   20.933372 v delaybuf_3_clk_i/I (gf180mcu_fd_sc_mcu7t5v0__clkbuf_16)
     1    0.051926    0.114451    0.248267   21.181641 v delaybuf_3_clk_i/Z (gf180mcu_fd_sc_mcu7t5v0__clkbuf_16)
                                                         delaynet_3_clk_i (net)
                      0.114474    0.002654   21.184294 v clkbuf_regs_0_clk_i/I (gf180mcu_fd_sc_mcu7t5v0__clkbuf_16)
     1    0.029547    0.095151    0.231866   21.416161 v clkbuf_regs_0_clk_i/Z (gf180mcu_fd_sc_mcu7t5v0__clkbuf_16)
                                                         clk_i_regs (net)
                      0.095160    0.001775   21.417934 v clkbuf_0_clk_i_regs/I (gf180mcu_fd_sc_mcu7t5v0__clkbuf_16)
     8    0.235013    0.272730    0.359979   21.777914 v clkbuf_0_clk_i_regs/Z (gf180mcu_fd_sc_mcu7t5v0__clkbuf_16)
                                                         clknet_0_clk_i_regs (net)
                      0.273195    0.006201   21.784115 v clkbuf_3_7_0_clk_i_regs/I (gf180mcu_fd_sc_mcu7t5v0__clkbuf_8)
     4    0.140160    0.338658    0.451319   22.235434 v clkbuf_3_7_0_clk_i_regs/Z (gf180mcu_fd_sc_mcu7t5v0__clkbuf_8)
                                                         clknet_3_7_0_clk_i_regs (net)
                      0.339165    0.007335   22.242767 v clkbuf_5_31__f_clk_i_regs/I (gf180mcu_fd_sc_mcu7t5v0__clkbuf_16)
     5    0.087760    0.147908    0.336545   22.579313 v clkbuf_5_31__f_clk_i_regs/Z (gf180mcu_fd_sc_mcu7t5v0__clkbuf_16)
                                                         clknet_5_31__leaf_clk_i_regs (net)
                      0.147936    0.003299   22.582611 v clkbuf_leaf_80_clk_i_regs/I (gf180mcu_fd_sc_mcu7t5v0__clkbuf_8)
    10    0.060818    0.185516    0.313753   22.896364 v clkbuf_leaf_80_clk_i_regs/Z (gf180mcu_fd_sc_mcu7t5v0__clkbuf_8)
                                                         clknet_leaf_80_clk_i_regs (net)
                      0.185540    0.001688   22.898052 v _61322_/CLKN (gf180mcu_fd_sc_mcu7t5v0__dffnq_1)
     1    0.006974    0.183042    0.799494   23.697546 ^ _61322_/Q (gf180mcu_fd_sc_mcu7t5v0__dffnq_1)
                                                         i_core_v_mini_mcu.ao_peripheral_subsystem_i.spi_subsystem_i.obi_spimemio_i.spimemio_i.xfer_io2_90 (net)
                      0.183042    0.000188   23.697735 ^ _33455_/A2 (gf180mcu_fd_sc_mcu7t5v0__nor2_1)
     1    0.007527    0.318541    0.160316   23.858051 v _33455_/ZN (gf180mcu_fd_sc_mcu7t5v0__nor2_1)
                                                         _10485_ (net)
                      0.318542    0.000412   23.858463 v _33457_/A2 (gf180mcu_fd_sc_mcu7t5v0__oai21_1)
     1    0.012653    0.526857    0.379039   24.237501 ^ _33457_/ZN (gf180mcu_fd_sc_mcu7t5v0__oai21_1)
                                                         i_core_v_mini_mcu.ao_peripheral_subsystem_i.spi_subsystem_i.obi_spimemio_i.flash_io2_do_o (net)
                      0.526857    0.000734   24.238235 ^ gen_flash_sd[2].u_pad_drv/I (gf180mcu_fd_sc_mcu7t5v0__bufz_4)
     2    0.140384    0.593262    0.594989   24.833223 ^ gen_flash_sd[2].u_pad_drv/Z (gf180mcu_fd_sc_mcu7t5v0__bufz_4)
                                                         spi_flash_sd_io[2] (net)
                      0.594630    0.016257   24.849482 ^ spi_flash_sd_io[2] (inout)
                                             24.849482   data arrival time

                                 40.000000   40.000000   clock clk_i (rise edge)
                                  0.000000   40.000000   clock network delay (propagated)
                                 -0.250000   39.750000   clock uncertainty
                                  0.000000   39.750000   clock reconvergence pessimism
                                 -8.000000   31.750000   output external delay
                                             31.750000   data required time
---------------------------------------------------------------------------------------------
                                             31.750000   data required time
                                            -24.849482   data arrival time
---------------------------------------------------------------------------------------------
                                              6.900517   slack (MET)




===========================================================================
report_checks --slack_max -0.01
============================================================================
======================= nom_tt_025C_5v00 Corner ===================================

No paths found.


===========================================================================
 report_check_types -max_slew -max_cap -max_fanout -violators
============================================================================
======================= nom_tt_025C_5v00 Corner ===================================

max fanout

Pin                                   Limit Fanout  Slack
---------------------------------------------------------
clkbuf_0_i_core_v_mini_mcu.memory_subsystem_i.clk_cg/Z     10     16     -6 (VIOLATED)



===========================================================================
report_parasitic_annotation -report_unannotated
============================================================================
Found 242 unannotated drivers.
 clkload0/Z
 clkload1/Z
 clkload10/ZN
 clkload100/Z
 clkload101/Z
 clkload102/Z
 clkload103/Z
 clkload104/Z
 clkload105/Z
 clkload106/Z
 clkload107/Z
 clkload108/Z
 clkload109/Z
 clkload11/ZN
 clkload110/Z
 clkload111/Z
 clkload112/Z
 clkload113/Z
 clkload114/Z
 clkload115/Z
 clkload116/ZN
 clkload117/ZN
 clkload118/ZN
 clkload119/Z
 clkload12/Z
 clkload120/ZN
 clkload121/ZN
 clkload122/ZN
 clkload123/ZN
 clkload124/ZN
 clkload125/ZN
 clkload126/Z
 clkload127/ZN
 clkload128/ZN
 clkload129/ZN
 clkload13/Z
 clkload130/ZN
 clkload131/Z
 clkload132/Z
 clkload133/ZN
 clkload134/ZN
 clkload135/ZN
 clkload136/ZN
 clkload137/ZN
 clkload138/Z
 clkload139/ZN
 clkload14/ZN
 clkload140/Z
 clkload141/Z
 clkload142/ZN
 clkload143/ZN
 clkload144/Z
 clkload145/Z
 clkload146/ZN
 clkload147/Z
 clkload148/Z
 clkload149/Z
 clkload15/Z
 clkload150/ZN
 clkload151/ZN
 clkload152/Z
 clkload153/Z
 clkload154/Z
 clkload155/Z
 clkload156/ZN
 clkload157/Z
 clkload158/Z
 clkload159/ZN
 clkload16/Z
 clkload160/ZN
 clkload161/Z
 clkload162/ZN
 clkload163/ZN
 clkload164/ZN
 clkload165/ZN
 clkload166/ZN
 clkload167/Z
 clkload168/ZN
 clkload169/Z
 clkload17/ZN
 clkload170/ZN
 clkload171/Z
 clkload172/ZN
 clkload173/Z
 clkload174/Z
 clkload175/ZN
 clkload176/ZN
 clkload177/Z
 clkload178/ZN
 clkload179/Z
 clkload18/ZN
 clkload180/ZN
 clkload181/Z
 clkload182/ZN
 clkload183/ZN
 clkload184/ZN
 clkload185/Z
 clkload186/ZN
 clkload187/Z
 clkload188/Z
 clkload189/ZN
 clkload19/Z
 clkload190/Z
 clkload191/ZN
 clkload192/ZN
 clkload193/ZN
 clkload194/ZN
 clkload195/Z
 clkload196/ZN
 clkload197/Z
 clkload198/ZN
 clkload199/Z
 clkload2/Z
 clkload20/ZN
 clkload200/Z
 clkload201/ZN
 clkload202/Z
 clkload203/ZN
 clkload204/Z
 clkload205/Z
 clkload206/Z
 clkload207/ZN
 clkload208/Z
 clkload209/Z
 clkload21/ZN
 clkload210/ZN
 clkload211/Z
 clkload212/ZN
 clkload213/ZN
 clkload214/Z
 clkload215/ZN
 clkload216/Z
 clkload217/ZN
 clkload218/ZN
 clkload219/Z
 clkload22/Z
 clkload220/Z
 clkload221/ZN
 clkload222/ZN
 clkload223/Z
 clkload224/ZN
 clkload225/Z
 clkload226/ZN
 clkload227/ZN
 clkload228/ZN
 clkload229/ZN
 clkload23/ZN
 clkload230/Z
 clkload231/Z
 clkload232/Z
 clkload233/ZN
 clkload234/ZN
 clkload235/Z
 clkload236/ZN
 clkload237/ZN
 clkload238/Z
 clkload239/ZN
 clkload24/Z
 clkload240/Z
 clkload241/ZN
 clkload25/ZN
 clkload26/Z
 clkload27/ZN
 clkload28/Z
 clkload29/ZN
 clkload3/Z
 clkload30/Z
 clkload31/ZN
 clkload32/ZN
 clkload33/Z
 clkload34/Z
 clkload35/Z
 clkload36/ZN
 clkload37/Z
 clkload38/ZN
 clkload39/Z
 clkload4/Z
 clkload40/Z
 clkload41/Z
 clkload42/ZN
 clkload43/ZN
 clkload44/ZN
 clkload45/ZN
 clkload46/Z
 clkload47/Z
 clkload48/Z
 clkload49/ZN
 clkload5/Z
 clkload50/ZN
 clkload51/ZN
 clkload52/ZN
 clkload53/Z
 clkload54/Z
 clkload55/Z
 clkload56/ZN
 clkload57/ZN
 clkload58/ZN
 clkload59/ZN
 clkload6/Z
 clkload60/ZN
 clkload61/ZN
 clkload62/ZN
 clkload63/ZN
 clkload64/Z
 clkload65/ZN
 clkload66/ZN
 clkload67/ZN
 clkload68/Z
 clkload69/ZN
 clkload7/Z
 clkload70/ZN
 clkload71/ZN
 clkload72/ZN
 clkload73/Z
 clkload74/ZN
 clkload75/Z
 clkload76/ZN
 clkload77/ZN
 clkload78/ZN
 clkload79/Z
 clkload8/Z
 clkload80/Z
 clkload81/ZN
 clkload82/ZN
 clkload83/ZN
 clkload84/Z
 clkload85/Z
 clkload86/ZN
 clkload87/Z
 clkload88/ZN
 clkload89/Z
 clkload9/Z
 clkload90/Z
 clkload91/Z
 clkload92/Z
 clkload93/Z
 clkload94/ZN
 clkload95/Z
 clkload96/ZN
 clkload97/ZN
 clkload98/ZN
 clkload99/Z
Found 4 partially unannotated drivers.
 spi_flash_sd_io[0]
 spi_flash_sd_io[1]
 spi_flash_sd_io[2]
 spi_flash_sd_io[3]

===========================================================================
max slew violation count 0
Writing metric design__max_slew_violation__count__corner:nom_tt_025C_5v00: 0
max fanout violation count 1
Writing metric design__max_fanout_violation__count__corner:nom_tt_025C_5v00: 1
max cap violation count 0
Writing metric design__max_cap_violation__count__corner:nom_tt_025C_5v00: 0
============================================================================

===========================================================================
check_setup -verbose -unconstrained_endpoints -multiple_clock -no_clock -no_input_delay -loops -generated_clocks
===========================================================================
