Clock: clk_i
Sources: clk_i 
Generated: no
Virtual: yes
Propagated: no
Period: 40.000000

===========================================================================
report_clock_properties
============================================================================
Clock                   Period          Waveform
----------------------------------------------------
clk_i                40.000000    0.000000 20.000000

===========================================================================
report_clock_latency
============================================================================
Clock clk_i
rise -> rise
    min     max
0.000000 0.000000 source latency
2.808188         network latency _61480_/CLK
        3.150573 network latency _61199_/CLK
---------------
2.808188 3.150573 latency
        0.342385 skew

fall -> fall
    min     max
0.000000 0.000000 source latency
2.526013         network latency _61480_/CLK
        2.952607 network latency _60426_/CLK
---------------
2.526013 2.952607 latency
        0.426594 skew



===========================================================================
report_clock_min_period
============================================================================
clk_i period_min = 18.82 fmax = 53.13
