Clock: clk_i
Sources: clk_i 
Generated: no
Virtual: yes
Propagated: no
Period: 100.000000

===========================================================================
report_clock_properties
============================================================================
Clock                   Period          Waveform
----------------------------------------------------
clk_i               100.000000    0.000000 50.000000

===========================================================================
report_clock_latency
============================================================================
Clock clk_i
rise -> rise
    min     max
0.000000 0.000000 source latency
1.787370         network latency _61011_/CLK
        1.983562 network latency _61885_/CLK
---------------
1.787370 1.983562 latency
        0.196191 skew

fall -> fall
    min     max
0.000000 0.000000 source latency
1.688377         network latency _61690_/CLK
        1.843325 network latency _61885_/CLK
---------------
1.688377 1.843325 latency
        0.154948 skew



===========================================================================
report_clock_min_period
============================================================================
clk_i period_min = 12.49 fmax = 80.04
