Net: i_core_v_mini_mcu.memory_subsystem_clkgate_en_n
  Pin:   _29389_/A2 (gf180mcu_fd_sc_mcu7t5v0__nor2_1)
    Layer: Metal1
      Partial area ratio:    0.02
      Required ratio:    0.00 (Gate area) 
      Cumulative area ratio:    0.02
      Required ratio:    0.00 (Cumulative area) 
      Partial area ratio:    0.68
      Required ratio:  400.00 (Side area) 
      Cumulative area ratio:    0.68
      Required ratio:    0.00 (Cumulative side area) 

    Layer: Via1
      Partial area ratio:    0.07
      Required ratio:   20.00 (Gate area) 
      Cumulative area ratio:    0.07
      Required ratio:    0.00 (Cumulative area) 

    Layer: Metal2
      Partial area ratio:    2.05
      Required ratio:    0.00 (Gate area) 
      Cumulative area ratio:    2.07
      Required ratio:    0.00 (Cumulative area) 
      Partial area ratio:    8.23
      Required ratio:  400.00 (Side area) 
      Cumulative area ratio:    8.90
      Required ratio:    0.00 (Cumulative side area) 

    Layer: Via2
      Partial area ratio:    0.14
      Required ratio:   20.00 (Gate area) 
      Cumulative area ratio:    0.21
      Required ratio:    0.00 (Cumulative area) 

    Layer: Metal3
      Partial area ratio:    1.82
      Required ratio:    0.00 (Gate area) 
      Cumulative area ratio:    3.89
      Required ratio:    0.00 (Cumulative area) 
      Partial area ratio:    7.07
      Required ratio:  400.00 (Side area) 
      Cumulative area ratio:   15.97
      Required ratio:    0.00 (Cumulative side area) 

    Layer: Via3
      Partial area ratio:    0.07
      Required ratio:    0.00 (Gate area) 
      Cumulative area ratio:    0.28
      Required ratio:    0.00 (Cumulative area) 

    Layer: Metal4
      Partial area ratio:    2.46
      Required ratio:    0.00 (Gate area) 
      Cumulative area ratio:    6.34
      Required ratio:    0.00 (Cumulative area) 
      Partial area ratio:    9.50
      Required ratio:  400.00 (Side area) 
      Cumulative area ratio:   25.47
      Required ratio:    0.00 (Cumulative side area) 

    Layer: Via4
      Partial area ratio:    0.07
      Required ratio:    0.00 (Gate area) 
      Cumulative area ratio:    0.36
      Required ratio:    0.00 (Cumulative area) 

    Layer: Metal5
      Partial area ratio:   14.69
      Required ratio:    0.00 (Gate area) 
      Cumulative area ratio:   21.03
      Required ratio:    0.00 (Cumulative area) 
      Partial area ratio:   79.51
      Required ratio:  400.00 (Side area) 
      Cumulative area ratio:  104.98
      Required ratio:    0.00 (Cumulative side area) 


  Pin:   i_core_v_mini_mcu.memory_subsystem_i.gen_sram\[0\].clk_gating_cell_i.u_icg/E (gf180mcu_fd_sc_mcu7t5v0__icgtp_1)
    Layer: Via1
      Partial area ratio:    0.10
      Required ratio:   20.00 (Gate area) 
      Cumulative area ratio:    0.10
      Required ratio:    0.00 (Cumulative area) 

    Layer: Metal2
      Partial area ratio:    2.29
      Required ratio:    0.00 (Gate area) 
      Cumulative area ratio:    2.29
      Required ratio:    0.00 (Cumulative area) 
      Partial area ratio:    9.28
      Required ratio:  400.00 (Side area) 
      Cumulative area ratio:    9.28
      Required ratio:    0.00 (Cumulative side area) 

    Layer: Via2
      Partial area ratio:    0.19
      Required ratio:   20.00 (Gate area) 
      Cumulative area ratio:    0.29
      Required ratio:    0.00 (Cumulative area) 

    Layer: Metal3
      Partial area ratio:    0.30
      Required ratio:    0.00 (Gate area) 
      Cumulative area ratio:    2.60
      Required ratio:    0.00 (Cumulative area) 
      Partial area ratio:    2.04
      Required ratio:  400.00 (Side area) 
      Cumulative area ratio:   11.32
      Required ratio:    0.00 (Cumulative side area) 

    Layer: Via3
      Partial area ratio:    0.10
      Required ratio:   20.00 (Gate area) 
      Cumulative area ratio:    0.39
      Required ratio:    0.00 (Cumulative area) 

    Layer: Metal4
      Partial area ratio:  158.23
      Required ratio:    0.00 (Gate area) 
      Cumulative area ratio:  160.82
      Required ratio:    0.00 (Cumulative area) 
      Partial area ratio:  610.73
      Required ratio:  400.00 (Side area) (VIOLATED)
      Cumulative area ratio:  622.05
      Required ratio:    0.00 (Cumulative side area) 

    Layer: Via4
      Partial area ratio:    0.10
      Required ratio:   20.00 (Gate area) 
      Cumulative area ratio:    0.48
      Required ratio:    0.00 (Cumulative area) 

    Layer: Metal5
      Partial area ratio:   14.69
      Required ratio:    0.00 (Gate area) 
      Cumulative area ratio:  175.51
      Required ratio:    0.00 (Cumulative area) 
      Partial area ratio:   79.51
      Required ratio:  400.00 (Side area) 
      Cumulative area ratio:  701.56
      Required ratio:    0.00 (Cumulative side area) 



Net: i_core_v_mini_mcu.peripheral_subsystem_clkgate_en_n
  Pin:   _29447_/A1 (gf180mcu_fd_sc_mcu7t5v0__oai221_1)
    Layer: Metal1
      Partial area ratio:    0.01
      Required ratio:    0.00 (Gate area) 
      Cumulative area ratio:    0.01
      Required ratio:    0.00 (Cumulative area) 
      Partial area ratio:    0.55
      Required ratio:  400.00 (Side area) 
      Cumulative area ratio:    0.55
      Required ratio:    0.00 (Cumulative side area) 

    Layer: Via1
      Partial area ratio:    0.06
      Required ratio:   20.00 (Gate area) 
      Cumulative area ratio:    0.06
      Required ratio:    0.00 (Cumulative area) 

    Layer: Metal2
      Partial area ratio:    1.52
      Required ratio:    0.00 (Gate area) 
      Cumulative area ratio:    1.53
      Required ratio:    0.00 (Cumulative area) 
      Partial area ratio:    6.15
      Required ratio:  400.00 (Side area) 
      Cumulative area ratio:    6.70
      Required ratio:    0.00 (Cumulative side area) 

    Layer: Via2
      Partial area ratio:    0.12
      Required ratio:   20.00 (Gate area) 
      Cumulative area ratio:    0.18
      Required ratio:    0.00 (Cumulative area) 

    Layer: Metal3
      Partial area ratio:    0.18
      Required ratio:    0.00 (Gate area) 
      Cumulative area ratio:    1.71
      Required ratio:    0.00 (Cumulative area) 
      Partial area ratio:    0.72
      Required ratio:  400.00 (Side area) 
      Cumulative area ratio:    7.42
      Required ratio:    0.00 (Cumulative side area) 

    Layer: Via3
      Partial area ratio:    0.06
      Required ratio:    0.00 (Gate area) 
      Cumulative area ratio:    0.25
      Required ratio:    0.00 (Cumulative area) 

    Layer: Metal4
      Partial area ratio:    0.01
      Required ratio:    0.00 (Gate area) 
      Cumulative area ratio:    1.72
      Required ratio:    0.00 (Cumulative area) 
      Partial area ratio:    0.05
      Required ratio:  400.00 (Side area) 
      Cumulative area ratio:    7.47
      Required ratio:    0.00 (Cumulative side area) 

    Layer: Via4
      Partial area ratio:    0.06
      Required ratio:    0.00 (Gate area) 
      Cumulative area ratio:    0.31
      Required ratio:    0.00 (Cumulative area) 

    Layer: Metal5
      Partial area ratio:    3.64
      Required ratio:    0.00 (Gate area) 
      Cumulative area ratio:    5.36
      Required ratio:    0.00 (Cumulative area) 
      Partial area ratio:   19.78
      Required ratio:  400.00 (Side area) 
      Cumulative area ratio:   27.25
      Required ratio:    0.00 (Cumulative side area) 


  Pin:   i_core_v_mini_mcu.peripheral_subsystem_i.clk_gating_cell.u_icg/E (gf180mcu_fd_sc_mcu7t5v0__icgtp_1)
    Layer: Via1
      Partial area ratio:    0.10
      Required ratio:   20.00 (Gate area) 
      Cumulative area ratio:    0.10
      Required ratio:    0.00 (Cumulative area) 

    Layer: Metal2
      Partial area ratio:    0.78
      Required ratio:    0.00 (Gate area) 
      Cumulative area ratio:    0.78
      Required ratio:    0.00 (Cumulative area) 
      Partial area ratio:    3.44
      Required ratio:  400.00 (Side area) 
      Cumulative area ratio:    3.44
      Required ratio:    0.00 (Cumulative side area) 

    Layer: Via2
      Partial area ratio:    0.19
      Required ratio:   20.00 (Gate area) 
      Cumulative area ratio:    0.29
      Required ratio:    0.00 (Cumulative area) 

    Layer: Metal3
      Partial area ratio:    0.30
      Required ratio:    0.00 (Gate area) 
      Cumulative area ratio:    1.08
      Required ratio:    0.00 (Cumulative area) 
      Partial area ratio:    2.04
      Required ratio:  400.00 (Side area) 
      Cumulative area ratio:    5.48
      Required ratio:    0.00 (Cumulative side area) 

    Layer: Via3
      Partial area ratio:    0.10
      Required ratio:   20.00 (Gate area) 
      Cumulative area ratio:    0.39
      Required ratio:    0.00 (Cumulative area) 

    Layer: Metal4
      Partial area ratio:  242.48
      Required ratio:    0.00 (Gate area) 
      Cumulative area ratio:  243.56
      Required ratio:    0.00 (Cumulative area) 
      Partial area ratio:  936.13
      Required ratio:  400.00 (Side area) (VIOLATED)
      Cumulative area ratio:  941.61
      Required ratio:    0.00 (Cumulative side area) 

    Layer: Via4
      Partial area ratio:    0.10
      Required ratio:   20.00 (Gate area) 
      Cumulative area ratio:    0.48
      Required ratio:    0.00 (Cumulative area) 

    Layer: Metal5
      Partial area ratio:    3.64
      Required ratio:    0.00 (Gate area) 
      Cumulative area ratio:  247.21
      Required ratio:    0.00 (Cumulative area) 
      Partial area ratio:   19.78
      Required ratio:  400.00 (Side area) 
      Cumulative area ratio:  961.39
      Required ratio:    0.00 (Cumulative side area) 



Net: net911
  Pin:   fanout902/I (gf180mcu_fd_sc_mcu7t5v0__dlyb_1)
    Layer: Via1
      Partial area ratio:    0.17
      Required ratio:   20.00 (Gate area) 
      Cumulative area ratio:    0.17
      Required ratio:    0.00 (Cumulative area) 

    Layer: Metal2
      Partial area ratio:    0.86
      Required ratio:    0.00 (Gate area) 
      Cumulative area ratio:    0.86
      Required ratio:    0.00 (Cumulative area) 
      Partial area ratio:    4.10
      Required ratio:  400.00 (Side area) 
      Cumulative area ratio:    4.10
      Required ratio:    0.00 (Cumulative side area) 

    Layer: Via2
      Partial area ratio:    0.34
      Required ratio:   20.00 (Gate area) 
      Cumulative area ratio:    0.51
      Required ratio:    0.00 (Cumulative area) 

    Layer: Metal3
      Partial area ratio:   36.08
      Required ratio:    0.00 (Gate area) 
      Cumulative area ratio:   36.95
      Required ratio:    0.00 (Cumulative area) 
      Partial area ratio:  140.45
      Required ratio:  400.00 (Side area) 
      Cumulative area ratio:  144.55
      Required ratio:    0.00 (Cumulative side area) 

    Layer: Via3
      Partial area ratio:    0.11
      Required ratio:   20.00 (Gate area) 
      Cumulative area ratio:    0.63
      Required ratio:    0.00 (Cumulative area) 

    Layer: Metal4
      Partial area ratio:    0.60
      Required ratio:    0.00 (Gate area) 
      Cumulative area ratio:   37.54
      Required ratio:    0.00 (Cumulative area) 
      Partial area ratio:    2.34
      Required ratio:  400.00 (Side area) 
      Cumulative area ratio:  146.89
      Required ratio:    0.00 (Cumulative side area) 


  Pin:   fanout904/I (gf180mcu_fd_sc_mcu7t5v0__dlyb_1)
    Layer: Via1
      Partial area ratio:    0.17
      Required ratio:   20.00 (Gate area) 
      Cumulative area ratio:    0.17
      Required ratio:    0.00 (Cumulative area) 

    Layer: Metal2
      Partial area ratio:    8.13
      Required ratio:    0.00 (Gate area) 
      Cumulative area ratio:    8.13
      Required ratio:    0.00 (Cumulative area) 
      Partial area ratio:   32.12
      Required ratio:  400.00 (Side area) 
      Cumulative area ratio:   32.12
      Required ratio:    0.00 (Cumulative side area) 

    Layer: Via2
      Partial area ratio:    0.34
      Required ratio:   20.00 (Gate area) 
      Cumulative area ratio:    0.51
      Required ratio:    0.00 (Cumulative area) 

    Layer: Metal3
      Partial area ratio:   14.31
      Required ratio:    0.00 (Gate area) 
      Cumulative area ratio:   22.44
      Required ratio:    0.00 (Cumulative area) 
      Partial area ratio:   56.45
      Required ratio:  400.00 (Side area) 
      Cumulative area ratio:   88.58
      Required ratio:    0.00 (Cumulative side area) 

    Layer: Via3
      Partial area ratio:    0.06
      Required ratio:   20.00 (Gate area) 
      Cumulative area ratio:    0.57
      Required ratio:    0.00 (Cumulative area) 

    Layer: Metal4
      Partial area ratio:    0.60
      Required ratio:    0.00 (Gate area) 
      Cumulative area ratio:   23.03
      Required ratio:    0.00 (Cumulative area) 
      Partial area ratio:    2.34
      Required ratio:  400.00 (Side area) 
      Cumulative area ratio:   90.91
      Required ratio:    0.00 (Cumulative side area) 


  Pin:   fanout905/I (gf180mcu_fd_sc_mcu7t5v0__dlyb_1)
    Layer: Via1
      Partial area ratio:    0.17
      Required ratio:   20.00 (Gate area) 
      Cumulative area ratio:    0.17
      Required ratio:    0.00 (Cumulative area) 

    Layer: Metal2
      Partial area ratio:    2.05
      Required ratio:    0.00 (Gate area) 
      Cumulative area ratio:    2.05
      Required ratio:    0.00 (Cumulative area) 
      Partial area ratio:    8.68
      Required ratio:  400.00 (Side area) 
      Cumulative area ratio:    8.68
      Required ratio:    0.00 (Cumulative side area) 

    Layer: Via2
      Partial area ratio:    0.34
      Required ratio:   20.00 (Gate area) 
      Cumulative area ratio:    0.51
      Required ratio:    0.00 (Cumulative area) 

    Layer: Metal3
      Partial area ratio:   14.31
      Required ratio:    0.00 (Gate area) 
      Cumulative area ratio:   16.36
      Required ratio:    0.00 (Cumulative area) 
      Partial area ratio:   56.45
      Required ratio:  400.00 (Side area) 
      Cumulative area ratio:   65.13
      Required ratio:    0.00 (Cumulative side area) 

    Layer: Via3
      Partial area ratio:    0.06
      Required ratio:   20.00 (Gate area) 
      Cumulative area ratio:    0.57
      Required ratio:    0.00 (Cumulative area) 

    Layer: Metal4
      Partial area ratio:    0.60
      Required ratio:    0.00 (Gate area) 
      Cumulative area ratio:   16.95
      Required ratio:    0.00 (Cumulative area) 
      Partial area ratio:    2.34
      Required ratio:  400.00 (Side area) 
      Cumulative area ratio:   67.47
      Required ratio:    0.00 (Cumulative side area) 


  Pin:   fanout906/I (gf180mcu_fd_sc_mcu7t5v0__dlyb_1)
    Layer: Via1
      Partial area ratio:    0.17
      Required ratio:   20.00 (Gate area) 
      Cumulative area ratio:    0.17
      Required ratio:    0.00 (Cumulative area) 

    Layer: Metal2
      Partial area ratio:  127.25
      Required ratio:    0.00 (Gate area) 
      Cumulative area ratio:  127.25
      Required ratio:    0.00 (Cumulative area) 
      Partial area ratio:  491.57
      Required ratio:  400.00 (Side area) (VIOLATED)
      Cumulative area ratio:  491.57
      Required ratio:    0.00 (Cumulative side area) 

    Layer: Via2
      Partial area ratio:    0.51
      Required ratio:   20.00 (Gate area) 
      Cumulative area ratio:    0.68
      Required ratio:    0.00 (Cumulative area) 

    Layer: Metal3
      Partial area ratio:   36.08
      Required ratio:    0.00 (Gate area) 
      Cumulative area ratio:  163.33
      Required ratio:    0.00 (Cumulative area) 
      Partial area ratio:  140.45
      Required ratio:  400.00 (Side area) 
      Cumulative area ratio:  632.02
      Required ratio:    0.00 (Cumulative side area) 

    Layer: Via3
      Partial area ratio:    0.11
      Required ratio:   20.00 (Gate area) 
      Cumulative area ratio:    0.80
      Required ratio:    0.00 (Cumulative area) 

    Layer: Metal4
      Partial area ratio:    0.60
      Required ratio:    0.00 (Gate area) 
      Cumulative area ratio:  163.93
      Required ratio:    0.00 (Cumulative area) 
      Partial area ratio:    2.34
      Required ratio:  400.00 (Side area) 
      Cumulative area ratio:  634.36
      Required ratio:    0.00 (Cumulative side area) 


  Pin:   fanout908/I (gf180mcu_fd_sc_mcu7t5v0__dlyb_1)
    Layer: Via1
      Partial area ratio:    0.17
      Required ratio:   20.00 (Gate area) 
      Cumulative area ratio:    0.17
      Required ratio:    0.00 (Cumulative area) 

    Layer: Metal2
      Partial area ratio:    7.34
      Required ratio:    0.00 (Gate area) 
      Cumulative area ratio:    7.34
      Required ratio:    0.00 (Cumulative area) 
      Partial area ratio:   29.07
      Required ratio:  400.00 (Side area) 
      Cumulative area ratio:   29.07
      Required ratio:    0.00 (Cumulative side area) 

    Layer: Via2
      Partial area ratio:    0.34
      Required ratio:   20.00 (Gate area) 
      Cumulative area ratio:    0.51
      Required ratio:    0.00 (Cumulative area) 

    Layer: Metal3
      Partial area ratio:    2.91
      Required ratio:    0.00 (Gate area) 
      Cumulative area ratio:   10.25
      Required ratio:    0.00 (Cumulative area) 
      Partial area ratio:   11.28
      Required ratio:  400.00 (Side area) 
      Cumulative area ratio:   40.35
      Required ratio:    0.00 (Cumulative side area) 

    Layer: Via3
      Partial area ratio:    0.17
      Required ratio:    0.00 (Gate area) 
      Cumulative area ratio:    0.68
      Required ratio:    0.00 (Cumulative area) 

    Layer: Metal4
      Partial area ratio:    0.60
      Required ratio:    0.00 (Gate area) 
      Cumulative area ratio:   10.84
      Required ratio:    0.00 (Cumulative area) 
      Partial area ratio:    2.34
      Required ratio:  400.00 (Side area) 
      Cumulative area ratio:   42.68
      Required ratio:    0.00 (Cumulative side area) 


  Pin:   fanout909/I (gf180mcu_fd_sc_mcu7t5v0__dlyb_1)
    Layer: Via1
      Partial area ratio:    0.17
      Required ratio:   20.00 (Gate area) 
      Cumulative area ratio:    0.17
      Required ratio:    0.00 (Cumulative area) 

    Layer: Metal2
      Partial area ratio:   30.63
      Required ratio:    0.00 (Gate area) 
      Cumulative area ratio:   30.63
      Required ratio:    0.00 (Cumulative area) 
      Partial area ratio:  118.92
      Required ratio:  400.00 (Side area) 
      Cumulative area ratio:  118.92
      Required ratio:    0.00 (Cumulative side area) 

    Layer: Via2
      Partial area ratio:    0.51
      Required ratio:   20.00 (Gate area) 
      Cumulative area ratio:    0.68
      Required ratio:    0.00 (Cumulative area) 

    Layer: Metal3
      Partial area ratio:   14.31
      Required ratio:    0.00 (Gate area) 
      Cumulative area ratio:   44.94
      Required ratio:    0.00 (Cumulative area) 
      Partial area ratio:   56.45
      Required ratio:  400.00 (Side area) 
      Cumulative area ratio:  175.37
      Required ratio:    0.00 (Cumulative side area) 

    Layer: Via3
      Partial area ratio:    0.06
      Required ratio:   20.00 (Gate area) 
      Cumulative area ratio:    0.74
      Required ratio:    0.00 (Cumulative area) 

    Layer: Metal4
      Partial area ratio:    0.60
      Required ratio:    0.00 (Gate area) 
      Cumulative area ratio:   45.53
      Required ratio:    0.00 (Cumulative area) 
      Partial area ratio:    2.34
      Required ratio:  400.00 (Side area) 
      Cumulative area ratio:  177.71
      Required ratio:    0.00 (Cumulative side area) 


  Pin:   fanout910/I (gf180mcu_fd_sc_mcu7t5v0__dlyb_1)
    Layer: Via1
      Partial area ratio:    0.17
      Required ratio:   20.00 (Gate area) 
      Cumulative area ratio:    0.17
      Required ratio:    0.00 (Cumulative area) 

    Layer: Metal2
      Partial area ratio:    1.40
      Required ratio:    0.00 (Gate area) 
      Cumulative area ratio:    1.40
      Required ratio:    0.00 (Cumulative area) 
      Partial area ratio:    6.16
      Required ratio:  400.00 (Side area) 
      Cumulative area ratio:    6.16
      Required ratio:    0.00 (Cumulative side area) 

    Layer: Via2
      Partial area ratio:    0.34
      Required ratio:   20.00 (Gate area) 
      Cumulative area ratio:    0.51
      Required ratio:    0.00 (Cumulative area) 

    Layer: Metal3
      Partial area ratio:   36.08
      Required ratio:    0.00 (Gate area) 
      Cumulative area ratio:   37.48
      Required ratio:    0.00 (Cumulative area) 
      Partial area ratio:  140.45
      Required ratio:  400.00 (Side area) 
      Cumulative area ratio:  146.61
      Required ratio:    0.00 (Cumulative side area) 

    Layer: Via3
      Partial area ratio:    0.11
      Required ratio:   20.00 (Gate area) 
      Cumulative area ratio:    0.63
      Required ratio:    0.00 (Cumulative area) 

    Layer: Metal4
      Partial area ratio:    0.60
      Required ratio:    0.00 (Gate area) 
      Cumulative area ratio:   38.08
      Required ratio:    0.00 (Cumulative area) 
      Partial area ratio:    2.34
      Required ratio:  400.00 (Side area) 
      Cumulative area ratio:  148.95
      Required ratio:    0.00 (Cumulative side area) 



Net: net1197
  Pin:   _61217_/RN (gf180mcu_fd_sc_mcu7t5v0__dffrnq_1)
    Layer: Via1
      Partial area ratio:    0.05
      Required ratio:   20.00 (Gate area) 
      Cumulative area ratio:    0.05
      Required ratio:    0.00 (Cumulative area) 

    Layer: Metal2
      Partial area ratio:    0.71
      Required ratio:    0.00 (Gate area) 
      Cumulative area ratio:    0.71
      Required ratio:    0.00 (Cumulative area) 
      Partial area ratio:    2.97
      Required ratio:  400.00 (Side area) 
      Cumulative area ratio:    2.97
      Required ratio:    0.00 (Cumulative side area) 

    Layer: Via2
      Partial area ratio:    0.10
      Required ratio:   20.00 (Gate area) 
      Cumulative area ratio:    0.15
      Required ratio:    0.00 (Cumulative area) 

    Layer: Metal3
      Partial area ratio:    0.70
      Required ratio:    0.00 (Gate area) 
      Cumulative area ratio:    1.41
      Required ratio:    0.00 (Cumulative area) 
      Partial area ratio:    2.85
      Required ratio:  400.00 (Side area) 
      Cumulative area ratio:    5.82
      Required ratio:    0.00 (Cumulative side area) 


  Pin:   fanout1152/I (gf180mcu_fd_sc_mcu7t5v0__dlyb_1)
    Layer: Via1
      Partial area ratio:    0.17
      Required ratio:   20.00 (Gate area) 
      Cumulative area ratio:    0.17
      Required ratio:    0.00 (Cumulative area) 

    Layer: Metal2
      Partial area ratio:  123.35
      Required ratio:    0.00 (Gate area) 
      Cumulative area ratio:  123.35
      Required ratio:    0.00 (Cumulative area) 
      Partial area ratio:  476.56
      Required ratio:  400.00 (Side area) (VIOLATED)
      Cumulative area ratio:  476.56
      Required ratio:    0.00 (Cumulative side area) 

    Layer: Via2
      Partial area ratio:    0.34
      Required ratio:   20.00 (Gate area) 
      Cumulative area ratio:    0.51
      Required ratio:    0.00 (Cumulative area) 

    Layer: Metal3
      Partial area ratio:    0.70
      Required ratio:    0.00 (Gate area) 
      Cumulative area ratio:  124.05
      Required ratio:    0.00 (Cumulative area) 
      Partial area ratio:    2.85
      Required ratio:  400.00 (Side area) 
      Cumulative area ratio:  479.41
      Required ratio:    0.00 (Cumulative side area) 


  Pin:   fanout1187/I (gf180mcu_fd_sc_mcu7t5v0__dlyb_1)
    Layer: Via1
      Partial area ratio:    0.17
      Required ratio:   20.00 (Gate area) 
      Cumulative area ratio:    0.17
      Required ratio:    0.00 (Cumulative area) 

    Layer: Metal2
      Partial area ratio:    2.22
      Required ratio:    0.00 (Gate area) 
      Cumulative area ratio:    2.22
      Required ratio:    0.00 (Cumulative area) 
      Partial area ratio:    8.59
      Required ratio:  400.00 (Side area) 
      Cumulative area ratio:    8.59
      Required ratio:    0.00 (Cumulative side area) 

    Layer: Via2
      Partial area ratio:    0.85
      Required ratio:    0.00 (Gate area) 
      Cumulative area ratio:    1.02
      Required ratio:    0.00 (Cumulative area) 

    Layer: Metal3
      Partial area ratio:    0.70
      Required ratio:    0.00 (Gate area) 
      Cumulative area ratio:    2.92
      Required ratio:    0.00 (Cumulative area) 
      Partial area ratio:    2.85
      Required ratio:  400.00 (Side area) 
      Cumulative area ratio:   11.44
      Required ratio:    0.00 (Cumulative side area) 


  Pin:   fanout1195/I (gf180mcu_fd_sc_mcu7t5v0__dlyb_1)
    Layer: Via1
      Partial area ratio:    0.17
      Required ratio:   20.00 (Gate area) 
      Cumulative area ratio:    0.17
      Required ratio:    0.00 (Cumulative area) 

    Layer: Metal2
      Partial area ratio:    1.79
      Required ratio:    0.00 (Gate area) 
      Cumulative area ratio:    1.79
      Required ratio:    0.00 (Cumulative area) 
      Partial area ratio:    7.68
      Required ratio:  400.00 (Side area) 
      Cumulative area ratio:    7.68
      Required ratio:    0.00 (Cumulative side area) 

    Layer: Via2
      Partial area ratio:    0.34
      Required ratio:   20.00 (Gate area) 
      Cumulative area ratio:    0.51
      Required ratio:    0.00 (Cumulative area) 

    Layer: Metal3
      Partial area ratio:    0.70
      Required ratio:    0.00 (Gate area) 
      Cumulative area ratio:    2.49
      Required ratio:    0.00 (Cumulative area) 
      Partial area ratio:    2.85
      Required ratio:  400.00 (Side area) 
      Cumulative area ratio:   10.53
      Required ratio:    0.00 (Cumulative side area) 


  Pin:   load_slew1198/I (gf180mcu_fd_sc_mcu7t5v0__buf_4)
    Layer: Via1
      Partial area ratio:    0.03
      Required ratio:   20.00 (Gate area) 
      Cumulative area ratio:    0.03
      Required ratio:    0.00 (Cumulative area) 

    Layer: Metal2
      Partial area ratio:    0.56
      Required ratio:    0.00 (Gate area) 
      Cumulative area ratio:    0.56
      Required ratio:    0.00 (Cumulative area) 
      Partial area ratio:    2.29
      Required ratio:  400.00 (Side area) 
      Cumulative area ratio:    2.29
      Required ratio:    0.00 (Cumulative side area) 

    Layer: Via2
      Partial area ratio:    0.06
      Required ratio:   20.00 (Gate area) 
      Cumulative area ratio:    0.09
      Required ratio:    0.00 (Cumulative area) 

    Layer: Metal3
      Partial area ratio:    0.70
      Required ratio:    0.00 (Gate area) 
      Cumulative area ratio:    1.26
      Required ratio:    0.00 (Cumulative area) 
      Partial area ratio:    2.85
      Required ratio:  400.00 (Side area) 
      Cumulative area ratio:    5.14
      Required ratio:    0.00 (Cumulative side area) 



[INFO ANT-0002] Found 4 net violations.
[INFO ANT-0001] Found 4 pin violations.
