Clock: clk_i
Sources: clk_i 
Generated: no
Virtual: yes
Propagated: no
Period: 50.000000

===========================================================================
report_clock_properties
============================================================================
Clock                   Period          Waveform
----------------------------------------------------
clk_i                50.000000    0.000000 25.000000

===========================================================================
report_clock_latency
============================================================================
Clock clk_i
rise -> rise
    min     max
0.000000 0.000000 source latency
1.694849         network latency _58505_/CLK
        5.719800 network latency _56546_/CLK
---------------
1.694849 5.719800 latency
        4.024951 skew

fall -> fall
    min     max
0.000000 0.000000 source latency
1.520274         network latency _58505_/CLK
        5.406644 network latency _56546_/CLK
---------------
1.520274 5.406644 latency
        3.886370 skew



===========================================================================
report_clock_min_period
============================================================================
clk_i period_min = 35.57 fmax = 28.12
