Clock: clk_i
Sources: clk_i 
Generated: no
Virtual: yes
Propagated: no
Period: 50.000000

===========================================================================
report_clock_properties
============================================================================
Clock                   Period          Waveform
----------------------------------------------------
clk_i                50.000000    0.000000 25.000000

===========================================================================
report_clock_latency
============================================================================
Clock clk_i
rise -> rise
    min     max
0.000000 0.000000 source latency
2.480393         network latency _58505_/CLK
        3.143075 network latency _56118_/CLK
---------------
2.480393 3.143075 latency
        0.662682 skew

fall -> fall
    min     max
0.000000 0.000000 source latency
2.253083         network latency _58505_/CLK
        2.995826 network latency _56927_/CLK
---------------
2.253083 2.995826 latency
        0.742743 skew



===========================================================================
report_clock_min_period
============================================================================
clk_i period_min = 20.22 fmax = 49.46
