Clock: clk_i
Sources: clk_i 
Generated: no
Virtual: yes
Propagated: no
Period: 50.000000

===========================================================================
report_clock_properties
============================================================================
Clock                   Period          Waveform
----------------------------------------------------
clk_i                50.000000    0.000000 25.000000

===========================================================================
report_clock_latency
============================================================================
Clock clk_i
rise -> rise
    min     max
0.000000 0.000000 source latency
4.471542         network latency _61894_/CLK
        5.384444 network latency _60704_/CLK
---------------
4.471542 5.384444 latency
        0.912902 skew

fall -> fall
    min     max
0.000000 0.000000 source latency
4.028660         network latency _61894_/CLK
        5.152963 network latency _61439_/CLK
---------------
4.028660 5.152963 latency
        1.124303 skew



===========================================================================
report_clock_min_period
============================================================================
clk_i period_min = 37.12 fmax = 26.94
