
===========================================================================
report_checks -unconstrained
===========================================================================
======================= max_ss_125C_4v50 Corner ===================================

Startpoint: rst_ni (input port clocked by clk_i)
Endpoint: _61704_ (recovery check against rising-edge clock clk_i)
Path Group: asynchronous
Path Type: max

Fanout         Cap        Slew       Delay        Time   Description
---------------------------------------------------------------------------------------------
                                  0.000000    0.000000   clock clk_i (rise edge)
                                  0.000000    0.000000   clock network delay (propagated)
                                  8.000000    8.000000 ^ input external delay
     1    0.008948    0.331064    0.142577    8.142576 ^ rst_ni (in)
                                                         rst_ni (net)
                      0.331064    0.000000    8.142576 ^ input3/I (gf180mcu_fd_sc_mcu7t5v0__buf_2)
     2    0.101012    1.432538    1.078221    9.220798 ^ input3/Z (gf180mcu_fd_sc_mcu7t5v0__buf_2)
                                                         net3 (net)
                      1.432538    0.000862    9.221661 ^ max_cap1278/I (gf180mcu_fd_sc_mcu7t5v0__buf_12)
     3    0.216401    0.551077    0.623952    9.845613 ^ max_cap1278/Z (gf180mcu_fd_sc_mcu7t5v0__buf_12)
                                                         net1278 (net)
                      0.564384    0.055294    9.900907 ^ fanout1197/I (gf180mcu_fd_sc_mcu7t5v0__dlyb_1)
     5    0.093066    2.617163    3.126226   13.027133 ^ fanout1197/Z (gf180mcu_fd_sc_mcu7t5v0__dlyb_1)
                                                         net1197 (net)
                      2.617163    0.002037   13.029169 ^ load_slew1198/I (gf180mcu_fd_sc_mcu7t5v0__buf_4)
     2    0.113287    0.842578    0.806188   13.835358 ^ load_slew1198/Z (gf180mcu_fd_sc_mcu7t5v0__buf_4)
                                                         net1198 (net)
                      0.842982    0.009749   13.845106 ^ fanout1174/I (gf180mcu_fd_sc_mcu7t5v0__dlyb_1)
     5    0.108881    3.046719    3.387060   17.232166 ^ fanout1174/Z (gf180mcu_fd_sc_mcu7t5v0__dlyb_1)
                                                         net1174 (net)
                      3.046719    0.001849   17.234016 ^ fanout1173/I (gf180mcu_fd_sc_mcu7t5v0__dlyb_1)
     8    0.076920    2.183118    2.853417   20.087433 ^ fanout1173/Z (gf180mcu_fd_sc_mcu7t5v0__dlyb_1)
                                                         net1173 (net)
                      2.183129    0.002759   20.090191 ^ fanout1172/I (gf180mcu_fd_sc_mcu7t5v0__dlyb_1)
     5    0.072136    2.052978    2.814384   22.904575 ^ fanout1172/Z (gf180mcu_fd_sc_mcu7t5v0__dlyb_1)
                                                         net1172 (net)
                      2.052978    0.000959   22.905535 ^ fanout1171/I (gf180mcu_fd_sc_mcu7t5v0__dlyb_1)
     8    0.085261    2.407341    3.022954   25.928488 ^ fanout1171/Z (gf180mcu_fd_sc_mcu7t5v0__dlyb_1)
                                                         net1171 (net)
                      2.407362    0.003995   25.932484 ^ fanout1170/I (gf180mcu_fd_sc_mcu7t5v0__buf_1)
    10    0.098451    2.761226    1.968713   27.901197 ^ fanout1170/Z (gf180mcu_fd_sc_mcu7t5v0__buf_1)
                                                         net1170 (net)
                      2.761226    0.002306   27.903503 ^ _61704_/RN (gf180mcu_fd_sc_mcu7t5v0__dffrnq_1)
                                             27.903503   data arrival time

                                 40.000000   40.000000   clock clk_i (rise edge)
                                  0.000000   40.000000   clock source latency
     2    0.219052    1.520964    0.845486   40.845486 ^ clk_i (in)
                                                         clk_i (net)
                      1.521856    0.000000   40.845486 ^ delaybuf_1_clk_i/I (gf180mcu_fd_sc_mcu7t5v0__clkbuf_16)
     1    0.053051    0.242681    0.673293   41.518780 ^ delaybuf_1_clk_i/Z (gf180mcu_fd_sc_mcu7t5v0__clkbuf_16)
                                                         delaynet_1_clk_i (net)
                      0.242706    0.004309   41.523087 ^ delaybuf_2_clk_i/I (gf180mcu_fd_sc_mcu7t5v0__clkbuf_16)
     1    0.051761    0.207223    0.454591   41.977680 ^ delaybuf_2_clk_i/Z (gf180mcu_fd_sc_mcu7t5v0__clkbuf_16)
                                                         delaynet_2_clk_i (net)
                      0.207247    0.003855   41.981533 ^ delaybuf_3_clk_i/I (gf180mcu_fd_sc_mcu7t5v0__clkbuf_16)
     1    0.050161    0.204729    0.445020   42.426556 ^ delaybuf_3_clk_i/Z (gf180mcu_fd_sc_mcu7t5v0__clkbuf_16)
                                                         delaynet_3_clk_i (net)
                      0.204745    0.003531   42.430084 ^ clkbuf_regs_0_clk_i/I (gf180mcu_fd_sc_mcu7t5v0__clkbuf_16)
     1    0.025321    0.166480    0.415032   42.845116 ^ clkbuf_regs_0_clk_i/Z (gf180mcu_fd_sc_mcu7t5v0__clkbuf_16)
                                                         clk_i_regs (net)
                      0.166480    0.000618   42.845734 ^ clkbuf_0_clk_i_regs/I (gf180mcu_fd_sc_mcu7t5v0__clkbuf_16)
     8    0.252432    0.513460    0.645436   43.491173 ^ clkbuf_0_clk_i_regs/Z (gf180mcu_fd_sc_mcu7t5v0__clkbuf_16)
                                                         clknet_0_clk_i_regs (net)
                      0.513599    0.008644   43.499813 ^ clkbuf_3_6_0_clk_i_regs/I (gf180mcu_fd_sc_mcu7t5v0__clkbuf_8)
     4    0.184200    0.699972    0.830074   44.329887 ^ clkbuf_3_6_0_clk_i_regs/Z (gf180mcu_fd_sc_mcu7t5v0__clkbuf_8)
                                                         clknet_3_6_0_clk_i_regs (net)
                      0.700055    0.003791   44.333679 ^ clkbuf_5_27__f_clk_i_regs/I (gf180mcu_fd_sc_mcu7t5v0__clkbuf_16)
     5    0.100652    0.286898    0.611493   44.945171 ^ clkbuf_5_27__f_clk_i_regs/Z (gf180mcu_fd_sc_mcu7t5v0__clkbuf_16)
                                                         clknet_5_27__leaf_clk_i_regs (net)
                      0.286898    0.001094   44.946266 ^ clkbuf_leaf_34_clk_i_regs/I (gf180mcu_fd_sc_mcu7t5v0__clkbuf_8)
    10    0.066170    0.324751    0.543992   45.490257 ^ clkbuf_leaf_34_clk_i_regs/Z (gf180mcu_fd_sc_mcu7t5v0__clkbuf_8)
                                                         clknet_leaf_34_clk_i_regs (net)
                      0.324755    0.002274   45.492531 ^ _61704_/CLK (gf180mcu_fd_sc_mcu7t5v0__dffrnq_1)
                                 -0.250000   45.242531   clock uncertainty
                                  0.000000   45.242531   clock reconvergence pessimism
                                 -0.154630   45.087902   library recovery time
                                             45.087902   data required time
---------------------------------------------------------------------------------------------
                                             45.087902   data required time
                                            -27.903503   data arrival time
---------------------------------------------------------------------------------------------
                                             17.184401   slack (MET)


Startpoint: _61219_ (rising edge-triggered flip-flop clocked by clk_i)
Endpoint: _61238_ (rising edge-triggered flip-flop clocked by clk_i)
Path Group: clk_i
Path Type: max

Fanout         Cap        Slew       Delay        Time   Description
---------------------------------------------------------------------------------------------
                                  0.000000    0.000000   clock clk_i (rise edge)
                                  0.000000    0.000000   clock source latency
     2    0.219052    1.520964    0.845487    0.845487 ^ clk_i (in)
                                                         clk_i (net)
                      1.521856    0.000000    0.845487 ^ delaybuf_1_clk_i/I (gf180mcu_fd_sc_mcu7t5v0__clkbuf_16)
     1    0.053051    0.242681    0.673291    1.518777 ^ delaybuf_1_clk_i/Z (gf180mcu_fd_sc_mcu7t5v0__clkbuf_16)
                                                         delaynet_1_clk_i (net)
                      0.242706    0.004311    1.523089 ^ delaybuf_2_clk_i/I (gf180mcu_fd_sc_mcu7t5v0__clkbuf_16)
     1    0.051761    0.207223    0.454591    1.977679 ^ delaybuf_2_clk_i/Z (gf180mcu_fd_sc_mcu7t5v0__clkbuf_16)
                                                         delaynet_2_clk_i (net)
                      0.207247    0.003853    1.981532 ^ delaybuf_3_clk_i/I (gf180mcu_fd_sc_mcu7t5v0__clkbuf_16)
     1    0.050161    0.204729    0.445020    2.426552 ^ delaybuf_3_clk_i/Z (gf180mcu_fd_sc_mcu7t5v0__clkbuf_16)
                                                         delaynet_3_clk_i (net)
                      0.204745    0.003534    2.430086 ^ clkbuf_regs_0_clk_i/I (gf180mcu_fd_sc_mcu7t5v0__clkbuf_16)
     1    0.025321    0.166480    0.415029    2.845115 ^ clkbuf_regs_0_clk_i/Z (gf180mcu_fd_sc_mcu7t5v0__clkbuf_16)
                                                         clk_i_regs (net)
                      0.166480    0.000622    2.845736 ^ clkbuf_0_clk_i_regs/I (gf180mcu_fd_sc_mcu7t5v0__clkbuf_16)
     8    0.252432    0.513460    0.645435    3.491171 ^ clkbuf_0_clk_i_regs/Z (gf180mcu_fd_sc_mcu7t5v0__clkbuf_16)
                                                         clknet_0_clk_i_regs (net)
                      0.513599    0.008645    3.499815 ^ clkbuf_3_6_0_clk_i_regs/I (gf180mcu_fd_sc_mcu7t5v0__clkbuf_8)
     4    0.184200    0.699972    0.830072    4.329887 ^ clkbuf_3_6_0_clk_i_regs/Z (gf180mcu_fd_sc_mcu7t5v0__clkbuf_8)
                                                         clknet_3_6_0_clk_i_regs (net)
                      0.700055    0.003790    4.333678 ^ clkbuf_5_27__f_clk_i_regs/I (gf180mcu_fd_sc_mcu7t5v0__clkbuf_16)
     5    0.100652    0.286898    0.611493    4.945170 ^ clkbuf_5_27__f_clk_i_regs/Z (gf180mcu_fd_sc_mcu7t5v0__clkbuf_16)
                                                         clknet_5_27__leaf_clk_i_regs (net)
                      0.286901    0.002058    4.947228 ^ clkbuf_leaf_36_clk_i_regs/I (gf180mcu_fd_sc_mcu7t5v0__clkbuf_8)
    10    0.060555    0.307638    0.533171    5.480400 ^ clkbuf_leaf_36_clk_i_regs/Z (gf180mcu_fd_sc_mcu7t5v0__clkbuf_8)
                                                         clknet_leaf_36_clk_i_regs (net)
                      0.307638    0.000562    5.480961 ^ _61219_/CLK (gf180mcu_fd_sc_mcu7t5v0__dffrnq_1)
     1    0.013185    0.318008    1.415865    6.896826 v _61219_/Q (gf180mcu_fd_sc_mcu7t5v0__dffrnq_1)
                                                         i_core_v_mini_mcu.ao_peripheral_subsystem_i.obi_fifo_i.consumer_state_q (net)
                      0.318008    0.000417    6.897243 v fanout986/I (gf180mcu_fd_sc_mcu7t5v0__dlyb_1)
     7    0.085417    1.565257    2.917142    9.814385 v fanout986/Z (gf180mcu_fd_sc_mcu7t5v0__dlyb_1)
                                                         net986 (net)
                      1.565257    0.001564    9.815949 v fanout985/I (gf180mcu_fd_sc_mcu7t5v0__dlyb_1)
    10    0.079196    1.474154    3.297881   13.113831 v fanout985/Z (gf180mcu_fd_sc_mcu7t5v0__dlyb_1)
                                                         net985 (net)
                      1.474159    0.002362   13.116192 v fanout982/I (gf180mcu_fd_sc_mcu7t5v0__dlyb_1)
     8    0.075494    1.420505    3.227027   16.343218 v fanout982/Z (gf180mcu_fd_sc_mcu7t5v0__dlyb_1)
                                                         net982 (net)
                      1.420505    0.001130   16.344349 v load_slew983/I (gf180mcu_fd_sc_mcu7t5v0__buf_4)
     3    0.079139    0.401358    0.862066   17.206415 v load_slew983/Z (gf180mcu_fd_sc_mcu7t5v0__buf_4)
                                                         net983 (net)
                      0.401359    0.002249   17.208664 v _28146_/I (gf180mcu_fd_sc_mcu7t5v0__inv_12)
     5    0.059241    0.243090    0.245304   17.453968 ^ _28146_/ZN (gf180mcu_fd_sc_mcu7t5v0__inv_12)
                                                         _05398_ (net)
                      0.243093    0.001341   17.455309 ^ _28165_/I (gf180mcu_fd_sc_mcu7t5v0__buf_12)
    10    0.100541    0.303052    0.397618   17.852926 ^ _28165_/Z (gf180mcu_fd_sc_mcu7t5v0__buf_12)
                                                         _05417_ (net)
                      0.303058    0.002020   17.854946 ^ _28232_/I (gf180mcu_fd_sc_mcu7t5v0__buf_4)
    10    0.074456    0.568898    0.558380   18.413326 ^ _28232_/Z (gf180mcu_fd_sc_mcu7t5v0__buf_4)
                                                         _05484_ (net)
                      0.568921    0.002077   18.415403 ^ _28346_/A1 (gf180mcu_fd_sc_mcu7t5v0__or2_2)
     1    0.010714    0.227921    0.422761   18.838163 ^ _28346_/Z (gf180mcu_fd_sc_mcu7t5v0__or2_2)
                                                         _05598_ (net)
                      0.227921    0.000213   18.838377 ^ _28349_/A1 (gf180mcu_fd_sc_mcu7t5v0__nand2_2)
    10    0.162044    2.156883    1.347695   20.186071 v _28349_/ZN (gf180mcu_fd_sc_mcu7t5v0__nand2_2)
                                                         _05601_ (net)
                      2.158143    0.029559   20.215631 v _28350_/I (gf180mcu_fd_sc_mcu7t5v0__inv_2)
     9    0.120731    1.819378    1.688743   21.904373 ^ _28350_/ZN (gf180mcu_fd_sc_mcu7t5v0__inv_2)
                                                         _05602_ (net)
                      1.819414    0.011456   21.915831 ^ _28407_/A1 (gf180mcu_fd_sc_mcu7t5v0__nand2_1)
     2    0.040703    1.409203    1.049639   22.965467 v _28407_/ZN (gf180mcu_fd_sc_mcu7t5v0__nand2_1)
                                                         _05659_ (net)
                      1.409204    0.001759   22.967228 v wire518/I (gf180mcu_fd_sc_mcu7t5v0__buf_4)
     3    0.137063    0.607114    0.994678   23.961905 v wire518/Z (gf180mcu_fd_sc_mcu7t5v0__buf_4)
                                                         net518 (net)
                      0.608675    0.017341   23.979246 v _28408_/I (gf180mcu_fd_sc_mcu7t5v0__inv_2)
     9    0.206175    2.857123    1.829363   25.808609 ^ _28408_/ZN (gf180mcu_fd_sc_mcu7t5v0__inv_2)
                                                         _05660_ (net)
                      2.857963    0.027532   25.836142 ^ _28409_/A2 (gf180mcu_fd_sc_mcu7t5v0__nand2_1)
     7    0.113988    3.107541    2.154167   27.990307 v _28409_/ZN (gf180mcu_fd_sc_mcu7t5v0__nand2_1)
                                                         _05661_ (net)
                      3.107541    0.001856   27.992165 v _29459_/A1 (gf180mcu_fd_sc_mcu7t5v0__nor2_1)
     1    0.006221    0.954983    1.083579   29.075743 ^ _29459_/ZN (gf180mcu_fd_sc_mcu7t5v0__nor2_1)
                                                         _06645_ (net)
                      0.954983    0.000124   29.075869 ^ _29460_/A2 (gf180mcu_fd_sc_mcu7t5v0__nand2_1)
     1    0.007694    0.413153    0.289727   29.365595 v _29460_/ZN (gf180mcu_fd_sc_mcu7t5v0__nand2_1)
                                                         _06646_ (net)
                      0.413153    0.000169   29.365765 v _29461_/I (gf180mcu_fd_sc_mcu7t5v0__clkinv_1)
     6    0.060916    1.728687    1.121643   30.487408 ^ _29461_/ZN (gf180mcu_fd_sc_mcu7t5v0__clkinv_1)
                                                         _06647_ (net)
                      1.728712    0.003698   30.491106 ^ _29676_/I (gf180mcu_fd_sc_mcu7t5v0__buf_1)
    10    0.108750    3.039538    2.122704   32.613808 ^ _29676_/Z (gf180mcu_fd_sc_mcu7t5v0__buf_1)
                                                         _06861_ (net)
                      3.039638    0.009788   32.623596 ^ _30664_/I (gf180mcu_fd_sc_mcu7t5v0__buf_1)
    10    0.128289    3.570354    2.425836   35.049435 ^ _30664_/Z (gf180mcu_fd_sc_mcu7t5v0__buf_1)
                                                         _07828_ (net)
                      3.570367    0.003876   35.053310 ^ _30665_/A1 (gf180mcu_fd_sc_mcu7t5v0__nand2_1)
     1    0.048322    1.888534    1.389950   36.443260 v _30665_/ZN (gf180mcu_fd_sc_mcu7t5v0__nand2_1)
                                                         _07829_ (net)
                      1.888553    0.003357   36.446617 v _30666_/A2 (gf180mcu_fd_sc_mcu7t5v0__nand2_1)
     1    0.039426    1.461755    1.381363   37.827980 ^ _30666_/ZN (gf180mcu_fd_sc_mcu7t5v0__nand2_1)
                                                         _07830_ (net)
                      1.461756    0.002569   37.830547 ^ _30667_/C (gf180mcu_fd_sc_mcu7t5v0__aoi221_1)
     1    0.024398    1.556161    0.970953   38.801498 v _30667_/ZN (gf180mcu_fd_sc_mcu7t5v0__aoi221_1)
                                                         _07831_ (net)
                      1.556161    0.001201   38.802700 v wire226/I (gf180mcu_fd_sc_mcu7t5v0__buf_2)
     1    0.048122    0.471558    0.970488   39.773190 v wire226/Z (gf180mcu_fd_sc_mcu7t5v0__buf_2)
                                                         net226 (net)
                      0.471630    0.003435   39.776623 v _30668_/A3 (gf180mcu_fd_sc_mcu7t5v0__nand3_1)
     1    0.006971    0.604160    0.469903   40.246529 ^ _30668_/ZN (gf180mcu_fd_sc_mcu7t5v0__nand3_1)
                                                         _07832_ (net)
                      0.604160    0.000142   40.246670 ^ _30669_/A1 (gf180mcu_fd_sc_mcu7t5v0__nand2_1)
     1    0.098343    2.637875    1.699270   41.945938 v _30669_/ZN (gf180mcu_fd_sc_mcu7t5v0__nand2_1)
                                                         _07833_ (net)
                      2.638019    0.011042   41.956982 v _30690_/A1 (gf180mcu_fd_sc_mcu7t5v0__nand3_2)
     1    0.016849    0.871854    0.885592   42.842575 ^ _30690_/ZN (gf180mcu_fd_sc_mcu7t5v0__nand3_2)
                                                         i_core_v_mini_mcu.ao_peripheral_subsystem_i.periph_to_reg_i.r_rdata_d[16] (net)
                      0.871854    0.000611   42.843185 ^ _61238_/D (gf180mcu_fd_sc_mcu7t5v0__dffrnq_1)
                                             42.843185   data arrival time

                                 40.000000   40.000000   clock clk_i (rise edge)
                                  0.000000   40.000000   clock source latency
     2    0.219052    1.520964    0.845486   40.845486 ^ clk_i (in)
                                                         clk_i (net)
                      1.521856    0.000000   40.845486 ^ delaybuf_1_clk_i/I (gf180mcu_fd_sc_mcu7t5v0__clkbuf_16)
     1    0.053051    0.242681    0.673293   41.518780 ^ delaybuf_1_clk_i/Z (gf180mcu_fd_sc_mcu7t5v0__clkbuf_16)
                                                         delaynet_1_clk_i (net)
                      0.242706    0.004309   41.523087 ^ delaybuf_2_clk_i/I (gf180mcu_fd_sc_mcu7t5v0__clkbuf_16)
     1    0.051761    0.207223    0.454591   41.977680 ^ delaybuf_2_clk_i/Z (gf180mcu_fd_sc_mcu7t5v0__clkbuf_16)
                                                         delaynet_2_clk_i (net)
                      0.207247    0.003855   41.981533 ^ delaybuf_3_clk_i/I (gf180mcu_fd_sc_mcu7t5v0__clkbuf_16)
     1    0.050161    0.204729    0.445020   42.426556 ^ delaybuf_3_clk_i/Z (gf180mcu_fd_sc_mcu7t5v0__clkbuf_16)
                                                         delaynet_3_clk_i (net)
                      0.204745    0.003531   42.430084 ^ clkbuf_regs_0_clk_i/I (gf180mcu_fd_sc_mcu7t5v0__clkbuf_16)
     1    0.025321    0.166480    0.415032   42.845116 ^ clkbuf_regs_0_clk_i/Z (gf180mcu_fd_sc_mcu7t5v0__clkbuf_16)
                                                         clk_i_regs (net)
                      0.166480    0.000618   42.845734 ^ clkbuf_0_clk_i_regs/I (gf180mcu_fd_sc_mcu7t5v0__clkbuf_16)
     8    0.252432    0.513460    0.645436   43.491173 ^ clkbuf_0_clk_i_regs/Z (gf180mcu_fd_sc_mcu7t5v0__clkbuf_16)
                                                         clknet_0_clk_i_regs (net)
                      0.514477    0.017941   43.509113 ^ clkbuf_3_2_0_clk_i_regs/I (gf180mcu_fd_sc_mcu7t5v0__clkbuf_8)
     4    0.162169    0.628264    0.788155   44.297268 ^ clkbuf_3_2_0_clk_i_regs/Z (gf180mcu_fd_sc_mcu7t5v0__clkbuf_8)
                                                         clknet_3_2_0_clk_i_regs (net)
                      0.628274    0.004004   44.301273 ^ clkbuf_5_8__f_clk_i_regs/I (gf180mcu_fd_sc_mcu7t5v0__clkbuf_16)
     5    0.113555    0.303794    0.613479   44.914749 ^ clkbuf_5_8__f_clk_i_regs/Z (gf180mcu_fd_sc_mcu7t5v0__clkbuf_16)
                                                         clknet_5_8__leaf_clk_i_regs (net)
                      0.303801    0.002679   44.917431 ^ clkbuf_leaf_132_clk_i_regs/I (gf180mcu_fd_sc_mcu7t5v0__clkbuf_8)
    10    0.055625    0.290915    0.525883   45.443314 ^ clkbuf_leaf_132_clk_i_regs/Z (gf180mcu_fd_sc_mcu7t5v0__clkbuf_8)
                                                         clknet_leaf_132_clk_i_regs (net)
                      0.290915    0.000082   45.443394 ^ _61238_/CLK (gf180mcu_fd_sc_mcu7t5v0__dffrnq_1)
                                 -0.250000   45.193394   clock uncertainty
                                  0.000000   45.193394   clock reconvergence pessimism
                                 -0.687052   44.506340   library setup time
                                             44.506340   data required time
---------------------------------------------------------------------------------------------
                                             44.506340   data required time
                                            -42.843185   data arrival time
---------------------------------------------------------------------------------------------
                                              1.663157   slack (MET)




===========================================================================
report_checks --slack_max -0.01
============================================================================
======================= max_ss_125C_4v50 Corner ===================================

No paths found.


===========================================================================
 report_check_types -max_slew -max_cap -max_fanout -violators
============================================================================
======================= max_ss_125C_4v50 Corner ===================================

max fanout

Pin                                   Limit Fanout  Slack
---------------------------------------------------------
clkbuf_0_i_core_v_mini_mcu.memory_subsystem_i.clk_cg/Z     10     16     -6 (VIOLATED)



===========================================================================
report_parasitic_annotation -report_unannotated
============================================================================
Found 242 unannotated drivers.
 clkload0/Z
 clkload1/Z
 clkload10/ZN
 clkload100/Z
 clkload101/Z
 clkload102/Z
 clkload103/Z
 clkload104/Z
 clkload105/Z
 clkload106/Z
 clkload107/Z
 clkload108/Z
 clkload109/Z
 clkload11/ZN
 clkload110/Z
 clkload111/Z
 clkload112/Z
 clkload113/Z
 clkload114/Z
 clkload115/Z
 clkload116/ZN
 clkload117/ZN
 clkload118/ZN
 clkload119/Z
 clkload12/Z
 clkload120/ZN
 clkload121/ZN
 clkload122/ZN
 clkload123/ZN
 clkload124/ZN
 clkload125/ZN
 clkload126/Z
 clkload127/ZN
 clkload128/ZN
 clkload129/ZN
 clkload13/Z
 clkload130/ZN
 clkload131/Z
 clkload132/Z
 clkload133/ZN
 clkload134/ZN
 clkload135/ZN
 clkload136/ZN
 clkload137/ZN
 clkload138/Z
 clkload139/ZN
 clkload14/ZN
 clkload140/Z
 clkload141/Z
 clkload142/ZN
 clkload143/ZN
 clkload144/Z
 clkload145/Z
 clkload146/ZN
 clkload147/Z
 clkload148/Z
 clkload149/Z
 clkload15/Z
 clkload150/ZN
 clkload151/ZN
 clkload152/Z
 clkload153/Z
 clkload154/Z
 clkload155/Z
 clkload156/ZN
 clkload157/Z
 clkload158/Z
 clkload159/ZN
 clkload16/Z
 clkload160/ZN
 clkload161/Z
 clkload162/ZN
 clkload163/ZN
 clkload164/ZN
 clkload165/ZN
 clkload166/ZN
 clkload167/Z
 clkload168/ZN
 clkload169/Z
 clkload17/ZN
 clkload170/ZN
 clkload171/Z
 clkload172/ZN
 clkload173/Z
 clkload174/Z
 clkload175/ZN
 clkload176/ZN
 clkload177/Z
 clkload178/ZN
 clkload179/Z
 clkload18/ZN
 clkload180/ZN
 clkload181/Z
 clkload182/ZN
 clkload183/ZN
 clkload184/ZN
 clkload185/Z
 clkload186/ZN
 clkload187/Z
 clkload188/Z
 clkload189/ZN
 clkload19/Z
 clkload190/Z
 clkload191/ZN
 clkload192/ZN
 clkload193/ZN
 clkload194/ZN
 clkload195/Z
 clkload196/ZN
 clkload197/Z
 clkload198/ZN
 clkload199/Z
 clkload2/Z
 clkload20/ZN
 clkload200/Z
 clkload201/ZN
 clkload202/Z
 clkload203/ZN
 clkload204/Z
 clkload205/Z
 clkload206/Z
 clkload207/ZN
 clkload208/Z
 clkload209/Z
 clkload21/ZN
 clkload210/ZN
 clkload211/Z
 clkload212/ZN
 clkload213/ZN
 clkload214/Z
 clkload215/ZN
 clkload216/Z
 clkload217/ZN
 clkload218/ZN
 clkload219/Z
 clkload22/Z
 clkload220/Z
 clkload221/ZN
 clkload222/ZN
 clkload223/Z
 clkload224/ZN
 clkload225/Z
 clkload226/ZN
 clkload227/ZN
 clkload228/ZN
 clkload229/ZN
 clkload23/ZN
 clkload230/Z
 clkload231/Z
 clkload232/Z
 clkload233/ZN
 clkload234/ZN
 clkload235/Z
 clkload236/ZN
 clkload237/ZN
 clkload238/Z
 clkload239/ZN
 clkload24/Z
 clkload240/Z
 clkload241/ZN
 clkload25/ZN
 clkload26/Z
 clkload27/ZN
 clkload28/Z
 clkload29/ZN
 clkload3/Z
 clkload30/Z
 clkload31/ZN
 clkload32/ZN
 clkload33/Z
 clkload34/Z
 clkload35/Z
 clkload36/ZN
 clkload37/Z
 clkload38/ZN
 clkload39/Z
 clkload4/Z
 clkload40/Z
 clkload41/Z
 clkload42/ZN
 clkload43/ZN
 clkload44/ZN
 clkload45/ZN
 clkload46/Z
 clkload47/Z
 clkload48/Z
 clkload49/ZN
 clkload5/Z
 clkload50/ZN
 clkload51/ZN
 clkload52/ZN
 clkload53/Z
 clkload54/Z
 clkload55/Z
 clkload56/ZN
 clkload57/ZN
 clkload58/ZN
 clkload59/ZN
 clkload6/Z
 clkload60/ZN
 clkload61/ZN
 clkload62/ZN
 clkload63/ZN
 clkload64/Z
 clkload65/ZN
 clkload66/ZN
 clkload67/ZN
 clkload68/Z
 clkload69/ZN
 clkload7/Z
 clkload70/ZN
 clkload71/ZN
 clkload72/ZN
 clkload73/Z
 clkload74/ZN
 clkload75/Z
 clkload76/ZN
 clkload77/ZN
 clkload78/ZN
 clkload79/Z
 clkload8/Z
 clkload80/Z
 clkload81/ZN
 clkload82/ZN
 clkload83/ZN
 clkload84/Z
 clkload85/Z
 clkload86/ZN
 clkload87/Z
 clkload88/ZN
 clkload89/Z
 clkload9/Z
 clkload90/Z
 clkload91/Z
 clkload92/Z
 clkload93/Z
 clkload94/ZN
 clkload95/Z
 clkload96/ZN
 clkload97/ZN
 clkload98/ZN
 clkload99/Z
Found 0 partially unannotated drivers.

===========================================================================
max slew violation count 0
max fanout violation count 1
max cap violation count 0
============================================================================

===========================================================================
check_setup -verbose -unconstrained_endpoints -multiple_clock -no_clock -no_input_delay -loops -generated_clocks
===========================================================================
