Clock: clk_i
Sources: clk_i 
Generated: no
Virtual: yes
Propagated: no
Period: 40.000000

===========================================================================
report_clock_properties
============================================================================
Clock                   Period          Waveform
----------------------------------------------------
clk_i                40.000000    0.000000 20.000000

===========================================================================
report_clock_latency
============================================================================
Clock clk_i
rise -> rise
    min     max
0.000000 0.000000 source latency
5.039101         network latency _61480_/CLK
        5.740570 network latency _57845_/CLK
---------------
5.039101 5.740570 latency
        0.701469 skew

fall -> fall
    min     max
0.000000 0.000000 source latency
4.535716         network latency _61480_/CLK
        5.369252 network latency _61475_/CLK
---------------
4.535716 5.369252 latency
        0.833536 skew



===========================================================================
report_clock_min_period
============================================================================
clk_i period_min = 38.34 fmax = 26.08
