
===========================================================================
 report_power
============================================================================
======================= max_ss_125C_4v50 Corner ===================================

Group                    Internal    Switching      Leakage        Total
                            Power        Power        Power        Power (Watts)
------------------------------------------------------------------------
Sequential           6.146850e-02 2.578452e-06 6.535680e-06 6.147761e-02  50.9%
Combinational        1.494498e-04 3.986057e-04 1.829622e-05 5.663517e-04   0.5%
Clock                3.110544e-02 2.766270e-02 1.815943e-05 5.878630e-02  48.7%
Macro                0.000000e+00 0.000000e+00 0.000000e+00 0.000000e+00   0.0%
Pad                  0.000000e+00 0.000000e+00 0.000000e+00 0.000000e+00   0.0%
------------------------------------------------------------------------
Total                9.272330e-02 2.806388e-02 4.298361e-05 1.208302e-01 100.0%
                            76.7%        23.2%         0.0%

