                                                                        Cells by Master                                                                         
┏━━━━━━━━━━━━━━━━━━━━━━━━━━━━━━━━━━━━━━━━━━━━━━━━━━━━━━━━━━━━━━━━━━━━━━━━━━━━━━━━━━━━━━━━━━━━━━━━━━━━━━━━━━━━━━━━━━━━━━━━━━━━━━━━━━━━━┳━━━━━━━━━━━━━━━━━━━━━━━━┓
┃ Cell                                                                                                                                ┃ Count                  ┃
┡━━━━━━━━━━━━━━━━━━━━━━━━━━━━━━━━━━━━━━━━━━━━━━━━━━━━━━━━━━━━━━━━━━━━━━━━━━━━━━━━━━━━━━━━━━━━━━━━━━━━━━━━━━━━━━━━━━━━━━━━━━━━━━━━━━━━━╇━━━━━━━━━━━━━━━━━━━━━━━━┩
│ gf180mcu_fd_sc_mcu7t5v0__and2_1                                                                                                     │ 162                    │
│ gf180mcu_fd_sc_mcu7t5v0__and2_2                                                                                                     │ 11                     │
│ gf180mcu_fd_sc_mcu7t5v0__and2_4                                                                                                     │ 1                      │
│ gf180mcu_fd_sc_mcu7t5v0__and3_1                                                                                                     │ 26                     │
│ gf180mcu_fd_sc_mcu7t5v0__and4_1                                                                                                     │ 34                     │
│ gf180mcu_fd_sc_mcu7t5v0__antenna                                                                                                    │ 5                      │
│ gf180mcu_fd_sc_mcu7t5v0__aoi211_1                                                                                                   │ 85                     │
│ gf180mcu_fd_sc_mcu7t5v0__aoi211_2                                                                                                   │ 6                      │
│ gf180mcu_fd_sc_mcu7t5v0__aoi21_1                                                                                                    │ 558                    │
│ gf180mcu_fd_sc_mcu7t5v0__aoi21_2                                                                                                    │ 59                     │
│ gf180mcu_fd_sc_mcu7t5v0__aoi21_4                                                                                                    │ 18                     │
│ gf180mcu_fd_sc_mcu7t5v0__aoi221_1                                                                                                   │ 213                    │
│ gf180mcu_fd_sc_mcu7t5v0__aoi221_2                                                                                                   │ 1                      │
│ gf180mcu_fd_sc_mcu7t5v0__aoi22_1                                                                                                    │ 865                    │
│ gf180mcu_fd_sc_mcu7t5v0__aoi22_2                                                                                                    │ 3                      │
│ gf180mcu_fd_sc_mcu7t5v0__aoi22_4                                                                                                    │ 1                      │
│ gf180mcu_fd_sc_mcu7t5v0__buf_1                                                                                                      │ 908                    │
│ gf180mcu_fd_sc_mcu7t5v0__buf_12                                                                                                     │ 32                     │
│ gf180mcu_fd_sc_mcu7t5v0__buf_2                                                                                                      │ 347                    │
│ gf180mcu_fd_sc_mcu7t5v0__buf_20                                                                                                     │ 1                      │
│ gf180mcu_fd_sc_mcu7t5v0__buf_3                                                                                                      │ 96                     │
│ gf180mcu_fd_sc_mcu7t5v0__buf_4                                                                                                      │ 1580                   │
│ gf180mcu_fd_sc_mcu7t5v0__buf_8                                                                                                      │ 122                    │
│ gf180mcu_fd_sc_mcu7t5v0__clkbuf_1                                                                                                   │ 17                     │
│ gf180mcu_fd_sc_mcu7t5v0__clkbuf_16                                                                                                  │ 58                     │
│ gf180mcu_fd_sc_mcu7t5v0__clkbuf_2                                                                                                   │ 245                    │
│ gf180mcu_fd_sc_mcu7t5v0__clkbuf_3                                                                                                   │ 2                      │
│ gf180mcu_fd_sc_mcu7t5v0__clkbuf_4                                                                                                   │ 61                     │
│ gf180mcu_fd_sc_mcu7t5v0__clkbuf_8                                                                                                   │ 745                    │
│ gf180mcu_fd_sc_mcu7t5v0__clkinv_1                                                                                                   │ 2709                   │
│ gf180mcu_fd_sc_mcu7t5v0__clkinv_12                                                                                                  │ 4                      │
│ gf180mcu_fd_sc_mcu7t5v0__clkinv_2                                                                                                   │ 12                     │
│ gf180mcu_fd_sc_mcu7t5v0__clkinv_20                                                                                                  │ 2                      │
│ gf180mcu_fd_sc_mcu7t5v0__clkinv_4                                                                                                   │ 42                     │
│ gf180mcu_fd_sc_mcu7t5v0__clkinv_8                                                                                                   │ 9                      │
│ gf180mcu_fd_sc_mcu7t5v0__dffnq_1                                                                                                    │ 4                      │
│ gf180mcu_fd_sc_mcu7t5v0__dffq_1                                                                                                     │ 4081                   │
│ gf180mcu_fd_sc_mcu7t5v0__dffrnq_1                                                                                                   │ 1327                   │
│ gf180mcu_fd_sc_mcu7t5v0__dffsnq_1                                                                                                   │ 175                    │
│ gf180mcu_fd_sc_mcu7t5v0__dlyb_1                                                                                                     │ 193                    │
│ gf180mcu_fd_sc_mcu7t5v0__endcap                                                                                                     │ 548                    │
│ gf180mcu_fd_sc_mcu7t5v0__fill_1                                                                                                     │ 10008                  │
│ gf180mcu_fd_sc_mcu7t5v0__fill_2                                                                                                     │ 9217                   │
│ gf180mcu_fd_sc_mcu7t5v0__fillcap_16                                                                                                 │ 622                    │
│ gf180mcu_fd_sc_mcu7t5v0__fillcap_32                                                                                                 │ 68                     │
│ gf180mcu_fd_sc_mcu7t5v0__fillcap_4                                                                                                  │ 4927                   │
│ gf180mcu_fd_sc_mcu7t5v0__fillcap_64                                                                                                 │ 1                      │
│ gf180mcu_fd_sc_mcu7t5v0__fillcap_8                                                                                                  │ 2158                   │
│ gf180mcu_fd_sc_mcu7t5v0__filltie                                                                                                    │ 7456                   │
│ gf180mcu_fd_sc_mcu7t5v0__icgtp_1                                                                                                    │ 4                      │
│ gf180mcu_fd_sc_mcu7t5v0__inv_1                                                                                                      │ 214                    │
│ gf180mcu_fd_sc_mcu7t5v0__inv_12                                                                                                     │ 5                      │
│ gf180mcu_fd_sc_mcu7t5v0__inv_2                                                                                                      │ 99                     │
│ gf180mcu_fd_sc_mcu7t5v0__inv_20                                                                                                     │ 15                     │
│ gf180mcu_fd_sc_mcu7t5v0__inv_3                                                                                                      │ 79                     │
│ gf180mcu_fd_sc_mcu7t5v0__inv_4                                                                                                      │ 59                     │
│ gf180mcu_fd_sc_mcu7t5v0__inv_8                                                                                                      │ 4                      │
│ gf180mcu_fd_sc_mcu7t5v0__nand2_1                                                                                                    │ 11244                  │
│ gf180mcu_fd_sc_mcu7t5v0__nand2_2                                                                                                    │ 123                    │
│ gf180mcu_fd_sc_mcu7t5v0__nand2_4                                                                                                    │ 43                     │
│ gf180mcu_fd_sc_mcu7t5v0__nand3_1                                                                                                    │ 2198                   │
│ gf180mcu_fd_sc_mcu7t5v0__nand3_2                                                                                                    │ 54                     │
│ gf180mcu_fd_sc_mcu7t5v0__nand3_4                                                                                                    │ 8                      │
│ gf180mcu_fd_sc_mcu7t5v0__nand4_1                                                                                                    │ 598                    │
│ gf180mcu_fd_sc_mcu7t5v0__nand4_2                                                                                                    │ 8                      │
│ gf180mcu_fd_sc_mcu7t5v0__nor2_1                                                                                                     │ 687                    │
│ gf180mcu_fd_sc_mcu7t5v0__nor2_2                                                                                                     │ 86                     │
│ gf180mcu_fd_sc_mcu7t5v0__nor2_4                                                                                                     │ 15                     │
│ gf180mcu_fd_sc_mcu7t5v0__nor3_1                                                                                                     │ 166                    │
│ gf180mcu_fd_sc_mcu7t5v0__nor3_2                                                                                                     │ 4                      │
│ gf180mcu_fd_sc_mcu7t5v0__nor3_4                                                                                                     │ 8                      │
│ gf180mcu_fd_sc_mcu7t5v0__nor4_1                                                                                                     │ 72                     │
│ gf180mcu_fd_sc_mcu7t5v0__nor4_2                                                                                                     │ 2                      │
│ gf180mcu_fd_sc_mcu7t5v0__oai211_1                                                                                                   │ 264                    │
│ gf180mcu_fd_sc_mcu7t5v0__oai211_2                                                                                                   │ 14                     │
│ gf180mcu_fd_sc_mcu7t5v0__oai211_4                                                                                                   │ 9                      │
│ gf180mcu_fd_sc_mcu7t5v0__oai21_1                                                                                                    │ 3606                   │
│ gf180mcu_fd_sc_mcu7t5v0__oai21_2                                                                                                    │ 773                    │
│ gf180mcu_fd_sc_mcu7t5v0__oai21_4                                                                                                    │ 882                    │
│ gf180mcu_fd_sc_mcu7t5v0__oai221_1                                                                                                   │ 179                    │
│ gf180mcu_fd_sc_mcu7t5v0__oai221_2                                                                                                   │ 44                     │
│ gf180mcu_fd_sc_mcu7t5v0__oai221_4                                                                                                   │ 47                     │
│ gf180mcu_fd_sc_mcu7t5v0__oai22_1                                                                                                    │ 145                    │
│ gf180mcu_fd_sc_mcu7t5v0__oai22_2                                                                                                    │ 11                     │
│ gf180mcu_fd_sc_mcu7t5v0__oai22_4                                                                                                    │ 1                      │
│ gf180mcu_fd_sc_mcu7t5v0__oai31_1                                                                                                    │ 20                     │
│ gf180mcu_fd_sc_mcu7t5v0__oai31_2                                                                                                    │ 24                     │
│ gf180mcu_fd_sc_mcu7t5v0__oai31_4                                                                                                    │ 2                      │
│ gf180mcu_fd_sc_mcu7t5v0__oai32_1                                                                                                    │ 33                     │
│ gf180mcu_fd_sc_mcu7t5v0__oai32_2                                                                                                    │ 3                      │
│ gf180mcu_fd_sc_mcu7t5v0__oai32_4                                                                                                    │ 1                      │
│ gf180mcu_fd_sc_mcu7t5v0__or2_1                                                                                                      │ 166                    │
│ gf180mcu_fd_sc_mcu7t5v0__or2_2                                                                                                      │ 9                      │
│ gf180mcu_fd_sc_mcu7t5v0__or2_4                                                                                                      │ 1                      │
│ gf180mcu_fd_sc_mcu7t5v0__or3_1                                                                                                      │ 12                     │
│ gf180mcu_fd_sc_mcu7t5v0__or3_2                                                                                                      │ 2                      │
│ gf180mcu_fd_sc_mcu7t5v0__or3_4                                                                                                      │ 1                      │
│ gf180mcu_fd_sc_mcu7t5v0__or4_1                                                                                                      │ 14                     │
│ gf180mcu_fd_sc_mcu7t5v0__or4_2                                                                                                      │ 2                      │
│ gf180mcu_fd_sc_mcu7t5v0__tieh                                                                                                       │ 29                     │
│ gf180mcu_fd_sc_mcu7t5v0__tiel                                                                                                       │ 101                    │
│ gf180mcu_fd_sc_mcu7t5v0__xnor2_1                                                                                                    │ 1                      │
│ gf180mcu_fd_sc_mcu7t5v0__xnor3_1                                                                                                    │ 4                      │
└─────────────────────────────────────────────────────────────────────────────────────────────────────────────────────────────────────┴────────────────────────┘
