+ analyze_power_grid -net VDD -voltage_file /mnt/fda14e36-49c8-4508-a4b0-f37189565cd9/Base/Chipathon_SSCS_PICO_2026/AMCSOC/MOSAIC-SOC-PRIVATE/flow/librelane/experimental/runs/blocka_signoff/56-openroad-irdropreport/net-VDD.csv
[INFO PSM-0040] All shapes on net VDD are connected.
########## IR report #################
Net              : VDD
Corner           : nom_tt_025C_5v00
Total power      : 5.35e-02 W
Supply voltage   : 5.00e+00 V
Worstcase voltage: 5.00e+00 V
Average voltage  : 5.00e+00 V
Average IR drop  : 3.02e-05 V
Worstcase IR drop: 1.04e-04 V
Percentage drop  : 0.00 %
######################################
+ analyze_power_grid -net VSS -voltage_file /mnt/fda14e36-49c8-4508-a4b0-f37189565cd9/Base/Chipathon_SSCS_PICO_2026/AMCSOC/MOSAIC-SOC-PRIVATE/flow/librelane/experimental/runs/blocka_signoff/56-openroad-irdropreport/net-VSS.csv
[INFO PSM-0040] All shapes on net VSS are connected.
########## IR report #################
Net              : VSS
Corner           : nom_tt_025C_5v00
Total power      : 5.35e-02 W
Supply voltage   : 0.00e+00 V
Worstcase voltage: 9.07e-05 V
Average voltage  : 3.03e-05 V
Average IR drop  : 3.03e-05 V
Worstcase IR drop: 9.07e-05 V
Percentage drop  : 0.00 %
######################################
