Clock: clk_i
Sources: clk_i 
Generated: no
Virtual: yes
Propagated: no
Period: 50.000000

===========================================================================
report_clock_properties
============================================================================
Clock                   Period          Waveform
----------------------------------------------------
clk_i                50.000000    0.000000 25.000000

===========================================================================
report_clock_latency
============================================================================
Clock clk_i
rise -> rise
    min     max
0.000000 0.000000 source latency
2.628874         network latency _61789_/CLK
        3.117467 network latency _61386_/CLK
---------------
2.628874 3.117467 latency
        0.488594 skew

fall -> fall
    min     max
0.000000 0.000000 source latency
2.445518         network latency _61788_/CLK
        2.967136 network latency _61027_/CLK
---------------
2.445518 2.967136 latency
        0.521618 skew



===========================================================================
report_clock_min_period
============================================================================
clk_i period_min = 23.30 fmax = 42.92
