Clock: clk_i
Sources: clk_i 
Generated: no
Virtual: yes
Propagated: no
Period: 50.000000

===========================================================================
report_clock_properties
============================================================================
Clock                   Period          Waveform
----------------------------------------------------
clk_i                50.000000    0.000000 25.000000

===========================================================================
report_clock_latency
============================================================================
Clock clk_i
rise -> rise
    min     max
0.000000 0.000000 source latency
2.536954         network latency _61894_/CLK
        3.050148 network latency _60704_/CLK
---------------
2.536954 3.050148 latency
        0.513194 skew

fall -> fall
    min     max
0.000000 0.000000 source latency
2.294801         network latency _61894_/CLK
        2.893394 network latency _61439_/CLK
---------------
2.294801 2.893394 latency
        0.598593 skew



===========================================================================
report_clock_min_period
============================================================================
clk_i period_min = 20.86 fmax = 47.94
