
===========================================================================
 report_power
============================================================================
======================= nom_ff_n40C_5v50 Corner ===================================

Group                    Internal    Switching      Leakage        Total
                            Power        Power        Power        Power (Watts)
------------------------------------------------------------------------
Sequential           7.257732e-02 9.911171e-06 2.787476e-06 7.259002e-02  90.3%
Combinational        1.012446e-04 2.055975e-05 3.866642e-06 1.256710e-04   0.2%
Clock                8.469856e-05 7.555210e-03 1.523954e-09 7.639911e-03   9.5%
Macro                0.000000e+00 0.000000e+00 0.000000e+00 0.000000e+00   0.0%
Pad                  0.000000e+00 0.000000e+00 0.000000e+00 0.000000e+00   0.0%
------------------------------------------------------------------------
Total                7.276321e-02 7.585682e-03 6.655414e-06 8.035555e-02 100.0%
                            90.6%         9.4%         0.0%

