Clock: clk_i
Sources: clk_i 
Generated: no
Virtual: yes
Propagated: no
Period: 100.000000

===========================================================================
report_clock_properties
============================================================================
Clock                   Period          Waveform
----------------------------------------------------
clk_i               100.000000    0.000000 50.000000

===========================================================================
report_clock_latency
============================================================================
Clock clk_i
rise -> rise
    min     max
0.000000 0.000000 source latency
1.768447         network latency _61480_/CLK
        2.022946 network latency _58213_/CLK
---------------
1.768447 2.022946 latency
        0.254499 skew

fall -> fall
    min     max
0.000000 0.000000 source latency
1.585725         network latency _61480_/CLK
        1.886257 network latency _59047_/CLK
---------------
1.585725 1.886257 latency
        0.300531 skew



===========================================================================
report_clock_min_period
============================================================================
clk_i period_min = 12.61 fmax = 79.33
