
===========================================================================
report_checks -unconstrained
===========================================================================
======================= min_tt_025C_5v00 Corner ===================================

Startpoint: rst_ni (input port clocked by clk_i)
Endpoint: _61704_ (recovery check against rising-edge clock clk_i)
Path Group: asynchronous
Path Type: max

Fanout         Cap        Slew       Delay        Time   Description
---------------------------------------------------------------------------------------------
                                  0.000000    0.000000   clock clk_i (rise edge)
                                  0.000000    0.000000   clock network delay (propagated)
                                 20.000000   20.000000 ^ input external delay
     1    0.008227    0.181388    0.080380   20.080381 ^ rst_ni (in)
                                                         rst_ni (net)
                      0.181388    0.000000   20.080381 ^ input3/I (gf180mcu_fd_sc_mcu7t5v0__buf_2)
     2    0.093993    0.787897    0.595621   20.676003 ^ input3/Z (gf180mcu_fd_sc_mcu7t5v0__buf_2)
                                                         net3 (net)
                      0.787897    0.000739   20.676741 ^ max_cap1278/I (gf180mcu_fd_sc_mcu7t5v0__buf_12)
     4    0.181243    0.275558    0.323281   21.000021 ^ max_cap1278/Z (gf180mcu_fd_sc_mcu7t5v0__buf_12)
                                                         net1278 (net)
                      0.285187    0.034172   21.034193 ^ fanout1197/I (gf180mcu_fd_sc_mcu7t5v0__dlyb_1)
     5    0.074784    1.248397    1.545351   22.579544 ^ fanout1197/Z (gf180mcu_fd_sc_mcu7t5v0__dlyb_1)
                                                         net1197 (net)
                      1.248402    0.001366   22.580910 ^ load_slew1198/I (gf180mcu_fd_sc_mcu7t5v0__buf_4)
     2    0.083693    0.374863    0.389111   22.970020 ^ load_slew1198/Z (gf180mcu_fd_sc_mcu7t5v0__buf_4)
                                                         net1198 (net)
                      0.375078    0.005894   22.975916 ^ fanout1174/I (gf180mcu_fd_sc_mcu7t5v0__dlyb_1)
     5    0.086014    1.428403    1.654929   24.630844 ^ fanout1174/Z (gf180mcu_fd_sc_mcu7t5v0__dlyb_1)
                                                         net1174 (net)
                      1.428413    0.002208   24.633051 ^ fanout1173/I (gf180mcu_fd_sc_mcu7t5v0__dlyb_1)
     8    0.071908    1.202606    1.510188   26.143240 ^ fanout1173/Z (gf180mcu_fd_sc_mcu7t5v0__dlyb_1)
                                                         net1173 (net)
                      1.202626    0.002773   26.146013 ^ fanout1172/I (gf180mcu_fd_sc_mcu7t5v0__dlyb_1)
     5    0.062229    1.047660    1.429772   27.575785 ^ fanout1172/Z (gf180mcu_fd_sc_mcu7t5v0__dlyb_1)
                                                         net1172 (net)
                      1.047663    0.001060   27.576845 ^ fanout1171/I (gf180mcu_fd_sc_mcu7t5v0__dlyb_1)
     8    0.073474    1.227908    1.541386   29.118231 ^ fanout1171/Z (gf180mcu_fd_sc_mcu7t5v0__dlyb_1)
                                                         net1171 (net)
                      1.227920    0.002169   29.120399 ^ fanout1170/I (gf180mcu_fd_sc_mcu7t5v0__dlyb_1)
    10    0.096405    1.595097    1.745631   30.866030 ^ fanout1170/Z (gf180mcu_fd_sc_mcu7t5v0__dlyb_1)
                                                         net1170 (net)
                      1.595102    0.001634   30.867664 ^ _61704_/RN (gf180mcu_fd_sc_mcu7t5v0__dffrnq_1)
                                             30.867664   data arrival time

                                100.000000  100.000000   clock clk_i (rise edge)
                                  0.000000  100.000000   clock source latency
     2    0.182241    0.748029    0.418829  100.418823 ^ clk_i (in)
                                                         clk_i (net)
                      0.748795    0.000000  100.418823 ^ delaybuf_1_clk_i/I (gf180mcu_fd_sc_mcu7t5v0__clkbuf_16)
     1    0.047591    0.129821    0.356238  100.775063 ^ delaybuf_1_clk_i/Z (gf180mcu_fd_sc_mcu7t5v0__clkbuf_16)
                                                         delaynet_1_clk_i (net)
                      0.129851    0.003425  100.778488 ^ delaybuf_2_clk_i/I (gf180mcu_fd_sc_mcu7t5v0__clkbuf_16)
     1    0.045469    0.111125    0.246843  101.025330 ^ delaybuf_2_clk_i/Z (gf180mcu_fd_sc_mcu7t5v0__clkbuf_16)
                                                         delaynet_2_clk_i (net)
                      0.111149    0.002856  101.028191 ^ delaybuf_3_clk_i/I (gf180mcu_fd_sc_mcu7t5v0__clkbuf_16)
     1    0.043824    0.109685    0.241997  101.270187 ^ delaybuf_3_clk_i/Z (gf180mcu_fd_sc_mcu7t5v0__clkbuf_16)
                                                         delaynet_3_clk_i (net)
                      0.109707    0.002736  101.272919 ^ clkbuf_regs_0_clk_i/I (gf180mcu_fd_sc_mcu7t5v0__clkbuf_16)
     1    0.024745    0.092775    0.229100  101.502022 ^ clkbuf_regs_0_clk_i/Z (gf180mcu_fd_sc_mcu7t5v0__clkbuf_16)
                                                         clk_i_regs (net)
                      0.092775    0.000561  101.502579 ^ clkbuf_0_clk_i_regs/I (gf180mcu_fd_sc_mcu7t5v0__clkbuf_16)
     8    0.215569    0.260258    0.339305  101.841888 ^ clkbuf_0_clk_i_regs/Z (gf180mcu_fd_sc_mcu7t5v0__clkbuf_16)
                                                         clknet_0_clk_i_regs (net)
                      0.260387    0.006708  101.848595 ^ clkbuf_3_6_0_clk_i_regs/I (gf180mcu_fd_sc_mcu7t5v0__clkbuf_8)
     4    0.163839    0.366723    0.437524  102.286118 ^ clkbuf_3_6_0_clk_i_regs/Z (gf180mcu_fd_sc_mcu7t5v0__clkbuf_8)
                                                         clknet_3_6_0_clk_i_regs (net)
                      0.366804    0.002686  102.288803 ^ clkbuf_5_27__f_clk_i_regs/I (gf180mcu_fd_sc_mcu7t5v0__clkbuf_16)
     5    0.089418    0.151832    0.326374  102.615181 ^ clkbuf_5_27__f_clk_i_regs/Z (gf180mcu_fd_sc_mcu7t5v0__clkbuf_16)
                                                         clknet_5_27__leaf_clk_i_regs (net)
                      0.151833    0.000846  102.616020 ^ clkbuf_leaf_34_clk_i_regs/I (gf180mcu_fd_sc_mcu7t5v0__clkbuf_8)
    10    0.058452    0.170773    0.292104  102.908127 ^ clkbuf_leaf_34_clk_i_regs/Z (gf180mcu_fd_sc_mcu7t5v0__clkbuf_8)
                                                         clknet_leaf_34_clk_i_regs (net)
                      0.170774    0.000846  102.908974 ^ _61704_/CLK (gf180mcu_fd_sc_mcu7t5v0__dffrnq_1)
                                 -0.250000  102.658974   clock uncertainty
                                  0.000000  102.658974   clock reconvergence pessimism
                                 -0.147802  102.511177   library recovery time
                                            102.511177   data required time
---------------------------------------------------------------------------------------------
                                            102.511177   data required time
                                            -30.867664   data arrival time
---------------------------------------------------------------------------------------------
                                             71.643517   slack (MET)


Startpoint: _61323_ (falling edge-triggered flip-flop clocked by clk_i)
Endpoint: spi_flash_sd_io[3] (output port clocked by clk_i)
Path Group: clk_i
Path Type: max

Fanout         Cap        Slew       Delay        Time   Description
---------------------------------------------------------------------------------------------
                                 50.000000   50.000000   clock clk_i (fall edge)
                                  0.000000   50.000000   clock source latency
     2    0.182241    0.448172    0.255909   50.255909 v clk_i (in)
                                                         clk_i (net)
                      0.449352    0.000000   50.255909 v delaybuf_1_clk_i/I (gf180mcu_fd_sc_mcu7t5v0__clkbuf_16)
     1    0.047591    0.117929    0.334722   50.590630 v delaybuf_1_clk_i/Z (gf180mcu_fd_sc_mcu7t5v0__clkbuf_16)
                                                         delaynet_1_clk_i (net)
                      0.117965    0.003428   50.594059 v delaybuf_2_clk_i/I (gf180mcu_fd_sc_mcu7t5v0__clkbuf_16)
     1    0.045469    0.108916    0.243983   50.838039 v delaybuf_2_clk_i/Z (gf180mcu_fd_sc_mcu7t5v0__clkbuf_16)
                                                         delaynet_2_clk_i (net)
                      0.108943    0.002853   50.840893 v delaybuf_3_clk_i/I (gf180mcu_fd_sc_mcu7t5v0__clkbuf_16)
     1    0.043824    0.107487    0.240320   51.081215 v delaybuf_3_clk_i/Z (gf180mcu_fd_sc_mcu7t5v0__clkbuf_16)
                                                         delaynet_3_clk_i (net)
                      0.107512    0.002728   51.083942 v clkbuf_regs_0_clk_i/I (gf180mcu_fd_sc_mcu7t5v0__clkbuf_16)
     1    0.024745    0.090324    0.226215   51.310158 v clkbuf_regs_0_clk_i/Z (gf180mcu_fd_sc_mcu7t5v0__clkbuf_16)
                                                         clk_i_regs (net)
                      0.090325    0.000565   51.310722 v clkbuf_0_clk_i_regs/I (gf180mcu_fd_sc_mcu7t5v0__clkbuf_16)
     8    0.215569    0.253199    0.343146   51.653870 v clkbuf_0_clk_i_regs/Z (gf180mcu_fd_sc_mcu7t5v0__clkbuf_16)
                                                         clknet_0_clk_i_regs (net)
                      0.253618    0.004466   51.658333 v clkbuf_3_7_0_clk_i_regs/I (gf180mcu_fd_sc_mcu7t5v0__clkbuf_8)
     4    0.137024    0.332001    0.443848   52.102180 v clkbuf_3_7_0_clk_i_regs/Z (gf180mcu_fd_sc_mcu7t5v0__clkbuf_8)
                                                         clknet_3_7_0_clk_i_regs (net)
                      0.332114    0.003446   52.105629 v clkbuf_5_31__f_clk_i_regs/I (gf180mcu_fd_sc_mcu7t5v0__clkbuf_16)
     5    0.086457    0.146677    0.335149   52.440777 v clkbuf_5_31__f_clk_i_regs/Z (gf180mcu_fd_sc_mcu7t5v0__clkbuf_16)
                                                         clknet_5_31__leaf_clk_i_regs (net)
                      0.146678    0.001005   52.441784 v clkbuf_leaf_80_clk_i_regs/I (gf180mcu_fd_sc_mcu7t5v0__clkbuf_8)
    10    0.057557    0.179504    0.309434   52.751217 v clkbuf_leaf_80_clk_i_regs/Z (gf180mcu_fd_sc_mcu7t5v0__clkbuf_8)
                                                         clknet_leaf_80_clk_i_regs (net)
                      0.179504    0.000568   52.751785 v _61323_/CLKN (gf180mcu_fd_sc_mcu7t5v0__dffnq_1)
     1    0.005987    0.167651    0.787388   53.539173 ^ _61323_/Q (gf180mcu_fd_sc_mcu7t5v0__dffnq_1)
                                                         i_core_v_mini_mcu.ao_peripheral_subsystem_i.spi_subsystem_i.obi_spimemio_i.spimemio_i.xfer_io3_90 (net)
                      0.167651    0.000121   53.539295 ^ _33459_/A2 (gf180mcu_fd_sc_mcu7t5v0__nor2_1)
     1    0.006305    0.298205    0.147107   53.686401 v _33459_/ZN (gf180mcu_fd_sc_mcu7t5v0__nor2_1)
                                                         _10488_ (net)
                      0.298205    0.000124   53.686523 v _33461_/A2 (gf180mcu_fd_sc_mcu7t5v0__oai21_1)
     1    0.011430    0.487875    0.355762   54.042286 ^ _33461_/ZN (gf180mcu_fd_sc_mcu7t5v0__oai21_1)
                                                         i_core_v_mini_mcu.ao_peripheral_subsystem_i.spi_subsystem_i.obi_spimemio_i.flash_io3_do_o (net)
                      0.487875    0.000238   54.042526 ^ gen_flash_sd[3].u_pad_drv/I (gf180mcu_fd_sc_mcu7t5v0__bufz_4)
     3    0.165219    0.695010    0.654694   54.697220 ^ gen_flash_sd[3].u_pad_drv/Z (gf180mcu_fd_sc_mcu7t5v0__bufz_4)
                                                         spi_flash_sd_io[3] (net)
                      0.696343    0.017334   54.714554 ^ spi_flash_sd_io[3] (inout)
                                             54.714554   data arrival time

                                100.000000  100.000000   clock clk_i (rise edge)
                                  0.000000  100.000000   clock network delay (propagated)
                                 -0.250000   99.750000   clock uncertainty
                                  0.000000   99.750000   clock reconvergence pessimism
                                -20.000000   79.750000   output external delay
                                             79.750000   data required time
---------------------------------------------------------------------------------------------
                                             79.750000   data required time
                                            -54.714554   data arrival time
---------------------------------------------------------------------------------------------
                                             25.035444   slack (MET)




===========================================================================
report_checks --slack_max -0.01
============================================================================
======================= min_tt_025C_5v00 Corner ===================================

No paths found.


===========================================================================
 report_check_types -max_slew -max_cap -max_fanout -violators
============================================================================
======================= min_tt_025C_5v00 Corner ===================================

max fanout

Pin                                   Limit Fanout  Slack
---------------------------------------------------------
clkbuf_0_i_core_v_mini_mcu.memory_subsystem_i.clk_cg/Z     10     16     -6 (VIOLATED)



===========================================================================
report_parasitic_annotation -report_unannotated
============================================================================
Found 242 unannotated drivers.
 clkload0/Z
 clkload1/Z
 clkload10/ZN
 clkload100/Z
 clkload101/Z
 clkload102/Z
 clkload103/Z
 clkload104/Z
 clkload105/Z
 clkload106/Z
 clkload107/Z
 clkload108/Z
 clkload109/Z
 clkload11/ZN
 clkload110/Z
 clkload111/Z
 clkload112/Z
 clkload113/Z
 clkload114/Z
 clkload115/Z
 clkload116/ZN
 clkload117/ZN
 clkload118/ZN
 clkload119/Z
 clkload12/Z
 clkload120/ZN
 clkload121/ZN
 clkload122/ZN
 clkload123/ZN
 clkload124/ZN
 clkload125/ZN
 clkload126/Z
 clkload127/ZN
 clkload128/ZN
 clkload129/ZN
 clkload13/Z
 clkload130/ZN
 clkload131/Z
 clkload132/Z
 clkload133/ZN
 clkload134/ZN
 clkload135/ZN
 clkload136/ZN
 clkload137/ZN
 clkload138/Z
 clkload139/ZN
 clkload14/ZN
 clkload140/Z
 clkload141/Z
 clkload142/ZN
 clkload143/ZN
 clkload144/Z
 clkload145/Z
 clkload146/ZN
 clkload147/Z
 clkload148/Z
 clkload149/Z
 clkload15/Z
 clkload150/ZN
 clkload151/ZN
 clkload152/Z
 clkload153/Z
 clkload154/Z
 clkload155/Z
 clkload156/ZN
 clkload157/Z
 clkload158/Z
 clkload159/ZN
 clkload16/Z
 clkload160/ZN
 clkload161/Z
 clkload162/ZN
 clkload163/ZN
 clkload164/ZN
 clkload165/ZN
 clkload166/ZN
 clkload167/Z
 clkload168/ZN
 clkload169/Z
 clkload17/ZN
 clkload170/ZN
 clkload171/Z
 clkload172/ZN
 clkload173/Z
 clkload174/Z
 clkload175/ZN
 clkload176/ZN
 clkload177/Z
 clkload178/ZN
 clkload179/Z
 clkload18/ZN
 clkload180/ZN
 clkload181/Z
 clkload182/ZN
 clkload183/ZN
 clkload184/ZN
 clkload185/Z
 clkload186/ZN
 clkload187/Z
 clkload188/Z
 clkload189/ZN
 clkload19/Z
 clkload190/Z
 clkload191/ZN
 clkload192/ZN
 clkload193/ZN
 clkload194/ZN
 clkload195/Z
 clkload196/ZN
 clkload197/Z
 clkload198/ZN
 clkload199/Z
 clkload2/Z
 clkload20/ZN
 clkload200/Z
 clkload201/ZN
 clkload202/Z
 clkload203/ZN
 clkload204/Z
 clkload205/Z
 clkload206/Z
 clkload207/ZN
 clkload208/Z
 clkload209/Z
 clkload21/ZN
 clkload210/ZN
 clkload211/Z
 clkload212/ZN
 clkload213/ZN
 clkload214/Z
 clkload215/ZN
 clkload216/Z
 clkload217/ZN
 clkload218/ZN
 clkload219/Z
 clkload22/Z
 clkload220/Z
 clkload221/ZN
 clkload222/ZN
 clkload223/Z
 clkload224/ZN
 clkload225/Z
 clkload226/ZN
 clkload227/ZN
 clkload228/ZN
 clkload229/ZN
 clkload23/ZN
 clkload230/Z
 clkload231/Z
 clkload232/Z
 clkload233/ZN
 clkload234/ZN
 clkload235/Z
 clkload236/ZN
 clkload237/ZN
 clkload238/Z
 clkload239/ZN
 clkload24/Z
 clkload240/Z
 clkload241/ZN
 clkload25/ZN
 clkload26/Z
 clkload27/ZN
 clkload28/Z
 clkload29/ZN
 clkload3/Z
 clkload30/Z
 clkload31/ZN
 clkload32/ZN
 clkload33/Z
 clkload34/Z
 clkload35/Z
 clkload36/ZN
 clkload37/Z
 clkload38/ZN
 clkload39/Z
 clkload4/Z
 clkload40/Z
 clkload41/Z
 clkload42/ZN
 clkload43/ZN
 clkload44/ZN
 clkload45/ZN
 clkload46/Z
 clkload47/Z
 clkload48/Z
 clkload49/ZN
 clkload5/Z
 clkload50/ZN
 clkload51/ZN
 clkload52/ZN
 clkload53/Z
 clkload54/Z
 clkload55/Z
 clkload56/ZN
 clkload57/ZN
 clkload58/ZN
 clkload59/ZN
 clkload6/Z
 clkload60/ZN
 clkload61/ZN
 clkload62/ZN
 clkload63/ZN
 clkload64/Z
 clkload65/ZN
 clkload66/ZN
 clkload67/ZN
 clkload68/Z
 clkload69/ZN
 clkload7/Z
 clkload70/ZN
 clkload71/ZN
 clkload72/ZN
 clkload73/Z
 clkload74/ZN
 clkload75/Z
 clkload76/ZN
 clkload77/ZN
 clkload78/ZN
 clkload79/Z
 clkload8/Z
 clkload80/Z
 clkload81/ZN
 clkload82/ZN
 clkload83/ZN
 clkload84/Z
 clkload85/Z
 clkload86/ZN
 clkload87/Z
 clkload88/ZN
 clkload89/Z
 clkload9/Z
 clkload90/Z
 clkload91/Z
 clkload92/Z
 clkload93/Z
 clkload94/ZN
 clkload95/Z
 clkload96/ZN
 clkload97/ZN
 clkload98/ZN
 clkload99/Z
Found 0 partially unannotated drivers.

===========================================================================
max slew violation count 0
max fanout violation count 1
max cap violation count 0
============================================================================

===========================================================================
check_setup -verbose -unconstrained_endpoints -multiple_clock -no_clock -no_input_delay -loops -generated_clocks
===========================================================================
