Clock: clk_i
Sources: clk_i 
Generated: no
Virtual: yes
Propagated: no
Period: 100.000000

===========================================================================
report_clock_properties
============================================================================
Clock                   Period          Waveform
----------------------------------------------------
clk_i               100.000000    0.000000 50.000000

===========================================================================
report_clock_latency
============================================================================
Clock clk_i
rise -> rise
    min     max
0.000000 0.000000 source latency
2.671968         network latency _60995_/CLK
        3.035959 network latency _57888_/CLK
---------------
2.671968 3.035959 latency
        0.363991 skew

fall -> fall
    min     max
0.000000 0.000000 source latency
2.417750         network latency _60995_/CLK
        2.847905 network latency _57888_/CLK
---------------
2.417750 2.847905 latency
        0.430155 skew



===========================================================================
report_clock_min_period
============================================================================
clk_i period_min = 19.77 fmax = 50.59
