Clock: clk_i
Sources: clk_i 
Generated: no
Virtual: yes
Propagated: no
Period: 50.000000

===========================================================================
report_clock_properties
============================================================================
Clock                   Period          Waveform
----------------------------------------------------
clk_i                50.000000    0.000000 25.000000

===========================================================================
report_clock_latency
============================================================================
Clock clk_i
rise -> rise
    min     max
0.000000 0.000000 source latency
1.737404         network latency _61894_/CLK
        2.096723 network latency _56712_/CLK
---------------
1.737404 2.096723 latency
        0.359320 skew

fall -> fall
    min     max
0.000000 0.000000 source latency
1.558833         network latency _61894_/CLK
        1.953671 network latency _56712_/CLK
---------------
1.558833 1.953671 latency
        0.394838 skew



===========================================================================
report_clock_min_period
============================================================================
clk_i period_min = 14.38 fmax = 69.52
