Clock: clk_i
Sources: clk_i 
Generated: no
Virtual: yes
Propagated: no
Period: 100.000000

===========================================================================
report_clock_properties
============================================================================
Clock                   Period          Waveform
----------------------------------------------------
clk_i               100.000000    0.000000 50.000000

===========================================================================
report_clock_latency
============================================================================
Clock clk_i
rise -> rise
    min     max
0.000000 0.000000 source latency
2.840398         network latency _57148_/CLK
        3.046947 network latency _61885_/CLK
---------------
2.840398 3.046947 latency
        0.206549 skew

fall -> fall
    min     max
0.000000 0.000000 source latency
2.619924         network latency _62147_/CLK
        2.835641 network latency _61885_/CLK
---------------
2.619924 2.835641 latency
        0.215717 skew



===========================================================================
report_clock_min_period
============================================================================
clk_i period_min = 18.46 fmax = 54.17
