Clock: clk_i
Sources: clk_i 
Generated: no
Virtual: yes
Propagated: no
Period: 100.000000

===========================================================================
report_clock_properties
============================================================================
Clock                   Period          Waveform
----------------------------------------------------
clk_i               100.000000    0.000000 50.000000

===========================================================================
report_clock_latency
============================================================================
Clock clk_i
rise -> rise
    min     max
0.000000 0.000000 source latency
2.744701         network latency _61011_/CLK
        3.019163 network latency _61885_/CLK
---------------
2.744701 3.019163 latency
        0.274461 skew

fall -> fall
    min     max
0.000000 0.000000 source latency
2.598899         network latency _62156_/CLK
        2.829865 network latency _61885_/CLK
---------------
2.598899 2.829865 latency
        0.230965 skew



===========================================================================
report_clock_min_period
============================================================================
clk_i period_min = 19.57 fmax = 51.11
