                                                                       Cells by Function                                                                        
┏━━━━━━━━━━━━━━━━━━━━━━━━━━━━━━━━━━━━━━━━━━━━━━━━━━━━━━━━━━━━━━━━━━━━━━━━━━━━━━━━━━━━━━━━━━━━━━━━━━━━━━━━━━━━━━━━━━━━━━━━━━━━━━━━━━━┳━━━━━━━━━━━━━━━━━━━━━━━━━━┓
┃ Cell Function                                                                                                                     ┃ Count                    ┃
┡━━━━━━━━━━━━━━━━━━━━━━━━━━━━━━━━━━━━━━━━━━━━━━━━━━━━━━━━━━━━━━━━━━━━━━━━━━━━━━━━━━━━━━━━━━━━━━━━━━━━━━━━━━━━━━━━━━━━━━━━━━━━━━━━━━━╇━━━━━━━━━━━━━━━━━━━━━━━━━━┩
│ gf180mcu_fd_sc_mcu7t5v0__and2                                                                                                     │ 178                      │
│ gf180mcu_fd_sc_mcu7t5v0__and3                                                                                                     │ 31                       │
│ gf180mcu_fd_sc_mcu7t5v0__and4                                                                                                     │ 33                       │
│ gf180mcu_fd_sc_mcu7t5v0__aoi21                                                                                                    │ 636                      │
│ gf180mcu_fd_sc_mcu7t5v0__aoi211                                                                                                   │ 141                      │
│ gf180mcu_fd_sc_mcu7t5v0__aoi22                                                                                                    │ 886                      │
│ gf180mcu_fd_sc_mcu7t5v0__aoi221                                                                                                   │ 244                      │
│ gf180mcu_fd_sc_mcu7t5v0__buf                                                                                                      │ 3340                     │
│ gf180mcu_fd_sc_mcu7t5v0__bufz                                                                                                     │ 4                        │
│ gf180mcu_fd_sc_mcu7t5v0__clkbuf                                                                                                   │ 1006                     │
│ gf180mcu_fd_sc_mcu7t5v0__clkinv                                                                                                   │ 2846                     │
│ gf180mcu_fd_sc_mcu7t5v0__dffnq                                                                                                    │ 4                        │
│ gf180mcu_fd_sc_mcu7t5v0__dffq                                                                                                     │ 4081                     │
│ gf180mcu_fd_sc_mcu7t5v0__dffrnq                                                                                                   │ 1325                     │
│ gf180mcu_fd_sc_mcu7t5v0__dffsnq                                                                                                   │ 175                      │
│ gf180mcu_fd_sc_mcu7t5v0__dlyb                                                                                                     │ 372                      │
│ gf180mcu_fd_sc_mcu7t5v0__fill                                                                                                     │ 19181                    │
│ gf180mcu_fd_sc_mcu7t5v0__fillcap                                                                                                  │ 8250                     │
│ gf180mcu_fd_sc_mcu7t5v0__icgtp                                                                                                    │ 4                        │
│ gf180mcu_fd_sc_mcu7t5v0__inv                                                                                                      │ 356                      │
│ gf180mcu_fd_sc_mcu7t5v0__nand2                                                                                                    │ 10957                    │
│ gf180mcu_fd_sc_mcu7t5v0__nand3                                                                                                    │ 2431                     │
│ gf180mcu_fd_sc_mcu7t5v0__nand4                                                                                                    │ 627                      │
│ gf180mcu_fd_sc_mcu7t5v0__nor2                                                                                                     │ 827                      │
│ gf180mcu_fd_sc_mcu7t5v0__nor3                                                                                                     │ 181                      │
│ gf180mcu_fd_sc_mcu7t5v0__nor4                                                                                                     │ 88                       │
│ gf180mcu_fd_sc_mcu7t5v0__oai21                                                                                                    │ 5282                     │
│ gf180mcu_fd_sc_mcu7t5v0__oai211                                                                                                   │ 265                      │
│ gf180mcu_fd_sc_mcu7t5v0__oai22                                                                                                    │ 184                      │
│ gf180mcu_fd_sc_mcu7t5v0__oai221                                                                                                   │ 241                      │
│ gf180mcu_fd_sc_mcu7t5v0__oai31                                                                                                    │ 51                       │
│ gf180mcu_fd_sc_mcu7t5v0__oai32                                                                                                    │ 25                       │
│ gf180mcu_fd_sc_mcu7t5v0__or2                                                                                                      │ 192                      │
│ gf180mcu_fd_sc_mcu7t5v0__or3                                                                                                      │ 9                        │
│ gf180mcu_fd_sc_mcu7t5v0__or4                                                                                                      │ 9                        │
│ gf180mcu_fd_sc_mcu7t5v0__xnor2                                                                                                    │ 1                        │
│ gf180mcu_fd_sc_mcu7t5v0__xnor3                                                                                                    │ 4                        │
└───────────────────────────────────────────────────────────────────────────────────────────────────────────────────────────────────┴──────────────────────────┘
