                                                                        Cells by Master                                                                         
┏━━━━━━━━━━━━━━━━━━━━━━━━━━━━━━━━━━━━━━━━━━━━━━━━━━━━━━━━━━━━━━━━━━━━━━━━━━━━━━━━━━━━━━━━━━━━━━━━━━━━━━━━━━━━━━━━━━━━━━━━━━━━━━━━━━━━━┳━━━━━━━━━━━━━━━━━━━━━━━━┓
┃ Cell                                                                                                                                ┃ Count                  ┃
┡━━━━━━━━━━━━━━━━━━━━━━━━━━━━━━━━━━━━━━━━━━━━━━━━━━━━━━━━━━━━━━━━━━━━━━━━━━━━━━━━━━━━━━━━━━━━━━━━━━━━━━━━━━━━━━━━━━━━━━━━━━━━━━━━━━━━━╇━━━━━━━━━━━━━━━━━━━━━━━━┩
│ gf180mcu_fd_sc_mcu7t5v0__and2_1                                                                                                     │ 164                    │
│ gf180mcu_fd_sc_mcu7t5v0__and2_2                                                                                                     │ 12                     │
│ gf180mcu_fd_sc_mcu7t5v0__and2_4                                                                                                     │ 2                      │
│ gf180mcu_fd_sc_mcu7t5v0__and3_1                                                                                                     │ 31                     │
│ gf180mcu_fd_sc_mcu7t5v0__and4_1                                                                                                     │ 31                     │
│ gf180mcu_fd_sc_mcu7t5v0__and4_2                                                                                                     │ 2                      │
│ gf180mcu_fd_sc_mcu7t5v0__antenna                                                                                                    │ 2                      │
│ gf180mcu_fd_sc_mcu7t5v0__aoi211_1                                                                                                   │ 136                    │
│ gf180mcu_fd_sc_mcu7t5v0__aoi211_2                                                                                                   │ 5                      │
│ gf180mcu_fd_sc_mcu7t5v0__aoi21_1                                                                                                    │ 559                    │
│ gf180mcu_fd_sc_mcu7t5v0__aoi21_2                                                                                                    │ 66                     │
│ gf180mcu_fd_sc_mcu7t5v0__aoi21_4                                                                                                    │ 11                     │
│ gf180mcu_fd_sc_mcu7t5v0__aoi221_1                                                                                                   │ 242                    │
│ gf180mcu_fd_sc_mcu7t5v0__aoi221_2                                                                                                   │ 2                      │
│ gf180mcu_fd_sc_mcu7t5v0__aoi22_1                                                                                                    │ 880                    │
│ gf180mcu_fd_sc_mcu7t5v0__aoi22_2                                                                                                    │ 5                      │
│ gf180mcu_fd_sc_mcu7t5v0__aoi22_4                                                                                                    │ 1                      │
│ gf180mcu_fd_sc_mcu7t5v0__buf_1                                                                                                      │ 1535                   │
│ gf180mcu_fd_sc_mcu7t5v0__buf_12                                                                                                     │ 2                      │
│ gf180mcu_fd_sc_mcu7t5v0__buf_2                                                                                                      │ 574                    │
│ gf180mcu_fd_sc_mcu7t5v0__buf_3                                                                                                      │ 266                    │
│ gf180mcu_fd_sc_mcu7t5v0__buf_4                                                                                                      │ 722                    │
│ gf180mcu_fd_sc_mcu7t5v0__buf_8                                                                                                      │ 241                    │
│ gf180mcu_fd_sc_mcu7t5v0__bufz_4                                                                                                     │ 4                      │
│ gf180mcu_fd_sc_mcu7t5v0__clkbuf_1                                                                                                   │ 60                     │
│ gf180mcu_fd_sc_mcu7t5v0__clkbuf_16                                                                                                  │ 17                     │
│ gf180mcu_fd_sc_mcu7t5v0__clkbuf_2                                                                                                   │ 145                    │
│ gf180mcu_fd_sc_mcu7t5v0__clkbuf_3                                                                                                   │ 66                     │
│ gf180mcu_fd_sc_mcu7t5v0__clkbuf_4                                                                                                   │ 75                     │
│ gf180mcu_fd_sc_mcu7t5v0__clkbuf_8                                                                                                   │ 643                    │
│ gf180mcu_fd_sc_mcu7t5v0__clkinv_1                                                                                                   │ 2801                   │
│ gf180mcu_fd_sc_mcu7t5v0__clkinv_2                                                                                                   │ 24                     │
│ gf180mcu_fd_sc_mcu7t5v0__clkinv_3                                                                                                   │ 5                      │
│ gf180mcu_fd_sc_mcu7t5v0__clkinv_4                                                                                                   │ 10                     │
│ gf180mcu_fd_sc_mcu7t5v0__clkinv_8                                                                                                   │ 6                      │
│ gf180mcu_fd_sc_mcu7t5v0__dffnq_1                                                                                                    │ 4                      │
│ gf180mcu_fd_sc_mcu7t5v0__dffq_1                                                                                                     │ 4081                   │
│ gf180mcu_fd_sc_mcu7t5v0__dffrnq_1                                                                                                   │ 1325                   │
│ gf180mcu_fd_sc_mcu7t5v0__dffsnq_1                                                                                                   │ 175                    │
│ gf180mcu_fd_sc_mcu7t5v0__dlyb_1                                                                                                     │ 372                    │
│ gf180mcu_fd_sc_mcu7t5v0__endcap                                                                                                     │ 546                    │
│ gf180mcu_fd_sc_mcu7t5v0__fill_1                                                                                                     │ 10051                  │
│ gf180mcu_fd_sc_mcu7t5v0__fill_2                                                                                                     │ 9130                   │
│ gf180mcu_fd_sc_mcu7t5v0__fillcap_16                                                                                                 │ 591                    │
│ gf180mcu_fd_sc_mcu7t5v0__fillcap_32                                                                                                 │ 51                     │
│ gf180mcu_fd_sc_mcu7t5v0__fillcap_4                                                                                                  │ 5105                   │
│ gf180mcu_fd_sc_mcu7t5v0__fillcap_64                                                                                                 │ 1                      │
│ gf180mcu_fd_sc_mcu7t5v0__fillcap_8                                                                                                  │ 2502                   │
│ gf180mcu_fd_sc_mcu7t5v0__filltie                                                                                                    │ 7429                   │
│ gf180mcu_fd_sc_mcu7t5v0__icgtp_1                                                                                                    │ 4                      │
│ gf180mcu_fd_sc_mcu7t5v0__inv_1                                                                                                      │ 239                    │
│ gf180mcu_fd_sc_mcu7t5v0__inv_12                                                                                                     │ 1                      │
│ gf180mcu_fd_sc_mcu7t5v0__inv_2                                                                                                      │ 75                     │
│ gf180mcu_fd_sc_mcu7t5v0__inv_3                                                                                                      │ 25                     │
│ gf180mcu_fd_sc_mcu7t5v0__inv_4                                                                                                      │ 16                     │
│ gf180mcu_fd_sc_mcu7t5v0__nand2_1                                                                                                    │ 10678                  │
│ gf180mcu_fd_sc_mcu7t5v0__nand2_2                                                                                                    │ 225                    │
│ gf180mcu_fd_sc_mcu7t5v0__nand2_4                                                                                                    │ 54                     │
│ gf180mcu_fd_sc_mcu7t5v0__nand3_1                                                                                                    │ 2374                   │
│ gf180mcu_fd_sc_mcu7t5v0__nand3_2                                                                                                    │ 40                     │
│ gf180mcu_fd_sc_mcu7t5v0__nand3_4                                                                                                    │ 17                     │
│ gf180mcu_fd_sc_mcu7t5v0__nand4_1                                                                                                    │ 619                    │
│ gf180mcu_fd_sc_mcu7t5v0__nand4_2                                                                                                    │ 7                      │
│ gf180mcu_fd_sc_mcu7t5v0__nand4_4                                                                                                    │ 1                      │
│ gf180mcu_fd_sc_mcu7t5v0__nor2_1                                                                                                     │ 726                    │
│ gf180mcu_fd_sc_mcu7t5v0__nor2_2                                                                                                     │ 88                     │
│ gf180mcu_fd_sc_mcu7t5v0__nor2_4                                                                                                     │ 13                     │
│ gf180mcu_fd_sc_mcu7t5v0__nor3_1                                                                                                     │ 148                    │
│ gf180mcu_fd_sc_mcu7t5v0__nor3_2                                                                                                     │ 26                     │
│ gf180mcu_fd_sc_mcu7t5v0__nor3_4                                                                                                     │ 7                      │
│ gf180mcu_fd_sc_mcu7t5v0__nor4_1                                                                                                     │ 80                     │
│ gf180mcu_fd_sc_mcu7t5v0__nor4_2                                                                                                     │ 5                      │
│ gf180mcu_fd_sc_mcu7t5v0__nor4_4                                                                                                     │ 3                      │
│ gf180mcu_fd_sc_mcu7t5v0__oai211_1                                                                                                   │ 263                    │
│ gf180mcu_fd_sc_mcu7t5v0__oai211_2                                                                                                   │ 2                      │
│ gf180mcu_fd_sc_mcu7t5v0__oai21_1                                                                                                    │ 3605                   │
│ gf180mcu_fd_sc_mcu7t5v0__oai21_2                                                                                                    │ 696                    │
│ gf180mcu_fd_sc_mcu7t5v0__oai21_4                                                                                                    │ 981                    │
│ gf180mcu_fd_sc_mcu7t5v0__oai221_1                                                                                                   │ 143                    │
│ gf180mcu_fd_sc_mcu7t5v0__oai221_2                                                                                                   │ 66                     │
│ gf180mcu_fd_sc_mcu7t5v0__oai221_4                                                                                                   │ 32                     │
│ gf180mcu_fd_sc_mcu7t5v0__oai22_1                                                                                                    │ 175                    │
│ gf180mcu_fd_sc_mcu7t5v0__oai22_2                                                                                                    │ 8                      │
│ gf180mcu_fd_sc_mcu7t5v0__oai22_4                                                                                                    │ 1                      │
│ gf180mcu_fd_sc_mcu7t5v0__oai31_1                                                                                                    │ 18                     │
│ gf180mcu_fd_sc_mcu7t5v0__oai31_2                                                                                                    │ 33                     │
│ gf180mcu_fd_sc_mcu7t5v0__oai32_1                                                                                                    │ 21                     │
│ gf180mcu_fd_sc_mcu7t5v0__oai32_2                                                                                                    │ 2                      │
│ gf180mcu_fd_sc_mcu7t5v0__oai32_4                                                                                                    │ 2                      │
│ gf180mcu_fd_sc_mcu7t5v0__or2_1                                                                                                      │ 182                    │
│ gf180mcu_fd_sc_mcu7t5v0__or2_2                                                                                                      │ 9                      │
│ gf180mcu_fd_sc_mcu7t5v0__or2_4                                                                                                      │ 1                      │
│ gf180mcu_fd_sc_mcu7t5v0__or3_1                                                                                                      │ 8                      │
│ gf180mcu_fd_sc_mcu7t5v0__or3_4                                                                                                      │ 1                      │
│ gf180mcu_fd_sc_mcu7t5v0__or4_1                                                                                                      │ 9                      │
│ gf180mcu_fd_sc_mcu7t5v0__tieh                                                                                                       │ 2                      │
│ gf180mcu_fd_sc_mcu7t5v0__tiel                                                                                                       │ 7                      │
│ gf180mcu_fd_sc_mcu7t5v0__xnor2_1                                                                                                    │ 1                      │
│ gf180mcu_fd_sc_mcu7t5v0__xnor3_1                                                                                                    │ 4                      │
└─────────────────────────────────────────────────────────────────────────────────────────────────────────────────────────────────────┴────────────────────────┘
