Clock: clk_i
Sources: clk_i 
Generated: no
Virtual: yes
Propagated: no
Period: 100.000000

===========================================================================
report_clock_properties
============================================================================
Clock                   Period          Waveform
----------------------------------------------------
clk_i               100.000000    0.000000 50.000000

===========================================================================
report_clock_latency
============================================================================
Clock clk_i
rise -> rise
    min     max
0.000000 0.000000 source latency
1.748617         network latency _60995_/CLK
        1.986723 network latency _57888_/CLK
---------------
1.748617 1.986723 latency
        0.238106 skew

fall -> fall
    min     max
0.000000 0.000000 source latency
1.572552         network latency _60995_/CLK
        1.850644 network latency _57888_/CLK
---------------
1.572552 1.850644 latency
        0.278092 skew



===========================================================================
report_clock_min_period
============================================================================
clk_i period_min = 12.76 fmax = 78.38
