
===========================================================================
 report_power
============================================================================
======================= min_ff_n40C_5v50 Corner ===================================

Group                    Internal    Switching      Leakage        Total
                            Power        Power        Power        Power (Watts)
------------------------------------------------------------------------
Sequential           3.619496e-02 1.262430e-06 2.787535e-06 3.619901e-02  50.7%
Combinational        8.768067e-05 2.076237e-04 4.247068e-06 2.995515e-04   0.4%
Clock                2.016343e-02 1.477136e-02 2.552938e-06 3.493734e-02  48.9%
Macro                0.000000e+00 0.000000e+00 0.000000e+00 0.000000e+00   0.0%
Pad                  0.000000e+00 0.000000e+00 0.000000e+00 0.000000e+00   0.0%
------------------------------------------------------------------------
Total                5.644609e-02 1.498025e-02 9.586069e-06 7.143594e-02 100.0%
                            79.0%        21.0%         0.0%

