Clock: clk_i
Sources: clk_i 
Generated: no
Virtual: yes
Propagated: no
Period: 100.000000

===========================================================================
report_clock_properties
============================================================================
Clock                   Period          Waveform
----------------------------------------------------
clk_i               100.000000    0.000000 50.000000

===========================================================================
report_clock_latency
============================================================================
Clock clk_i
rise -> rise
    min     max
0.000000 0.000000 source latency
2.699409         network latency _61480_/CLK
        3.086453 network latency _58213_/CLK
---------------
2.699409 3.086453 latency
        0.387044 skew

fall -> fall
    min     max
0.000000 0.000000 source latency
2.434430         network latency _61480_/CLK
        2.893653 network latency _59047_/CLK
---------------
2.434430 2.893653 latency
        0.459224 skew



===========================================================================
report_clock_min_period
============================================================================
clk_i period_min = 19.53 fmax = 51.21
