Clock: clk_i
Sources: clk_i 
Generated: no
Virtual: yes
Propagated: no
Period: 40.000000

===========================================================================
report_clock_properties
============================================================================
Clock                   Period          Waveform
----------------------------------------------------
clk_i                40.000000    0.000000 20.000000

===========================================================================
report_clock_latency
============================================================================
Clock clk_i
rise -> rise
    min     max
0.000000 0.000000 source latency
2.685935         network latency _61480_/CLK
        3.050767 network latency _57845_/CLK
---------------
2.685935 3.050767 latency
        0.364833 skew

fall -> fall
    min     max
0.000000 0.000000 source latency
2.429417         network latency _61480_/CLK
        2.860435 network latency _57845_/CLK
---------------
2.429417 2.860435 latency
        0.431019 skew



===========================================================================
report_clock_min_period
============================================================================
clk_i period_min = 19.22 fmax = 52.02
