
===========================================================================
 report_power
============================================================================
======================= min_tt_025C_5v00 Corner ===================================

Group                    Internal    Switching      Leakage        Total
                            Power        Power        Power        Power (Watts)
------------------------------------------------------------------------
Sequential           7.399908e-02 2.730065e-06 2.280869e-06 7.400409e-02  51.2%
Combinational        1.894649e-04 4.409082e-04 3.568572e-06 6.339417e-04   0.4%
Clock                3.928723e-02 3.058399e-02 2.082551e-06 6.987330e-02  48.4%
Macro                0.000000e+00 0.000000e+00 0.000000e+00 0.000000e+00   0.0%
Pad                  0.000000e+00 0.000000e+00 0.000000e+00 0.000000e+00   0.0%
------------------------------------------------------------------------
Total                1.134757e-01 3.102763e-02 7.931282e-06 1.445113e-01 100.0%
                            78.5%        21.5%         0.0%

