Clock: clk_i
Sources: clk_i 
Generated: no
Virtual: no
Propagated: no
Period: 40.000000

===========================================================================
report_clock_properties
============================================================================
Clock                   Period          Waveform
----------------------------------------------------
clk_i                40.000000    0.000000 20.000000

===========================================================================
report_clock_latency
============================================================================
Clock clk_i
rise -> rise
    min     max
0.000000 0.000000 source latency
11.504161         network latency _56385_/CLK
        55.063110 network latency _56668_/CLK
---------------
11.504161 55.063110 latency
        43.558949 skew

fall -> fall
    min     max
0.000000 0.000000 source latency
7.257017         network latency _56385_/CLK
        43.054665 network latency _56668_/CLK
---------------
7.257017 43.054665 latency
        35.797649 skew



===========================================================================
report_clock_min_period
============================================================================
clk_i period_min = 47.72 fmax = 20.96
