
===========================================================================
 report_power
============================================================================
======================= nom_tt_025C_5v00 Corner ===================================

Group                    Internal    Switching      Leakage        Total
                            Power        Power        Power        Power (Watts)
------------------------------------------------------------------------
Sequential           5.947714e-02 1.366156e-06 2.280869e-06 5.948079e-02  90.8%
Combinational        6.166122e-05 9.788375e-06 3.257487e-06 7.470709e-05   0.1%
Clock                8.068176e-05 5.884338e-03 1.328315e-09 5.965021e-03   9.1%
Macro                0.000000e+00 0.000000e+00 0.000000e+00 0.000000e+00   0.0%
Pad                  0.000000e+00 0.000000e+00 0.000000e+00 0.000000e+00   0.0%
------------------------------------------------------------------------
Total                5.961948e-02 5.895493e-03 5.539469e-06 6.552051e-02 100.0%
                            91.0%         9.0%         0.0%

