Clock: clk_i
Sources: clk_i 
Generated: no
Virtual: yes
Propagated: no
Period: 50.000000

===========================================================================
report_clock_properties
============================================================================
Clock                   Period          Waveform
----------------------------------------------------
clk_i                50.000000    0.000000 25.000000

===========================================================================
report_clock_latency
============================================================================
Clock clk_i
rise -> rise
    min     max
0.000000 0.000000 source latency
1.709966         network latency _61789_/CLK
        2.042505 network latency _61386_/CLK
---------------
1.709966 2.042505 latency
        0.332539 skew

fall -> fall
    min     max
0.000000 0.000000 source latency
1.592945         network latency _61788_/CLK
        1.926633 network latency _61027_/CLK
---------------
1.592945 1.926633 latency
        0.333689 skew



===========================================================================
report_clock_min_period
============================================================================
clk_i period_min = 14.89 fmax = 67.15
