
===========================================================================
report_checks -unconstrained
===========================================================================
======================= max_ss_125C_4v50 Corner ===================================

Startpoint: rst_ni (input port clocked by clk_i)
Endpoint: _61704_ (recovery check against rising-edge clock clk_i)
Path Group: asynchronous
Path Type: max

Fanout         Cap        Slew       Delay        Time   Description
---------------------------------------------------------------------------------------------
                                  0.000000    0.000000   clock clk_i (rise edge)
                                  0.000000    0.000000   clock network delay (propagated)
                                 20.000000   20.000000 ^ input external delay
     1    0.008949    0.331094    0.142594   20.142593 ^ rst_ni (in)
                                                         rst_ni (net)
                      0.331094    0.000000   20.142593 ^ input3/I (gf180mcu_fd_sc_mcu7t5v0__buf_2)
     2    0.101296    1.436372    1.080410   21.223005 ^ input3/Z (gf180mcu_fd_sc_mcu7t5v0__buf_2)
                                                         net3 (net)
                      1.436372    0.000865   21.223869 ^ max_cap1278/I (gf180mcu_fd_sc_mcu7t5v0__buf_12)
     4    0.225141    0.568978    0.634250   21.858120 ^ max_cap1278/Z (gf180mcu_fd_sc_mcu7t5v0__buf_12)
                                                         net1278 (net)
                      0.583239    0.056662   21.914782 ^ fanout1197/I (gf180mcu_fd_sc_mcu7t5v0__dlyb_1)
     5    0.089594    2.523731    3.073859   24.988642 ^ fanout1197/Z (gf180mcu_fd_sc_mcu7t5v0__dlyb_1)
                                                         net1197 (net)
                      2.523731    0.001895   24.990536 ^ load_slew1198/I (gf180mcu_fd_sc_mcu7t5v0__buf_4)
     2    0.106143    0.793925    0.778257   25.768793 ^ load_slew1198/Z (gf180mcu_fd_sc_mcu7t5v0__buf_4)
                                                         net1198 (net)
                      0.794348    0.009658   25.778452 ^ fanout1174/I (gf180mcu_fd_sc_mcu7t5v0__dlyb_1)
     5    0.107431    3.007085    3.361162   29.139614 ^ fanout1174/Z (gf180mcu_fd_sc_mcu7t5v0__dlyb_1)
                                                         net1174 (net)
                      3.007085    0.002931   29.142546 ^ fanout1173/I (gf180mcu_fd_sc_mcu7t5v0__dlyb_1)
     8    0.078656    2.229930    2.882224   32.024769 ^ fanout1173/Z (gf180mcu_fd_sc_mcu7t5v0__dlyb_1)
                                                         net1173 (net)
                      2.229946    0.003407   32.028175 ^ fanout1172/I (gf180mcu_fd_sc_mcu7t5v0__dlyb_1)
     5    0.071597    2.038325    2.804182   34.832359 ^ fanout1172/Z (gf180mcu_fd_sc_mcu7t5v0__dlyb_1)
                                                         net1172 (net)
                      2.038325    0.001307   34.833664 ^ fanout1171/I (gf180mcu_fd_sc_mcu7t5v0__dlyb_1)
     8    0.080567    2.281037    2.951442   37.785107 ^ fanout1171/Z (gf180mcu_fd_sc_mcu7t5v0__dlyb_1)
                                                         net1171 (net)
                      2.281046    0.002672   37.787781 ^ fanout1170/I (gf180mcu_fd_sc_mcu7t5v0__dlyb_1)
    10    0.105571    2.958045    3.331802   41.119583 ^ fanout1170/Z (gf180mcu_fd_sc_mcu7t5v0__dlyb_1)
                                                         net1170 (net)
                      2.958045    0.002061   41.121643 ^ _61704_/RN (gf180mcu_fd_sc_mcu7t5v0__dffrnq_1)
                                             41.121643   data arrival time

                                100.000000  100.000000   clock clk_i (rise edge)
                                  0.000000  100.000000   clock source latency
     2    0.212983    1.479503    0.820464  100.820457 ^ clk_i (in)
                                                         clk_i (net)
                      1.480304    0.000000  100.820457 ^ delaybuf_1_clk_i/I (gf180mcu_fd_sc_mcu7t5v0__clkbuf_16)
     1    0.053832    0.242603    0.669132  101.489594 ^ delaybuf_1_clk_i/Z (gf180mcu_fd_sc_mcu7t5v0__clkbuf_16)
                                                         delaynet_1_clk_i (net)
                      0.242633    0.004590  101.494186 ^ delaybuf_2_clk_i/I (gf180mcu_fd_sc_mcu7t5v0__clkbuf_16)
     1    0.051027    0.206129    0.453731  101.947914 ^ delaybuf_2_clk_i/Z (gf180mcu_fd_sc_mcu7t5v0__clkbuf_16)
                                                         delaynet_2_clk_i (net)
                      0.206151    0.003766  101.951683 ^ delaybuf_3_clk_i/I (gf180mcu_fd_sc_mcu7t5v0__clkbuf_16)
     1    0.048918    0.202863    0.443315  102.394997 ^ delaybuf_3_clk_i/Z (gf180mcu_fd_sc_mcu7t5v0__clkbuf_16)
                                                         delaynet_3_clk_i (net)
                      0.202881    0.003574  102.398567 ^ clkbuf_regs_0_clk_i/I (gf180mcu_fd_sc_mcu7t5v0__clkbuf_16)
     1    0.025517    0.166786    0.414914  102.813484 ^ clkbuf_regs_0_clk_i/Z (gf180mcu_fd_sc_mcu7t5v0__clkbuf_16)
                                                         clk_i_regs (net)
                      0.166786    0.000625  102.814110 ^ clkbuf_0_clk_i_regs/I (gf180mcu_fd_sc_mcu7t5v0__clkbuf_16)
     8    0.247311    0.505128    0.639965  103.454071 ^ clkbuf_0_clk_i_regs/Z (gf180mcu_fd_sc_mcu7t5v0__clkbuf_16)
                                                         clknet_0_clk_i_regs (net)
                      0.505262    0.009052  103.463127 ^ clkbuf_3_6_0_clk_i_regs/I (gf180mcu_fd_sc_mcu7t5v0__clkbuf_8)
     4    0.187688    0.711432    0.834945  104.298073 ^ clkbuf_3_6_0_clk_i_regs/Z (gf180mcu_fd_sc_mcu7t5v0__clkbuf_8)
                                                         clknet_3_6_0_clk_i_regs (net)
                      0.711515    0.003809  104.301880 ^ clkbuf_5_27__f_clk_i_regs/I (gf180mcu_fd_sc_mcu7t5v0__clkbuf_16)
     5    0.099815    0.286004    0.612545  104.914421 ^ clkbuf_5_27__f_clk_i_regs/Z (gf180mcu_fd_sc_mcu7t5v0__clkbuf_16)
                                                         clknet_5_27__leaf_clk_i_regs (net)
                      0.286005    0.001094  104.915520 ^ clkbuf_leaf_34_clk_i_regs/I (gf180mcu_fd_sc_mcu7t5v0__clkbuf_8)
    10    0.066358    0.325594    0.544553  105.460068 ^ clkbuf_leaf_34_clk_i_regs/Z (gf180mcu_fd_sc_mcu7t5v0__clkbuf_8)
                                                         clknet_leaf_34_clk_i_regs (net)
                      0.325594    0.001066  105.461136 ^ _61704_/CLK (gf180mcu_fd_sc_mcu7t5v0__dffrnq_1)
                                 -0.250000  105.211136   clock uncertainty
                                  0.000000  105.211136   clock reconvergence pessimism
                                 -0.234012  104.977127   library recovery time
                                            104.977127   data required time
---------------------------------------------------------------------------------------------
                                            104.977127   data required time
                                            -41.121643   data arrival time
---------------------------------------------------------------------------------------------
                                             63.855484   slack (MET)


Startpoint: _61323_ (falling edge-triggered flip-flop clocked by clk_i)
Endpoint: spi_flash_sd_io[3] (output port clocked by clk_i)
Path Group: clk_i
Path Type: max

Fanout         Cap        Slew       Delay        Time   Description
---------------------------------------------------------------------------------------------
                                 50.000000   50.000000   clock clk_i (fall edge)
                                  0.000000   50.000000   clock source latency
     2    0.212983    0.864813    0.496790   50.496788 v clk_i (in)
                                                         clk_i (net)
                      0.866080    0.000000   50.496788 v delaybuf_1_clk_i/I (gf180mcu_fd_sc_mcu7t5v0__clkbuf_16)
     1    0.053832    0.220541    0.635282   51.132072 v delaybuf_1_clk_i/Z (gf180mcu_fd_sc_mcu7t5v0__clkbuf_16)
                                                         delaynet_1_clk_i (net)
                      0.220574    0.004583   51.136654 v delaybuf_2_clk_i/I (gf180mcu_fd_sc_mcu7t5v0__clkbuf_16)
     1    0.051027    0.201939    0.449674   51.586327 v delaybuf_2_clk_i/Z (gf180mcu_fd_sc_mcu7t5v0__clkbuf_16)
                                                         delaynet_2_clk_i (net)
                      0.201963    0.003762   51.590092 v delaybuf_3_clk_i/I (gf180mcu_fd_sc_mcu7t5v0__clkbuf_16)
     1    0.048918    0.198811    0.441478   52.031567 v delaybuf_3_clk_i/Z (gf180mcu_fd_sc_mcu7t5v0__clkbuf_16)
                                                         delaynet_3_clk_i (net)
                      0.198833    0.003570   52.035137 v clkbuf_regs_0_clk_i/I (gf180mcu_fd_sc_mcu7t5v0__clkbuf_16)
     1    0.025517    0.162235    0.410719   52.445858 v clkbuf_regs_0_clk_i/Z (gf180mcu_fd_sc_mcu7t5v0__clkbuf_16)
                                                         clk_i_regs (net)
                      0.162236    0.000625   52.446484 v clkbuf_0_clk_i_regs/I (gf180mcu_fd_sc_mcu7t5v0__clkbuf_16)
     8    0.247311    0.494930    0.648072   53.094555 v clkbuf_0_clk_i_regs/Z (gf180mcu_fd_sc_mcu7t5v0__clkbuf_16)
                                                         clknet_0_clk_i_regs (net)
                      0.495220    0.005755   53.100311 v clkbuf_3_7_0_clk_i_regs/I (gf180mcu_fd_sc_mcu7t5v0__clkbuf_8)
     4    0.151163    0.631541    0.841556   53.941864 v clkbuf_3_7_0_clk_i_regs/Z (gf180mcu_fd_sc_mcu7t5v0__clkbuf_8)
                                                         clknet_3_7_0_clk_i_regs (net)
                      0.631652    0.004558   53.946423 v clkbuf_5_31__f_clk_i_regs/I (gf180mcu_fd_sc_mcu7t5v0__clkbuf_16)
     5    0.096067    0.275773    0.630017   54.576443 v clkbuf_5_31__f_clk_i_regs/Z (gf180mcu_fd_sc_mcu7t5v0__clkbuf_16)
                                                         clknet_5_31__leaf_clk_i_regs (net)
                      0.275774    0.001297   54.577736 v clkbuf_leaf_80_clk_i_regs/I (gf180mcu_fd_sc_mcu7t5v0__clkbuf_8)
    10    0.064805    0.343839    0.577071   55.154808 v clkbuf_leaf_80_clk_i_regs/Z (gf180mcu_fd_sc_mcu7t5v0__clkbuf_8)
                                                         clknet_leaf_80_clk_i_regs (net)
                      0.343839    0.000760   55.155567 v _61323_/CLKN (gf180mcu_fd_sc_mcu7t5v0__dffnq_1)
     1    0.006627    0.313032    1.478384   56.633953 ^ _61323_/Q (gf180mcu_fd_sc_mcu7t5v0__dffnq_1)
                                                         i_core_v_mini_mcu.ao_peripheral_subsystem_i.spi_subsystem_i.obi_spimemio_i.spimemio_i.xfer_io3_90 (net)
                      0.313032    0.000139   56.634090 ^ _33459_/A2 (gf180mcu_fd_sc_mcu7t5v0__nor2_1)
     1    0.006948    0.548087    0.273527   56.907619 v _33459_/ZN (gf180mcu_fd_sc_mcu7t5v0__nor2_1)
                                                         _10488_ (net)
                      0.548087    0.000142   56.907761 v _33461_/A2 (gf180mcu_fd_sc_mcu7t5v0__oai21_1)
     1    0.012316    0.935214    0.685802   57.593563 ^ _33461_/ZN (gf180mcu_fd_sc_mcu7t5v0__oai21_1)
                                                         i_core_v_mini_mcu.ao_peripheral_subsystem_i.spi_subsystem_i.obi_spimemio_i.flash_io3_do_o (net)
                      0.935214    0.000270   57.593830 ^ gen_flash_sd[3].u_pad_drv/I (gf180mcu_fd_sc_mcu7t5v0__bufz_4)
     3    0.188130    1.346618    1.271513   58.865345 ^ gen_flash_sd[3].u_pad_drv/Z (gf180mcu_fd_sc_mcu7t5v0__bufz_4)
                                                         spi_flash_sd_io[3] (net)
                      1.347865    0.023181   58.888527 ^ spi_flash_sd_io[3] (inout)
                                             58.888527   data arrival time

                                100.000000  100.000000   clock clk_i (rise edge)
                                  0.000000  100.000000   clock network delay (propagated)
                                 -0.250000   99.750000   clock uncertainty
                                  0.000000   99.750000   clock reconvergence pessimism
                                -20.000000   79.750000   output external delay
                                             79.750000   data required time
---------------------------------------------------------------------------------------------
                                             79.750000   data required time
                                            -58.888527   data arrival time
---------------------------------------------------------------------------------------------
                                             20.861471   slack (MET)




===========================================================================
report_checks --slack_max -0.01
============================================================================
======================= max_ss_125C_4v50 Corner ===================================

No paths found.


===========================================================================
 report_check_types -max_slew -max_cap -max_fanout -violators
============================================================================
======================= max_ss_125C_4v50 Corner ===================================

max slew

Pin                                        Limit        Slew       Slack
------------------------------------------------------------------------
spi_flash_sd_io[3]                      4.000000    5.186800   -1.186800 (VIOLATED)
_55685_/A2                              4.000000    5.058586   -1.058586 (VIOLATED)
_55682_/ZN                              4.000000    5.058566   -1.058566 (VIOLATED)
spi_flash_sd_io[1]                      4.000000    5.033404   -1.033404 (VIOLATED)
_55776_/A2                              4.000000    4.979083   -0.979083 (VIOLATED)
_55774_/ZN                              4.000000    4.979063   -0.979063 (VIOLATED)
_37853_/I                               4.000000    4.966965   -0.966965 (VIOLATED)
_40573_/A1                              4.000000    4.966961   -0.966961 (VIOLATED)
_40343_/A1                              4.000000    4.966957   -0.966957 (VIOLATED)
_37852_/ZN                              4.000000    4.966955   -0.966955 (VIOLATED)
_40531_/A1                              4.000000    4.966955   -0.966955 (VIOLATED)
max_cap387/I                            4.000000    4.966955   -0.966955 (VIOLATED)
_55751_/A2                              4.000000    4.795416   -0.795416 (VIOLATED)
_55749_/ZN                              4.000000    4.795395   -0.795395 (VIOLATED)
spi_flash_sd_io[0]                      4.000000    4.783541   -0.783541 (VIOLATED)
spi_flash_sd_io[2]                      4.000000    4.750721   -0.750721 (VIOLATED)
_37940_/I                               4.000000    4.712408   -0.712408 (VIOLATED)
_40725_/I                               4.000000    4.712374   -0.712374 (VIOLATED)
_38477_/I                               4.000000    4.712358   -0.712358 (VIOLATED)
_37644_/I                               4.000000    4.712357   -0.712356 (VIOLATED)
_39012_/I                               4.000000    4.712343   -0.712343 (VIOLATED)
_40672_/I                               4.000000    4.712250   -0.712250 (VIOLATED)
_40619_/I                               4.000000    4.712057   -0.712057 (VIOLATED)
_40085_/I                               4.000000    4.712008   -0.712009 (VIOLATED)
_39551_/I                               4.000000    4.711941   -0.711941 (VIOLATED)
_37643_/Z                               4.000000    4.711887   -0.711887 (VIOLATED)
_47313_/A1                              4.000000    4.535742   -0.535742 (VIOLATED)
_28444_/I                               4.000000    4.535477   -0.535477 (VIOLATED)
_48090_/A2                              4.000000    4.535408   -0.535408 (VIOLATED)
_28928_/A3                              4.000000    4.535387   -0.535387 (VIOLATED)
_29516_/A1                              4.000000    4.535370   -0.535370 (VIOLATED)
_28443_/ZN                              4.000000    4.535328   -0.535328 (VIOLATED)
ANTENNA_2/I                             4.000000    4.511215   -0.511215 (VIOLATED)
i_core_v_mini_mcu.peripheral_subsystem_i.clk_gating_cell.u_icg/E    4.000000    4.511215   -0.511215 (VIOLATED)
_29111_/ZN                              4.000000    4.510509   -0.510509 (VIOLATED)
_29447_/A1                              4.000000    4.510509   -0.510509 (VIOLATED)
_37048_/I                               4.000000    4.490505   -0.490505 (VIOLATED)
_29065_/A2                              4.000000    4.490462   -0.490462 (VIOLATED)
_33558_/I                               4.000000    4.490310   -0.490310 (VIOLATED)
_28734_/A2                              4.000000    4.490249   -0.490249 (VIOLATED)
_28729_/Z                               4.000000    4.489836   -0.489836 (VIOLATED)
_33565_/A2                              4.000000    4.482953   -0.482953 (VIOLATED)
_47411_/A2                              4.000000    4.482772   -0.482772 (VIOLATED)
_37154_/A2                              4.000000    4.482474   -0.482474 (VIOLATED)
_33564_/ZN                              4.000000    4.482455   -0.482455 (VIOLATED)
_32021_/ZN                              4.000000    4.451539   -0.451539 (VIOLATED)
_51792_/A1                              4.000000    4.451539   -0.451539 (VIOLATED)
_51794_/A1                              4.000000    4.451539   -0.451539 (VIOLATED)
max_cap1287/I                           4.000000    4.451539   -0.451539 (VIOLATED)
max_cap39/I                             4.000000    4.451539   -0.451539 (VIOLATED)
_31133_/A1                              4.000000    4.444833   -0.444833 (VIOLATED)
_31052_/A1                              4.000000    4.444832   -0.444832 (VIOLATED)
_31214_/B1                              4.000000    4.444825   -0.444825 (VIOLATED)
_30793_/A1                              4.000000    4.444822   -0.444822 (VIOLATED)
_30064_/A1                              4.000000    4.444798   -0.444798 (VIOLATED)
_30439_/A1                              4.000000    4.444792   -0.444792 (VIOLATED)
_30268_/B1                              4.000000    4.444790   -0.444790 (VIOLATED)
_30694_/B2                              4.000000    4.444785   -0.444785 (VIOLATED)
_47320_/A2                              4.000000    4.444784   -0.444784 (VIOLATED)
_30208_/B1                              4.000000    4.444775   -0.444775 (VIOLATED)
_30063_/Z                               4.000000    4.444754   -0.444754 (VIOLATED)
_36282_/A1                              4.000000    4.434691   -0.434691 (VIOLATED)
_36277_/A1                              4.000000    4.434674   -0.434674 (VIOLATED)
_36285_/A2                              4.000000    4.434650   -0.434650 (VIOLATED)
_36289_/A2                              4.000000    4.434649   -0.434650 (VIOLATED)
_35489_/I                               4.000000    4.434631   -0.434631 (VIOLATED)
_35542_/I                               4.000000    4.434569   -0.434569 (VIOLATED)
_35704_/I                               4.000000    4.434309   -0.434309 (VIOLATED)
_35621_/I                               4.000000    4.434268   -0.434268 (VIOLATED)
_35457_/I                               4.000000    4.434247   -0.434247 (VIOLATED)
_36513_/A2                              4.000000    4.434163   -0.434162 (VIOLATED)
_35456_/Z                               4.000000    4.434130   -0.434130 (VIOLATED)
_50744_/A1                              4.000000    4.427864   -0.427864 (VIOLATED)
_50748_/A1                              4.000000    4.427863   -0.427863 (VIOLATED)
_50740_/A1                              4.000000    4.427835   -0.427835 (VIOLATED)
_50705_/Z                               4.000000    4.427773   -0.427773 (VIOLATED)
_50709_/A1                              4.000000    4.427773   -0.427773 (VIOLATED)
_50713_/A1                              4.000000    4.427773   -0.427773 (VIOLATED)
_50717_/A1                              4.000000    4.427773   -0.427773 (VIOLATED)
_50721_/A1                              4.000000    4.427773   -0.427773 (VIOLATED)
_50725_/A1                              4.000000    4.427773   -0.427773 (VIOLATED)
_50730_/A1                              4.000000    4.427773   -0.427773 (VIOLATED)
_50734_/A1                              4.000000    4.427773   -0.427773 (VIOLATED)
_29065_/A1                              4.000000    4.420100   -0.420100 (VIOLATED)
_28930_/I                               4.000000    4.420099   -0.420099 (VIOLATED)
_29048_/A1                              4.000000    4.420021   -0.420020 (VIOLATED)
_28925_/ZN                              4.000000    4.419883   -0.419883 (VIOLATED)
_28926_/A4                              4.000000    4.419883   -0.419883 (VIOLATED)
fanout1115/I                            4.000000    4.369335   -0.369335 (VIOLATED)
_61367_/D                               4.000000    4.368682   -0.368682 (VIOLATED)
_46584_/A2                              4.000000    4.368593   -0.368593 (VIOLATED)
_59946_/Q                               4.000000    4.368593   -0.368593 (VIOLATED)
_35820_/A2                              4.000000    4.362600   -0.362600 (VIOLATED)
_36379_/A2                              4.000000    4.362599   -0.362599 (VIOLATED)
_36458_/A2                              4.000000    4.362594   -0.362594 (VIOLATED)
_36548_/A1                              4.000000    4.362573   -0.362573 (VIOLATED)
_36141_/A2                              4.000000    4.362572   -0.362572 (VIOLATED)
_36586_/B1                              4.000000    4.362569   -0.362569 (VIOLATED)
_36706_/B                               4.000000    4.362569   -0.362569 (VIOLATED)
_35984_/A2                              4.000000    4.362568   -0.362568 (VIOLATED)
_36221_/B1                              4.000000    4.362555   -0.362555 (VIOLATED)
_35819_/Z                               4.000000    4.362540   -0.362540 (VIOLATED)
_36297_/A1                              4.000000    4.362540   -0.362540 (VIOLATED)
_36271_/B1                              4.000000    4.361485   -0.361485 (VIOLATED)
_36243_/B1                              4.000000    4.361452   -0.361452 (VIOLATED)
_36167_/A1                              4.000000    4.361399   -0.361398 (VIOLATED)
_35717_/Z                               4.000000    4.361309   -0.361309 (VIOLATED)
wire574/I                               4.000000    4.361309   -0.361309 (VIOLATED)
_28635_/A2                              4.000000    4.360806   -0.360806 (VIOLATED)
_28923_/A2                              4.000000    4.360804   -0.360804 (VIOLATED)
_28906_/A3                              4.000000    4.360797   -0.360797 (VIOLATED)
_28400_/A2                              4.000000    4.360782   -0.360782 (VIOLATED)
_47584_/A2                              4.000000    4.360735   -0.360735 (VIOLATED)
_29623_/A1                              4.000000    4.360729   -0.360729 (VIOLATED)
_28374_/Z                               4.000000    4.360624   -0.360624 (VIOLATED)
_28375_/I                               4.000000    4.360624   -0.360624 (VIOLATED)
_29218_/A1                              4.000000    4.360624   -0.360624 (VIOLATED)
_29393_/A2                              4.000000    4.360624   -0.360624 (VIOLATED)
_29494_/A2                              4.000000    4.360624   -0.360624 (VIOLATED)
fanout1058/I                            4.000000    4.359647   -0.359647 (VIOLATED)
fanout1065/I                            4.000000    4.359588   -0.359587 (VIOLATED)
fanout1103/I                            4.000000    4.359460   -0.359460 (VIOLATED)
fanout1105/I                            4.000000    4.359246   -0.359246 (VIOLATED)
fanout1108/I                            4.000000    4.359183   -0.359183 (VIOLATED)
fanout1109/Z                            4.000000    4.359183   -0.359183 (VIOLATED)
_31670_/A1                              4.000000    4.356137   -0.356137 (VIOLATED)
_31837_/A1                              4.000000    4.356136   -0.356136 (VIOLATED)
_35698_/A1                              4.000000    4.356124   -0.356124 (VIOLATED)
_35694_/A2                              4.000000    4.356123   -0.356124 (VIOLATED)
_31669_/ZN                              4.000000    4.356097   -0.356097 (VIOLATED)
_32865_/B                               4.000000    4.356097   -0.356097 (VIOLATED)
_35382_/A1                              4.000000    4.356082   -0.356082 (VIOLATED)
_35393_/A2                              4.000000    4.356070   -0.356070 (VIOLATED)
_35412_/A1                              4.000000    4.356053   -0.356053 (VIOLATED)
_40928_/A2                              4.000000    4.355968   -0.355968 (VIOLATED)
_35831_/A2                              4.000000    4.355873   -0.355873 (VIOLATED)
_40888_/A2                              4.000000    4.355865   -0.355866 (VIOLATED)
_35824_/A2                              4.000000    4.355851   -0.355851 (VIOLATED)
_35381_/Z                               4.000000    4.355824   -0.355824 (VIOLATED)
_35997_/A1                              4.000000    4.355824   -0.355824 (VIOLATED)
_34430_/A2                              4.000000    4.352522   -0.352522 (VIOLATED)
_34434_/A2                              4.000000    4.352520   -0.352520 (VIOLATED)
_34384_/A1                              4.000000    4.352509   -0.352510 (VIOLATED)
_34823_/B1                              4.000000    4.352501   -0.352501 (VIOLATED)
_34836_/B1                              4.000000    4.352490   -0.352490 (VIOLATED)
_34412_/B1                              4.000000    4.352480   -0.352480 (VIOLATED)
_34416_/B1                              4.000000    4.352479   -0.352479 (VIOLATED)
_34791_/B1                              4.000000    4.352475   -0.352475 (VIOLATED)
_34383_/Z                               4.000000    4.352449   -0.352449 (VIOLATED)
_34773_/A1                              4.000000    4.352449   -0.352449 (VIOLATED)
_34809_/B1                              4.000000    4.352449   -0.352449 (VIOLATED)
_50774_/A1                              4.000000    4.349542   -0.349542 (VIOLATED)
_50754_/A1                              4.000000    4.349540   -0.349540 (VIOLATED)
_50768_/A1                              4.000000    4.349533   -0.349533 (VIOLATED)
_50661_/A1                              4.000000    4.349465   -0.349465 (VIOLATED)
_50762_/A1                              4.000000    4.349460   -0.349460 (VIOLATED)
_50758_/A1                              4.000000    4.349458   -0.349458 (VIOLATED)
_50660_/Z                               4.000000    4.349426   -0.349426 (VIOLATED)
_50667_/A1                              4.000000    4.349426   -0.349426 (VIOLATED)
_50671_/A1                              4.000000    4.349426   -0.349426 (VIOLATED)
_50675_/A1                              4.000000    4.349426   -0.349426 (VIOLATED)
_50680_/A1                              4.000000    4.349426   -0.349426 (VIOLATED)
fanout1239/I                            4.000000    4.347575   -0.347575 (VIOLATED)
fanout1220/I                            4.000000    4.347438   -0.347439 (VIOLATED)
fanout1231/I                            4.000000    4.347218   -0.347217 (VIOLATED)
fanout1258/I                            4.000000    4.347102   -0.347102 (VIOLATED)
fanout1276/I                            4.000000    4.347007   -0.347007 (VIOLATED)
fanout1277/Z                            4.000000    4.347007   -0.347007 (VIOLATED)
_40383_/A1                              4.000000    4.336215   -0.336215 (VIOLATED)
_40196_/A1                              4.000000    4.336214   -0.336214 (VIOLATED)
wire342/I                               4.000000    4.336196   -0.336196 (VIOLATED)
_37650_/ZN                              4.000000    4.336180   -0.336180 (VIOLATED)
_39816_/A1                              4.000000    4.336180   -0.336180 (VIOLATED)
_34272_/A1                              4.000000    4.332775   -0.332775 (VIOLATED)
_34761_/A1                              4.000000    4.332740   -0.332740 (VIOLATED)
_34349_/A1                              4.000000    4.332733   -0.332733 (VIOLATED)
_34309_/A1                              4.000000    4.332668   -0.332668 (VIOLATED)
_34022_/A1                              4.000000    4.332603   -0.332602 (VIOLATED)
_35074_/A1                              4.000000    4.332585   -0.332585 (VIOLATED)
_35035_/A1                              4.000000    4.332528   -0.332528 (VIOLATED)
_35111_/A1                              4.000000    4.332488   -0.332487 (VIOLATED)
_33293_/Z                               4.000000    4.332468   -0.332467 (VIOLATED)
_33294_/I                               4.000000    4.332468   -0.332467 (VIOLATED)
_35151_/A1                              4.000000    4.332468   -0.332467 (VIOLATED)
_48699_/A1                              4.000000    4.319017   -0.319017 (VIOLATED)
_48944_/A1                              4.000000    4.319016   -0.319016 (VIOLATED)
_48450_/B2                              4.000000    4.318934   -0.318934 (VIOLATED)
_48448_/ZN                              4.000000    4.318913   -0.318913 (VIOLATED)
_30709_/ZN                              4.000000    4.313176   -0.313176 (VIOLATED)
wire212/I                               4.000000    4.313176   -0.313176 (VIOLATED)
_42520_/A1                              4.000000    4.308168   -0.308168 (VIOLATED)
_42503_/A1                              4.000000    4.308166   -0.308165 (VIOLATED)
_42424_/A1                              4.000000    4.308139   -0.308139 (VIOLATED)
max_cap365/I                            4.000000    4.308104   -0.308104 (VIOLATED)
_41853_/A1                              4.000000    4.308080   -0.308080 (VIOLATED)
_41745_/A1                              4.000000    4.308060   -0.308060 (VIOLATED)
_41744_/Z                               4.000000    4.308019   -0.308019 (VIOLATED)
_46812_/A3                              4.000000    4.303946   -0.303947 (VIOLATED)
_33553_/A1                              4.000000    4.303944   -0.303944 (VIOLATED)
_33556_/A1                              4.000000    4.303944   -0.303944 (VIOLATED)
_33551_/A1                              4.000000    4.303944   -0.303944 (VIOLATED)
_33535_/A1                              4.000000    4.303943   -0.303943 (VIOLATED)
_33543_/A1                              4.000000    4.303941   -0.303941 (VIOLATED)
_33533_/Z                               4.000000    4.303927   -0.303927 (VIOLATED)
_33538_/A1                              4.000000    4.303927   -0.303927 (VIOLATED)
_33541_/A1                              4.000000    4.303927   -0.303927 (VIOLATED)
_33546_/A1                              4.000000    4.303927   -0.303927 (VIOLATED)
_33548_/A1                              4.000000    4.303927   -0.303927 (VIOLATED)
_40922_/A1                              4.000000    4.303629   -0.303630 (VIOLATED)
_40996_/A1                              4.000000    4.303629   -0.303630 (VIOLATED)
_43649_/A1                              4.000000    4.303599   -0.303599 (VIOLATED)
_43592_/A1                              4.000000    4.303596   -0.303597 (VIOLATED)
_40817_/A1                              4.000000    4.303585   -0.303585 (VIOLATED)
_43476_/A1                              4.000000    4.303564   -0.303563 (VIOLATED)
_43533_/A1                              4.000000    4.303561   -0.303561 (VIOLATED)
_41481_/A1                              4.000000    4.303546   -0.303547 (VIOLATED)
_40807_/Z                               4.000000    4.303532   -0.303532 (VIOLATED)
_42089_/A1                              4.000000    4.303532   -0.303532 (VIOLATED)
_42701_/A1                              4.000000    4.303532   -0.303532 (VIOLATED)
_31108_/ZN                              4.000000    4.302532   -0.302532 (VIOLATED)
_31109_/A3                              4.000000    4.302532   -0.302532 (VIOLATED)
_35706_/B1                              4.000000    4.293437   -0.293436 (VIOLATED)
_35513_/A1                              4.000000    4.293426   -0.293426 (VIOLATED)
_35972_/B1                              4.000000    4.293402   -0.293402 (VIOLATED)
_35512_/Z                               4.000000    4.293386   -0.293385 (VIOLATED)
_35623_/A1                              4.000000    4.293386   -0.293385 (VIOLATED)
_36259_/A1                              4.000000    4.293386   -0.293385 (VIOLATED)
max_cap762/I                            4.000000    4.293386   -0.293385 (VIOLATED)
_36326_/A1                              4.000000    4.290533   -0.290533 (VIOLATED)
_35461_/A1                              4.000000    4.290510   -0.290510 (VIOLATED)
_36236_/A1                              4.000000    4.290476   -0.290476 (VIOLATED)
max_cap769/I                            4.000000    4.290438   -0.290437 (VIOLATED)
_35460_/Z                               4.000000    4.290372   -0.290372 (VIOLATED)
_35938_/A1                              4.000000    4.290372   -0.290372 (VIOLATED)
_35942_/A1                              4.000000    4.290372   -0.290372 (VIOLATED)
_36653_/A1                              4.000000    4.290372   -0.290372 (VIOLATED)
_34766_/A1                              4.000000    4.287950   -0.287950 (VIOLATED)
_34765_/ZN                              4.000000    4.287948   -0.287948 (VIOLATED)
_36699_/A1                              4.000000    4.284674   -0.284674 (VIOLATED)
_36620_/B1                              4.000000    4.284640   -0.284640 (VIOLATED)
_36681_/B1                              4.000000    4.284537   -0.284537 (VIOLATED)
_36368_/B1                              4.000000    4.284470   -0.284470 (VIOLATED)
_36672_/B1                              4.000000    4.284457   -0.284457 (VIOLATED)
_35630_/Z                               4.000000    4.284408   -0.284408 (VIOLATED)
max_cap750/I                            4.000000    4.284408   -0.284408 (VIOLATED)
_36000_/A2                              4.000000    4.251990   -0.251990 (VIOLATED)
_33604_/A1                              4.000000    4.251983   -0.251983 (VIOLATED)
_33643_/I                               4.000000    4.251976   -0.251975 (VIOLATED)
_35890_/A1                              4.000000    4.251967   -0.251967 (VIOLATED)
_33587_/I                               4.000000    4.251965   -0.251965 (VIOLATED)
_33949_/A1                              4.000000    4.251963   -0.251962 (VIOLATED)
_36010_/A2                              4.000000    4.251962   -0.251962 (VIOLATED)
_33616_/A1                              4.000000    4.251957   -0.251957 (VIOLATED)
_35012_/A1                              4.000000    4.251956   -0.251956 (VIOLATED)
_35089_/A1                              4.000000    4.251951   -0.251951 (VIOLATED)
_33648_/I                               4.000000    4.251946   -0.251946 (VIOLATED)
_33586_/Z                               4.000000    4.251925   -0.251925 (VIOLATED)
_33726_/I                               4.000000    4.251925   -0.251925 (VIOLATED)
_34698_/A1                              4.000000    4.251925   -0.251925 (VIOLATED)
_35470_/Z                               4.000000    4.251909   -0.251909 (VIOLATED)
_36100_/A1                              4.000000    4.251909   -0.251909 (VIOLATED)
_36452_/A2                              4.000000    4.251909   -0.251909 (VIOLATED)
wire635/I                               4.000000    4.251909   -0.251909 (VIOLATED)
_34483_/B1                              4.000000    4.231875   -0.231875 (VIOLATED)
_34489_/A1                              4.000000    4.231874   -0.231875 (VIOLATED)
_34502_/A2                              4.000000    4.231870   -0.231870 (VIOLATED)
_34508_/A1                              4.000000    4.231857   -0.231857 (VIOLATED)
_34479_/B1                              4.000000    4.231848   -0.231848 (VIOLATED)
_34475_/B1                              4.000000    4.231847   -0.231847 (VIOLATED)
_34469_/A2                              4.000000    4.231844   -0.231844 (VIOLATED)
_34366_/Z                               4.000000    4.231831   -0.231831 (VIOLATED)
_34370_/B2                              4.000000    4.231831   -0.231831 (VIOLATED)
_34376_/B2                              4.000000    4.231831   -0.231831 (VIOLATED)
_34453_/B1                              4.000000    4.231831   -0.231831 (VIOLATED)
_35893_/C                               4.000000    4.221596   -0.221596 (VIOLATED)
max_cap872/I                            4.000000    4.221557   -0.221557 (VIOLATED)
_36756_/C                               4.000000    4.221537   -0.221537 (VIOLATED)
_36774_/A3                              4.000000    4.221492   -0.221492 (VIOLATED)
_35504_/C                               4.000000    4.221488   -0.221488 (VIOLATED)
_35503_/Z                               4.000000    4.221472   -0.221472 (VIOLATED)
_34144_/A1                              4.000000    4.201631   -0.201631 (VIOLATED)
_33818_/I                               4.000000    4.201618   -0.201618 (VIOLATED)
_33733_/I                               4.000000    4.201584   -0.201584 (VIOLATED)
_33591_/I                               4.000000    4.201536   -0.201536 (VIOLATED)
_33994_/I                               4.000000    4.201480   -0.201481 (VIOLATED)
_34303_/I                               4.000000    4.201455   -0.201455 (VIOLATED)
_33605_/I                               4.000000    4.201349   -0.201349 (VIOLATED)
_33761_/I                               4.000000    4.201226   -0.201226 (VIOLATED)
_34223_/I                               4.000000    4.201143   -0.201143 (VIOLATED)
_33590_/ZN                              4.000000    4.201118   -0.201117 (VIOLATED)
_39429_/A1                              4.000000    4.198973   -0.198973 (VIOLATED)
_39424_/A1                              4.000000    4.198973   -0.198973 (VIOLATED)
_39419_/A1                              4.000000    4.198970   -0.198970 (VIOLATED)
_39434_/A1                              4.000000    4.198961   -0.198961 (VIOLATED)
_39414_/A1                              4.000000    4.198961   -0.198961 (VIOLATED)
_39439_/A1                              4.000000    4.198958   -0.198959 (VIOLATED)
_39391_/A1                              4.000000    4.198939   -0.198939 (VIOLATED)
_39396_/A1                              4.000000    4.198938   -0.198938 (VIOLATED)
_39406_/A1                              4.000000    4.198938   -0.198938 (VIOLATED)
_39401_/A1                              4.000000    4.198936   -0.198936 (VIOLATED)
_39389_/Z                               4.000000    4.198910   -0.198910 (VIOLATED)
_55703_/A2                              4.000000    4.196108   -0.196108 (VIOLATED)
_55701_/ZN                              4.000000    4.196092   -0.196092 (VIOLATED)
_34848_/B1                              4.000000    4.187093   -0.187093 (VIOLATED)
_34844_/B1                              4.000000    4.187084   -0.187084 (VIOLATED)
_34092_/B1                              4.000000    4.187080   -0.187081 (VIOLATED)
_34096_/B1                              4.000000    4.187077   -0.187077 (VIOLATED)
_33857_/A1                              4.000000    4.187068   -0.187069 (VIOLATED)
_33726_/Z                               4.000000    4.187032   -0.187032 (VIOLATED)
max_cap706/I                            4.000000    4.187032   -0.187032 (VIOLATED)
_28294_/I                               4.000000    4.184977   -0.184977 (VIOLATED)
_28390_/A1                              4.000000    4.184970   -0.184970 (VIOLATED)
_29370_/A2                              4.000000    4.184970   -0.184970 (VIOLATED)
_29923_/A2                              4.000000    4.184933   -0.184933 (VIOLATED)
_31018_/A1                              4.000000    4.184896   -0.184896 (VIOLATED)
_28521_/A1                              4.000000    4.184754   -0.184754 (VIOLATED)
_28381_/A1                              4.000000    4.184675   -0.184675 (VIOLATED)
_28293_/ZN                              4.000000    4.184652   -0.184652 (VIOLATED)
_31028_/ZN                              4.000000    4.178393   -0.178393 (VIOLATED)
_31029_/A3                              4.000000    4.178393   -0.178393 (VIOLATED)
wire183/I                               4.000000    4.161793   -0.161793 (VIOLATED)
_43906_/ZN                              4.000000    4.161747   -0.161747 (VIOLATED)
_48696_/A1                              4.000000    4.157437   -0.157437 (VIOLATED)
_49469_/A1                              4.000000    4.157437   -0.157437 (VIOLATED)
_48424_/B2                              4.000000    4.157365   -0.157365 (VIOLATED)
_48421_/ZN                              4.000000    4.157342   -0.157343 (VIOLATED)
_30684_/B1                              4.000000    4.155284   -0.155284 (VIOLATED)
_30909_/B1                              4.000000    4.155283   -0.155283 (VIOLATED)
_30490_/B1                              4.000000    4.155282   -0.155282 (VIOLATED)
_30365_/B1                              4.000000    4.155264   -0.155264 (VIOLATED)
_55269_/A2                              4.000000    4.155248   -0.155248 (VIOLATED)
_30372_/I                               4.000000    4.155233   -0.155234 (VIOLATED)
_29596_/Z                               4.000000    4.155208   -0.155208 (VIOLATED)
_29597_/I                               4.000000    4.155208   -0.155208 (VIOLATED)
_29900_/A1                              4.000000    4.155208   -0.155208 (VIOLATED)
_29972_/A1                              4.000000    4.155208   -0.155208 (VIOLATED)
_55211_/A2                              4.000000    4.155208   -0.155208 (VIOLATED)
_35818_/ZN                              4.000000    4.155115   -0.155115 (VIOLATED)
_35820_/A1                              4.000000    4.155115   -0.155115 (VIOLATED)
_50263_/A2                              4.000000    4.146079   -0.146079 (VIOLATED)
_50294_/A4                              4.000000    4.146075   -0.146075 (VIOLATED)
_50210_/I                               4.000000    4.146071   -0.146071 (VIOLATED)
_50281_/A3                              4.000000    4.146069   -0.146068 (VIOLATED)
_50244_/A2                              4.000000    4.146068   -0.146068 (VIOLATED)
_49970_/B2                              4.000000    4.146064   -0.146064 (VIOLATED)
_49967_/ZN                              4.000000    4.146039   -0.146040 (VIOLATED)
_34975_/A1                              4.000000    4.137780   -0.137780 (VIOLATED)
_34220_/A1                              4.000000    4.137774   -0.137774 (VIOLATED)
_34622_/A1                              4.000000    4.137770   -0.137770 (VIOLATED)
_33732_/Z                               4.000000    4.137749   -0.137749 (VIOLATED)
_34628_/A1                              4.000000    4.137749   -0.137749 (VIOLATED)
_34648_/A1                              4.000000    4.137749   -0.137749 (VIOLATED)
max_cap704/I                            4.000000    4.137749   -0.137749 (VIOLATED)
_33538_/A2                              4.000000    4.137747   -0.137747 (VIOLATED)
_37122_/A2                              4.000000    4.137742   -0.137742 (VIOLATED)
_33537_/ZN                              4.000000    4.137691   -0.137690 (VIOLATED)
_47378_/A2                              4.000000    4.137691   -0.137690 (VIOLATED)
_35657_/A3                              4.000000    4.134262   -0.134262 (VIOLATED)
_35679_/A3                              4.000000    4.134261   -0.134261 (VIOLATED)
_35486_/I                               4.000000    4.134257   -0.134257 (VIOLATED)
_36033_/A3                              4.000000    4.134257   -0.134257 (VIOLATED)
_36061_/A2                              4.000000    4.134251   -0.134251 (VIOLATED)
_36122_/A3                              4.000000    4.134202   -0.134202 (VIOLATED)
_35417_/A1                              4.000000    4.134183   -0.134183 (VIOLATED)
_36546_/A2                              4.000000    4.134171   -0.134171 (VIOLATED)
_35416_/ZN                              4.000000    4.134133   -0.134133 (VIOLATED)
_48664_/A1                              4.000000    4.125788   -0.125788 (VIOLATED)
_49435_/A1                              4.000000    4.125784   -0.125784 (VIOLATED)
_48395_/B2                              4.000000    4.125610   -0.125610 (VIOLATED)
_48391_/ZN                              4.000000    4.125550   -0.125550 (VIOLATED)
_40872_/A2                              4.000000    4.114582   -0.114582 (VIOLATED)
_35826_/A1                              4.000000    4.114581   -0.114581 (VIOLATED)
_35839_/A1                              4.000000    4.114555   -0.114555 (VIOLATED)
_40905_/A2                              4.000000    4.114539   -0.114539 (VIOLATED)
_40814_/A2                              4.000000    4.114501   -0.114501 (VIOLATED)
_35421_/A1                              4.000000    4.114450   -0.114450 (VIOLATED)
_35409_/A1                              4.000000    4.114429   -0.114428 (VIOLATED)
_35366_/A1                              4.000000    4.114395   -0.114395 (VIOLATED)
_35360_/Z                               4.000000    4.114374   -0.114374 (VIOLATED)
_35696_/A1                              4.000000    4.114374   -0.114374 (VIOLATED)
_35701_/A1                              4.000000    4.114374   -0.114374 (VIOLATED)
_55716_/A2                              4.000000    4.109648   -0.109648 (VIOLATED)
_55714_/ZN                              4.000000    4.109629   -0.109629 (VIOLATED)
_36377_/A2                              4.000000    4.105166   -0.105166 (VIOLATED)
fanout919/I                             4.000000    4.105119   -0.105119 (VIOLATED)
fanout917/I                             4.000000    4.105100   -0.105100 (VIOLATED)
fanout918/I                             4.000000    4.105091   -0.105091 (VIOLATED)
fanout915/I                             4.000000    4.104897   -0.104897 (VIOLATED)
fanout920/Z                             4.000000    4.104897   -0.104897 (VIOLATED)
_55747_/A2                              4.000000    4.104156   -0.104156 (VIOLATED)
_55745_/ZN                              4.000000    4.104141   -0.104141 (VIOLATED)
_37125_/A2                              4.000000    4.099627   -0.099627 (VIOLATED)
_33541_/A2                              4.000000    4.099625   -0.099625 (VIOLATED)
_33540_/ZN                              4.000000    4.099572   -0.099572 (VIOLATED)
_47381_/A2                              4.000000    4.099572   -0.099572 (VIOLATED)
_33556_/A2                              4.000000    4.094897   -0.094897 (VIOLATED)
_47402_/A2                              4.000000    4.094806   -0.094806 (VIOLATED)
_33555_/ZN                              4.000000    4.094585   -0.094585 (VIOLATED)
_37145_/A2                              4.000000    4.094585   -0.094585 (VIOLATED)
_34160_/B1                              4.000000    4.091625   -0.091625 (VIOLATED)
_34582_/B1                              4.000000    4.091624   -0.091624 (VIOLATED)
_34165_/B1                              4.000000    4.091616   -0.091616 (VIOLATED)
_34588_/B1                              4.000000    4.091599   -0.091598 (VIOLATED)
_35098_/A2                              4.000000    4.091564   -0.091564 (VIOLATED)
_33766_/Z                               4.000000    4.091532   -0.091532 (VIOLATED)
max_cap692/I                            4.000000    4.091532   -0.091532 (VIOLATED)
_34714_/A1                              4.000000    4.089267   -0.089267 (VIOLATED)
_34000_/A1                              4.000000    4.089265   -0.089265 (VIOLATED)
_35057_/A1                              4.000000    4.089264   -0.089264 (VIOLATED)
_35022_/A1                              4.000000    4.089251   -0.089250 (VIOLATED)
_33965_/A1                              4.000000    4.089247   -0.089247 (VIOLATED)
_35095_/A1                              4.000000    4.089245   -0.089246 (VIOLATED)
_35019_/A1                              4.000000    4.089243   -0.089243 (VIOLATED)
_33926_/A1                              4.000000    4.089242   -0.089242 (VIOLATED)
_34182_/A1                              4.000000    4.089235   -0.089235 (VIOLATED)
_33925_/Z                               4.000000    4.089221   -0.089221 (VIOLATED)
_35039_/A1                              4.000000    4.089221   -0.089221 (VIOLATED)
_33514_/A2                              4.000000    4.080921   -0.080921 (VIOLATED)
_47352_/A2                              4.000000    4.080827   -0.080827 (VIOLATED)
_37097_/A2                              4.000000    4.080790   -0.080790 (VIOLATED)
_33513_/ZN                              4.000000    4.080777   -0.080777 (VIOLATED)
_42091_/A1                              4.000000    4.079052   -0.079052 (VIOLATED)
_42085_/A1                              4.000000    4.079018   -0.079018 (VIOLATED)
_42111_/A1                              4.000000    4.079013   -0.079013 (VIOLATED)
_42106_/A1                              4.000000    4.079012   -0.079012 (VIOLATED)
_42082_/Z                               4.000000    4.079000   -0.079000 (VIOLATED)
_42096_/A1                              4.000000    4.079000   -0.079000 (VIOLATED)
_42101_/A1                              4.000000    4.079000   -0.079000 (VIOLATED)
_42118_/A1                              4.000000    4.079000   -0.079000 (VIOLATED)
_42123_/A1                              4.000000    4.079000   -0.079000 (VIOLATED)
_42128_/A1                              4.000000    4.079000   -0.079000 (VIOLATED)
_42133_/A1                              4.000000    4.079000   -0.079000 (VIOLATED)
_61876_/RN                              4.000000    4.073852   -0.073852 (VIOLATED)
fanout1109/I                            4.000000    4.073847   -0.073847 (VIOLATED)
_60167_/Q                               4.000000    4.073348   -0.073348 (VIOLATED)
fanout1110/I                            4.000000    4.073348   -0.073348 (VIOLATED)
_29906_/B1                              4.000000    4.063087   -0.063087 (VIOLATED)
_29979_/B1                              4.000000    4.063086   -0.063086 (VIOLATED)
_29735_/I                               4.000000    4.063085   -0.063085 (VIOLATED)
_29811_/B1                              4.000000    4.063083   -0.063083 (VIOLATED)
_30866_/B1                              4.000000    4.063061   -0.063061 (VIOLATED)
_30184_/B1                              4.000000    4.063058   -0.063058 (VIOLATED)
_30635_/B1                              4.000000    4.063052   -0.063052 (VIOLATED)
_30125_/I                               4.000000    4.063030   -0.063030 (VIOLATED)
_29596_/I                               4.000000    4.062766   -0.062766 (VIOLATED)
_29713_/I                               4.000000    4.062696   -0.062697 (VIOLATED)
_29595_/Z                               4.000000    4.062683   -0.062683 (VIOLATED)
_56015_/A1                              4.000000    4.060786   -0.060786 (VIOLATED)
_55949_/A1                              4.000000    4.060783   -0.060783 (VIOLATED)
_37518_/A1                              4.000000    4.060688   -0.060688 (VIOLATED)
_37227_/A1                              4.000000    4.060683   -0.060683 (VIOLATED)
_55327_/A1                              4.000000    4.060663   -0.060663 (VIOLATED)
max_cap402/I                            4.000000    4.060639   -0.060639 (VIOLATED)
_37048_/Z                               4.000000    4.060627   -0.060627 (VIOLATED)
_36070_/A1                              4.000000    4.060576   -0.060576 (VIOLATED)
_35927_/A1                              4.000000    4.060438   -0.060438 (VIOLATED)
_35510_/Z                               4.000000    4.060387   -0.060387 (VIOLATED)
_35626_/B1                              4.000000    4.060387   -0.060387 (VIOLATED)
wire618/I                               4.000000    4.060387   -0.060387 (VIOLATED)
_43826_/ZN                              4.000000    4.059939   -0.059939 (VIOLATED)
wire1290/I                              4.000000    4.059939   -0.059939 (VIOLATED)
_39417_/A1                              4.000000    4.059549   -0.059549 (VIOLATED)
_39422_/A1                              4.000000    4.059547   -0.059547 (VIOLATED)
_39427_/A1                              4.000000    4.059545   -0.059545 (VIOLATED)
_39412_/A1                              4.000000    4.059542   -0.059542 (VIOLATED)
_39432_/A1                              4.000000    4.059541   -0.059541 (VIOLATED)
_39437_/A1                              4.000000    4.059538   -0.059538 (VIOLATED)
_39388_/A1                              4.000000    4.059517   -0.059517 (VIOLATED)
_39394_/A1                              4.000000    4.059514   -0.059514 (VIOLATED)
_39404_/A1                              4.000000    4.059513   -0.059513 (VIOLATED)
_39399_/A1                              4.000000    4.059511   -0.059511 (VIOLATED)
_39385_/Z                               4.000000    4.059484   -0.059484 (VIOLATED)
_31119_/A1                              4.000000    4.058610   -0.058610 (VIOLATED)
_30999_/A1                              4.000000    4.058603   -0.058603 (VIOLATED)
_30953_/A1                              4.000000    4.058594   -0.058594 (VIOLATED)
_31071_/A1                              4.000000    4.058577   -0.058577 (VIOLATED)
_31201_/A1                              4.000000    4.058543   -0.058543 (VIOLATED)
_31039_/A1                              4.000000    4.058528   -0.058528 (VIOLATED)
_31151_/A1                              4.000000    4.058520   -0.058520 (VIOLATED)
_30821_/A1                              4.000000    4.058384   -0.058384 (VIOLATED)
_30820_/Z                               4.000000    4.058349   -0.058349 (VIOLATED)
_31284_/A1                              4.000000    4.058349   -0.058349 (VIOLATED)
_31319_/A1                              4.000000    4.058349   -0.058349 (VIOLATED)
_28521_/A2                              4.000000    4.054839   -0.054839 (VIOLATED)
_30216_/A2                              4.000000    4.054830   -0.054830 (VIOLATED)
_30844_/A2                              4.000000    4.054829   -0.054829 (VIOLATED)
_30602_/B1                              4.000000    4.054826   -0.054826 (VIOLATED)
_29858_/A2                              4.000000    4.054811   -0.054811 (VIOLATED)
_30852_/A2                              4.000000    4.054811   -0.054811 (VIOLATED)
_28392_/Z                               4.000000    4.054799   -0.054798 (VIOLATED)
_28393_/A1                              4.000000    4.054799   -0.054798 (VIOLATED)
_29230_/A2                              4.000000    4.054799   -0.054798 (VIOLATED)
_30555_/B2                              4.000000    4.054799   -0.054798 (VIOLATED)
_30646_/A2                              4.000000    4.054799   -0.054798 (VIOLATED)
_40398_/A1                              4.000000    4.044668   -0.044668 (VIOLATED)
_40206_/A1                              4.000000    4.044666   -0.044666 (VIOLATED)
_37670_/ZN                              4.000000    4.044647   -0.044647 (VIOLATED)
_39827_/A1                              4.000000    4.044647   -0.044647 (VIOLATED)
max_cap339/I                            4.000000    4.044647   -0.044647 (VIOLATED)
_40084_/A1                              4.000000    4.041151   -0.041151 (VIOLATED)
_40091_/A1                              4.000000    4.041148   -0.041148 (VIOLATED)
_40127_/A1                              4.000000    4.041134   -0.041134 (VIOLATED)
_40132_/A1                              4.000000    4.041131   -0.041131 (VIOLATED)
_40107_/A1                              4.000000    4.041122   -0.041122 (VIOLATED)
_40112_/A1                              4.000000    4.041121   -0.041120 (VIOLATED)
_40122_/A1                              4.000000    4.041119   -0.041119 (VIOLATED)
_40117_/A1                              4.000000    4.041112   -0.041112 (VIOLATED)
_40101_/A1                              4.000000    4.041046   -0.041046 (VIOLATED)
_40081_/Z                               4.000000    4.041026   -0.041026 (VIOLATED)
_40096_/A1                              4.000000    4.041026   -0.041026 (VIOLATED)
_33508_/A1                              4.000000    4.040716   -0.040716 (VIOLATED)
_33531_/A1                              4.000000    4.040713   -0.040713 (VIOLATED)
_33511_/A1                              4.000000    4.040708   -0.040708 (VIOLATED)
_33562_/A1                              4.000000    4.040705   -0.040705 (VIOLATED)
_33565_/A1                              4.000000    4.040704   -0.040704 (VIOLATED)
_33559_/A1                              4.000000    4.040702   -0.040703 (VIOLATED)
_33506_/Z                               4.000000    4.040689   -0.040689 (VIOLATED)
_33567_/A1                              4.000000    4.040689   -0.040689 (VIOLATED)
_33570_/A1                              4.000000    4.040689   -0.040689 (VIOLATED)
_33573_/A1                              4.000000    4.040689   -0.040689 (VIOLATED)
_33576_/A1                              4.000000    4.040689   -0.040689 (VIOLATED)
wire186/I                               4.000000    4.038569   -0.038570 (VIOLATED)
_43888_/ZN                              4.000000    4.038556   -0.038556 (VIOLATED)
_40138_/A1                              4.000000    4.038105   -0.038105 (VIOLATED)
_40144_/A1                              4.000000    4.038102   -0.038102 (VIOLATED)
_40149_/A1                              4.000000    4.038089   -0.038089 (VIOLATED)
_40154_/A1                              4.000000    4.038077   -0.038078 (VIOLATED)
_40164_/A1                              4.000000    4.038075   -0.038075 (VIOLATED)
_40169_/A1                              4.000000    4.038072   -0.038072 (VIOLATED)
_40159_/A1                              4.000000    4.037961   -0.037961 (VIOLATED)
_40135_/Z                               4.000000    4.037931   -0.037931 (VIOLATED)
_40176_/A1                              4.000000    4.037931   -0.037931 (VIOLATED)
_40181_/A1                              4.000000    4.037931   -0.037931 (VIOLATED)
_40186_/A1                              4.000000    4.037931   -0.037931 (VIOLATED)
_31067_/ZN                              4.000000    4.036041   -0.036041 (VIOLATED)
_31068_/A3                              4.000000    4.036041   -0.036041 (VIOLATED)
_34875_/A2                              4.000000    4.029197   -0.029197 (VIOLATED)
_33630_/A2                              4.000000    4.029195   -0.029195 (VIOLATED)
_34089_/A2                              4.000000    4.029186   -0.029186 (VIOLATED)
_34903_/A2                              4.000000    4.029148   -0.029148 (VIOLATED)
_34856_/A2                              4.000000    4.029111   -0.029111 (VIOLATED)
_34897_/A2                              4.000000    4.029095   -0.029095 (VIOLATED)
_34889_/A2                              4.000000    4.029087   -0.029087 (VIOLATED)
_34851_/A2                              4.000000    4.029085   -0.029085 (VIOLATED)
_33625_/Z                               4.000000    4.029071   -0.029071 (VIOLATED)
_34099_/A2                              4.000000    4.029071   -0.029071 (VIOLATED)
_34107_/A2                              4.000000    4.029071   -0.029071 (VIOLATED)
_55772_/A2                              4.000000    4.028415   -0.028415 (VIOLATED)
_55770_/ZN                              4.000000    4.028400   -0.028400 (VIOLATED)
_50308_/A2                              4.000000    4.028022   -0.028022 (VIOLATED)
_50311_/A2                              4.000000    4.028022   -0.028022 (VIOLATED)
_50305_/A2                              4.000000    4.028022   -0.028022 (VIOLATED)
_50207_/B2                              4.000000    4.027975   -0.027975 (VIOLATED)
_50222_/B2                              4.000000    4.027975   -0.027975 (VIOLATED)
_50241_/B2                              4.000000    4.027974   -0.027974 (VIOLATED)
_50250_/B2                              4.000000    4.027973   -0.027973 (VIOLATED)
_50238_/A1                              4.000000    4.027972   -0.027972 (VIOLATED)
_50206_/Z                               4.000000    4.027957   -0.027957 (VIOLATED)
_50338_/A2                              4.000000    4.027957   -0.027957 (VIOLATED)
_50353_/A1                              4.000000    4.027957   -0.027957 (VIOLATED)
_37139_/A2                              4.000000    4.025684   -0.025684 (VIOLATED)
_33551_/A2                              4.000000    4.025564   -0.025564 (VIOLATED)
_47396_/A2                              4.000000    4.025536   -0.025536 (VIOLATED)
_33550_/ZN                              4.000000    4.025520   -0.025520 (VIOLATED)
_29782_/A1                              4.000000    4.018592   -0.018592 (VIOLATED)
_29417_/I                               4.000000    4.018592   -0.018592 (VIOLATED)
_30024_/B1                              4.000000    4.018588   -0.018588 (VIOLATED)
_30159_/B1                              4.000000    4.018578   -0.018578 (VIOLATED)
_29871_/A2                              4.000000    4.018574   -0.018574 (VIOLATED)
_30463_/B1                              4.000000    4.018573   -0.018573 (VIOLATED)
_30568_/A1                              4.000000    4.018573   -0.018573 (VIOLATED)
_30519_/A1                              4.000000    4.018570   -0.018570 (VIOLATED)
_30235_/A2                              4.000000    4.018559   -0.018559 (VIOLATED)
_30091_/A2                              4.000000    4.018517   -0.018518 (VIOLATED)
_29416_/ZN                              4.000000    4.018423   -0.018423 (VIOLATED)
_55737_/A2                              4.000000    4.005986   -0.005986 (VIOLATED)
_55735_/ZN                              4.000000    4.005970   -0.005969 (VIOLATED)
_36007_/A1                              4.000000    4.005584   -0.005584 (VIOLATED)
_35853_/A1                              4.000000    4.005516   -0.005516 (VIOLATED)
_36780_/B1                              4.000000    4.005424   -0.005424 (VIOLATED)
max_cap844/I                            4.000000    4.005322   -0.005322 (VIOLATED)
_35440_/A1                              4.000000    4.005273   -0.005273 (VIOLATED)
_35567_/B1                              4.000000    4.005220   -0.005220 (VIOLATED)
_35407_/Z                               4.000000    4.005207   -0.005207 (VIOLATED)
_34226_/A1                              4.000000    4.002815   -0.002815 (VIOLATED)
_34129_/A1                              4.000000    4.002733   -0.002733 (VIOLATED)
max_cap717/I                            4.000000    4.002712   -0.002712 (VIOLATED)
_33731_/B1                              4.000000    4.002690   -0.002690 (VIOLATED)
_33724_/B1                              4.000000    4.002672   -0.002672 (VIOLATED)
_33603_/Z                               4.000000    4.002631   -0.002631 (VIOLATED)
_33608_/B2                              4.000000    4.002631   -0.002631 (VIOLATED)

max fanout

Pin                                   Limit Fanout  Slack
---------------------------------------------------------
clkbuf_0_i_core_v_mini_mcu.memory_subsystem_i.clk_cg/Z     10     16     -6 (VIOLATED)



===========================================================================
report_parasitic_annotation -report_unannotated
============================================================================
Found 242 unannotated drivers.
 clkload0/Z
 clkload1/Z
 clkload10/ZN
 clkload100/Z
 clkload101/Z
 clkload102/Z
 clkload103/Z
 clkload104/Z
 clkload105/Z
 clkload106/Z
 clkload107/Z
 clkload108/Z
 clkload109/Z
 clkload11/ZN
 clkload110/Z
 clkload111/Z
 clkload112/Z
 clkload113/Z
 clkload114/Z
 clkload115/Z
 clkload116/ZN
 clkload117/ZN
 clkload118/ZN
 clkload119/Z
 clkload12/Z
 clkload120/ZN
 clkload121/ZN
 clkload122/ZN
 clkload123/ZN
 clkload124/ZN
 clkload125/ZN
 clkload126/Z
 clkload127/ZN
 clkload128/ZN
 clkload129/ZN
 clkload13/Z
 clkload130/ZN
 clkload131/Z
 clkload132/Z
 clkload133/ZN
 clkload134/ZN
 clkload135/ZN
 clkload136/ZN
 clkload137/ZN
 clkload138/Z
 clkload139/ZN
 clkload14/ZN
 clkload140/Z
 clkload141/Z
 clkload142/ZN
 clkload143/ZN
 clkload144/Z
 clkload145/Z
 clkload146/ZN
 clkload147/Z
 clkload148/Z
 clkload149/Z
 clkload15/Z
 clkload150/ZN
 clkload151/ZN
 clkload152/Z
 clkload153/Z
 clkload154/Z
 clkload155/Z
 clkload156/ZN
 clkload157/Z
 clkload158/Z
 clkload159/ZN
 clkload16/Z
 clkload160/ZN
 clkload161/Z
 clkload162/ZN
 clkload163/ZN
 clkload164/ZN
 clkload165/ZN
 clkload166/ZN
 clkload167/Z
 clkload168/ZN
 clkload169/Z
 clkload17/ZN
 clkload170/ZN
 clkload171/Z
 clkload172/ZN
 clkload173/Z
 clkload174/Z
 clkload175/ZN
 clkload176/ZN
 clkload177/Z
 clkload178/ZN
 clkload179/Z
 clkload18/ZN
 clkload180/ZN
 clkload181/Z
 clkload182/ZN
 clkload183/ZN
 clkload184/ZN
 clkload185/Z
 clkload186/ZN
 clkload187/Z
 clkload188/Z
 clkload189/ZN
 clkload19/Z
 clkload190/Z
 clkload191/ZN
 clkload192/ZN
 clkload193/ZN
 clkload194/ZN
 clkload195/Z
 clkload196/ZN
 clkload197/Z
 clkload198/ZN
 clkload199/Z
 clkload2/Z
 clkload20/ZN
 clkload200/Z
 clkload201/ZN
 clkload202/Z
 clkload203/ZN
 clkload204/Z
 clkload205/Z
 clkload206/Z
 clkload207/ZN
 clkload208/Z
 clkload209/Z
 clkload21/ZN
 clkload210/ZN
 clkload211/Z
 clkload212/ZN
 clkload213/ZN
 clkload214/Z
 clkload215/ZN
 clkload216/Z
 clkload217/ZN
 clkload218/ZN
 clkload219/Z
 clkload22/Z
 clkload220/Z
 clkload221/ZN
 clkload222/ZN
 clkload223/Z
 clkload224/ZN
 clkload225/Z
 clkload226/ZN
 clkload227/ZN
 clkload228/ZN
 clkload229/ZN
 clkload23/ZN
 clkload230/Z
 clkload231/Z
 clkload232/Z
 clkload233/ZN
 clkload234/ZN
 clkload235/Z
 clkload236/ZN
 clkload237/ZN
 clkload238/Z
 clkload239/ZN
 clkload24/Z
 clkload240/Z
 clkload241/ZN
 clkload25/ZN
 clkload26/Z
 clkload27/ZN
 clkload28/Z
 clkload29/ZN
 clkload3/Z
 clkload30/Z
 clkload31/ZN
 clkload32/ZN
 clkload33/Z
 clkload34/Z
 clkload35/Z
 clkload36/ZN
 clkload37/Z
 clkload38/ZN
 clkload39/Z
 clkload4/Z
 clkload40/Z
 clkload41/Z
 clkload42/ZN
 clkload43/ZN
 clkload44/ZN
 clkload45/ZN
 clkload46/Z
 clkload47/Z
 clkload48/Z
 clkload49/ZN
 clkload5/Z
 clkload50/ZN
 clkload51/ZN
 clkload52/ZN
 clkload53/Z
 clkload54/Z
 clkload55/Z
 clkload56/ZN
 clkload57/ZN
 clkload58/ZN
 clkload59/ZN
 clkload6/Z
 clkload60/ZN
 clkload61/ZN
 clkload62/ZN
 clkload63/ZN
 clkload64/Z
 clkload65/ZN
 clkload66/ZN
 clkload67/ZN
 clkload68/Z
 clkload69/ZN
 clkload7/Z
 clkload70/ZN
 clkload71/ZN
 clkload72/ZN
 clkload73/Z
 clkload74/ZN
 clkload75/Z
 clkload76/ZN
 clkload77/ZN
 clkload78/ZN
 clkload79/Z
 clkload8/Z
 clkload80/Z
 clkload81/ZN
 clkload82/ZN
 clkload83/ZN
 clkload84/Z
 clkload85/Z
 clkload86/ZN
 clkload87/Z
 clkload88/ZN
 clkload89/Z
 clkload9/Z
 clkload90/Z
 clkload91/Z
 clkload92/Z
 clkload93/Z
 clkload94/ZN
 clkload95/Z
 clkload96/ZN
 clkload97/ZN
 clkload98/ZN
 clkload99/Z
Found 0 partially unannotated drivers.

===========================================================================
max slew violation count 591
max fanout violation count 1
max cap violation count 0
============================================================================

===========================================================================
check_setup -verbose -unconstrained_endpoints -multiple_clock -no_clock -no_input_delay -loops -generated_clocks
===========================================================================
