Clock: clk_i
Sources: clk_i 
Generated: no
Virtual: yes
Propagated: no
Period: 100.000000

===========================================================================
report_clock_properties
============================================================================
Clock                   Period          Waveform
----------------------------------------------------
clk_i               100.000000    0.000000 50.000000

===========================================================================
report_clock_latency
============================================================================
Clock clk_i
rise -> rise
    min     max
0.000000 0.000000 source latency
5.002601         network latency _61480_/CLK
        5.700395 network latency _57888_/CLK
---------------
5.002601 5.700395 latency
        0.697794 skew

fall -> fall
    min     max
0.000000 0.000000 source latency
4.505139         network latency _61480_/CLK
        5.347580 network latency _61475_/CLK
---------------
4.505139 5.347580 latency
        0.842441 skew



===========================================================================
report_clock_min_period
============================================================================
clk_i period_min = 39.20 fmax = 25.51
