┏━━━━━━━┳━━━━━━━━━┳━━━━━━━━━━┳━━━━━━━━━━━━━━━━━━━━━━━━━━━━━━━━━━━━━━━━━━━━━━━━━┳━━━━━━━━━━━━━━━━━━━━━━━━━━━━━━━━━━━━━━━━━━━━━━━━━━━━━━━━━━━━━━━━━━━━━━┳━━━━━━━━┓
┃ P / R ┃ Partial ┃ Required ┃ Net                                             ┃ Pin                                                                  ┃ Layer  ┃
┡━━━━━━━╇━━━━━━━━━╇━━━━━━━━━━╇━━━━━━━━━━━━━━━━━━━━━━━━━━━━━━━━━━━━━━━━━━━━━━━━━╇━━━━━━━━━━━━━━━━━━━━━━━━━━━━━━━━━━━━━━━━━━━━━━━━━━━━━━━━━━━━━━━━━━━━━━╇━━━━━━━━┩
│ 1.57  │ 629.42  │ 400.00   │ i_core_v_mini_mcu.memory_subsystem_clkgate_en_n │ i_core_v_mini_mcu.memory_subsystem_i.gen_sram[0\].clk_gating_cell_i… │ Metal2 │
│ 1.38  │ 551.89  │ 400.00   │ net1957                                         │ fanout1927/I                                                         │ Metal4 │
│ 1.08  │ 433.57  │ 400.00   │ net1723                                         │ _61872_/D                                                            │ Metal2 │
│ 1.07  │ 426.76  │ 400.00   │ net1011                                         │ _29145_/I                                                            │ Metal2 │
└───────┴─────────┴──────────┴─────────────────────────────────────────────────┴──────────────────────────────────────────────────────────────────────┴────────┘
