
===========================================================================
report_checks -unconstrained
===========================================================================
======================= max_ss_125C_4v50 Corner ===================================

Startpoint: rst_ni (input port clocked by clk_i)
Endpoint: _61688_ (recovery check against rising-edge clock clk_i)
Path Group: asynchronous
Path Type: max

Fanout         Cap        Slew       Delay        Time   Description
---------------------------------------------------------------------------------------------
                                  0.000000    0.000000   clock clk_i (rise edge)
                                  0.000000    0.000000   clock network delay (propagated)
                                 10.000000   10.000000 ^ input external delay
     1    0.007858    0.301564    0.125462   10.125463 ^ rst_ni (in)
                                                         rst_ni (net)
                      0.301564    0.000000   10.125463 ^ input3/I (gf180mcu_fd_sc_mcu7t5v0__dlyb_1)
     1    0.045692    1.344104    2.357766   12.483229 ^ input3/Z (gf180mcu_fd_sc_mcu7t5v0__dlyb_1)
                                                         net3 (net)
                      1.344127    0.003109   12.486338 ^ fanout1269/I (gf180mcu_fd_sc_mcu7t5v0__dlyb_1)
     1    0.015393    0.560167    1.944420   14.430758 ^ fanout1269/Z (gf180mcu_fd_sc_mcu7t5v0__dlyb_1)
                                                         net1269 (net)
                      0.560167    0.000436   14.431193 ^ wire1272/I (gf180mcu_fd_sc_mcu7t5v0__buf_4)
     4    0.131814    0.952757    0.815265   15.246459 ^ wire1272/Z (gf180mcu_fd_sc_mcu7t5v0__buf_4)
                                                         net1272 (net)
                      0.952773    0.002206   15.248665 ^ fanout1268/I (gf180mcu_fd_sc_mcu7t5v0__buf_1)
     2    0.015686    0.531531    0.654415   15.903080 ^ fanout1268/Z (gf180mcu_fd_sc_mcu7t5v0__buf_1)
                                                         net1268 (net)
                      0.531531    0.000206   15.903286 ^ max_cap1754/I (gf180mcu_fd_sc_mcu7t5v0__buf_4)
     4    0.122794    0.892852    0.777478   16.680763 ^ max_cap1754/Z (gf180mcu_fd_sc_mcu7t5v0__buf_4)
                                                         net1753 (net)
                      0.893019    0.006738   16.687502 ^ fanout1233/I (gf180mcu_fd_sc_mcu7t5v0__dlyb_1)
     5    0.065308    1.869702    2.715034   19.402534 ^ fanout1233/Z (gf180mcu_fd_sc_mcu7t5v0__dlyb_1)
                                                         net1233 (net)
                      1.869721    0.003331   19.405867 ^ fanout1224/I (gf180mcu_fd_sc_mcu7t5v0__dlyb_1)
     5    0.089950    2.533407    3.101773   22.507639 ^ fanout1224/Z (gf180mcu_fd_sc_mcu7t5v0__dlyb_1)
                                                         net1224 (net)
                      2.533424    0.003762   22.511402 ^ fanout1214/I (gf180mcu_fd_sc_mcu7t5v0__dlyb_1)
     5    0.053894    1.563197    2.520507   25.031908 ^ fanout1214/Z (gf180mcu_fd_sc_mcu7t5v0__dlyb_1)
                                                         net1214 (net)
                      1.563197    0.000474   25.032383 ^ fanout1213/I (gf180mcu_fd_sc_mcu7t5v0__dlyb_1)
     6    0.047191    1.384665    2.443679   27.476061 ^ fanout1213/Z (gf180mcu_fd_sc_mcu7t5v0__dlyb_1)
                                                         net1213 (net)
                      1.384665    0.001002   27.477064 ^ fanout1212/I (gf180mcu_fd_sc_mcu7t5v0__dlyb_1)
     9    0.091670    2.581521    3.132266   30.609329 ^ fanout1212/Z (gf180mcu_fd_sc_mcu7t5v0__dlyb_1)
                                                         net1212 (net)
                      2.581540    0.003933   30.613262 ^ fanout1211/I (gf180mcu_fd_sc_mcu7t5v0__dlyb_1)
    10    0.099948    2.806179    3.233463   33.846725 ^ fanout1211/Z (gf180mcu_fd_sc_mcu7t5v0__dlyb_1)
                                                         net1211 (net)
                      2.806190    0.003300   33.850025 ^ _61688_/RN (gf180mcu_fd_sc_mcu7t5v0__dffrnq_1)
                                             33.850025   data arrival time

                                 50.000000   50.000000   clock clk_i (rise edge)
                                  0.000000   50.000000   clock source latency
     2    0.222998    1.553216    0.861750   50.861748 ^ clk_i (in)
                                                         clk_i (net)
                      1.553648    0.000000   50.861748 ^ delaybuf_0_clk_i/I (gf180mcu_fd_sc_mcu7t5v0__clkbuf_16)
     1    0.052744    0.243151    0.676767   51.538517 ^ delaybuf_0_clk_i/Z (gf180mcu_fd_sc_mcu7t5v0__clkbuf_16)
                                                         delaynet_0_clk_i (net)
                      0.243172    0.004000   51.542515 ^ delaybuf_1_clk_i/I (gf180mcu_fd_sc_mcu7t5v0__clkbuf_16)
     1    0.049984    0.204588    0.452733   51.995247 ^ delaybuf_1_clk_i/Z (gf180mcu_fd_sc_mcu7t5v0__clkbuf_16)
                                                         delaynet_1_clk_i (net)
                      0.204603    0.003425   51.998672 ^ delaybuf_2_clk_i/I (gf180mcu_fd_sc_mcu7t5v0__clkbuf_16)
     1    0.047657    0.200977    0.441570   52.440243 ^ delaybuf_2_clk_i/Z (gf180mcu_fd_sc_mcu7t5v0__clkbuf_16)
                                                         delaynet_2_clk_i (net)
                      0.200995    0.003244   52.443489 ^ clkbuf_regs_0_clk_i/I (gf180mcu_fd_sc_mcu7t5v0__clkbuf_16)
     1    0.025801    0.167232    0.414932   52.858421 ^ clkbuf_regs_0_clk_i/Z (gf180mcu_fd_sc_mcu7t5v0__clkbuf_16)
                                                         clk_i_regs (net)
                      0.167232    0.000625   52.859043 ^ clkbuf_0_clk_i_regs/I (gf180mcu_fd_sc_mcu7t5v0__clkbuf_16)
     8    0.254677    0.517604    0.648612   53.507656 ^ clkbuf_0_clk_i_regs/Z (gf180mcu_fd_sc_mcu7t5v0__clkbuf_16)
                                                         clknet_0_clk_i_regs (net)
                      0.517615    0.003556   53.511211 ^ clkbuf_3_5_0_clk_i_regs/I (gf180mcu_fd_sc_mcu7t5v0__clkbuf_8)
     4    0.141116    0.557285    0.746148   54.257362 ^ clkbuf_3_5_0_clk_i_regs/Z (gf180mcu_fd_sc_mcu7t5v0__clkbuf_8)
                                                         clknet_3_5_0_clk_i_regs (net)
                      0.557460    0.005297   54.262657 ^ clkbuf_5_23__f_clk_i_regs/I (gf180mcu_fd_sc_mcu7t5v0__clkbuf_16)
     5    0.081381    0.253966    0.563691   54.826351 ^ clkbuf_5_23__f_clk_i_regs/Z (gf180mcu_fd_sc_mcu7t5v0__clkbuf_16)
                                                         clknet_5_23__leaf_clk_i_regs (net)
                      0.253969    0.001773   54.828121 ^ clkbuf_leaf_119_clk_i_regs/I (gf180mcu_fd_sc_mcu7t5v0__clkbuf_8)
     8    0.050865    0.276324    0.503309   55.331432 ^ clkbuf_leaf_119_clk_i_regs/Z (gf180mcu_fd_sc_mcu7t5v0__clkbuf_8)
                                                         clknet_leaf_119_clk_i_regs (net)
                      0.276324    0.000117   55.331551 ^ _61688_/CLK (gf180mcu_fd_sc_mcu7t5v0__dffrnq_1)
                                 -0.250000   55.081547   clock uncertainty
                                  0.000000   55.081547   clock reconvergence pessimism
                                 -0.184934   54.896614   library recovery time
                                             54.896614   data required time
---------------------------------------------------------------------------------------------
                                             54.896614   data required time
                                            -33.850025   data arrival time
---------------------------------------------------------------------------------------------
                                             21.046589   slack (MET)


Startpoint: _61323_ (falling edge-triggered flip-flop clocked by clk_i)
Endpoint: spi_flash_sd_io[3] (output port clocked by clk_i)
Path Group: clk_i
Path Type: max

Fanout         Cap        Slew       Delay        Time   Description
---------------------------------------------------------------------------------------------
                                 25.000000   25.000000   clock clk_i (fall edge)
                                  0.000000   25.000000   clock source latency
     2    0.222998    0.903060    0.524798   25.524797 v clk_i (in)
                                                         clk_i (net)
                      0.903746    0.000000   25.524797 v delaybuf_0_clk_i/I (gf180mcu_fd_sc_mcu7t5v0__clkbuf_16)
     1    0.052744    0.220235    0.643661   26.168459 v delaybuf_0_clk_i/Z (gf180mcu_fd_sc_mcu7t5v0__clkbuf_16)
                                                         delaynet_0_clk_i (net)
                      0.220259    0.003999   26.172457 v delaybuf_1_clk_i/I (gf180mcu_fd_sc_mcu7t5v0__clkbuf_16)
     1    0.049984    0.200386    0.448365   26.620821 v delaybuf_1_clk_i/Z (gf180mcu_fd_sc_mcu7t5v0__clkbuf_16)
                                                         delaynet_1_clk_i (net)
                      0.200405    0.003425   26.624247 v delaybuf_2_clk_i/I (gf180mcu_fd_sc_mcu7t5v0__clkbuf_16)
     1    0.047657    0.196926    0.439494   27.063740 v delaybuf_2_clk_i/Z (gf180mcu_fd_sc_mcu7t5v0__clkbuf_16)
                                                         delaynet_2_clk_i (net)
                      0.196944    0.003247   27.066988 v clkbuf_regs_0_clk_i/I (gf180mcu_fd_sc_mcu7t5v0__clkbuf_16)
     1    0.025801    0.162724    0.410605   27.477592 v clkbuf_regs_0_clk_i/Z (gf180mcu_fd_sc_mcu7t5v0__clkbuf_16)
                                                         clk_i_regs (net)
                      0.162725    0.000625   27.478218 v clkbuf_0_clk_i_regs/I (gf180mcu_fd_sc_mcu7t5v0__clkbuf_16)
     8    0.254677    0.506858    0.657286   28.135504 v clkbuf_0_clk_i_regs/Z (gf180mcu_fd_sc_mcu7t5v0__clkbuf_16)
                                                         clknet_0_clk_i_regs (net)
                      0.509124    0.019373   28.154877 v clkbuf_3_0_0_clk_i_regs/I (gf180mcu_fd_sc_mcu7t5v0__clkbuf_8)
     4    0.156201    0.652651    0.859295   29.014172 v clkbuf_3_0_0_clk_i_regs/Z (gf180mcu_fd_sc_mcu7t5v0__clkbuf_8)
                                                         clknet_3_0_0_clk_i_regs (net)
                      0.652759    0.004672   29.018843 v clkbuf_5_2__f_clk_i_regs/I (gf180mcu_fd_sc_mcu7t5v0__clkbuf_16)
     5    0.088889    0.265756    0.626590   29.645433 v clkbuf_5_2__f_clk_i_regs/Z (gf180mcu_fd_sc_mcu7t5v0__clkbuf_16)
                                                         clknet_5_2__leaf_clk_i_regs (net)
                      0.265756    0.000657   29.646091 v clkbuf_leaf_10_clk_i_regs/I (gf180mcu_fd_sc_mcu7t5v0__clkbuf_8)
    10    0.058166    0.321408    0.557831   30.203922 v clkbuf_leaf_10_clk_i_regs/Z (gf180mcu_fd_sc_mcu7t5v0__clkbuf_8)
                                                         clknet_leaf_10_clk_i_regs (net)
                      0.321408    0.001059   30.204981 v _61323_/CLKN (gf180mcu_fd_sc_mcu7t5v0__dffnq_1)
     1    0.005530    0.284108    1.451163   31.656143 ^ _61323_/Q (gf180mcu_fd_sc_mcu7t5v0__dffnq_1)
                                                         i_core_v_mini_mcu.ao_peripheral_subsystem_i.spi_subsystem_i.obi_spimemio_i.spimemio_i.xfer_io3_90 (net)
                      0.284108    0.000110   31.656254 ^ _33459_/A2 (gf180mcu_fd_sc_mcu7t5v0__nor2_1)
     1    0.006256    0.597713    0.257621   31.913876 v _33459_/ZN (gf180mcu_fd_sc_mcu7t5v0__nor2_1)
                                                         _10488_ (net)
                      0.597713    0.000124   31.914000 v _33461_/A2 (gf180mcu_fd_sc_mcu7t5v0__oai21_1)
     1    0.013030    0.975190    0.716778   32.630775 ^ _33461_/ZN (gf180mcu_fd_sc_mcu7t5v0__oai21_1)
                                                         i_core_v_mini_mcu.ao_peripheral_subsystem_i.spi_subsystem_i.obi_spimemio_i.flash_io3_do_o (net)
                      0.975190    0.000210   32.630985 ^ gen_flash_sd[3].u_pad_drv/I (gf180mcu_fd_sc_mcu7t5v0__bufz_4)
     2    0.129744    0.970173    1.039997   33.670982 ^ gen_flash_sd[3].u_pad_drv/Z (gf180mcu_fd_sc_mcu7t5v0__bufz_4)
                                                         spi_flash_sd_io[3] (net)
                      0.970686    0.012609   33.683594 ^ spi_flash_sd_io[3] (inout)
                                             33.683594   data arrival time

                                 50.000000   50.000000   clock clk_i (rise edge)
                                  0.000000   50.000000   clock network delay (propagated)
                                 -0.250000   49.749996   clock uncertainty
                                  0.000000   49.749996   clock reconvergence pessimism
                                -10.000000   39.749996   output external delay
                                             39.749996   data required time
---------------------------------------------------------------------------------------------
                                             39.749996   data required time
                                            -33.683594   data arrival time
---------------------------------------------------------------------------------------------
                                              6.066404   slack (MET)




===========================================================================
report_checks --slack_max -0.01
============================================================================
======================= max_ss_125C_4v50 Corner ===================================

No paths found.


===========================================================================
 report_check_types -max_slew -max_cap -max_fanout -violators
============================================================================
======================= max_ss_125C_4v50 Corner ===================================

max fanout

Pin                                   Limit Fanout  Slack
---------------------------------------------------------
clkbuf_0_i_core_v_mini_mcu.cpu_subsystem_i.cpu_0_0.clk_i/Z     10     16     -6 (VIOLATED)
clkbuf_0_i_core_v_mini_mcu.cpu_subsystem_i.cpu_1_0.clk_i/Z     10     16     -6 (VIOLATED)
clkbuf_0_i_core_v_mini_mcu.memory_subsystem_i.clk_cg/Z     10     16     -6 (VIOLATED)
clkbuf_0_i_core_v_mini_mcu.peripheral_subsystem_i.clk_cg/Z     10     16     -6 (VIOLATED)



===========================================================================
report_parasitic_annotation -report_unannotated
============================================================================
Found 143 unannotated drivers.
 clkload0/Z
 clkload1/Z
 clkload10/ZN
 clkload100/ZN
 clkload101/ZN
 clkload102/Z
 clkload103/ZN
 clkload104/ZN
 clkload105/ZN
 clkload106/ZN
 clkload107/ZN
 clkload108/ZN
 clkload109/ZN
 clkload11/ZN
 clkload110/ZN
 clkload111/ZN
 clkload112/Z
 clkload113/ZN
 clkload114/ZN
 clkload115/ZN
 clkload116/ZN
 clkload117/ZN
 clkload118/Z
 clkload119/Z
 clkload12/ZN
 clkload120/ZN
 clkload121/Z
 clkload122/Z
 clkload123/Z
 clkload124/Z
 clkload125/ZN
 clkload126/Z
 clkload127/Z
 clkload128/ZN
 clkload129/Z
 clkload13/ZN
 clkload130/Z
 clkload131/ZN
 clkload132/Z
 clkload133/Z
 clkload134/ZN
 clkload135/ZN
 clkload136/Z
 clkload137/ZN
 clkload138/ZN
 clkload139/Z
 clkload14/ZN
 clkload140/Z
 clkload141/ZN
 clkload142/ZN
 clkload15/ZN
 clkload16/ZN
 clkload17/ZN
 clkload18/ZN
 clkload19/ZN
 clkload2/Z
 clkload20/ZN
 clkload21/ZN
 clkload22/ZN
 clkload23/Z
 clkload24/Z
 clkload25/Z
 clkload26/Z
 clkload27/Z
 clkload28/Z
 clkload29/Z
 clkload3/Z
 clkload30/Z
 clkload31/Z
 clkload32/Z
 clkload33/Z
 clkload34/Z
 clkload35/Z
 clkload36/Z
 clkload37/Z
 clkload38/ZN
 clkload39/ZN
 clkload4/Z
 clkload40/ZN
 clkload41/Z
 clkload42/ZN
 clkload43/ZN
 clkload44/ZN
 clkload45/ZN
 clkload46/ZN
 clkload47/Z
 clkload48/ZN
 clkload49/ZN
 clkload5/Z
 clkload50/ZN
 clkload51/Z
 clkload52/Z
 clkload53/Z
 clkload54/Z
 clkload55/ZN
 clkload56/ZN
 clkload57/ZN
 clkload58/ZN
 clkload59/ZN
 clkload6/Z
 clkload60/ZN
 clkload61/ZN
 clkload62/ZN
 clkload63/Z
 clkload64/ZN
 clkload65/ZN
 clkload66/ZN
 clkload67/ZN
 clkload68/ZN
 clkload69/ZN
 clkload7/ZN
 clkload70/ZN
 clkload71/ZN
 clkload72/ZN
 clkload73/ZN
 clkload74/ZN
 clkload75/ZN
 clkload76/ZN
 clkload77/ZN
 clkload78/ZN
 clkload79/ZN
 clkload8/ZN
 clkload80/ZN
 clkload81/ZN
 clkload82/ZN
 clkload83/ZN
 clkload84/ZN
 clkload85/ZN
 clkload86/ZN
 clkload87/ZN
 clkload88/ZN
 clkload89/ZN
 clkload9/ZN
 clkload90/ZN
 clkload91/Z
 clkload92/ZN
 clkload93/ZN
 clkload94/ZN
 clkload95/ZN
 clkload96/ZN
 clkload97/ZN
 clkload98/ZN
 clkload99/ZN
Found 0 partially unannotated drivers.

===========================================================================
max slew violation count 0
max fanout violation count 4
max cap violation count 0
============================================================================

===========================================================================
check_setup -verbose -unconstrained_endpoints -multiple_clock -no_clock -no_input_delay -loops -generated_clocks
===========================================================================
