Clock: clk_i
Sources: clk_i 
Generated: no
Virtual: yes
Propagated: no
Period: 50.000000

===========================================================================
report_clock_properties
============================================================================
Clock                   Period          Waveform
----------------------------------------------------
clk_i                50.000000    0.000000 25.000000

===========================================================================
report_clock_latency
============================================================================
Clock clk_i
rise -> rise
    min     max
0.000000 0.000000 source latency
4.630759         network latency _61894_/CLK
        5.595229 network latency _60704_/CLK
---------------
4.630759 5.595229 latency
        0.964469 skew

fall -> fall
    min     max
0.000000 0.000000 source latency
4.168944         network latency _61894_/CLK
        5.318004 network latency _61439_/CLK
---------------
4.168944 5.318004 latency
        1.149060 skew



===========================================================================
report_clock_min_period
============================================================================
clk_i period_min = 39.37 fmax = 25.40
