Clock: clk_i
Sources: clk_i 
Generated: no
Virtual: no
Propagated: no
Period: 100.000000

===========================================================================
report_clock_properties
============================================================================
Clock                   Period          Waveform
----------------------------------------------------
clk_i               100.000000    0.000000 50.000000

===========================================================================
report_clock_latency
============================================================================
Clock clk_i
rise -> rise
    min     max
0.000000 0.000000 source latency
19.482782         network latency _57054_/CLK
        92.987587 network latency _57337_/CLK
---------------
19.482782 92.987587 latency
        73.504799 skew

fall -> fall
    min     max
0.000000 0.000000 source latency
12.103599         network latency _57054_/CLK
        71.700829 network latency _57337_/CLK
---------------
12.103599 71.700829 latency
        59.597229 skew



===========================================================================
report_clock_min_period
============================================================================
clk_i period_min = 83.72 fmax = 11.95
