
===========================================================================
 report_power
============================================================================
======================= nom_ss_125C_4v50 Corner ===================================

Group                    Internal    Switching      Leakage        Total
                            Power        Power        Power        Power (Watts)
------------------------------------------------------------------------
Sequential           2.097440e-02 3.893569e-07 6.533733e-06 2.098132e-02  90.5%
Combinational        1.314515e-05 3.469807e-06 1.706619e-05 3.368115e-05   0.1%
Clock                2.782274e-05 2.151828e-03 4.290368e-09 2.179655e-03   9.4%
Macro                0.000000e+00 0.000000e+00 0.000000e+00 0.000000e+00   0.0%
Pad                  0.000000e+00 0.000000e+00 0.000000e+00 0.000000e+00   0.0%
------------------------------------------------------------------------
Total                2.101537e-02 2.155687e-03 2.360466e-05 2.319467e-02 100.0%
                            90.6%         9.3%         0.1%

