Clock: clk_i
Sources: clk_i 
Generated: no
Virtual: no
Propagated: no
Period: 100.000000

===========================================================================
report_clock_properties
============================================================================
Clock                   Period          Waveform
----------------------------------------------------
clk_i               100.000000    0.000000 50.000000

===========================================================================
report_clock_latency
============================================================================
Clock clk_i
rise -> rise
    min     max
0.000000 0.000000 source latency
7.787637         network latency _56385_/CLK
        35.913464 network latency _56668_/CLK
---------------
7.787637 35.913464 latency
        28.125826 skew

fall -> fall
    min     max
0.000000 0.000000 source latency
4.940667         network latency _56385_/CLK
        30.568480 network latency _56668_/CLK
---------------
4.940667 30.568480 latency
        25.627813 skew



===========================================================================
report_clock_min_period
============================================================================
clk_i period_min = 33.22 fmax = 30.10
