
===========================================================================
 report_power
============================================================================
======================= nom_ff_n40C_5v50 Corner ===================================

Group                    Internal    Switching      Leakage        Total
                            Power        Power        Power        Power (Watts)
------------------------------------------------------------------------
Sequential           3.821890e-02 6.567427e-07 2.787535e-06 3.822234e-02  90.2%
Combinational        4.007879e-05 4.690232e-06 3.956166e-06 4.872519e-05   0.1%
Clock                4.308930e-05 4.077030e-03 1.523954e-09 4.120121e-03   9.7%
Macro                0.000000e+00 0.000000e+00 0.000000e+00 0.000000e+00   0.0%
Pad                  0.000000e+00 0.000000e+00 0.000000e+00 0.000000e+00   0.0%
------------------------------------------------------------------------
Total                3.830205e-02 4.082377e-03 6.744997e-06 4.239118e-02 100.0%
                            90.4%         9.6%         0.0%

