
===========================================================================
Violator List
============================================================================
[setup in-reg] rst_ni -> _56391_/RN : -9.561752
[setup in-reg] rst_ni -> _56392_/RN : -9.561752
[setup in-reg] rst_ni -> _56393_/RN : -9.561752
[setup in-reg] rst_ni -> _59872_/RN : -9.561752
[setup in-reg] rst_ni -> _59873_/RN : -9.561752
[setup in-reg] rst_ni -> _59874_/RN : -9.561752
[setup in-reg] rst_ni -> _59875_/RN : -9.561752
[setup in-reg] rst_ni -> _59876_/RN : -9.561752
[setup in-reg] rst_ni -> _59877_/RN : -9.561752
[setup in-reg] rst_ni -> _59878_/RN : -9.561752
[setup in-reg] rst_ni -> _59879_/RN : -9.561752
[setup in-reg] rst_ni -> _59880_/RN : -9.561752
[setup in-reg] rst_ni -> _59881_/RN : -9.561752
[setup in-reg] rst_ni -> _59882_/RN : -9.561752
[setup in-reg] rst_ni -> _59883_/RN : -9.561752
[setup in-reg] rst_ni -> _59884_/RN : -9.561752
[setup in-reg] rst_ni -> _59885_/RN : -9.561752
[setup in-reg] rst_ni -> _59886_/RN : -9.561752
[setup in-reg] rst_ni -> _59887_/RN : -9.561752
[setup in-reg] rst_ni -> _59888_/RN : -9.561752
[setup in-reg] rst_ni -> _59889_/RN : -9.561752
[setup in-reg] rst_ni -> _59890_/RN : -9.561752
[setup in-reg] rst_ni -> _59891_/RN : -9.561752
[setup in-reg] rst_ni -> _59892_/RN : -9.561752
[setup in-reg] rst_ni -> _59893_/RN : -9.561752
[setup in-reg] rst_ni -> _59894_/RN : -9.561752
[setup in-reg] rst_ni -> _59895_/RN : -9.561752
[setup in-reg] rst_ni -> _59896_/RN : -9.561752
[setup in-reg] rst_ni -> _59897_/RN : -9.561752
[setup in-reg] rst_ni -> _59898_/RN : -9.561752
[setup in-reg] rst_ni -> _59899_/RN : -9.561752
[setup in-reg] rst_ni -> _59900_/RN : -9.561752
[setup in-reg] rst_ni -> _59901_/RN : -9.561752
[setup in-reg] rst_ni -> _59902_/RN : -9.561752
[setup in-reg] rst_ni -> _59903_/RN : -9.561752
[setup in-reg] rst_ni -> _59904_/RN : -9.561752
[setup in-reg] rst_ni -> _59905_/RN : -9.561752
[setup in-reg] rst_ni -> _59906_/RN : -9.561752
[setup in-reg] rst_ni -> _59907_/RN : -9.561752
[setup in-reg] rst_ni -> _59908_/RN : -9.561752
[setup in-reg] rst_ni -> _59909_/RN : -9.561752
[setup in-reg] rst_ni -> _59910_/RN : -9.561752
[setup in-reg] rst_ni -> _59911_/RN : -9.561752
[setup in-reg] rst_ni -> _59912_/RN : -9.561752
[setup in-reg] rst_ni -> _59913_/RN : -9.561752
[setup in-reg] rst_ni -> _59914_/RN : -9.561752
[setup in-reg] rst_ni -> _59915_/RN : -9.561752
[setup in-reg] rst_ni -> _59916_/RN : -9.561752
[setup in-reg] rst_ni -> _59917_/RN : -9.561752
[setup in-reg] rst_ni -> _59918_/RN : -9.561752
[setup in-reg] rst_ni -> _59919_/RN : -9.561752
[setup in-reg] rst_ni -> _59920_/RN : -9.561752
[setup in-reg] rst_ni -> _59921_/RN : -9.561752
[setup in-reg] rst_ni -> _59922_/RN : -9.561752
[setup in-reg] rst_ni -> _59923_/RN : -9.561752
[setup in-reg] rst_ni -> _59924_/RN : -9.561752
[setup in-reg] rst_ni -> _59925_/RN : -9.561752
[setup in-reg] rst_ni -> _59926_/RN : -9.561752
[setup in-reg] rst_ni -> _59927_/RN : -9.561752
[setup in-reg] rst_ni -> _59928_/RN : -9.561752
[setup in-reg] rst_ni -> _59929_/RN : -9.561752
[setup in-reg] rst_ni -> _59930_/RN : -9.561752
[setup in-reg] rst_ni -> _59931_/RN : -9.561752
[setup in-reg] rst_ni -> _59932_/RN : -9.561752
[setup in-reg] rst_ni -> _59933_/RN : -9.561752
[setup in-reg] rst_ni -> _59934_/RN : -9.561752
[setup in-reg] rst_ni -> _59935_/RN : -9.561752
[setup in-reg] rst_ni -> _59936_/RN : -9.561752
[setup in-reg] rst_ni -> _59937_/RN : -9.561752
[setup in-reg] rst_ni -> _59938_/RN : -9.561752
[setup in-reg] rst_ni -> _59939_/RN : -9.561752
[setup in-reg] rst_ni -> _59940_/RN : -9.561752
[setup in-reg] rst_ni -> _59941_/RN : -9.561752
[setup in-reg] rst_ni -> _59942_/RN : -9.561752
[setup in-reg] rst_ni -> _59943_/RN : -9.561752
[setup in-reg] rst_ni -> _59944_/RN : -9.561752
[setup in-reg] rst_ni -> _59946_/RN : -9.561752
[setup in-reg] rst_ni -> _59948_/RN : -9.561752
[setup in-reg] rst_ni -> _59949_/RN : -9.561752
[setup in-reg] rst_ni -> _59950_/RN : -9.561752
[setup in-reg] rst_ni -> _59951_/RN : -9.561752
[setup in-reg] rst_ni -> _59952_/RN : -9.561752
[setup in-reg] rst_ni -> _59953_/RN : -9.561752
[setup in-reg] rst_ni -> _59954_/RN : -9.561752
[setup in-reg] rst_ni -> _59955_/RN : -9.561752
[setup in-reg] rst_ni -> _59956_/RN : -9.561752
[setup in-reg] rst_ni -> _59957_/RN : -9.561752
[setup in-reg] rst_ni -> _59958_/RN : -9.561752
[setup in-reg] rst_ni -> _59959_/RN : -9.561752
[setup in-reg] rst_ni -> _59960_/RN : -9.561752
[setup in-reg] rst_ni -> _59961_/RN : -9.561752
[setup in-reg] rst_ni -> _59962_/RN : -9.561752
[setup in-reg] rst_ni -> _59963_/RN : -9.561752
[setup in-reg] rst_ni -> _59964_/RN : -9.561752
[setup in-reg] rst_ni -> _59965_/RN : -9.561752
[setup in-reg] rst_ni -> _59966_/RN : -9.561752
[setup in-reg] rst_ni -> _59967_/RN : -9.561752
[setup in-reg] rst_ni -> _59968_/RN : -9.561752
[setup in-reg] rst_ni -> _59969_/RN : -9.561752
[setup in-reg] rst_ni -> _59970_/RN : -9.561752
[setup in-reg] rst_ni -> _59971_/RN : -9.561752
[setup in-reg] rst_ni -> _59972_/RN : -9.561752
[setup in-reg] rst_ni -> _59973_/RN : -9.561752
[setup in-reg] rst_ni -> _59974_/RN : -9.561752
[setup in-reg] rst_ni -> _59975_/RN : -9.561752
[setup in-reg] rst_ni -> _59976_/RN : -9.561752
[setup in-reg] rst_ni -> _59977_/RN : -9.561752
[setup in-reg] rst_ni -> _59978_/RN : -9.561752
[setup in-reg] rst_ni -> _59979_/RN : -9.561752
[setup in-reg] rst_ni -> _59980_/RN : -9.561752
[setup in-reg] rst_ni -> _59981_/RN : -9.561752
[setup in-reg] rst_ni -> _59982_/RN : -9.561752
[setup in-reg] rst_ni -> _59983_/RN : -9.561752
[setup in-reg] rst_ni -> _59984_/RN : -9.561752
[setup in-reg] rst_ni -> _59985_/RN : -9.561752
[setup in-reg] rst_ni -> _59986_/RN : -9.561752
[setup in-reg] rst_ni -> _59987_/RN : -9.561752
[setup in-reg] rst_ni -> _59988_/RN : -9.561752
[setup in-reg] rst_ni -> _59989_/RN : -9.561752
[setup in-reg] rst_ni -> _59990_/RN : -9.561752
[setup in-reg] rst_ni -> _59991_/RN : -9.561752
[setup in-reg] rst_ni -> _59992_/RN : -9.561752
[setup in-reg] rst_ni -> _59993_/RN : -9.561752
[setup in-reg] rst_ni -> _59994_/RN : -9.561752
[setup in-reg] rst_ni -> _59995_/RN : -9.561752
[setup in-reg] rst_ni -> _59996_/RN : -9.561752
[setup in-reg] rst_ni -> _59997_/RN : -9.561752
[setup in-reg] rst_ni -> _59998_/RN : -9.561752
[setup in-reg] rst_ni -> _59999_/RN : -9.561752
[setup in-reg] rst_ni -> _60000_/RN : -9.561752
[setup in-reg] rst_ni -> _60001_/RN : -9.561752
[setup in-reg] rst_ni -> _60002_/RN : -9.561752
[setup in-reg] rst_ni -> _60003_/RN : -9.561752
[setup in-reg] rst_ni -> _60004_/RN : -9.561752
[setup in-reg] rst_ni -> _60005_/RN : -9.561752
[setup in-reg] rst_ni -> _60006_/RN : -9.561752
[setup in-reg] rst_ni -> _60007_/RN : -9.561752
[setup in-reg] rst_ni -> _60008_/RN : -9.561752
[setup in-reg] rst_ni -> _60009_/RN : -9.561752
[setup in-reg] rst_ni -> _60010_/RN : -9.561752
[setup in-reg] rst_ni -> _60011_/RN : -9.561752
[setup in-reg] rst_ni -> _60012_/RN : -9.561752
[setup in-reg] rst_ni -> _60013_/RN : -9.561752
[setup in-reg] rst_ni -> _60014_/RN : -9.561752
[setup in-reg] rst_ni -> _60015_/RN : -9.561752
[setup in-reg] rst_ni -> _60016_/RN : -9.561752
[setup in-reg] rst_ni -> _60017_/RN : -9.561752
[setup in-reg] rst_ni -> _60018_/RN : -9.561752
[setup in-reg] rst_ni -> _60019_/RN : -9.561752
[setup in-reg] rst_ni -> _60020_/RN : -9.561752
[setup in-reg] rst_ni -> _60021_/RN : -9.561752
[setup in-reg] rst_ni -> _60022_/RN : -9.561752
[setup in-reg] rst_ni -> _60023_/RN : -9.561752
[setup in-reg] rst_ni -> _60024_/RN : -9.561752
[setup in-reg] rst_ni -> _60025_/RN : -9.561752
[setup in-reg] rst_ni -> _60026_/RN : -9.561752
[setup in-reg] rst_ni -> _60027_/RN : -9.561752
[setup in-reg] rst_ni -> _60028_/RN : -9.561752
[setup in-reg] rst_ni -> _60029_/RN : -9.561752
[setup in-reg] rst_ni -> _60030_/RN : -9.561752
[setup in-reg] rst_ni -> _60031_/RN : -9.561752
[setup in-reg] rst_ni -> _60032_/RN : -9.561752
[setup in-reg] rst_ni -> _60033_/RN : -9.561752
[setup in-reg] rst_ni -> _60034_/RN : -9.561752
[setup in-reg] rst_ni -> _60035_/RN : -9.561752
[setup in-reg] rst_ni -> _60036_/RN : -9.561752
[setup in-reg] rst_ni -> _60037_/RN : -9.561752
[setup in-reg] rst_ni -> _60038_/RN : -9.561752
[setup in-reg] rst_ni -> _60039_/RN : -9.561752
[setup in-reg] rst_ni -> _60040_/RN : -9.561752
[setup in-reg] rst_ni -> _60041_/RN : -9.561752
[setup in-reg] rst_ni -> _60042_/RN : -9.561752
[setup in-reg] rst_ni -> _60043_/RN : -9.561752
[setup in-reg] rst_ni -> _60044_/RN : -9.561752
[setup in-reg] rst_ni -> _60045_/RN : -9.561752
[setup in-reg] rst_ni -> _60046_/RN : -9.561752
[setup in-reg] rst_ni -> _60047_/RN : -9.561752
[setup in-reg] rst_ni -> _60048_/RN : -9.561752
[setup in-reg] rst_ni -> _60049_/RN : -9.561752
[setup in-reg] rst_ni -> _60050_/RN : -9.561752
[setup in-reg] rst_ni -> _60051_/RN : -9.561752
[setup in-reg] rst_ni -> _60052_/RN : -9.561752
[setup in-reg] rst_ni -> _60053_/RN : -9.561752
[setup in-reg] rst_ni -> _60054_/RN : -9.561752
[setup in-reg] rst_ni -> _60055_/RN : -9.561752
[setup in-reg] rst_ni -> _60056_/RN : -9.561752
[setup in-reg] rst_ni -> _60057_/RN : -9.561752
[setup in-reg] rst_ni -> _60058_/RN : -9.561752
[setup in-reg] rst_ni -> _60059_/RN : -9.561752
[setup in-reg] rst_ni -> _60060_/RN : -9.561752
[setup in-reg] rst_ni -> _60061_/RN : -9.561752
[setup in-reg] rst_ni -> _60062_/RN : -9.561752
[setup in-reg] rst_ni -> _60063_/RN : -9.561752
[setup in-reg] rst_ni -> _60064_/RN : -9.561752
[setup in-reg] rst_ni -> _60065_/RN : -9.561752
[setup in-reg] rst_ni -> _60066_/RN : -9.561752
[setup in-reg] rst_ni -> _60067_/RN : -9.561752
[setup in-reg] rst_ni -> _60068_/RN : -9.561752
[setup in-reg] rst_ni -> _60069_/RN : -9.561752
[setup in-reg] rst_ni -> _60070_/RN : -9.561752
[setup in-reg] rst_ni -> _60071_/RN : -9.561752
[setup in-reg] rst_ni -> _60072_/RN : -9.561752
[setup in-reg] rst_ni -> _60073_/RN : -9.561752
[setup in-reg] rst_ni -> _60074_/RN : -9.561752
[setup in-reg] rst_ni -> _60075_/RN : -9.561752
[setup in-reg] rst_ni -> _60076_/RN : -9.561752
[setup in-reg] rst_ni -> _60077_/RN : -9.561752
[setup in-reg] rst_ni -> _60078_/RN : -9.561752
[setup in-reg] rst_ni -> _60079_/RN : -9.561752
[setup in-reg] rst_ni -> _60080_/RN : -9.561752
[setup in-reg] rst_ni -> _60081_/RN : -9.561752
[setup in-reg] rst_ni -> _60082_/RN : -9.561752
[setup in-reg] rst_ni -> _60083_/RN : -9.561752
[setup in-reg] rst_ni -> _60084_/RN : -9.561752
[setup in-reg] rst_ni -> _60085_/RN : -9.561752
[setup in-reg] rst_ni -> _60086_/RN : -9.561752
[setup in-reg] rst_ni -> _60087_/RN : -9.561752
[setup in-reg] rst_ni -> _60088_/RN : -9.561752
[setup in-reg] rst_ni -> _60089_/RN : -9.561752
[setup in-reg] rst_ni -> _60090_/RN : -9.561752
[setup in-reg] rst_ni -> _60091_/RN : -9.561752
[setup in-reg] rst_ni -> _60092_/RN : -9.561752
[setup in-reg] rst_ni -> _60093_/RN : -9.561752
[setup in-reg] rst_ni -> _60094_/RN : -9.561752
[setup in-reg] rst_ni -> _60095_/RN : -9.561752
[setup in-reg] rst_ni -> _60096_/RN : -9.561752
[setup in-reg] rst_ni -> _60097_/RN : -9.561752
[setup in-reg] rst_ni -> _60098_/RN : -9.561752
[setup in-reg] rst_ni -> _60099_/RN : -9.561752
[setup in-reg] rst_ni -> _60100_/RN : -9.561752
[setup in-reg] rst_ni -> _60101_/RN : -9.561752
[setup in-reg] rst_ni -> _60102_/RN : -9.561752
[setup in-reg] rst_ni -> _60103_/RN : -9.561752
[setup in-reg] rst_ni -> _60104_/RN : -9.561752
[setup in-reg] rst_ni -> _60105_/RN : -9.561752
[setup in-reg] rst_ni -> _60106_/RN : -9.561752
[setup in-reg] rst_ni -> _60107_/RN : -9.561752
[setup in-reg] rst_ni -> _60108_/RN : -9.561752
[setup in-reg] rst_ni -> _60109_/RN : -9.561752
[setup in-reg] rst_ni -> _60110_/RN : -9.561752
[setup in-reg] rst_ni -> _60111_/RN : -9.561752
[setup in-reg] rst_ni -> _60112_/RN : -9.561752
[setup in-reg] rst_ni -> _60113_/RN : -9.561752
[setup in-reg] rst_ni -> _60114_/RN : -9.561752
[setup in-reg] rst_ni -> _60115_/RN : -9.561752
[setup in-reg] rst_ni -> _60116_/RN : -9.561752
[setup in-reg] rst_ni -> _60117_/RN : -9.561752
[setup in-reg] rst_ni -> _60118_/RN : -9.561752
[setup in-reg] rst_ni -> _60119_/RN : -9.561752
[setup in-reg] rst_ni -> _60120_/RN : -9.561752
[setup in-reg] rst_ni -> _60121_/RN : -9.561752
[setup in-reg] rst_ni -> _60122_/RN : -9.561752
[setup in-reg] rst_ni -> _60123_/RN : -9.561752
[setup in-reg] rst_ni -> _60124_/RN : -9.561752
[setup in-reg] rst_ni -> _60125_/RN : -9.561752
[setup in-reg] rst_ni -> _60126_/RN : -9.561752
[setup in-reg] rst_ni -> _60127_/RN : -9.561752
[setup in-reg] rst_ni -> _60128_/RN : -9.561752
[setup in-reg] rst_ni -> _60129_/RN : -9.561752
[setup in-reg] rst_ni -> _60130_/RN : -9.561752
[setup in-reg] rst_ni -> _60131_/RN : -9.561752
[setup in-reg] rst_ni -> _60132_/RN : -9.561752
[setup in-reg] rst_ni -> _60133_/RN : -9.561752
[setup in-reg] rst_ni -> _60134_/RN : -9.561752
[setup in-reg] rst_ni -> _60135_/RN : -9.561752
[setup in-reg] rst_ni -> _60136_/RN : -9.561752
[setup in-reg] rst_ni -> _60137_/RN : -9.561752
[setup in-reg] rst_ni -> _60138_/RN : -9.561752
[setup in-reg] rst_ni -> _60139_/RN : -9.561752
[setup in-reg] rst_ni -> _60140_/RN : -9.561752
[setup in-reg] rst_ni -> _60141_/RN : -9.561752
[setup in-reg] rst_ni -> _60142_/RN : -9.561752
[setup in-reg] rst_ni -> _60143_/RN : -9.561752
[setup in-reg] rst_ni -> _60144_/RN : -9.561752
[setup in-reg] rst_ni -> _60145_/RN : -9.561752
[setup in-reg] rst_ni -> _60146_/RN : -9.561752
[setup in-reg] rst_ni -> _60147_/RN : -9.561752
[setup in-reg] rst_ni -> _60148_/RN : -9.561752
[setup in-reg] rst_ni -> _60149_/RN : -9.561752
[setup in-reg] rst_ni -> _60150_/RN : -9.561752
[setup in-reg] rst_ni -> _60151_/RN : -9.561752
[setup in-reg] rst_ni -> _60152_/RN : -9.561752
[setup in-reg] rst_ni -> _60153_/RN : -9.561752
[setup in-reg] rst_ni -> _60154_/RN : -9.561752
[setup in-reg] rst_ni -> _60155_/RN : -9.561752
[setup in-reg] rst_ni -> _60156_/RN : -9.561752
[setup in-reg] rst_ni -> _60157_/RN : -9.561752
[setup in-reg] rst_ni -> _60158_/RN : -9.561752
[setup in-reg] rst_ni -> _60159_/RN : -9.561752
[setup in-reg] rst_ni -> _60160_/RN : -9.561752
[setup in-reg] rst_ni -> _60161_/RN : -9.561752
[setup in-reg] rst_ni -> _60162_/RN : -9.561752
[setup in-reg] rst_ni -> _60163_/RN : -9.561752
[setup in-reg] rst_ni -> _60164_/RN : -9.561752
[setup in-reg] rst_ni -> _60165_/RN : -9.561752
[setup in-reg] rst_ni -> _60167_/RN : -9.561752
[setup in-reg] rst_ni -> _60171_/RN : -9.561752
[setup in-reg] rst_ni -> _60172_/RN : -9.561752
[setup in-reg] rst_ni -> _60173_/RN : -9.561752
[setup in-reg] rst_ni -> _60174_/RN : -9.561752
[setup in-reg] rst_ni -> _60175_/RN : -9.561752
[setup in-reg] rst_ni -> _60176_/RN : -9.561752
[setup in-reg] rst_ni -> _60177_/RN : -9.561752
[setup in-reg] rst_ni -> _60180_/RN : -9.561752
[setup in-reg] rst_ni -> _60181_/RN : -9.561752
[setup in-reg] rst_ni -> _60182_/RN : -9.561752
[setup in-reg] rst_ni -> _60183_/RN : -9.561752
[setup in-reg] rst_ni -> _60184_/RN : -9.561752
[setup in-reg] rst_ni -> _60185_/RN : -9.561752
[setup in-reg] rst_ni -> _60186_/RN : -9.561752
[setup in-reg] rst_ni -> _60187_/RN : -9.561752
[setup in-reg] rst_ni -> _60188_/RN : -9.561752
[setup in-reg] rst_ni -> _60189_/RN : -9.561752
[setup in-reg] rst_ni -> _60190_/RN : -9.561752
[setup in-reg] rst_ni -> _60191_/RN : -9.561752
[setup in-reg] rst_ni -> _60192_/RN : -9.561752
[setup in-reg] rst_ni -> _60193_/RN : -9.561752
[setup in-reg] rst_ni -> _60194_/RN : -9.561752
[setup in-reg] rst_ni -> _60195_/RN : -9.561752
[setup in-reg] rst_ni -> _60196_/RN : -9.561752
[setup in-reg] rst_ni -> _60197_/RN : -9.561752
[setup in-reg] rst_ni -> _60198_/RN : -9.561752
[setup in-reg] rst_ni -> _60199_/RN : -9.561752
[setup in-reg] rst_ni -> _60200_/RN : -9.561752
[setup in-reg] rst_ni -> _60201_/RN : -9.561752
[setup in-reg] rst_ni -> _60202_/RN : -9.561752
[setup in-reg] rst_ni -> _60203_/RN : -9.561752
[setup in-reg] rst_ni -> _60204_/RN : -9.561752
[setup in-reg] rst_ni -> _60205_/RN : -9.561752
[setup in-reg] rst_ni -> _60206_/RN : -9.561752
[setup in-reg] rst_ni -> _60207_/RN : -9.561752
[setup in-reg] rst_ni -> _60208_/RN : -9.561752
[setup in-reg] rst_ni -> _60209_/RN : -9.561752
[setup in-reg] rst_ni -> _60210_/RN : -9.561752
[setup in-reg] rst_ni -> _60211_/RN : -9.561752
[setup in-reg] rst_ni -> _60212_/RN : -9.561752
[setup in-reg] rst_ni -> _60213_/RN : -9.561752
[setup in-reg] rst_ni -> _60214_/RN : -9.561752
[setup in-reg] rst_ni -> _60215_/RN : -9.561752
[setup in-reg] rst_ni -> _60216_/RN : -9.561752
[setup in-reg] rst_ni -> _60217_/RN : -9.561752
[setup in-reg] rst_ni -> _60218_/RN : -9.561752
[setup in-reg] rst_ni -> _60219_/RN : -9.561752
[setup in-reg] rst_ni -> _60220_/RN : -9.561752
[setup in-reg] rst_ni -> _60221_/RN : -9.561752
[setup in-reg] rst_ni -> _60222_/RN : -9.561752
[setup in-reg] rst_ni -> _60223_/RN : -9.561752
[setup in-reg] rst_ni -> _60224_/RN : -9.561752
[setup in-reg] rst_ni -> _60225_/RN : -9.561752
[setup in-reg] rst_ni -> _60226_/RN : -9.561752
[setup in-reg] rst_ni -> _60227_/RN : -9.561752
[setup in-reg] rst_ni -> _60228_/RN : -9.561752
[setup in-reg] rst_ni -> _60229_/RN : -9.561752
[setup in-reg] rst_ni -> _60230_/RN : -9.561752
[setup in-reg] rst_ni -> _60231_/RN : -9.561752
[setup in-reg] rst_ni -> _60232_/RN : -9.561752
[setup in-reg] rst_ni -> _60233_/RN : -9.561752
[setup in-reg] rst_ni -> _60234_/RN : -9.561752
[setup in-reg] rst_ni -> _60235_/RN : -9.561752
[setup in-reg] rst_ni -> _60236_/RN : -9.561752
[setup in-reg] rst_ni -> _60237_/RN : -9.561752
[setup in-reg] rst_ni -> _60239_/RN : -9.561752
[setup in-reg] rst_ni -> _60240_/RN : -9.561752
[setup in-reg] rst_ni -> _60241_/RN : -9.561752
[setup in-reg] rst_ni -> _60242_/RN : -9.561752
[setup in-reg] rst_ni -> _60243_/RN : -9.561752
[setup in-reg] rst_ni -> _60244_/RN : -9.561752
[setup in-reg] rst_ni -> _60245_/RN : -9.561752
[setup in-reg] rst_ni -> _60246_/RN : -9.561752
[setup in-reg] rst_ni -> _60247_/RN : -9.561752
[setup in-reg] rst_ni -> _60248_/RN : -9.561752
[setup in-reg] rst_ni -> _60249_/RN : -9.561752
[setup in-reg] rst_ni -> _60250_/RN : -9.561752
[setup in-reg] rst_ni -> _60251_/RN : -9.561752
[setup in-reg] rst_ni -> _60252_/RN : -9.561752
[setup in-reg] rst_ni -> _60253_/RN : -9.561752
[setup in-reg] rst_ni -> _60254_/RN : -9.561752
[setup in-reg] rst_ni -> _60255_/RN : -9.561752
[setup in-reg] rst_ni -> _60256_/RN : -9.561752
[setup in-reg] rst_ni -> _60257_/RN : -9.561752
[setup in-reg] rst_ni -> _60258_/RN : -9.561752
[setup in-reg] rst_ni -> _60259_/RN : -9.561752
[setup in-reg] rst_ni -> _60260_/RN : -9.561752
[setup in-reg] rst_ni -> _60261_/RN : -9.561752
[setup in-reg] rst_ni -> _60262_/RN : -9.561752
[setup in-reg] rst_ni -> _60263_/RN : -9.561752
[setup in-reg] rst_ni -> _60264_/RN : -9.561752
[setup in-reg] rst_ni -> _60265_/RN : -9.561752
[setup in-reg] rst_ni -> _60266_/RN : -9.561752
[setup in-reg] rst_ni -> _60267_/RN : -9.561752
[setup in-reg] rst_ni -> _60268_/RN : -9.561752
[setup in-reg] rst_ni -> _60269_/RN : -9.561752
[setup in-reg] rst_ni -> _60271_/RN : -9.561752
[setup in-reg] rst_ni -> _60272_/RN : -9.561752
[setup in-reg] rst_ni -> _60273_/RN : -9.561752
[setup in-reg] rst_ni -> _60274_/RN : -9.561752
[setup in-reg] rst_ni -> _60275_/RN : -9.561752
[setup in-reg] rst_ni -> _60276_/RN : -9.561752
[setup in-reg] rst_ni -> _60277_/RN : -9.561752
[setup in-reg] rst_ni -> _60278_/RN : -9.561752
[setup in-reg] rst_ni -> _60279_/RN : -9.561752
[setup in-reg] rst_ni -> _60280_/RN : -9.561752
[setup in-reg] rst_ni -> _60281_/RN : -9.561752
[setup in-reg] rst_ni -> _60282_/RN : -9.561752
[setup in-reg] rst_ni -> _60283_/RN : -9.561752
[setup in-reg] rst_ni -> _60284_/RN : -9.561752
[setup in-reg] rst_ni -> _60285_/RN : -9.561752
[setup in-reg] rst_ni -> _60286_/RN : -9.561752
[setup in-reg] rst_ni -> _60287_/RN : -9.561752
[setup in-reg] rst_ni -> _60288_/RN : -9.561752
[setup in-reg] rst_ni -> _60289_/RN : -9.561752
[setup in-reg] rst_ni -> _60290_/RN : -9.561752
[setup in-reg] rst_ni -> _60291_/RN : -9.561752
[setup in-reg] rst_ni -> _60292_/RN : -9.561752
[setup in-reg] rst_ni -> _60293_/RN : -9.561752
[setup in-reg] rst_ni -> _60318_/RN : -9.561752
[setup in-reg] rst_ni -> _60319_/RN : -9.561752
[setup in-reg] rst_ni -> _60320_/RN : -9.561752
[setup in-reg] rst_ni -> _60321_/RN : -9.561752
[setup in-reg] rst_ni -> _60322_/RN : -9.561752
[setup in-reg] rst_ni -> _60323_/RN : -9.561752
[setup in-reg] rst_ni -> _60324_/RN : -9.561752
[setup in-reg] rst_ni -> _60325_/RN : -9.561752
[setup in-reg] rst_ni -> _60326_/RN : -9.561752
[setup in-reg] rst_ni -> _60327_/RN : -9.561752
[setup in-reg] rst_ni -> _60328_/RN : -9.561752
[setup in-reg] rst_ni -> _60331_/RN : -9.561752
[setup in-reg] rst_ni -> _60332_/RN : -9.561752
[setup in-reg] rst_ni -> _60333_/RN : -9.561752
[setup in-reg] rst_ni -> _60334_/RN : -9.561752
[setup in-reg] rst_ni -> _60335_/RN : -9.561752
[setup in-reg] rst_ni -> _60336_/RN : -9.561752
[setup in-reg] rst_ni -> _60360_/RN : -9.561752
[setup in-reg] rst_ni -> _60412_/RN : -9.561752
[setup in-reg] rst_ni -> _60413_/RN : -9.561752
[setup in-reg] rst_ni -> _60414_/RN : -9.561752
[setup in-reg] rst_ni -> _60415_/RN : -9.561752
[setup in-reg] rst_ni -> _60416_/RN : -9.561752
[setup in-reg] rst_ni -> _60417_/RN : -9.561752
[setup in-reg] rst_ni -> _60418_/RN : -9.561752
[setup in-reg] rst_ni -> _60420_/RN : -9.561752
[setup in-reg] rst_ni -> _60421_/RN : -9.561752
[setup in-reg] rst_ni -> _60422_/RN : -9.561752
[setup in-reg] rst_ni -> _60423_/RN : -9.561752
[setup in-reg] rst_ni -> _60424_/RN : -9.561752
[setup in-reg] rst_ni -> _60425_/RN : -9.561752
[setup in-reg] rst_ni -> _60829_/RN : -9.561752
[setup in-reg] rst_ni -> _60830_/RN : -9.561752
[setup in-reg] rst_ni -> _60831_/RN : -9.561752
[setup in-reg] rst_ni -> _60832_/RN : -9.561752
[setup in-reg] rst_ni -> _60833_/RN : -9.561752
[setup in-reg] rst_ni -> _61098_/RN : -9.561752
[setup in-reg] rst_ni -> _61099_/RN : -9.561752
[setup in-reg] rst_ni -> _61100_/RN : -9.561752
[setup in-reg] rst_ni -> _61101_/RN : -9.561752
[setup in-reg] rst_ni -> _61102_/RN : -9.561752
[setup in-reg] rst_ni -> _61103_/RN : -9.561752
[setup in-reg] rst_ni -> _61104_/RN : -9.561752
[setup in-reg] rst_ni -> _61105_/RN : -9.561752
[setup in-reg] rst_ni -> _61106_/RN : -9.561752
[setup in-reg] rst_ni -> _61107_/RN : -9.561752
[setup in-reg] rst_ni -> _61108_/RN : -9.561752
[setup in-reg] rst_ni -> _61109_/RN : -9.561752
[setup in-reg] rst_ni -> _61110_/RN : -9.561752
[setup in-reg] rst_ni -> _61111_/RN : -9.561752
[setup in-reg] rst_ni -> _61112_/RN : -9.561752
[setup in-reg] rst_ni -> _61113_/RN : -9.561752
[setup in-reg] rst_ni -> _61114_/RN : -9.561752
[setup in-reg] rst_ni -> _61115_/RN : -9.561752
[setup in-reg] rst_ni -> _61116_/RN : -9.561752
[setup in-reg] rst_ni -> _61117_/RN : -9.561752
[setup in-reg] rst_ni -> _61119_/RN : -9.561752
[setup in-reg] rst_ni -> _61120_/RN : -9.561752
[setup in-reg] rst_ni -> _61121_/RN : -9.561752
[setup in-reg] rst_ni -> _61122_/RN : -9.561752
[setup in-reg] rst_ni -> _61123_/RN : -9.561752
[setup in-reg] rst_ni -> _61124_/RN : -9.561752
[setup in-reg] rst_ni -> _61125_/RN : -9.561752
[setup in-reg] rst_ni -> _61126_/RN : -9.561752
[setup in-reg] rst_ni -> _61127_/RN : -9.561752
[setup in-reg] rst_ni -> _61128_/RN : -9.561752
[setup in-reg] rst_ni -> _61129_/RN : -9.561752
[setup in-reg] rst_ni -> _61130_/RN : -9.561752
[setup in-reg] rst_ni -> _61132_/RN : -9.561752
[setup in-reg] rst_ni -> _61133_/RN : -9.561752
[setup in-reg] rst_ni -> _61134_/RN : -9.561752
[setup in-reg] rst_ni -> _61136_/RN : -9.561752
[setup in-reg] rst_ni -> _61137_/RN : -9.561752
[setup in-reg] rst_ni -> _61139_/RN : -9.561752
[setup in-reg] rst_ni -> _61140_/RN : -9.561752
[setup in-reg] rst_ni -> _61142_/RN : -9.561752
[setup in-reg] rst_ni -> _61143_/RN : -9.561752
[setup in-reg] rst_ni -> _61145_/RN : -9.561752
[setup in-reg] rst_ni -> _61146_/RN : -9.561752
[setup in-reg] rst_ni -> _61148_/RN : -9.561752
[setup in-reg] rst_ni -> _61149_/RN : -9.561752
[setup in-reg] rst_ni -> _61151_/RN : -9.561752
[setup in-reg] rst_ni -> _61152_/RN : -9.561752
[setup in-reg] rst_ni -> _61153_/RN : -9.561752
[setup in-reg] rst_ni -> _61154_/RN : -9.561752
[setup in-reg] rst_ni -> _61155_/RN : -9.561752
[setup in-reg] rst_ni -> _61156_/RN : -9.561752
[setup in-reg] rst_ni -> _61157_/RN : -9.561752
[setup in-reg] rst_ni -> _61158_/RN : -9.561752
[setup in-reg] rst_ni -> _61159_/RN : -9.561752
[setup in-reg] rst_ni -> _61160_/RN : -9.561752
[setup in-reg] rst_ni -> _61161_/RN : -9.561752
[setup in-reg] rst_ni -> _61162_/RN : -9.561752
[setup in-reg] rst_ni -> _61163_/RN : -9.561752
[setup in-reg] rst_ni -> _61164_/RN : -9.561752
[setup in-reg] rst_ni -> _61165_/RN : -9.561752
[setup in-reg] rst_ni -> _61166_/RN : -9.561752
[setup in-reg] rst_ni -> _61167_/RN : -9.561752
[setup in-reg] rst_ni -> _61168_/RN : -9.561752
[setup in-reg] rst_ni -> _61169_/RN : -9.561752
[setup in-reg] rst_ni -> _61170_/RN : -9.561752
[setup in-reg] rst_ni -> _61171_/RN : -9.561752
[setup in-reg] rst_ni -> _61172_/RN : -9.561752
[setup in-reg] rst_ni -> _61173_/RN : -9.561752
[setup in-reg] rst_ni -> _61174_/RN : -9.561752
[setup in-reg] rst_ni -> _61175_/RN : -9.561752
[setup in-reg] rst_ni -> _61176_/RN : -9.561752
[setup in-reg] rst_ni -> _61177_/RN : -9.561752
[setup in-reg] rst_ni -> _61178_/RN : -9.561752
[setup in-reg] rst_ni -> _61179_/RN : -9.561752
[setup in-reg] rst_ni -> _61180_/RN : -9.561752
[setup in-reg] rst_ni -> _61181_/RN : -9.561752
[setup in-reg] rst_ni -> _61182_/RN : -9.561752
[setup in-reg] rst_ni -> _61183_/RN : -9.561752
[setup in-reg] rst_ni -> _61185_/RN : -9.561752
[setup in-reg] rst_ni -> _61186_/RN : -9.561752
[setup in-reg] rst_ni -> _61187_/RN : -9.561752
[setup in-reg] rst_ni -> _61188_/RN : -9.561752
[setup in-reg] rst_ni -> _61189_/RN : -9.561752
[setup in-reg] rst_ni -> _61190_/RN : -9.561752
[setup in-reg] rst_ni -> _61214_/RN : -9.561752
[setup in-reg] rst_ni -> _61215_/RN : -9.561752
[setup in-reg] rst_ni -> _61216_/RN : -9.561752
[setup in-reg] rst_ni -> _61217_/RN : -9.561752
[setup in-reg] rst_ni -> _61218_/RN : -9.561752
[setup in-reg] rst_ni -> _61219_/RN : -9.561752
[setup in-reg] rst_ni -> _61220_/RN : -9.561752
[setup in-reg] rst_ni -> _61221_/RN : -9.561752
[setup in-reg] rst_ni -> _61222_/RN : -9.561752
[setup in-reg] rst_ni -> _61223_/RN : -9.561752
[setup in-reg] rst_ni -> _61224_/RN : -9.561752
[setup in-reg] rst_ni -> _61225_/RN : -9.561752
[setup in-reg] rst_ni -> _61226_/RN : -9.561752
[setup in-reg] rst_ni -> _61227_/RN : -9.561752
[setup in-reg] rst_ni -> _61228_/RN : -9.561752
[setup in-reg] rst_ni -> _61229_/RN : -9.561752
[setup in-reg] rst_ni -> _61230_/RN : -9.561752
[setup in-reg] rst_ni -> _61231_/RN : -9.561752
[setup in-reg] rst_ni -> _61232_/RN : -9.561752
[setup in-reg] rst_ni -> _61233_/RN : -9.561752
[setup in-reg] rst_ni -> _61234_/RN : -9.561752
[setup in-reg] rst_ni -> _61235_/RN : -9.561752
[setup in-reg] rst_ni -> _61236_/RN : -9.561752
[setup in-reg] rst_ni -> _61237_/RN : -9.561752
[setup in-reg] rst_ni -> _61238_/RN : -9.561752
[setup in-reg] rst_ni -> _61239_/RN : -9.561752
[setup in-reg] rst_ni -> _61240_/RN : -9.561752
[setup in-reg] rst_ni -> _61241_/RN : -9.561752
[setup in-reg] rst_ni -> _61242_/RN : -9.561752
[setup in-reg] rst_ni -> _61243_/RN : -9.561752
[setup in-reg] rst_ni -> _61244_/RN : -9.561752
[setup in-reg] rst_ni -> _61245_/RN : -9.561752
[setup in-reg] rst_ni -> _61246_/RN : -9.561752
[setup in-reg] rst_ni -> _61247_/RN : -9.561752
[setup in-reg] rst_ni -> _61248_/RN : -9.561752
[setup in-reg] rst_ni -> _61249_/RN : -9.561752
[setup in-reg] rst_ni -> _61250_/RN : -9.561752
[setup in-reg] rst_ni -> _61251_/RN : -9.561752
[setup in-reg] rst_ni -> _61252_/RN : -9.561752
[setup in-reg] rst_ni -> _61253_/RN : -9.561752
[setup in-reg] rst_ni -> _61254_/RN : -9.561752
[setup in-reg] rst_ni -> _61255_/RN : -9.561752
[setup in-reg] rst_ni -> _61256_/RN : -9.561752
[setup in-reg] rst_ni -> _61257_/RN : -9.561752
[setup in-reg] rst_ni -> _61258_/RN : -9.561752
[setup in-reg] rst_ni -> _61259_/RN : -9.561752
[setup in-reg] rst_ni -> _61260_/RN : -9.561752
[setup in-reg] rst_ni -> _61261_/RN : -9.561752
[setup in-reg] rst_ni -> _61262_/RN : -9.561752
[setup in-reg] rst_ni -> _61263_/RN : -9.561752
[setup in-reg] rst_ni -> _61264_/RN : -9.561752
[setup in-reg] rst_ni -> _61265_/RN : -9.561752
[setup in-reg] rst_ni -> _61266_/RN : -9.561752
[setup in-reg] rst_ni -> _61267_/RN : -9.561752
[setup in-reg] rst_ni -> _61268_/RN : -9.561752
[setup in-reg] rst_ni -> _61269_/RN : -9.561752
[setup in-reg] rst_ni -> _61270_/RN : -9.561752
[setup in-reg] rst_ni -> _61271_/RN : -9.561752
[setup in-reg] rst_ni -> _61272_/RN : -9.561752
[setup in-reg] rst_ni -> _61273_/RN : -9.561752
[setup in-reg] rst_ni -> _61274_/RN : -9.561752
[setup in-reg] rst_ni -> _61275_/RN : -9.561752
[setup in-reg] rst_ni -> _61276_/RN : -9.561752
[setup in-reg] rst_ni -> _61277_/RN : -9.561752
[setup in-reg] rst_ni -> _61278_/RN : -9.561752
[setup in-reg] rst_ni -> _61279_/RN : -9.561752
[setup in-reg] rst_ni -> _61280_/RN : -9.561752
[setup in-reg] rst_ni -> _61281_/RN : -9.561752
[setup in-reg] rst_ni -> _61282_/RN : -9.561752
[setup in-reg] rst_ni -> _61283_/RN : -9.561752
[setup in-reg] rst_ni -> _61284_/RN : -9.561752
[setup in-reg] rst_ni -> _61285_/RN : -9.561752
[setup in-reg] rst_ni -> _61286_/RN : -9.561752
[setup in-reg] rst_ni -> _61327_/RN : -9.561752
[setup in-reg] rst_ni -> _61328_/RN : -9.561752
[setup in-reg] rst_ni -> _61329_/RN : -9.561752
[setup in-reg] rst_ni -> _61330_/RN : -9.561752
[setup in-reg] rst_ni -> _61331_/RN : -9.561752
[setup in-reg] rst_ni -> _61332_/RN : -9.561752
[setup in-reg] rst_ni -> _61333_/RN : -9.561752
[setup in-reg] rst_ni -> _61334_/RN : -9.561752
[setup in-reg] rst_ni -> _61335_/RN : -9.561752
[setup in-reg] rst_ni -> _61336_/RN : -9.561752
[setup in-reg] rst_ni -> _61337_/RN : -9.561752
[setup in-reg] rst_ni -> _61338_/RN : -9.561752
[setup in-reg] rst_ni -> _61339_/RN : -9.561752
[setup in-reg] rst_ni -> _61340_/RN : -9.561752
[setup in-reg] rst_ni -> _61341_/RN : -9.561752
[setup in-reg] rst_ni -> _61342_/RN : -9.561752
[setup in-reg] rst_ni -> _61343_/RN : -9.561752
[setup in-reg] rst_ni -> _61344_/RN : -9.561752
[setup in-reg] rst_ni -> _61345_/RN : -9.561752
[setup in-reg] rst_ni -> _61346_/RN : -9.561752
[setup in-reg] rst_ni -> _61347_/RN : -9.561752
[setup in-reg] rst_ni -> _61348_/RN : -9.561752
[setup in-reg] rst_ni -> _61349_/RN : -9.561752
[setup in-reg] rst_ni -> _61350_/RN : -9.561752
[setup in-reg] rst_ni -> _61351_/RN : -9.561752
[setup in-reg] rst_ni -> _61352_/RN : -9.561752
[setup in-reg] rst_ni -> _61353_/RN : -9.561752
[setup in-reg] rst_ni -> _61354_/RN : -9.561752
[setup in-reg] rst_ni -> _61355_/RN : -9.561752
[setup in-reg] rst_ni -> _61356_/RN : -9.561752
[setup in-reg] rst_ni -> _61357_/RN : -9.561752
[setup in-reg] rst_ni -> _61358_/RN : -9.561752
[setup in-reg] rst_ni -> _61359_/RN : -9.561752
[setup in-reg] rst_ni -> _61360_/RN : -9.561752
[setup in-reg] rst_ni -> _61361_/RN : -9.561752
[setup in-reg] rst_ni -> _61362_/RN : -9.561752
[setup in-reg] rst_ni -> _61363_/RN : -9.561752
[setup in-reg] rst_ni -> _61364_/RN : -9.561752
[setup in-reg] rst_ni -> _61365_/RN : -9.561752
[setup in-reg] rst_ni -> _61366_/RN : -9.561752
[setup in-reg] rst_ni -> _61367_/RN : -9.561752
[setup in-reg] rst_ni -> _61368_/RN : -9.561752
[setup in-reg] rst_ni -> _61369_/RN : -9.561752
[setup in-reg] rst_ni -> _61370_/RN : -9.561752
[setup in-reg] rst_ni -> _61371_/RN : -9.561752
[setup in-reg] rst_ni -> _61372_/RN : -9.561752
[setup in-reg] rst_ni -> _61373_/RN : -9.561752
[setup in-reg] rst_ni -> _61374_/RN : -9.561752
[setup in-reg] rst_ni -> _61375_/RN : -9.561752
[setup in-reg] rst_ni -> _61376_/RN : -9.561752
[setup in-reg] rst_ni -> _61379_/RN : -9.561752
[setup in-reg] rst_ni -> _61380_/RN : -9.561752
[setup in-reg] rst_ni -> _61381_/RN : -9.561752
[setup in-reg] rst_ni -> _61382_/RN : -9.561752
[setup in-reg] rst_ni -> _61383_/RN : -9.561752
[setup in-reg] rst_ni -> _61384_/RN : -9.561752
[setup in-reg] rst_ni -> _61385_/RN : -9.561752
[setup in-reg] rst_ni -> _61386_/RN : -9.561752
[setup in-reg] rst_ni -> _61387_/RN : -9.561752
[setup in-reg] rst_ni -> _61388_/RN : -9.561752
[setup in-reg] rst_ni -> _61389_/RN : -9.561752
[setup in-reg] rst_ni -> _61390_/RN : -9.561752
[setup in-reg] rst_ni -> _61391_/RN : -9.561752
[setup in-reg] rst_ni -> _61392_/RN : -9.561752
[setup in-reg] rst_ni -> _61393_/RN : -9.561752
[setup in-reg] rst_ni -> _61394_/RN : -9.561752
[setup in-reg] rst_ni -> _61395_/RN : -9.561752
[setup in-reg] rst_ni -> _61396_/RN : -9.561752
[setup in-reg] rst_ni -> _61397_/RN : -9.561752
[setup in-reg] rst_ni -> _61398_/RN : -9.561752
[setup in-reg] rst_ni -> _61399_/RN : -9.561752
[setup in-reg] rst_ni -> _61400_/RN : -9.561752
[setup in-reg] rst_ni -> _61401_/RN : -9.561752
[setup in-reg] rst_ni -> _61402_/RN : -9.561752
[setup in-reg] rst_ni -> _61403_/RN : -9.561752
[setup in-reg] rst_ni -> _61404_/RN : -9.561752
[setup in-reg] rst_ni -> _61405_/RN : -9.561752
[setup in-reg] rst_ni -> _61406_/RN : -9.561752
[setup in-reg] rst_ni -> _61407_/RN : -9.561752
[setup in-reg] rst_ni -> _61408_/RN : -9.561752
[setup in-reg] rst_ni -> _61409_/RN : -9.561752
[setup in-reg] rst_ni -> _61410_/RN : -9.561752
[setup in-reg] rst_ni -> _61411_/RN : -9.561752
[setup in-reg] rst_ni -> _61412_/RN : -9.561752
[setup in-reg] rst_ni -> _61413_/RN : -9.561752
[setup in-reg] rst_ni -> _61414_/RN : -9.561752
[setup in-reg] rst_ni -> _61415_/RN : -9.561752
[setup in-reg] rst_ni -> _61416_/RN : -9.561752
[setup in-reg] rst_ni -> _61417_/RN : -9.561752
[setup in-reg] rst_ni -> _61418_/RN : -9.561752
[setup in-reg] rst_ni -> _61419_/RN : -9.561752
[setup in-reg] rst_ni -> _61420_/RN : -9.561752
[setup in-reg] rst_ni -> _61421_/RN : -9.561752
[setup in-reg] rst_ni -> _61422_/RN : -9.561752
[setup in-reg] rst_ni -> _61423_/RN : -9.561752
[setup in-reg] rst_ni -> _61424_/RN : -9.561752
[setup in-reg] rst_ni -> _61425_/RN : -9.561752
[setup in-reg] rst_ni -> _61426_/RN : -9.561752
[setup in-reg] rst_ni -> _61427_/RN : -9.561752
[setup in-reg] rst_ni -> _61428_/RN : -9.561752
[setup in-reg] rst_ni -> _61429_/RN : -9.561752
[setup in-reg] rst_ni -> _61430_/RN : -9.561752
[setup in-reg] rst_ni -> _61431_/RN : -9.561752
[setup in-reg] rst_ni -> _61432_/RN : -9.561752
[setup in-reg] rst_ni -> _61433_/RN : -9.561752
[setup in-reg] rst_ni -> _61434_/RN : -9.561752
[setup in-reg] rst_ni -> _61435_/RN : -9.561752
[setup in-reg] rst_ni -> _61436_/RN : -9.561752
[setup in-reg] rst_ni -> _61437_/RN : -9.561752
[setup in-reg] rst_ni -> _61438_/RN : -9.561752
[setup in-reg] rst_ni -> _61439_/RN : -9.561752
[setup in-reg] rst_ni -> _61440_/RN : -9.561752
[setup in-reg] rst_ni -> _61441_/RN : -9.561752
[setup in-reg] rst_ni -> _61442_/RN : -9.561752
[setup in-reg] rst_ni -> _61443_/RN : -9.561752
[setup in-reg] rst_ni -> _61444_/RN : -9.561752
[setup in-reg] rst_ni -> _61445_/RN : -9.561752
[setup in-reg] rst_ni -> _61446_/RN : -9.561752
[setup in-reg] rst_ni -> _61447_/RN : -9.561752
[setup in-reg] rst_ni -> _61448_/RN : -9.561752
[setup in-reg] rst_ni -> _61449_/RN : -9.561752
[setup in-reg] rst_ni -> _61450_/RN : -9.561752
[setup in-reg] rst_ni -> _61451_/RN : -9.561752
[setup in-reg] rst_ni -> _61452_/RN : -9.561752
[setup in-reg] rst_ni -> _61453_/RN : -9.561752
[setup in-reg] rst_ni -> _61454_/RN : -9.561752
[setup in-reg] rst_ni -> _61455_/RN : -9.561752
[setup in-reg] rst_ni -> _61456_/RN : -9.561752
[setup in-reg] rst_ni -> _61457_/RN : -9.561752
[setup in-reg] rst_ni -> _61458_/RN : -9.561752
[setup in-reg] rst_ni -> _61459_/RN : -9.561752
[setup in-reg] rst_ni -> _61460_/RN : -9.561752
[setup in-reg] rst_ni -> _61461_/RN : -9.561752
[setup in-reg] rst_ni -> _61462_/RN : -9.561752
[setup in-reg] rst_ni -> _61463_/RN : -9.561752
[setup in-reg] rst_ni -> _61464_/RN : -9.561752
[setup in-reg] rst_ni -> _61465_/RN : -9.561752
[setup in-reg] rst_ni -> _61466_/RN : -9.561752
[setup in-reg] rst_ni -> _61467_/RN : -9.561752
[setup in-reg] rst_ni -> _61468_/RN : -9.561752
[setup in-reg] rst_ni -> _61469_/RN : -9.561752
[setup in-reg] rst_ni -> _61470_/RN : -9.561752
[setup in-reg] rst_ni -> _61471_/RN : -9.561752
[setup in-reg] rst_ni -> _61472_/RN : -9.561752
[setup in-reg] rst_ni -> _61473_/RN : -9.561752
[setup in-reg] rst_ni -> _61474_/RN : -9.561752
[setup in-reg] rst_ni -> _61475_/RN : -9.561752
[setup in-reg] rst_ni -> _61476_/RN : -9.561752
[setup in-reg] rst_ni -> _61530_/RN : -9.561752
[setup in-reg] rst_ni -> _61533_/RN : -9.561752
[setup in-reg] rst_ni -> _61534_/RN : -9.561752
[setup in-reg] rst_ni -> _61535_/RN : -9.561752
[setup in-reg] rst_ni -> _61536_/RN : -9.561752
[setup in-reg] rst_ni -> _61537_/RN : -9.561752
[setup in-reg] rst_ni -> _61538_/RN : -9.561752
[setup in-reg] rst_ni -> _61539_/RN : -9.561752
[setup in-reg] rst_ni -> _61552_/RN : -9.561752
[setup in-reg] rst_ni -> _61679_/RN : -9.561752
[setup in-reg] rst_ni -> _61680_/RN : -9.561752
[setup in-reg] rst_ni -> _61681_/RN : -9.561752
[setup in-reg] rst_ni -> _61682_/RN : -9.561752
[setup in-reg] rst_ni -> _61683_/RN : -9.561752
[setup in-reg] rst_ni -> _61684_/RN : -9.561752
[setup in-reg] rst_ni -> _61685_/RN : -9.561752
[setup in-reg] rst_ni -> _61686_/RN : -9.561752
[setup in-reg] rst_ni -> _61687_/RN : -9.561752
[setup in-reg] rst_ni -> _61688_/RN : -9.561752
[setup in-reg] rst_ni -> _61689_/RN : -9.561752
[setup in-reg] rst_ni -> _61690_/RN : -9.561752
[setup in-reg] rst_ni -> _61691_/RN : -9.561752
[setup in-reg] rst_ni -> _61692_/RN : -9.561752
[setup in-reg] rst_ni -> _61693_/RN : -9.561752
[setup in-reg] rst_ni -> _61694_/RN : -9.561752
[setup in-reg] rst_ni -> _61695_/RN : -9.561752
[setup in-reg] rst_ni -> _61696_/RN : -9.561752
[setup in-reg] rst_ni -> _61697_/RN : -9.561752
[setup in-reg] rst_ni -> _61698_/RN : -9.561752
[setup in-reg] rst_ni -> _61699_/RN : -9.561752
[setup in-reg] rst_ni -> _61700_/RN : -9.561752
[setup in-reg] rst_ni -> _61701_/RN : -9.561752
[setup in-reg] rst_ni -> _61702_/RN : -9.561752
[setup in-reg] rst_ni -> _61703_/RN : -9.561752
[setup in-reg] rst_ni -> _61704_/RN : -9.561752
[setup in-reg] rst_ni -> _61705_/RN : -9.561752
[setup in-reg] rst_ni -> _61706_/RN : -9.561752
[setup in-reg] rst_ni -> _61707_/RN : -9.561752
[setup in-reg] rst_ni -> _61708_/RN : -9.561752
[setup in-reg] rst_ni -> _61709_/RN : -9.561752
[setup in-reg] rst_ni -> _61710_/RN : -9.561752
[setup in-reg] rst_ni -> _61711_/RN : -9.561752
[setup in-reg] rst_ni -> _61712_/RN : -9.561752
[setup in-reg] rst_ni -> _61713_/RN : -9.561752
[setup in-reg] rst_ni -> _61714_/RN : -9.561752
[setup in-reg] rst_ni -> _61715_/RN : -9.561752
[setup in-reg] rst_ni -> _61716_/RN : -9.561752
[setup in-reg] rst_ni -> _61717_/RN : -9.561752
[setup in-reg] rst_ni -> _61718_/RN : -9.561752
[setup in-reg] rst_ni -> _61719_/RN : -9.561752
[setup in-reg] rst_ni -> _61720_/RN : -9.561752
[setup in-reg] rst_ni -> _61721_/RN : -9.561752
[setup in-reg] rst_ni -> _61722_/RN : -9.561752
[setup in-reg] rst_ni -> _61723_/RN : -9.561752
[setup in-reg] rst_ni -> _61724_/RN : -9.561752
[setup in-reg] rst_ni -> _61725_/RN : -9.561752
[setup in-reg] rst_ni -> _61726_/RN : -9.561752
[setup in-reg] rst_ni -> _61727_/RN : -9.561752
[setup in-reg] rst_ni -> _61728_/RN : -9.561752
[setup in-reg] rst_ni -> _61729_/RN : -9.561752
[setup in-reg] rst_ni -> _61730_/RN : -9.561752
[setup in-reg] rst_ni -> _61731_/RN : -9.561752
[setup in-reg] rst_ni -> _61732_/RN : -9.561752
[setup in-reg] rst_ni -> _61733_/RN : -9.561752
[setup in-reg] rst_ni -> _61734_/RN : -9.561752
[setup in-reg] rst_ni -> _61735_/RN : -9.561752
[setup in-reg] rst_ni -> _61736_/RN : -9.561752
[setup in-reg] rst_ni -> _61737_/RN : -9.561752
[setup in-reg] rst_ni -> _61738_/RN : -9.561752
[setup in-reg] rst_ni -> _61739_/RN : -9.561752
[setup in-reg] rst_ni -> _61740_/RN : -9.561752
[setup in-reg] rst_ni -> _61741_/RN : -9.561752
[setup in-reg] rst_ni -> _61742_/RN : -9.561752
[setup in-reg] rst_ni -> _61743_/RN : -9.561752
[setup in-reg] rst_ni -> _61744_/RN : -9.561752
[setup in-reg] rst_ni -> _61745_/RN : -9.561752
[setup in-reg] rst_ni -> _61746_/RN : -9.561752
[setup in-reg] rst_ni -> _61747_/RN : -9.561752
[setup in-reg] rst_ni -> _61748_/RN : -9.561752
[setup in-reg] rst_ni -> _61749_/RN : -9.561752
[setup in-reg] rst_ni -> _61750_/RN : -9.561752
[setup in-reg] rst_ni -> _61751_/RN : -9.561752
[setup in-reg] rst_ni -> _61752_/RN : -9.561752
[setup in-reg] rst_ni -> _61753_/RN : -9.561752
[setup in-reg] rst_ni -> _61754_/RN : -9.561752
[setup in-reg] rst_ni -> _61755_/RN : -9.561752
[setup in-reg] rst_ni -> _61756_/RN : -9.561752
[setup in-reg] rst_ni -> _61757_/RN : -9.561752
[setup in-reg] rst_ni -> _61758_/RN : -9.561752
[setup in-reg] rst_ni -> _61759_/RN : -9.561752
[setup in-reg] rst_ni -> _61760_/RN : -9.561752
[setup in-reg] rst_ni -> _61761_/RN : -9.561752
[setup in-reg] rst_ni -> _61762_/RN : -9.561752
[setup in-reg] rst_ni -> _61763_/RN : -9.561752
[setup in-reg] rst_ni -> _61764_/RN : -9.561752
[setup in-reg] rst_ni -> _61765_/RN : -9.561752
[setup in-reg] rst_ni -> _61766_/RN : -9.561752
[setup in-reg] rst_ni -> _61767_/RN : -9.561752
[setup in-reg] rst_ni -> _61768_/RN : -9.561752
[setup in-reg] rst_ni -> _61769_/RN : -9.561752
[setup in-reg] rst_ni -> _61770_/RN : -9.561752
[setup in-reg] rst_ni -> _61771_/RN : -9.561752
[setup in-reg] rst_ni -> _61772_/RN : -9.561752
[setup in-reg] rst_ni -> _61773_/RN : -9.561752
[setup in-reg] rst_ni -> _61774_/RN : -9.561752
[setup in-reg] rst_ni -> _61775_/RN : -9.561752
[setup in-reg] rst_ni -> _61776_/RN : -9.561752
[setup in-reg] rst_ni -> _61777_/RN : -9.561752
[setup in-reg] rst_ni -> _61778_/RN : -9.561752
[setup in-reg] rst_ni -> _61779_/RN : -9.561752
[setup in-reg] rst_ni -> _61780_/RN : -9.561752
[setup in-reg] rst_ni -> _61781_/RN : -9.561752
[setup in-reg] rst_ni -> _61782_/RN : -9.561752
[setup in-reg] rst_ni -> _61783_/RN : -9.561752
[setup in-reg] rst_ni -> _61784_/RN : -9.561752
[setup in-reg] rst_ni -> _61785_/RN : -9.561752
[setup in-reg] rst_ni -> _61786_/RN : -9.561752
[setup in-reg] rst_ni -> _61787_/RN : -9.561752
[setup in-reg] rst_ni -> _61788_/RN : -9.561752
[setup in-reg] rst_ni -> _61789_/RN : -9.561752
[setup in-reg] rst_ni -> _61790_/RN : -9.561752
[setup in-reg] rst_ni -> _61791_/RN : -9.561752
[setup in-reg] rst_ni -> _61792_/RN : -9.561752
[setup in-reg] rst_ni -> _61793_/RN : -9.561752
[setup in-reg] rst_ni -> _61794_/RN : -9.561752
[setup in-reg] rst_ni -> _61795_/RN : -9.561752
[setup in-reg] rst_ni -> _61796_/RN : -9.561752
[setup in-reg] rst_ni -> _61797_/RN : -9.561752
[setup in-reg] rst_ni -> _61798_/RN : -9.561752
[setup in-reg] rst_ni -> _61799_/RN : -9.561752
[setup in-reg] rst_ni -> _61800_/RN : -9.561752
[setup in-reg] rst_ni -> _61801_/RN : -9.561752
[setup in-reg] rst_ni -> _61802_/RN : -9.561752
[setup in-reg] rst_ni -> _61803_/RN : -9.561752
[setup in-reg] rst_ni -> _61804_/RN : -9.561752
[setup in-reg] rst_ni -> _61805_/RN : -9.561752
[setup in-reg] rst_ni -> _61806_/RN : -9.561752
[setup in-reg] rst_ni -> _61807_/RN : -9.561752
[setup in-reg] rst_ni -> _61808_/RN : -9.561752
[setup in-reg] rst_ni -> _61809_/RN : -9.561752
[setup in-reg] rst_ni -> _61810_/RN : -9.561752
[setup in-reg] rst_ni -> _61811_/RN : -9.561752
[setup in-reg] rst_ni -> _61812_/RN : -9.561752
[setup in-reg] rst_ni -> _61813_/RN : -9.561752
[setup in-reg] rst_ni -> _61814_/RN : -9.561752
[setup in-reg] rst_ni -> _61815_/RN : -9.561752
[setup in-reg] rst_ni -> _61816_/RN : -9.561752
[setup in-reg] rst_ni -> _61817_/RN : -9.561752
[setup in-reg] rst_ni -> _61818_/RN : -9.561752
[setup in-reg] rst_ni -> _61819_/RN : -9.561752
[setup in-reg] rst_ni -> _61820_/RN : -9.561752
[setup in-reg] rst_ni -> _61821_/RN : -9.561752
[setup in-reg] rst_ni -> _61822_/RN : -9.561752
[setup in-reg] rst_ni -> _61823_/RN : -9.561752
[setup in-reg] rst_ni -> _61824_/RN : -9.561752
[setup in-reg] rst_ni -> _61825_/RN : -9.561752
[setup in-reg] rst_ni -> _61826_/RN : -9.561752
[setup in-reg] rst_ni -> _61827_/RN : -9.561752
[setup in-reg] rst_ni -> _61828_/RN : -9.561752
[setup in-reg] rst_ni -> _61829_/RN : -9.561752
[setup in-reg] rst_ni -> _61830_/RN : -9.561752
[setup in-reg] rst_ni -> _61831_/RN : -9.561752
[setup in-reg] rst_ni -> _61832_/RN : -9.561752
[setup in-reg] rst_ni -> _61833_/RN : -9.561752
[setup in-reg] rst_ni -> _61834_/RN : -9.561752
[setup in-reg] rst_ni -> _61835_/RN : -9.561752
[setup in-reg] rst_ni -> _61836_/RN : -9.561752
[setup in-reg] rst_ni -> _59945_/SETN : -6.282854
[setup in-reg] rst_ni -> _59947_/SETN : -6.282854
[setup in-reg] rst_ni -> _60166_/SETN : -6.282854
[setup in-reg] rst_ni -> _60168_/SETN : -6.282854
[setup in-reg] rst_ni -> _60169_/SETN : -6.282854
[setup in-reg] rst_ni -> _60170_/SETN : -6.282854
[setup in-reg] rst_ni -> _60178_/SETN : -6.282854
[setup in-reg] rst_ni -> _60179_/SETN : -6.282854
[setup in-reg] rst_ni -> _60238_/SETN : -6.282854
[setup in-reg] rst_ni -> _60270_/SETN : -6.282854
[setup in-reg] rst_ni -> _60329_/SETN : -6.282854
[setup in-reg] rst_ni -> _60330_/SETN : -6.282854
[setup in-reg] rst_ni -> _60419_/SETN : -6.282854
[setup in-reg] rst_ni -> _61118_/SETN : -6.282854
[setup in-reg] rst_ni -> _61131_/SETN : -6.282854
[setup in-reg] rst_ni -> _61135_/SETN : -6.282854
[setup in-reg] rst_ni -> _61138_/SETN : -6.282854
[setup in-reg] rst_ni -> _61141_/SETN : -6.282854
[setup in-reg] rst_ni -> _61144_/SETN : -6.282854
[setup in-reg] rst_ni -> _61147_/SETN : -6.282854
[setup in-reg] rst_ni -> _61150_/SETN : -6.282854
[setup in-reg] rst_ni -> _61184_/SETN : -6.282854
[setup in-reg] rst_ni -> _61319_/SETN : -6.282854
[setup in-reg] rst_ni -> _61531_/SETN : -6.282854
[setup in-reg] rst_ni -> _61532_/SETN : -6.282854
[setup in-reg] rst_ni -> _61553_/SETN : -6.282854
[setup in-reg] rst_ni -> _61554_/SETN : -6.282854
[setup in-reg] rst_ni -> _61555_/SETN : -6.282854
[setup in-reg] rst_ni -> _61556_/SETN : -6.282854
[setup in-reg] rst_ni -> _61557_/SETN : -6.282854
[setup in-reg] rst_ni -> _61558_/SETN : -6.282854
[setup in-reg] rst_ni -> _61559_/SETN : -6.282854
[setup in-reg] rst_ni -> _61560_/SETN : -6.282854
[setup in-reg] rst_ni -> _61561_/SETN : -6.282854
[setup in-reg] rst_ni -> _61562_/SETN : -6.282854
[setup in-reg] rst_ni -> _61563_/SETN : -6.282854
[setup in-reg] rst_ni -> _61564_/SETN : -6.282854
[setup in-reg] rst_ni -> _61565_/SETN : -6.282854
[setup in-reg] rst_ni -> _61566_/SETN : -6.282854
[setup in-reg] rst_ni -> _61567_/SETN : -6.282854
[setup in-reg] rst_ni -> _61568_/SETN : -6.282854
[setup in-reg] rst_ni -> _61569_/SETN : -6.282854
[setup in-reg] rst_ni -> _61570_/SETN : -6.282854
[setup in-reg] rst_ni -> _61571_/SETN : -6.282854
[setup in-reg] rst_ni -> _61572_/SETN : -6.282854
[setup in-reg] rst_ni -> _61573_/SETN : -6.282854
[setup in-reg] rst_ni -> _61574_/SETN : -6.282854
[setup in-reg] rst_ni -> _61575_/SETN : -6.282854
[setup in-reg] rst_ni -> _61576_/SETN : -6.282854
[setup in-reg] rst_ni -> _61577_/SETN : -6.282854
[setup in-reg] rst_ni -> _61578_/SETN : -6.282854
[setup in-reg] rst_ni -> _61579_/SETN : -6.282854
[setup in-reg] rst_ni -> _61580_/SETN : -6.282854
[setup in-reg] rst_ni -> _61581_/SETN : -6.282854
[setup in-reg] rst_ni -> _61582_/SETN : -6.282854
[setup in-reg] rst_ni -> _61583_/SETN : -6.282854
[setup in-reg] rst_ni -> _61584_/SETN : -6.282854
[setup in-reg] rst_ni -> _61585_/SETN : -6.282854
[setup in-reg] rst_ni -> _61586_/SETN : -6.282854
[setup in-reg] rst_ni -> _61587_/SETN : -6.282854
[setup in-reg] rst_ni -> _61588_/SETN : -6.282854
[setup in-reg] rst_ni -> _61589_/SETN : -6.282854
[setup in-reg] rst_ni -> _61590_/SETN : -6.282854
[setup in-reg] rst_ni -> _61591_/SETN : -6.282854
[setup in-reg] rst_ni -> _61592_/SETN : -6.282854
[setup in-reg] rst_ni -> _61593_/SETN : -6.282854
[setup in-reg] rst_ni -> _61594_/SETN : -6.282854
[setup in-reg] rst_ni -> _61595_/SETN : -6.282854
[setup in-reg] rst_ni -> _61596_/SETN : -6.282854
[setup in-reg] rst_ni -> _61597_/SETN : -6.282854
[setup in-reg] rst_ni -> _61598_/SETN : -6.282854
[setup in-reg] rst_ni -> _61599_/SETN : -6.282854
[setup in-reg] rst_ni -> _61600_/SETN : -6.282854
[setup in-reg] rst_ni -> _61601_/SETN : -6.282854
[setup in-reg] rst_ni -> _61602_/SETN : -6.282854
[setup in-reg] rst_ni -> _61603_/SETN : -6.282854
[setup in-reg] rst_ni -> _61604_/SETN : -6.282854
[setup in-reg] rst_ni -> _61605_/SETN : -6.282854
[setup in-reg] rst_ni -> _61606_/SETN : -6.282854
[setup in-reg] rst_ni -> _61607_/SETN : -6.282854
[setup in-reg] rst_ni -> _61608_/SETN : -6.282854
[setup in-reg] rst_ni -> _61609_/SETN : -6.282854
[setup in-reg] rst_ni -> _61610_/SETN : -6.282854
[setup in-reg] rst_ni -> _61611_/SETN : -6.282854
[setup in-reg] rst_ni -> _61612_/SETN : -6.282854
[setup in-reg] rst_ni -> _61613_/SETN : -6.282854
[setup in-reg] rst_ni -> _61614_/SETN : -6.282854
[setup in-reg] rst_ni -> _61615_/SETN : -6.282854
[setup in-reg] rst_ni -> _61616_/SETN : -6.282854
[setup in-reg] rst_ni -> _61617_/SETN : -6.282854
[setup in-reg] rst_ni -> _61618_/SETN : -6.282854
[setup in-reg] rst_ni -> _61619_/SETN : -6.282854
[setup in-reg] rst_ni -> _61620_/SETN : -6.282854
[setup in-reg] rst_ni -> _61621_/SETN : -6.282854
[setup in-reg] rst_ni -> _61622_/SETN : -6.282854
[setup in-reg] rst_ni -> _61623_/SETN : -6.282854
[setup in-reg] rst_ni -> _61624_/SETN : -6.282854
[setup in-reg] rst_ni -> _61625_/SETN : -6.282854
[setup in-reg] rst_ni -> _61626_/SETN : -6.282854
[setup in-reg] rst_ni -> _61627_/SETN : -6.282854
[setup in-reg] rst_ni -> _61628_/SETN : -6.282854
[setup in-reg] rst_ni -> _61629_/SETN : -6.282854
[setup in-reg] rst_ni -> _61630_/SETN : -6.282854
[setup in-reg] rst_ni -> _61631_/SETN : -6.282854
[setup in-reg] rst_ni -> _61632_/SETN : -6.282854
[setup in-reg] rst_ni -> _61633_/SETN : -6.282854
[setup in-reg] rst_ni -> _61634_/SETN : -6.282854
[setup in-reg] rst_ni -> _61635_/SETN : -6.282854
[setup in-reg] rst_ni -> _61636_/SETN : -6.282854
[setup in-reg] rst_ni -> _61637_/SETN : -6.282854
[setup in-reg] rst_ni -> _61638_/SETN : -6.282854
[setup in-reg] rst_ni -> _61639_/SETN : -6.282854
[setup in-reg] rst_ni -> _61640_/SETN : -6.282854
[setup in-reg] rst_ni -> _61641_/SETN : -6.282854
[setup in-reg] rst_ni -> _61642_/SETN : -6.282854
[setup in-reg] rst_ni -> _61643_/SETN : -6.282854
[setup in-reg] rst_ni -> _61644_/SETN : -6.282854
[setup in-reg] rst_ni -> _61645_/SETN : -6.282854
[setup in-reg] rst_ni -> _61646_/SETN : -6.282854
[setup in-reg] rst_ni -> _61647_/SETN : -6.282854
[setup in-reg] rst_ni -> _61648_/SETN : -6.282854
[setup in-reg] rst_ni -> _61649_/SETN : -6.282854
[setup in-reg] rst_ni -> _61650_/SETN : -6.282854
[setup in-reg] rst_ni -> _61651_/SETN : -6.282854
[setup in-reg] rst_ni -> _61652_/SETN : -6.282854
[setup in-reg] rst_ni -> _61653_/SETN : -6.282854
[setup in-reg] rst_ni -> _61654_/SETN : -6.282854
[setup in-reg] rst_ni -> _61655_/SETN : -6.282854
[setup in-reg] rst_ni -> _61656_/SETN : -6.282854
[setup in-reg] rst_ni -> _61657_/SETN : -6.282854
[setup in-reg] rst_ni -> _61658_/SETN : -6.282854
[setup in-reg] rst_ni -> _61659_/SETN : -6.282854
[setup in-reg] rst_ni -> _61660_/SETN : -6.282854
[setup in-reg] rst_ni -> _61661_/SETN : -6.282854
[setup in-reg] rst_ni -> _61662_/SETN : -6.282854
[setup in-reg] rst_ni -> _61663_/SETN : -6.282854
[setup in-reg] rst_ni -> _61664_/SETN : -6.282854
[setup in-reg] rst_ni -> _61665_/SETN : -6.282854
[setup in-reg] rst_ni -> _61666_/SETN : -6.282854
[setup in-reg] rst_ni -> _61667_/SETN : -6.282854
[setup in-reg] rst_ni -> _61668_/SETN : -6.282854
[setup in-reg] rst_ni -> _61669_/SETN : -6.282854
[setup in-reg] rst_ni -> _61670_/SETN : -6.282854
[setup in-reg] rst_ni -> _61671_/SETN : -6.282854
[setup in-reg] rst_ni -> _61672_/SETN : -6.282854
[setup in-reg] rst_ni -> _61673_/SETN : -6.282854
[setup in-reg] rst_ni -> _61674_/SETN : -6.282854
[setup in-reg] rst_ni -> _61675_/SETN : -6.282854
[setup in-reg] rst_ni -> _61676_/SETN : -6.282854
[setup in-reg] rst_ni -> _61677_/SETN : -6.282854
[setup in-reg] rst_ni -> _61678_/SETN : -6.282854
