Clock: clk_i
Sources: clk_i 
Generated: no
Virtual: yes
Propagated: no
Period: 100.000000

===========================================================================
report_clock_properties
============================================================================
Clock                   Period          Waveform
----------------------------------------------------
clk_i               100.000000    0.000000 50.000000

===========================================================================
report_clock_latency
============================================================================
Clock clk_i
rise -> rise
    min     max
0.000000 0.000000 source latency
1.799082         network latency _60995_/CLK
        2.046931 network latency _57888_/CLK
---------------
1.799082 2.046931 latency
        0.247848 skew

fall -> fall
    min     max
0.000000 0.000000 source latency
1.617391         network latency _60995_/CLK
        1.906109 network latency _57888_/CLK
---------------
1.617391 1.906109 latency
        0.288718 skew



===========================================================================
report_clock_min_period
============================================================================
clk_i period_min = 13.44 fmax = 74.41
