
===========================================================================
report_checks -unconstrained
===========================================================================
======================= nom_ss_125C_4v50 Corner ===================================

Startpoint: rst_ni (input port clocked by clk_i)
Endpoint: _59897_ (recovery check against rising-edge clock clk_i)
Path Group: asynchronous
Path Type: max

Fanout         Cap        Slew       Delay        Time   Description
---------------------------------------------------------------------------------------------
                                  0.000000    0.000000   clock clk_i (rise edge)
                                  0.000000    0.000000   clock network delay (propagated)
                                 20.000000   20.000000 ^ input external delay
     1    0.007532    0.292721    0.120243   20.120243 ^ rst_ni (in)
                                                         rst_ni (net)
                      0.292721    0.000000   20.120243 ^ input3/I (gf180mcu_fd_sc_mcu7t5v0__buf_2)
     2    0.070664    1.022300    0.836437   20.956680 ^ input3/Z (gf180mcu_fd_sc_mcu7t5v0__buf_2)
                                                         net3 (net)
                      1.022385    0.005192   20.961872 ^ wire1905/I (gf180mcu_fd_sc_mcu7t5v0__buf_8)
     4    0.167281    0.625226    0.659371   21.621244 ^ wire1905/Z (gf180mcu_fd_sc_mcu7t5v0__buf_8)
                                                         net1905 (net)
                      0.629374    0.029841   21.651085 ^ fanout1825/I (gf180mcu_fd_sc_mcu7t5v0__dlyb_1)
     5    0.077119    2.187276    2.883239   24.534325 ^ fanout1825/Z (gf180mcu_fd_sc_mcu7t5v0__dlyb_1)
                                                         net1825 (net)
                      2.187284    0.002418   24.536741 ^ load_slew1826/I (gf180mcu_fd_sc_mcu7t5v0__buf_4)
     2    0.094750    0.714993    0.733808   25.270550 ^ load_slew1826/Z (gf180mcu_fd_sc_mcu7t5v0__buf_4)
                                                         net1826 (net)
                      0.715200    0.007443   25.277992 ^ fanout1802/I (gf180mcu_fd_sc_mcu7t5v0__dlyb_1)
     5    0.093960    2.642431    3.148518   28.426510 ^ fanout1802/Z (gf180mcu_fd_sc_mcu7t5v0__dlyb_1)
                                                         net1802 (net)
                      2.642431    0.002343   28.428852 ^ fanout1801/I (gf180mcu_fd_sc_mcu7t5v0__dlyb_1)
     8    0.075253    2.138044    2.848177   31.277029 ^ fanout1801/Z (gf180mcu_fd_sc_mcu7t5v0__dlyb_1)
                                                         net1801 (net)
                      2.138067    0.003993   31.281023 ^ fanout1800/I (gf180mcu_fd_sc_mcu7t5v0__dlyb_1)
     5    0.068830    1.963800    2.764736   34.045757 ^ fanout1800/Z (gf180mcu_fd_sc_mcu7t5v0__dlyb_1)
                                                         net1800 (net)
                      1.963800    0.000888   34.046646 ^ fanout1799/I (gf180mcu_fd_sc_mcu7t5v0__dlyb_1)
     8    0.076204    2.163376    2.886544   36.933193 ^ fanout1799/Z (gf180mcu_fd_sc_mcu7t5v0__dlyb_1)
                                                         net1799 (net)
                      2.163376    0.002032   36.935223 ^ fanout1798/I (gf180mcu_fd_sc_mcu7t5v0__buf_1)
    10    0.101638    2.846918    2.015892   38.951115 ^ fanout1798/Z (gf180mcu_fd_sc_mcu7t5v0__buf_1)
                                                         net1798 (net)
                      2.846954    0.005684   38.956799 ^ _59897_/RN (gf180mcu_fd_sc_mcu7t5v0__dffrnq_1)
                                             38.956799   data arrival time

                                100.000000  100.000000   clock clk_i (rise edge)
                                  0.000000  100.000000   clock source latency
     2    0.212006    1.481379    0.823171  100.823166 ^ clk_i (in)
                                                         clk_i (net)
                      1.481877    0.000000  100.823166 ^ delaybuf_1_clk_i/I (gf180mcu_fd_sc_mcu7t5v0__clkbuf_16)
     1    0.049659    0.236763    0.664535  101.487701 ^ delaybuf_1_clk_i/Z (gf180mcu_fd_sc_mcu7t5v0__clkbuf_16)
                                                         delaynet_1_clk_i (net)
                      0.236776    0.003332  101.491035 ^ delaybuf_2_clk_i/I (gf180mcu_fd_sc_mcu7t5v0__clkbuf_16)
     1    0.050819    0.205759    0.451998  101.943031 ^ delaybuf_2_clk_i/Z (gf180mcu_fd_sc_mcu7t5v0__clkbuf_16)
                                                         delaynet_2_clk_i (net)
                      0.205786    0.004079  101.947113 ^ delaybuf_3_clk_i/I (gf180mcu_fd_sc_mcu7t5v0__clkbuf_16)
     1    0.049062    0.203091    0.443521  102.390633 ^ delaybuf_3_clk_i/Z (gf180mcu_fd_sc_mcu7t5v0__clkbuf_16)
                                                         delaynet_3_clk_i (net)
                      0.203108    0.003126  102.393761 ^ clkbuf_regs_0_clk_i/I (gf180mcu_fd_sc_mcu7t5v0__clkbuf_16)
     1    0.025523    0.166795    0.414985  102.808746 ^ clkbuf_regs_0_clk_i/Z (gf180mcu_fd_sc_mcu7t5v0__clkbuf_16)
                                                         clk_i_regs (net)
                      0.166796    0.000590  102.809334 ^ clkbuf_0_clk_i_regs/I (gf180mcu_fd_sc_mcu7t5v0__clkbuf_16)
     8    0.235556    0.488256    0.630038  103.439369 ^ clkbuf_0_clk_i_regs/Z (gf180mcu_fd_sc_mcu7t5v0__clkbuf_16)
                                                         clknet_0_clk_i_regs (net)
                      0.488297    0.006708  103.446083 ^ clkbuf_3_6_0_clk_i_regs/I (gf180mcu_fd_sc_mcu7t5v0__clkbuf_8)
     4    0.173930    0.665888    0.804150  104.250229 ^ clkbuf_3_6_0_clk_i_regs/Z (gf180mcu_fd_sc_mcu7t5v0__clkbuf_8)
                                                         clknet_3_6_0_clk_i_regs (net)
                      0.665949    0.004718  104.254944 ^ clkbuf_5_27__f_clk_i_regs/I (gf180mcu_fd_sc_mcu7t5v0__clkbuf_16)
     5    0.104220    0.291042    0.609290  104.864235 ^ clkbuf_5_27__f_clk_i_regs/Z (gf180mcu_fd_sc_mcu7t5v0__clkbuf_16)
                                                         clknet_5_27__leaf_clk_i_regs (net)
                      0.291049    0.002665  104.866905 ^ clkbuf_leaf_121_clk_i_regs/I (gf180mcu_fd_sc_mcu7t5v0__clkbuf_8)
    10    0.054441    0.287296    0.520217  105.387115 ^ clkbuf_leaf_121_clk_i_regs/Z (gf180mcu_fd_sc_mcu7t5v0__clkbuf_8)
                                                         clknet_leaf_121_clk_i_regs (net)
                      0.287296    0.001066  105.388184 ^ _59897_/CLK (gf180mcu_fd_sc_mcu7t5v0__dffrnq_1)
                                 -0.250000  105.138184   clock uncertainty
                                  0.000000  105.138184   clock reconvergence pessimism
                                 -0.198665  104.939522   library recovery time
                                            104.939522   data required time
---------------------------------------------------------------------------------------------
                                            104.939522   data required time
                                            -38.956799   data arrival time
---------------------------------------------------------------------------------------------
                                             65.982719   slack (MET)


Startpoint: _61322_ (falling edge-triggered flip-flop clocked by clk_i)
Endpoint: spi_flash_sd_io[2] (output port clocked by clk_i)
Path Group: clk_i
Path Type: max

Fanout         Cap        Slew       Delay        Time   Description
---------------------------------------------------------------------------------------------
                                 50.000000   50.000000   clock clk_i (fall edge)
                                  0.000000   50.000000   clock source latency
     2    0.212006    0.861462    0.502816   50.502815 v clk_i (in)
                                                         clk_i (net)
                      0.862254    0.000000   50.502815 v delaybuf_1_clk_i/I (gf180mcu_fd_sc_mcu7t5v0__clkbuf_16)
     1    0.049659    0.214286    0.629402   51.132217 v delaybuf_1_clk_i/Z (gf180mcu_fd_sc_mcu7t5v0__clkbuf_16)
                                                         delaynet_1_clk_i (net)
                      0.214298    0.003325   51.135540 v delaybuf_2_clk_i/I (gf180mcu_fd_sc_mcu7t5v0__clkbuf_16)
     1    0.050819    0.201624    0.447386   51.582928 v delaybuf_2_clk_i/Z (gf180mcu_fd_sc_mcu7t5v0__clkbuf_16)
                                                         delaynet_2_clk_i (net)
                      0.201653    0.004079   51.587006 v delaybuf_3_clk_i/I (gf180mcu_fd_sc_mcu7t5v0__clkbuf_16)
     1    0.049062    0.199036    0.441702   52.028709 v delaybuf_3_clk_i/Z (gf180mcu_fd_sc_mcu7t5v0__clkbuf_16)
                                                         delaynet_3_clk_i (net)
                      0.199053    0.003126   52.031834 v clkbuf_regs_0_clk_i/I (gf180mcu_fd_sc_mcu7t5v0__clkbuf_16)
     1    0.025523    0.162245    0.410807   52.442642 v clkbuf_regs_0_clk_i/Z (gf180mcu_fd_sc_mcu7t5v0__clkbuf_16)
                                                         clk_i_regs (net)
                      0.162245    0.000593   52.443233 v clkbuf_0_clk_i_regs/I (gf180mcu_fd_sc_mcu7t5v0__clkbuf_16)
     8    0.235556    0.478023    0.637684   53.080917 v clkbuf_0_clk_i_regs/Z (gf180mcu_fd_sc_mcu7t5v0__clkbuf_16)
                                                         clknet_0_clk_i_regs (net)
                      0.478208    0.004242   53.085159 v clkbuf_3_7_0_clk_i_regs/I (gf180mcu_fd_sc_mcu7t5v0__clkbuf_8)
     4    0.141378    0.598636    0.814683   53.899845 v clkbuf_3_7_0_clk_i_regs/Z (gf180mcu_fd_sc_mcu7t5v0__clkbuf_8)
                                                         clknet_3_7_0_clk_i_regs (net)
                      0.598651    0.001702   53.901546 v clkbuf_5_28__f_clk_i_regs/I (gf180mcu_fd_sc_mcu7t5v0__clkbuf_16)
     5    0.095018    0.273211    0.620286   54.521832 v clkbuf_5_28__f_clk_i_regs/Z (gf180mcu_fd_sc_mcu7t5v0__clkbuf_16)
                                                         clknet_5_28__leaf_clk_i_regs (net)
                      0.273214    0.001737   54.523571 v clkbuf_leaf_80_clk_i_regs/I (gf180mcu_fd_sc_mcu7t5v0__clkbuf_8)
    10    0.060376    0.329113    0.565880   55.089451 v clkbuf_leaf_80_clk_i_regs/Z (gf180mcu_fd_sc_mcu7t5v0__clkbuf_8)
                                                         clknet_leaf_80_clk_i_regs (net)
                      0.329113    0.000728   55.090176 v _61322_/CLKN (gf180mcu_fd_sc_mcu7t5v0__dffnq_1)
     1    0.005741    0.289689    1.457490   56.547668 ^ _61322_/Q (gf180mcu_fd_sc_mcu7t5v0__dffnq_1)
                                                         i_core_v_mini_mcu.ao_peripheral_subsystem_i.spi_subsystem_i.obi_spimemio_i.spimemio_i.xfer_io2_90 (net)
                      0.289689    0.000163   56.547832 ^ _33455_/A2 (gf180mcu_fd_sc_mcu7t5v0__nor2_1)
     1    0.007576    0.560290    0.278074   56.825905 v _33455_/ZN (gf180mcu_fd_sc_mcu7t5v0__nor2_1)
                                                         _10485_ (net)
                      0.560290    0.000163   56.826069 v _33457_/A2 (gf180mcu_fd_sc_mcu7t5v0__oai21_1)
     1    0.013032    0.969678    0.709338   57.535408 ^ _33457_/ZN (gf180mcu_fd_sc_mcu7t5v0__oai21_1)
                                                         i_core_v_mini_mcu.ao_peripheral_subsystem_i.spi_subsystem_i.obi_spimemio_i.flash_io2_do_o (net)
                      0.969678    0.000298   57.535706 ^ gen_flash_sd[2].u_pad_drv/I (gf180mcu_fd_sc_mcu7t5v0__bufz_4)
     2    0.150615    1.086755    1.127106   58.662811 ^ gen_flash_sd[2].u_pad_drv/Z (gf180mcu_fd_sc_mcu7t5v0__bufz_4)
                                                         spi_flash_sd_io[2] (net)
                      1.087073    0.010477   58.673286 ^ spi_flash_sd_io[2] (inout)
                                             58.673286   data arrival time

                                100.000000  100.000000   clock clk_i (rise edge)
                                  0.000000  100.000000   clock network delay (propagated)
                                 -0.250000   99.750000   clock uncertainty
                                  0.000000   99.750000   clock reconvergence pessimism
                                -20.000000   79.750000   output external delay
                                             79.750000   data required time
---------------------------------------------------------------------------------------------
                                             79.750000   data required time
                                            -58.673286   data arrival time
---------------------------------------------------------------------------------------------
                                             21.076710   slack (MET)




===========================================================================
report_checks --slack_max -0.01
============================================================================
======================= nom_ss_125C_4v50 Corner ===================================

No paths found.


===========================================================================
 report_check_types -max_slew -max_cap -max_fanout -violators
============================================================================
======================= nom_ss_125C_4v50 Corner ===================================

max slew

Pin                                        Limit        Slew       Slack
------------------------------------------------------------------------
_37816_/ZN                              3.000000    4.459475   -1.459475 (VIOLATED)
_40499_/A1                              3.000000    4.459475   -1.459475 (VIOLATED)
max_cap795/I                            3.000000    4.459475   -1.459475 (VIOLATED)
wire2002/I                              3.000000    4.459475   -1.459475 (VIOLATED)
_37831_/ZN                              3.000000    4.442386   -1.442386 (VIOLATED)
_40323_/A1                              3.000000    4.442386   -1.442386 (VIOLATED)
_40516_/A1                              3.000000    4.442386   -1.442386 (VIOLATED)
load_slew2000/I                         3.000000    4.442386   -1.442386 (VIOLATED)
max_cap793/I                            3.000000    4.442386   -1.442386 (VIOLATED)
spi_flash_sd_io[0]                      3.000000    4.261297   -1.261297 (VIOLATED)
spi_flash_sd_io[2]                      3.000000    4.172288   -1.172288 (VIOLATED)
_37824_/ZN                              3.000000    4.118736   -1.118736 (VIOLATED)
_40504_/A1                              3.000000    4.118736   -1.118736 (VIOLATED)
max_cap794/I                            3.000000    4.118736   -1.118736 (VIOLATED)
wire2001/I                              3.000000    4.118736   -1.118736 (VIOLATED)
_37780_/ZN                              3.000000    4.105217   -1.105218 (VIOLATED)
_39906_/A1                              3.000000    4.105217   -1.105218 (VIOLATED)
max_cap799/I                            3.000000    4.105217   -1.105218 (VIOLATED)
wire2004/I                              3.000000    4.105217   -1.105218 (VIOLATED)
_37838_/ZN                              3.000000    4.002471   -1.002471 (VIOLATED)
_40521_/A1                              3.000000    4.002471   -1.002471 (VIOLATED)
max_cap792/I                            3.000000    4.002471   -1.002471 (VIOLATED)
wire1999/I                              3.000000    4.002471   -1.002471 (VIOLATED)
_37866_/ZN                              3.000000    3.842244   -0.842245 (VIOLATED)
_40541_/A1                              3.000000    3.842244   -0.842245 (VIOLATED)
max_cap788/I                            3.000000    3.842244   -0.842245 (VIOLATED)
wire1995/I                              3.000000    3.842244   -0.842245 (VIOLATED)
spi_flash_sd_io[1]                      3.000000    3.835173   -0.835173 (VIOLATED)
_37845_/ZN                              3.000000    3.808557   -0.808557 (VIOLATED)
_40526_/A1                              3.000000    3.808557   -0.808557 (VIOLATED)
max_cap791/I                            3.000000    3.808557   -0.808557 (VIOLATED)
wire1998/I                              3.000000    3.808557   -0.808557 (VIOLATED)
spi_flash_sd_io[3]                      3.000000    3.767453   -0.767453 (VIOLATED)
_29957_/B                               3.000000    3.628956   -0.628956 (VIOLATED)
_29956_/ZN                              3.000000    3.628907   -0.628907 (VIOLATED)
_37859_/ZN                              3.000000    3.556072   -0.556072 (VIOLATED)
max_cap789/I                            3.000000    3.556072   -0.556072 (VIOLATED)
wire1996/I                              3.000000    3.556072   -0.556072 (VIOLATED)
_30860_/A1                              3.000000    3.518699   -0.518700 (VIOLATED)
_30351_/B2                              3.000000    3.518685   -0.518686 (VIOLATED)
_29786_/Z                               3.000000    3.518668   -0.518668 (VIOLATED)
_29787_/B2                              3.000000    3.518668   -0.518668 (VIOLATED)
_30028_/B2                              3.000000    3.518668   -0.518668 (VIOLATED)
_30514_/B2                              3.000000    3.518668   -0.518668 (VIOLATED)
_30813_/B2                              3.000000    3.518668   -0.518668 (VIOLATED)
_31187_/A1                              3.000000    3.518668   -0.518668 (VIOLATED)
_31224_/B2                              3.000000    3.518668   -0.518668 (VIOLATED)
_31271_/A1                              3.000000    3.518668   -0.518668 (VIOLATED)
_31313_/A1                              3.000000    3.518668   -0.518668 (VIOLATED)
_33491_/A2                              3.000000    3.518165   -0.518166 (VIOLATED)
_47327_/A2                              3.000000    3.518120   -0.518120 (VIOLATED)
_37071_/A2                              3.000000    3.517949   -0.517949 (VIOLATED)
_33490_/ZN                              3.000000    3.517935   -0.517935 (VIOLATED)
_37297_/A1                              3.000000    3.479198   -0.479198 (VIOLATED)
_37293_/A1                              3.000000    3.479197   -0.479197 (VIOLATED)
_37301_/A1                              3.000000    3.479198   -0.479198 (VIOLATED)
_37303_/A1                              3.000000    3.479193   -0.479193 (VIOLATED)
_37295_/A1                              3.000000    3.479191   -0.479191 (VIOLATED)
_37291_/A1                              3.000000    3.479162   -0.479163 (VIOLATED)
_37289_/A1                              3.000000    3.479146   -0.479146 (VIOLATED)
_37299_/A1                              3.000000    3.479136   -0.479136 (VIOLATED)
_37284_/A1                              3.000000    3.479122   -0.479123 (VIOLATED)
_37283_/Z                               3.000000    3.479108   -0.479108 (VIOLATED)
_37286_/A1                              3.000000    3.479108   -0.479108 (VIOLATED)
_37439_/A1                              3.000000    3.462090   -0.462090 (VIOLATED)
_37447_/A1                              3.000000    3.462089   -0.462089 (VIOLATED)
_37445_/A1                              3.000000    3.462066   -0.462067 (VIOLATED)
_37435_/A1                              3.000000    3.462063   -0.462063 (VIOLATED)
_37443_/A1                              3.000000    3.462063   -0.462064 (VIOLATED)
_37433_/A1                              3.000000    3.462047   -0.462047 (VIOLATED)
_37430_/A1                              3.000000    3.462007   -0.462007 (VIOLATED)
_37428_/A1                              3.000000    3.462000   -0.462000 (VIOLATED)
_37437_/A1                              3.000000    3.461965   -0.461965 (VIOLATED)
_37441_/A1                              3.000000    3.461963   -0.461963 (VIOLATED)
_37427_/Z                               3.000000    3.461946   -0.461947 (VIOLATED)
_37794_/ZN                              3.000000    3.460490   -0.460490 (VIOLATED)
_39922_/A1                              3.000000    3.460490   -0.460490 (VIOLATED)
max_cap797/I                            3.000000    3.460490   -0.460490 (VIOLATED)
wire2010/I                              3.000000    3.460490   -0.460490 (VIOLATED)
_35571_/A1                              3.000000    3.449725   -0.449725 (VIOLATED)
_36252_/A2                              3.000000    3.449723   -0.449724 (VIOLATED)
_36131_/A2                              3.000000    3.449687   -0.449687 (VIOLATED)
_35396_/I                               3.000000    3.449661   -0.449662 (VIOLATED)
_35395_/Z                               3.000000    3.449619   -0.449619 (VIOLATED)
max_cap1331/I                           3.000000    3.449619   -0.449619 (VIOLATED)
_37773_/ZN                              3.000000    3.446251   -0.446251 (VIOLATED)
_39900_/A1                              3.000000    3.446251   -0.446251 (VIOLATED)
load_slew2005/I                         3.000000    3.446251   -0.446251 (VIOLATED)
max_cap800/I                            3.000000    3.446251   -0.446251 (VIOLATED)
_35903_/A2                              3.000000    3.393258   -0.393258 (VIOLATED)
_36623_/A2                              3.000000    3.393229   -0.393230 (VIOLATED)
wire1152/I                              3.000000    3.393126   -0.393126 (VIOLATED)
_35486_/Z                               3.000000    3.393111   -0.393111 (VIOLATED)
_36439_/A3                              3.000000    3.393111   -0.393111 (VIOLATED)
_36617_/A1                              3.000000    3.380666   -0.380667 (VIOLATED)
_36606_/A2                              3.000000    3.380656   -0.380656 (VIOLATED)
_36682_/A1                              3.000000    3.380633   -0.380633 (VIOLATED)
_35850_/B2                              3.000000    3.380591   -0.380592 (VIOLATED)
_35425_/Z                               3.000000    3.380578   -0.380578 (VIOLATED)
max_cap1163/I                           3.000000    3.380578   -0.380578 (VIOLATED)
_33068_/A2                              3.000000    3.360502   -0.360502 (VIOLATED)
_46937_/A1                              3.000000    3.360411   -0.360411 (VIOLATED)
_30356_/B2                              3.000000    3.360409   -0.360409 (VIOLATED)
_30354_/ZN                              3.000000    3.360389   -0.360390 (VIOLATED)
_37852_/ZN                              3.000000    3.307462   -0.307462 (VIOLATED)
_40531_/A1                              3.000000    3.307462   -0.307462 (VIOLATED)
load_slew1997/I                         3.000000    3.307462   -0.307462 (VIOLATED)
max_cap790/I                            3.000000    3.307462   -0.307462 (VIOLATED)
_33911_/B1                              3.000000    3.295624   -0.295624 (VIOLATED)
_33847_/B1                              3.000000    3.295601   -0.295601 (VIOLATED)
_34955_/B1                              3.000000    3.295539   -0.295539 (VIOLATED)
_33846_/Z                               3.000000    3.295517   -0.295517 (VIOLATED)
load_slew1203/I                         3.000000    3.295517   -0.295517 (VIOLATED)
_33068_/A1                              3.000000    3.271574   -0.271574 (VIOLATED)
_33067_/ZN                              3.000000    3.271556   -0.271556 (VIOLATED)
_33103_/I                               3.000000    3.271556   -0.271556 (VIOLATED)
_36425_/B1                              3.000000    3.261945   -0.261945 (VIOLATED)
_36430_/B1                              3.000000    3.261943   -0.261943 (VIOLATED)
_36108_/B1                              3.000000    3.261906   -0.261907 (VIOLATED)
_36530_/A1                              3.000000    3.261890   -0.261891 (VIOLATED)
_36492_/B1                              3.000000    3.261889   -0.261889 (VIOLATED)
_35374_/Z                               3.000000    3.261870   -0.261871 (VIOLATED)
max_cap1172/I                           3.000000    3.261870   -0.261871 (VIOLATED)
_34666_/A1                              3.000000    3.260199   -0.260199 (VIOLATED)
_34660_/A1                              3.000000    3.260178   -0.260178 (VIOLATED)
_34537_/A1                              3.000000    3.260167   -0.260167 (VIOLATED)
_34652_/A1                              3.000000    3.260164   -0.260164 (VIOLATED)
_33906_/Z                               3.000000    3.260107   -0.260107 (VIOLATED)
_34559_/A1                              3.000000    3.260107   -0.260107 (VIOLATED)
max_cap1196/I                           3.000000    3.260107   -0.260107 (VIOLATED)
_37802_/ZN                              3.000000    3.259284   -0.259284 (VIOLATED)
_39928_/A1                              3.000000    3.259284   -0.259284 (VIOLATED)
wire2003/I                              3.000000    3.259284   -0.259284 (VIOLATED)
wire796/I                               3.000000    3.259284   -0.259284 (VIOLATED)
_36247_/A2                              3.000000    3.248879   -0.248880 (VIOLATED)
_35813_/A2                              3.000000    3.248878   -0.248878 (VIOLATED)
load_slew1098/I                         3.000000    3.248868   -0.248868 (VIOLATED)
_35812_/Z                               3.000000    3.248857   -0.248857 (VIOLATED)
_31202_/A1                              3.000000    3.237089   -0.237089 (VIOLATED)
_30827_/A1                              3.000000    3.237081   -0.237081 (VIOLATED)
_31235_/A1                              3.000000    3.237076   -0.237076 (VIOLATED)
_31242_/A1                              3.000000    3.237065   -0.237065 (VIOLATED)
_31205_/A1                              3.000000    3.237032   -0.237032 (VIOLATED)
_30672_/A1                              3.000000    3.237025   -0.237025 (VIOLATED)
_30575_/A1                              3.000000    3.237023   -0.237024 (VIOLATED)
_30375_/A1                              3.000000    3.237011   -0.237011 (VIOLATED)
_30382_/A1                              3.000000    3.237011   -0.237011 (VIOLATED)
_30675_/A1                              3.000000    3.237011   -0.237011 (VIOLATED)
fanout1669/Z                            3.000000    3.237011   -0.237011 (VIOLATED)
_37132_/A1                              3.000000    3.231154   -0.231154 (VIOLATED)
_37136_/A1                              3.000000    3.231151   -0.231152 (VIOLATED)
_37139_/A1                              3.000000    3.231147   -0.231147 (VIOLATED)
_37145_/A1                              3.000000    3.231144   -0.231144 (VIOLATED)
_37142_/A1                              3.000000    3.231138   -0.231138 (VIOLATED)
_37125_/A1                              3.000000    3.231072   -0.231072 (VIOLATED)
_37129_/A1                              3.000000    3.231068   -0.231069 (VIOLATED)
_37122_/A1                              3.000000    3.231049   -0.231049 (VIOLATED)
_37119_/A1                              3.000000    3.231043   -0.231043 (VIOLATED)
_37115_/Z                               3.000000    3.231018   -0.231018 (VIOLATED)
_37116_/A1                              3.000000    3.231018   -0.231018 (VIOLATED)
_42830_/A1                              3.000000    3.226732   -0.226732 (VIOLATED)
_42921_/A1                              3.000000    3.226725   -0.226725 (VIOLATED)
_42623_/A1                              3.000000    3.226717   -0.226717 (VIOLATED)
_42734_/A1                              3.000000    3.226706   -0.226706 (VIOLATED)
_42622_/Z                               3.000000    3.226693   -0.226693 (VIOLATED)
wire865/I                               3.000000    3.226693   -0.226693 (VIOLATED)
_35671_/A2                              3.000000    3.221507   -0.221507 (VIOLATED)
_35658_/A2                              3.000000    3.221502   -0.221502 (VIOLATED)
_35531_/Z                               3.000000    3.221344   -0.221345 (VIOLATED)
wire1137/I                              3.000000    3.221344   -0.221345 (VIOLATED)
_31232_/A1                              3.000000    3.220320   -0.220320 (VIOLATED)
_31045_/B1                              3.000000    3.220317   -0.220317 (VIOLATED)
_30872_/B1                              3.000000    3.220315   -0.220315 (VIOLATED)
_31207_/B1                              3.000000    3.220298   -0.220298 (VIOLATED)
_30471_/A1                              3.000000    3.220244   -0.220244 (VIOLATED)
_30625_/B2                              3.000000    3.220238   -0.220238 (VIOLATED)
_30245_/B1                              3.000000    3.220207   -0.220207 (VIOLATED)
_30294_/A1                              3.000000    3.220188   -0.220189 (VIOLATED)
_30167_/Z                               3.000000    3.220153   -0.220153 (VIOLATED)
_30171_/B2                              3.000000    3.220153   -0.220153 (VIOLATED)
_31290_/B1                              3.000000    3.220153   -0.220153 (VIOLATED)
_30513_/A1                              3.000000    3.217048   -0.217048 (VIOLATED)
_30611_/A1                              3.000000    3.217025   -0.217025 (VIOLATED)
_30457_/A2                              3.000000    3.216997   -0.216998 (VIOLATED)
_30153_/A1                              3.000000    3.216977   -0.216978 (VIOLATED)
_30350_/A1                              3.000000    3.216975   -0.216975 (VIOLATED)
_30026_/B2                              3.000000    3.216961   -0.216961 (VIOLATED)
_30093_/A2                              3.000000    3.216940   -0.216940 (VIOLATED)
_35509_/I                               3.000000    3.216934   -0.216934 (VIOLATED)
_35426_/I                               3.000000    3.216933   -0.216934 (VIOLATED)
_36541_/B1                              3.000000    3.216926   -0.216926 (VIOLATED)
_35537_/I                               3.000000    3.216925   -0.216925 (VIOLATED)
_29949_/B2                              3.000000    3.216920   -0.216920 (VIOLATED)
_29783_/B2                              3.000000    3.216913   -0.216914 (VIOLATED)
_29779_/Z                               3.000000    3.216887   -0.216887 (VIOLATED)
_29873_/A1                              3.000000    3.216887   -0.216887 (VIOLATED)
_35386_/I                               3.000000    3.216835   -0.216835 (VIOLATED)
_35357_/ZN                              3.000000    3.216823   -0.216823 (VIOLATED)
_35358_/I                               3.000000    3.216823   -0.216823 (VIOLATED)
_36205_/A1                              3.000000    3.216823   -0.216823 (VIOLATED)
_36210_/A1                              3.000000    3.216823   -0.216823 (VIOLATED)
_41445_/A1                              3.000000    3.200895   -0.200895 (VIOLATED)
_41450_/A1                              3.000000    3.200892   -0.200893 (VIOLATED)
_41440_/A2                              3.000000    3.200884   -0.200884 (VIOLATED)
_41435_/A2                              3.000000    3.200873   -0.200874 (VIOLATED)
_41465_/A1                              3.000000    3.200845   -0.200846 (VIOLATED)
_41455_/A2                              3.000000    3.200845   -0.200845 (VIOLATED)
_41460_/A2                              3.000000    3.200843   -0.200843 (VIOLATED)
_41470_/A1                              3.000000    3.200834   -0.200834 (VIOLATED)
_41487_/A2                              3.000000    3.200831   -0.200832 (VIOLATED)
_41434_/Z                               3.000000    3.200821   -0.200822 (VIOLATED)
_41492_/A2                              3.000000    3.200821   -0.200822 (VIOLATED)
_33080_/A1                              3.000000    3.180104   -0.180104 (VIOLATED)
_33069_/ZN                              3.000000    3.180092   -0.180092 (VIOLATED)
_33072_/A1                              3.000000    3.180092   -0.180092 (VIOLATED)
_33085_/I                               3.000000    3.180092   -0.180092 (VIOLATED)
_34728_/A1                              3.000000    3.169123   -0.169124 (VIOLATED)
wire1347/I                              3.000000    3.169123   -0.169123 (VIOLATED)
_34738_/A1                              3.000000    3.169121   -0.169121 (VIOLATED)
_34734_/A1                              3.000000    3.169112   -0.169112 (VIOLATED)
_33975_/Z                               3.000000    3.169050   -0.169050 (VIOLATED)
_34984_/B1                              3.000000    3.169050   -0.169050 (VIOLATED)
_36204_/A2                              3.000000    3.160862   -0.160862 (VIOLATED)
_35502_/A2                              3.000000    3.160851   -0.160851 (VIOLATED)
_36172_/A1                              3.000000    3.160846   -0.160846 (VIOLATED)
_35410_/Z                               3.000000    3.160832   -0.160832 (VIOLATED)
_35580_/A2                              3.000000    3.160832   -0.160832 (VIOLATED)
_36255_/A1                              3.000000    3.160832   -0.160832 (VIOLATED)
max_cap1468/I                           3.000000    3.160832   -0.160832 (VIOLATED)
_50790_/A2                              3.000000    3.159212   -0.159212 (VIOLATED)
load_slew1062/I                         3.000000    3.159211   -0.159211 (VIOLATED)
_51234_/A1                              3.000000    3.159207   -0.159207 (VIOLATED)
_50742_/ZN                              3.000000    3.159186   -0.159186 (VIOLATED)
_34678_/A2                              3.000000    3.155245   -0.155245 (VIOLATED)
_34716_/A2                              3.000000    3.155187   -0.155187 (VIOLATED)
_34689_/A2                              3.000000    3.155123   -0.155123 (VIOLATED)
_33922_/Z                               3.000000    3.155023   -0.155023 (VIOLATED)
max_cap1351/I                           3.000000    3.155023   -0.155023 (VIOLATED)
_28641_/A2                              3.000000    3.148681   -0.148681 (VIOLATED)
_29508_/I                               3.000000    3.148680   -0.148681 (VIOLATED)
_28637_/ZN                              3.000000    3.148647   -0.148647 (VIOLATED)
_55790_/ZN                              3.000000    3.145979   -0.145979 (VIOLATED)
_55792_/A2                              3.000000    3.145979   -0.145979 (VIOLATED)
_32277_/A1                              3.000000    3.138386   -0.138386 (VIOLATED)
_49587_/A1                              3.000000    3.138386   -0.138386 (VIOLATED)
_32276_/ZN                              3.000000    3.138375   -0.138375 (VIOLATED)
_48359_/A2                              3.000000    3.138375   -0.138375 (VIOLATED)
_37419_/A1                              3.000000    3.138157   -0.138157 (VIOLATED)
_37425_/A1                              3.000000    3.138156   -0.138156 (VIOLATED)
_37415_/A1                              3.000000    3.138148   -0.138148 (VIOLATED)
_37421_/A1                              3.000000    3.138123   -0.138123 (VIOLATED)
_37413_/A1                              3.000000    3.138122   -0.138122 (VIOLATED)
_37417_/A1                              3.000000    3.138117   -0.138117 (VIOLATED)
_37408_/A1                              3.000000    3.138113   -0.138113 (VIOLATED)
_37423_/A1                              3.000000    3.138111   -0.138111 (VIOLATED)
_37411_/A1                              3.000000    3.138111   -0.138111 (VIOLATED)
_37406_/A1                              3.000000    3.138103   -0.138104 (VIOLATED)
_37405_/Z                               3.000000    3.138084   -0.138084 (VIOLATED)
_55225_/B2                              3.000000    3.125052   -0.125052 (VIOLATED)
_56027_/A1                              3.000000    3.125051   -0.125051 (VIOLATED)
_55222_/B2                              3.000000    3.125050   -0.125050 (VIOLATED)
_56041_/B2                              3.000000    3.125048   -0.125048 (VIOLATED)
_56035_/B2                              3.000000    3.125046   -0.125046 (VIOLATED)
_56031_/B2                              3.000000    3.125041   -0.125041 (VIOLATED)
_56061_/B2                              3.000000    3.125033   -0.125034 (VIOLATED)
_56059_/B2                              3.000000    3.125033   -0.125033 (VIOLATED)
_56029_/A1                              3.000000    3.125032   -0.125033 (VIOLATED)
_56045_/B2                              3.000000    3.125032   -0.125032 (VIOLATED)
_55221_/Z                               3.000000    3.125017   -0.125017 (VIOLATED)
_34215_/A1                              3.000000    3.123948   -0.123948 (VIOLATED)
_34150_/A1                              3.000000    3.123948   -0.123948 (VIOLATED)
_34938_/A1                              3.000000    3.123939   -0.123939 (VIOLATED)
_34034_/Z                               3.000000    3.123919   -0.123919 (VIOLATED)
_34035_/B1                              3.000000    3.123919   -0.123919 (VIOLATED)
max_cap1343/I                           3.000000    3.123919   -0.123919 (VIOLATED)
_39473_/A1                              3.000000    3.117473   -0.117474 (VIOLATED)
_39667_/A1                              3.000000    3.117461   -0.117461 (VIOLATED)
_39741_/A1                              3.000000    3.117441   -0.117441 (VIOLATED)
_40045_/A1                              3.000000    3.117435   -0.117435 (VIOLATED)
_37707_/ZN                              3.000000    3.117410   -0.117410 (VIOLATED)
_39853_/A1                              3.000000    3.117410   -0.117410 (VIOLATED)
max_cap717/I                            3.000000    3.117410   -0.117410 (VIOLATED)
_35908_/A1                              3.000000    3.117240   -0.117240 (VIOLATED)
_35922_/A1                              3.000000    3.117234   -0.117234 (VIOLATED)
_36177_/A1                              3.000000    3.117229   -0.117229 (VIOLATED)
_36476_/A1                              3.000000    3.117112   -0.117112 (VIOLATED)
_35864_/Z                               3.000000    3.117065   -0.117065 (VIOLATED)
max_cap1097/I                           3.000000    3.117065   -0.117065 (VIOLATED)
_37592_/A1                              3.000000    3.112854   -0.112854 (VIOLATED)
_37584_/A1                              3.000000    3.112853   -0.112853 (VIOLATED)
_37586_/A1                              3.000000    3.112847   -0.112847 (VIOLATED)
_37590_/A1                              3.000000    3.112837   -0.112837 (VIOLATED)
_37580_/A1                              3.000000    3.112833   -0.112834 (VIOLATED)
_37578_/A1                              3.000000    3.112829   -0.112829 (VIOLATED)
_37588_/A1                              3.000000    3.112821   -0.112821 (VIOLATED)
_37582_/A1                              3.000000    3.112773   -0.112773 (VIOLATED)
_37572_/Z                               3.000000    3.112741   -0.112741 (VIOLATED)
_37573_/A1                              3.000000    3.112741   -0.112741 (VIOLATED)
_37575_/A1                              3.000000    3.112741   -0.112741 (VIOLATED)
_33974_/A2                              3.000000    3.106938   -0.106938 (VIOLATED)
_34804_/A2                              3.000000    3.106933   -0.106933 (VIOLATED)
_34448_/A2                              3.000000    3.106932   -0.106932 (VIOLATED)
wire829/I                               3.000000    3.106929   -0.106929 (VIOLATED)
_33316_/A4                              3.000000    3.106925   -0.106925 (VIOLATED)
_33315_/Z                               3.000000    3.106913   -0.106913 (VIOLATED)
_33499_/A2                              3.000000    3.102152   -0.102152 (VIOLATED)
_47336_/A2                              3.000000    3.102128   -0.102128 (VIOLATED)
_33498_/ZN                              3.000000    3.101945   -0.101945 (VIOLATED)
_37081_/A2                              3.000000    3.101945   -0.101945 (VIOLATED)
_36348_/A2                              3.000000    3.100559   -0.100560 (VIOLATED)
_35406_/B                               3.000000    3.100552   -0.100552 (VIOLATED)
_35956_/A2                              3.000000    3.100536   -0.100536 (VIOLATED)
load_slew1414/I                         3.000000    3.100535   -0.100535 (VIOLATED)
_35405_/Z                               3.000000    3.100523   -0.100523 (VIOLATED)
_42797_/ZN                              3.000000    3.097801   -0.097802 (VIOLATED)
_42798_/I                               3.000000    3.097801   -0.097802 (VIOLATED)
_42825_/A2                              3.000000    3.097801   -0.097802 (VIOLATED)
_42830_/A2                              3.000000    3.097801   -0.097802 (VIOLATED)
max_cap962/I                            3.000000    3.097801   -0.097802 (VIOLATED)
_40663_/A1                              3.000000    3.093584   -0.093584 (VIOLATED)
_40055_/A1                              3.000000    3.093553   -0.093553 (VIOLATED)
_39483_/A1                              3.000000    3.093518   -0.093519 (VIOLATED)
_39677_/A1                              3.000000    3.093502   -0.093502 (VIOLATED)
_37722_/ZN                              3.000000    3.093352   -0.093352 (VIOLATED)
max_cap715/I                            3.000000    3.093352   -0.093352 (VIOLATED)
_34866_/A2                              3.000000    3.091485   -0.091485 (VIOLATED)
_34945_/A2                              3.000000    3.091485   -0.091485 (VIOLATED)
_33736_/A2                              3.000000    3.091483   -0.091483 (VIOLATED)
_34878_/A2                              3.000000    3.091483   -0.091483 (VIOLATED)
_34084_/A2                              3.000000    3.091464   -0.091464 (VIOLATED)
fanout1582/I                            3.000000    3.091463   -0.091463 (VIOLATED)
_34040_/A1                              3.000000    3.091449   -0.091449 (VIOLATED)
_34058_/A2                              3.000000    3.091438   -0.091438 (VIOLATED)
_34500_/A2                              3.000000    3.091437   -0.091438 (VIOLATED)
_34192_/A2                              3.000000    3.091413   -0.091414 (VIOLATED)
fanout1583/Z                            3.000000    3.091413   -0.091414 (VIOLATED)
_30662_/I                               3.000000    3.089911   -0.089911 (VIOLATED)
_30457_/B1                              3.000000    3.089906   -0.089906 (VIOLATED)
_30355_/A1                              3.000000    3.089906   -0.089906 (VIOLATED)
_30518_/A1                              3.000000    3.089903   -0.089903 (VIOLATED)
_30618_/B2                              3.000000    3.089900   -0.089900 (VIOLATED)
_30023_/A1                              3.000000    3.089870   -0.089871 (VIOLATED)
_29874_/B1                              3.000000    3.089868   -0.089868 (VIOLATED)
_29421_/B2                              3.000000    3.089867   -0.089867 (VIOLATED)
_29686_/A1                              3.000000    3.089852   -0.089852 (VIOLATED)
_29950_/A1                              3.000000    3.089845   -0.089845 (VIOLATED)
_29420_/Z                               3.000000    3.089834   -0.089834 (VIOLATED)
_30920_/A1                              3.000000    3.087855   -0.087855 (VIOLATED)
_30876_/A1                              3.000000    3.087849   -0.087849 (VIOLATED)
_31239_/A1                              3.000000    3.087821   -0.087822 (VIOLATED)
_30478_/A1                              3.000000    3.087760   -0.087760 (VIOLATED)
_30628_/B1                              3.000000    3.087749   -0.087749 (VIOLATED)
_30533_/A1                              3.000000    3.087735   -0.087735 (VIOLATED)
_30176_/Z                               3.000000    3.087715   -0.087715 (VIOLATED)
_30177_/B1                              3.000000    3.087715   -0.087715 (VIOLATED)
_30249_/A1                              3.000000    3.087715   -0.087715 (VIOLATED)
_30301_/A1                              3.000000    3.087715   -0.087715 (VIOLATED)
_30528_/A1                              3.000000    3.087715   -0.087715 (VIOLATED)
wire575/I                               3.000000    3.086162   -0.086162 (VIOLATED)
_47123_/A1                              3.000000    3.086161   -0.086161 (VIOLATED)
_47249_/A1                              3.000000    3.086160   -0.086160 (VIOLATED)
_46935_/B1                              3.000000    3.086115   -0.086115 (VIOLATED)
_33514_/ZN                              3.000000    3.086100   -0.086100 (VIOLATED)
_36756_/A1                              3.000000    3.081270   -0.081270 (VIOLATED)
_35851_/A2                              3.000000    3.081269   -0.081269 (VIOLATED)
_36558_/A2                              3.000000    3.081267   -0.081267 (VIOLATED)
_36755_/A2                              3.000000    3.081267   -0.081267 (VIOLATED)
_36081_/A1                              3.000000    3.081264   -0.081264 (VIOLATED)
_36022_/A1                              3.000000    3.081264   -0.081264 (VIOLATED)
_36138_/A2                              3.000000    3.081244   -0.081245 (VIOLATED)
_35952_/A2                              3.000000    3.081241   -0.081241 (VIOLATED)
_36130_/A2                              3.000000    3.081229   -0.081229 (VIOLATED)
_36479_/A2                              3.000000    3.081229   -0.081229 (VIOLATED)
fanout1546/Z                            3.000000    3.081229   -0.081229 (VIOLATED)
_41658_/A1                              3.000000    3.080290   -0.080290 (VIOLATED)
_41653_/A1                              3.000000    3.080288   -0.080288 (VIOLATED)
_41668_/A1                              3.000000    3.080287   -0.080287 (VIOLATED)
_41673_/A1                              3.000000    3.080281   -0.080281 (VIOLATED)
_41678_/A1                              3.000000    3.080268   -0.080268 (VIOLATED)
_41648_/A1                              3.000000    3.080267   -0.080268 (VIOLATED)
_41688_/A1                              3.000000    3.080266   -0.080266 (VIOLATED)
_41693_/A1                              3.000000    3.080265   -0.080265 (VIOLATED)
_41683_/A1                              3.000000    3.080260   -0.080260 (VIOLATED)
_41646_/Z                               3.000000    3.080235   -0.080235 (VIOLATED)
_41663_/A1                              3.000000    3.080235   -0.080235 (VIOLATED)
wire885/I                               3.000000    3.079041   -0.079041 (VIOLATED)
_55317_/A1                              3.000000    3.079038   -0.079038 (VIOLATED)
_37217_/A1                              3.000000    3.079032   -0.079032 (VIOLATED)
_37508_/A1                              3.000000    3.079029   -0.079029 (VIOLATED)
_29017_/Z                               3.000000    3.078987   -0.078987 (VIOLATED)
_55939_/A1                              3.000000    3.078987   -0.078987 (VIOLATED)
_38967_/A2                              3.000000    3.078766   -0.078766 (VIOLATED)
_39026_/A2                              3.000000    3.078765   -0.078765 (VIOLATED)
_38903_/A2                              3.000000    3.078761   -0.078761 (VIOLATED)
_38844_/A2                              3.000000    3.078754   -0.078754 (VIOLATED)
_40562_/A2                              3.000000    3.078753   -0.078753 (VIOLATED)
_40099_/A2                              3.000000    3.078747   -0.078747 (VIOLATED)
_40622_/A2                              3.000000    3.078747   -0.078747 (VIOLATED)
_40680_/A2                              3.000000    3.078746   -0.078746 (VIOLATED)
_38843_/Z                               3.000000    3.078735   -0.078735 (VIOLATED)
_38909_/A2                              3.000000    3.078735   -0.078735 (VIOLATED)
_39505_/A2                              3.000000    3.078735   -0.078735 (VIOLATED)
_54192_/A3                              3.000000    3.076350   -0.076350 (VIOLATED)
_54291_/A3                              3.000000    3.076348   -0.076348 (VIOLATED)
_54090_/A3                              3.000000    3.076346   -0.076346 (VIOLATED)
_53985_/A3                              3.000000    3.076346   -0.076346 (VIOLATED)
_53882_/A3                              3.000000    3.076340   -0.076340 (VIOLATED)
_54387_/A3                              3.000000    3.076339   -0.076339 (VIOLATED)
_53777_/A3                              3.000000    3.076338   -0.076338 (VIOLATED)
_53676_/A3                              3.000000    3.076327   -0.076327 (VIOLATED)
_54483_/A3                              3.000000    3.076274   -0.076274 (VIOLATED)
_53675_/Z                               3.000000    3.076263   -0.076263 (VIOLATED)
_54581_/A3                              3.000000    3.076263   -0.076263 (VIOLATED)
_36303_/A2                              3.000000    3.074631   -0.074631 (VIOLATED)
_35764_/A2                              3.000000    3.074628   -0.074628 (VIOLATED)
_35774_/A2                              3.000000    3.074623   -0.074623 (VIOLATED)
_36317_/A2                              3.000000    3.074618   -0.074618 (VIOLATED)
_36328_/A2                              3.000000    3.074604   -0.074604 (VIOLATED)
_35784_/A2                              3.000000    3.074603   -0.074603 (VIOLATED)
_35797_/A2                              3.000000    3.074603   -0.074603 (VIOLATED)
_36329_/A1                              3.000000    3.074595   -0.074595 (VIOLATED)
_36168_/A1                              3.000000    3.074580   -0.074580 (VIOLATED)
_36190_/A2                              3.000000    3.074555   -0.074555 (VIOLATED)
fanout1533/Z                            3.000000    3.074555   -0.074555 (VIOLATED)
_37081_/A1                              3.000000    3.068949   -0.068949 (VIOLATED)
_37101_/A1                              3.000000    3.068949   -0.068949 (VIOLATED)
_37084_/A1                              3.000000    3.068949   -0.068949 (VIOLATED)
_37112_/A1                              3.000000    3.068948   -0.068948 (VIOLATED)
_37090_/A1                              3.000000    3.068914   -0.068914 (VIOLATED)
_37087_/A1                              3.000000    3.068913   -0.068913 (VIOLATED)
_37097_/A1                              3.000000    3.068882   -0.068882 (VIOLATED)
_37093_/A1                              3.000000    3.068876   -0.068876 (VIOLATED)
_37080_/Z                               3.000000    3.068858   -0.068858 (VIOLATED)
_37106_/A1                              3.000000    3.068858   -0.068858 (VIOLATED)
_37109_/A1                              3.000000    3.068858   -0.068858 (VIOLATED)
wire937/I                               3.000000    3.067537   -0.067537 (VIOLATED)
_28858_/I                               3.000000    3.067505   -0.067505 (VIOLATED)
_28547_/A2                              3.000000    3.067502   -0.067502 (VIOLATED)
_28542_/Z                               3.000000    3.067488   -0.067488 (VIOLATED)
_55973_/A1                              3.000000    3.067488   -0.067488 (VIOLATED)
_34216_/A2                              3.000000    3.059995   -0.059996 (VIOLATED)
_34939_/A2                              3.000000    3.059994   -0.059994 (VIOLATED)
_34130_/A2                              3.000000    3.059962   -0.059962 (VIOLATED)
_33874_/Z                               3.000000    3.059809   -0.059809 (VIOLATED)
wire1426/I                              3.000000    3.059809   -0.059809 (VIOLATED)
_54141_/A2                              3.000000    3.058712   -0.058712 (VIOLATED)
_54242_/A2                              3.000000    3.058712   -0.058712 (VIOLATED)
_54037_/A2                              3.000000    3.058707   -0.058707 (VIOLATED)
_53933_/A2                              3.000000    3.058702   -0.058702 (VIOLATED)
_54339_/A2                              3.000000    3.058697   -0.058697 (VIOLATED)
_53829_/A2                              3.000000    3.058696   -0.058696 (VIOLATED)
_53727_/A2                              3.000000    3.058691   -0.058691 (VIOLATED)
_53622_/A2                              3.000000    3.058671   -0.058671 (VIOLATED)
_53519_/A2                              3.000000    3.058645   -0.058645 (VIOLATED)
_53418_/Z                               3.000000    3.058595   -0.058595 (VIOLATED)
_53420_/A2                              3.000000    3.058595   -0.058595 (VIOLATED)
_39980_/ZN                              3.000000    3.057757   -0.057758 (VIOLATED)
_39981_/I                               3.000000    3.057757   -0.057758 (VIOLATED)
_40039_/I                               3.000000    3.057757   -0.057758 (VIOLATED)
_40104_/I                               3.000000    3.057757   -0.057758 (VIOLATED)
_40162_/A2                              3.000000    3.057757   -0.057758 (VIOLATED)
_40167_/A2                              3.000000    3.057757   -0.057758 (VIOLATED)
_42962_/I                               3.000000    3.055400   -0.055401 (VIOLATED)
_43175_/I                               3.000000    3.055399   -0.055399 (VIOLATED)
_43069_/I                               3.000000    3.055392   -0.055392 (VIOLATED)
_43123_/I                               3.000000    3.055374   -0.055375 (VIOLATED)
_43017_/I                               3.000000    3.055373   -0.055373 (VIOLATED)
_43441_/I                               3.000000    3.055355   -0.055355 (VIOLATED)
_43389_/I                               3.000000    3.055348   -0.055348 (VIOLATED)
_43337_/I                               3.000000    3.055347   -0.055348 (VIOLATED)
_42961_/Z                               3.000000    3.055336   -0.055336 (VIOLATED)
_43229_/I                               3.000000    3.055336   -0.055336 (VIOLATED)
_43285_/I                               3.000000    3.055336   -0.055336 (VIOLATED)
_40711_/A2                              3.000000    3.053624   -0.053624 (VIOLATED)
_40705_/Z                               3.000000    3.053614   -0.053614 (VIOLATED)
_40706_/A2                              3.000000    3.053614   -0.053614 (VIOLATED)
_40716_/A2                              3.000000    3.053614   -0.053614 (VIOLATED)
_40722_/A2                              3.000000    3.053614   -0.053614 (VIOLATED)
_40728_/A2                              3.000000    3.053614   -0.053614 (VIOLATED)
_40733_/A2                              3.000000    3.053614   -0.053614 (VIOLATED)
_40743_/A2                              3.000000    3.053614   -0.053614 (VIOLATED)
_40748_/A2                              3.000000    3.053614   -0.053614 (VIOLATED)
_40753_/A2                              3.000000    3.053614   -0.053614 (VIOLATED)
_40758_/A2                              3.000000    3.053614   -0.053614 (VIOLATED)
wire1032/I                              3.000000    3.052894   -0.052894 (VIOLATED)
_40833_/A2                              3.000000    3.052849   -0.052850 (VIOLATED)
_35446_/A1                              3.000000    3.052837   -0.052837 (VIOLATED)
_35746_/A1                              3.000000    3.052729   -0.052729 (VIOLATED)
_36392_/A1                              3.000000    3.052643   -0.052643 (VIOLATED)
_35445_/Z                               3.000000    3.052591   -0.052591 (VIOLATED)
_35088_/B1                              3.000000    3.049825   -0.049825 (VIOLATED)
_35011_/B1                              3.000000    3.049821   -0.049821 (VIOLATED)
_33948_/B1                              3.000000    3.049817   -0.049817 (VIOLATED)
_34037_/I                               3.000000    3.049814   -0.049814 (VIOLATED)
_33797_/I                               3.000000    3.049812   -0.049812 (VIOLATED)
_33635_/I                               3.000000    3.049802   -0.049802 (VIOLATED)
_33603_/I                               3.000000    3.049762   -0.049762 (VIOLATED)
_33708_/I                               3.000000    3.049755   -0.049755 (VIOLATED)
_33602_/Z                               3.000000    3.049706   -0.049707 (VIOLATED)
_33780_/I                               3.000000    3.049706   -0.049707 (VIOLATED)
_34697_/B1                              3.000000    3.049706   -0.049707 (VIOLATED)
_47408_/A1                              3.000000    3.048637   -0.048638 (VIOLATED)
_47402_/A1                              3.000000    3.048635   -0.048635 (VIOLATED)
_47414_/A1                              3.000000    3.048632   -0.048632 (VIOLATED)
_47417_/A1                              3.000000    3.048627   -0.048627 (VIOLATED)
_47393_/A1                              3.000000    3.048627   -0.048627 (VIOLATED)
_47411_/A1                              3.000000    3.048625   -0.048625 (VIOLATED)
_47405_/A1                              3.000000    3.048620   -0.048620 (VIOLATED)
_47396_/A1                              3.000000    3.048603   -0.048603 (VIOLATED)
_47399_/A1                              3.000000    3.048584   -0.048584 (VIOLATED)
_47392_/Z                               3.000000    3.048558   -0.048558 (VIOLATED)
_47420_/A1                              3.000000    3.048558   -0.048558 (VIOLATED)
_39365_/A1                              3.000000    3.045971   -0.045971 (VIOLATED)
_39179_/A1                              3.000000    3.045947   -0.045947 (VIOLATED)
_38987_/A1                              3.000000    3.045926   -0.045926 (VIOLATED)
_38795_/A1                              3.000000    3.045893   -0.045894 (VIOLATED)
max_cap702/I                            3.000000    3.045856   -0.045856 (VIOLATED)
_37825_/Z                               3.000000    3.045839   -0.045839 (VIOLATED)
_38668_/A1                              3.000000    3.045839   -0.045839 (VIOLATED)
_30937_/ZN                              3.000000    3.044019   -0.044019 (VIOLATED)
_30944_/A1                              3.000000    3.044019   -0.044019 (VIOLATED)
_36294_/A3                              3.000000    3.043730   -0.043730 (VIOLATED)
_35612_/I                               3.000000    3.043697   -0.043697 (VIOLATED)
_35522_/A2                              3.000000    3.043677   -0.043677 (VIOLATED)
_35505_/Z                               3.000000    3.043643   -0.043643 (VIOLATED)
wire1314/I                              3.000000    3.043643   -0.043643 (VIOLATED)
_35875_/B2                              3.000000    3.040062   -0.040062 (VIOLATED)
load_slew1317/I                         3.000000    3.040046   -0.040046 (VIOLATED)
_35803_/A1                              3.000000    3.040044   -0.040044 (VIOLATED)
_36532_/B1                              3.000000    3.040042   -0.040042 (VIOLATED)
_35471_/Z                               3.000000    3.040032   -0.040032 (VIOLATED)
_33502_/A2                              3.000000    3.031589   -0.031589 (VIOLATED)
_47339_/A2                              3.000000    3.031539   -0.031539 (VIOLATED)
_33501_/ZN                              3.000000    3.031439   -0.031440 (VIOLATED)
_37084_/A2                              3.000000    3.031439   -0.031440 (VIOLATED)
_53988_/A3                              3.000000    3.031206   -0.031206 (VIOLATED)
_53781_/A3                              3.000000    3.031202   -0.031202 (VIOLATED)
_53885_/A3                              3.000000    3.031194   -0.031195 (VIOLATED)
_53679_/A3                              3.000000    3.031192   -0.031192 (VIOLATED)
_53574_/A3                              3.000000    3.031184   -0.031184 (VIOLATED)
_53472_/A3                              3.000000    3.031181   -0.031181 (VIOLATED)
_53371_/A3                              3.000000    3.031171   -0.031171 (VIOLATED)
_53172_/A3                              3.000000    3.031170   -0.031170 (VIOLATED)
_53271_/A3                              3.000000    3.031169   -0.031169 (VIOLATED)
_53070_/A3                              3.000000    3.031158   -0.031158 (VIOLATED)
_53069_/Z                               3.000000    3.031129   -0.031129 (VIOLATED)
_31203_/B                               3.000000    3.029533   -0.029533 (VIOLATED)
_31243_/B                               3.000000    3.029531   -0.029531 (VIOLATED)
_31236_/B                               3.000000    3.029531   -0.029531 (VIOLATED)
fanout1663/I                            3.000000    3.029500   -0.029500 (VIOLATED)
_30035_/B                               3.000000    3.029422   -0.029422 (VIOLATED)
fanout1665/I                            3.000000    3.029421   -0.029421 (VIOLATED)
_48120_/A2                              3.000000    3.029411   -0.029411 (VIOLATED)
_48122_/A2                              3.000000    3.029411   -0.029411 (VIOLATED)
fanout1666/Z                            3.000000    3.029411   -0.029411 (VIOLATED)
_34276_/B1                              3.000000    3.024565   -0.024565 (VIOLATED)
load_slew1422/I                         3.000000    3.024550   -0.024550 (VIOLATED)
_34223_/Z                               3.000000    3.024446   -0.024446 (VIOLATED)
_34460_/A1                              3.000000    3.024446   -0.024446 (VIOLATED)
_35124_/A1                              3.000000    3.024446   -0.024446 (VIOLATED)
_36106_/A1                              3.000000    3.016111   -0.016112 (VIOLATED)
_36070_/B1                              3.000000    3.016095   -0.016096 (VIOLATED)
_35495_/Z                               3.000000    3.015981   -0.015982 (VIOLATED)
_36248_/A1                              3.000000    3.015981   -0.015982 (VIOLATED)
wire1315/I                              3.000000    3.015981   -0.015982 (VIOLATED)
_34569_/A2                              3.000000    3.015455   -0.015456 (VIOLATED)
_33856_/A2                              3.000000    3.015435   -0.015435 (VIOLATED)
_33889_/A2                              3.000000    3.015431   -0.015431 (VIOLATED)
_33894_/A2                              3.000000    3.015423   -0.015423 (VIOLATED)
_33741_/Z                               3.000000    3.015352   -0.015352 (VIOLATED)
wire1223/I                              3.000000    3.015352   -0.015352 (VIOLATED)
_34294_/A2                              3.000000    3.012115   -0.012116 (VIOLATED)
max_cap1338/I                           3.000000    3.012111   -0.012111 (VIOLATED)
_35050_/A2                              3.000000    3.012080   -0.012080 (VIOLATED)
_34372_/I                               3.000000    3.012071   -0.012071 (VIOLATED)
_34202_/Z                               3.000000    3.012060   -0.012061 (VIOLATED)
_35030_/A2                              3.000000    3.012060   -0.012061 (VIOLATED)
_30719_/B                               3.000000    3.008978   -0.008979 (VIOLATED)
_30624_/B                               3.000000    3.008976   -0.008977 (VIOLATED)
_30482_/B                               3.000000    3.008971   -0.008971 (VIOLATED)
_30475_/B                               3.000000    3.008967   -0.008967 (VIOLATED)
_30305_/B                               3.000000    3.008960   -0.008960 (VIOLATED)
_30421_/B                               3.000000    3.008953   -0.008953 (VIOLATED)
_30298_/B                               3.000000    3.008941   -0.008941 (VIOLATED)
_31286_/B                               3.000000    3.008918   -0.008918 (VIOLATED)
_31321_/B                               3.000000    3.008916   -0.008916 (VIOLATED)
fanout1664/I                            3.000000    3.008870   -0.008870 (VIOLATED)
fanout1665/Z                            3.000000    3.008870   -0.008870 (VIOLATED)
_52024_/A1                              3.000000    3.008713   -0.008714 (VIOLATED)
_52335_/A1                              3.000000    3.008712   -0.008712 (VIOLATED)
_52135_/A1                              3.000000    3.008707   -0.008707 (VIOLATED)
_52541_/A1                              3.000000    3.008706   -0.008706 (VIOLATED)
_52235_/A1                              3.000000    3.008706   -0.008706 (VIOLATED)
_52439_/A1                              3.000000    3.008705   -0.008705 (VIOLATED)
_52643_/A1                              3.000000    3.008697   -0.008697 (VIOLATED)
_52749_/A1                              3.000000    3.008685   -0.008685 (VIOLATED)
_52958_/A1                              3.000000    3.008625   -0.008625 (VIOLATED)
_52021_/Z                               3.000000    3.008611   -0.008612 (VIOLATED)
_52854_/A1                              3.000000    3.008611   -0.008612 (VIOLATED)
_42481_/A1                              3.000000    3.007092   -0.007092 (VIOLATED)
_42579_/A1                              3.000000    3.007083   -0.007083 (VIOLATED)
_41809_/A1                              3.000000    3.007079   -0.007079 (VIOLATED)
load_slew757/I                          3.000000    3.007077   -0.007077 (VIOLATED)
_41808_/Z                               3.000000    3.007011   -0.007011 (VIOLATED)
_35906_/A1                              3.000000    3.005934   -0.005934 (VIOLATED)
_36307_/A2                              3.000000    3.005924   -0.005924 (VIOLATED)
_36474_/A1                              3.000000    3.005874   -0.005874 (VIOLATED)
_35457_/Z                               3.000000    3.005850   -0.005850 (VIOLATED)
max_cap1157/I                           3.000000    3.005850   -0.005850 (VIOLATED)
_43013_/I                               3.000000    3.005517   -0.005517 (VIOLATED)
_43437_/I                               3.000000    3.005515   -0.005515 (VIOLATED)
_43385_/I                               3.000000    3.005514   -0.005514 (VIOLATED)
_43333_/I                               3.000000    3.005513   -0.005513 (VIOLATED)
_42957_/I                               3.000000    3.005510   -0.005510 (VIOLATED)
_42956_/Z                               3.000000    3.005500   -0.005500 (VIOLATED)
_43065_/I                               3.000000    3.005500   -0.005500 (VIOLATED)
_43119_/I                               3.000000    3.005500   -0.005500 (VIOLATED)
_43171_/I                               3.000000    3.005500   -0.005500 (VIOLATED)
_43225_/I                               3.000000    3.005500   -0.005500 (VIOLATED)
_43281_/I                               3.000000    3.005500   -0.005500 (VIOLATED)
_34840_/A1                              3.000000    3.000719   -0.000719 (VIOLATED)
_34387_/A2                              3.000000    3.000718   -0.000718 (VIOLATED)
_34447_/A1                              3.000000    3.000716   -0.000717 (VIOLATED)
_34786_/A2                              3.000000    3.000712   -0.000712 (VIOLATED)
max_cap734/I                            3.000000    3.000681   -0.000681 (VIOLATED)
_33294_/Z                               3.000000    3.000652   -0.000652 (VIOLATED)
_33316_/A1                              3.000000    3.000652   -0.000652 (VIOLATED)

max fanout

Pin                                   Limit Fanout  Slack
---------------------------------------------------------
clkbuf_0_i_core_v_mini_mcu.memory_subsystem_i.clk_cg/Z     10     16     -6 (VIOLATED)

max capacitance

Pin                                        Limit         Cap       Slack
------------------------------------------------------------------------
clkbuf_0_i_core_v_mini_mcu.memory_subsystem_i.clk_cg/Z    0.200000    0.414172   -0.214172 (VIOLATED)
clkbuf_0_i_core_v_mini_mcu.peripheral_subsystem_i.clk_cg/Z    0.200000    0.307740   -0.107740 (VIOLATED)
clkbuf_0_clk_i_regs/Z                   0.200000    0.235556   -0.035556 (VIOLATED)
max_cap129/Z                            0.200000    0.233971   -0.033971 (VIOLATED)
clkbuf_0_i_core_v_mini_mcu.cpu_subsystem_i.cpu_0_0.clk_i/Z    0.200000    0.216001   -0.016001 (VIOLATED)
wire1922/Z                              0.200000    0.214474   -0.014474 (VIOLATED)
clkbuf_0_i_core_v_mini_mcu.cpu_subsystem_i.cpu_1_0.clk_i/Z    0.200000    0.212525   -0.012525 (VIOLATED)
clk_i                                   0.200000    0.212006   -0.012006 (VIOLATED)
wire1929/Z                              0.200000    0.209261   -0.009261 (VIOLATED)
_44809_/Z                               0.200000    0.202831   -0.002831 (VIOLATED)
wire1923/Z                              0.200000    0.202463   -0.002463 (VIOLATED)



===========================================================================
report_parasitic_annotation -report_unannotated
============================================================================
Found 227 unannotated drivers.
 clkload0/Z
 clkload1/Z
 clkload10/ZN
 clkload100/Z
 clkload101/Z
 clkload102/Z
 clkload103/Z
 clkload104/Z
 clkload105/Z
 clkload106/Z
 clkload107/Z
 clkload108/Z
 clkload109/Z
 clkload11/ZN
 clkload110/Z
 clkload111/ZN
 clkload112/Z
 clkload113/ZN
 clkload114/ZN
 clkload115/ZN
 clkload116/ZN
 clkload117/ZN
 clkload118/Z
 clkload119/ZN
 clkload12/Z
 clkload120/ZN
 clkload121/ZN
 clkload122/Z
 clkload123/Z
 clkload124/ZN
 clkload125/ZN
 clkload126/ZN
 clkload127/ZN
 clkload128/Z
 clkload129/ZN
 clkload13/Z
 clkload130/ZN
 clkload131/Z
 clkload132/ZN
 clkload133/Z
 clkload134/ZN
 clkload135/Z
 clkload136/Z
 clkload137/Z
 clkload138/ZN
 clkload139/ZN
 clkload14/ZN
 clkload140/ZN
 clkload141/Z
 clkload142/Z
 clkload143/ZN
 clkload144/ZN
 clkload145/ZN
 clkload146/ZN
 clkload147/ZN
 clkload148/ZN
 clkload149/ZN
 clkload15/Z
 clkload150/ZN
 clkload151/ZN
 clkload152/ZN
 clkload153/Z
 clkload154/ZN
 clkload155/Z
 clkload156/Z
 clkload157/Z
 clkload158/Z
 clkload159/ZN
 clkload16/Z
 clkload160/ZN
 clkload161/Z
 clkload162/Z
 clkload163/ZN
 clkload164/Z
 clkload165/ZN
 clkload166/ZN
 clkload167/ZN
 clkload168/Z
 clkload169/ZN
 clkload17/ZN
 clkload170/Z
 clkload171/ZN
 clkload172/Z
 clkload173/ZN
 clkload174/Z
 clkload175/ZN
 clkload176/ZN
 clkload177/ZN
 clkload178/ZN
 clkload179/ZN
 clkload18/ZN
 clkload180/Z
 clkload181/Z
 clkload182/Z
 clkload183/Z
 clkload184/Z
 clkload185/ZN
 clkload186/Z
 clkload187/ZN
 clkload188/Z
 clkload189/Z
 clkload19/ZN
 clkload190/Z
 clkload191/Z
 clkload192/ZN
 clkload193/ZN
 clkload194/Z
 clkload195/ZN
 clkload196/Z
 clkload197/ZN
 clkload198/Z
 clkload199/ZN
 clkload2/Z
 clkload20/ZN
 clkload200/Z
 clkload201/ZN
 clkload202/ZN
 clkload203/ZN
 clkload204/ZN
 clkload205/ZN
 clkload206/ZN
 clkload207/ZN
 clkload208/Z
 clkload209/Z
 clkload21/Z
 clkload210/ZN
 clkload211/ZN
 clkload212/ZN
 clkload213/ZN
 clkload214/Z
 clkload215/Z
 clkload216/Z
 clkload217/Z
 clkload218/ZN
 clkload219/ZN
 clkload22/Z
 clkload220/Z
 clkload221/ZN
 clkload222/ZN
 clkload223/ZN
 clkload224/ZN
 clkload225/Z
 clkload226/Z
 clkload23/Z
 clkload24/ZN
 clkload25/Z
 clkload26/ZN
 clkload27/Z
 clkload28/ZN
 clkload29/Z
 clkload3/Z
 clkload30/ZN
 clkload31/ZN
 clkload32/Z
 clkload33/ZN
 clkload34/ZN
 clkload35/ZN
 clkload36/Z
 clkload37/ZN
 clkload38/ZN
 clkload39/ZN
 clkload4/Z
 clkload40/ZN
 clkload41/ZN
 clkload42/ZN
 clkload43/ZN
 clkload44/ZN
 clkload45/ZN
 clkload46/ZN
 clkload47/ZN
 clkload48/Z
 clkload49/Z
 clkload5/Z
 clkload50/ZN
 clkload51/ZN
 clkload52/ZN
 clkload53/ZN
 clkload54/Z
 clkload55/Z
 clkload56/Z
 clkload57/ZN
 clkload58/ZN
 clkload59/ZN
 clkload6/Z
 clkload60/ZN
 clkload61/Z
 clkload62/Z
 clkload63/ZN
 clkload64/ZN
 clkload65/ZN
 clkload66/ZN
 clkload67/ZN
 clkload68/Z
 clkload69/ZN
 clkload7/Z
 clkload70/ZN
 clkload71/ZN
 clkload72/Z
 clkload73/ZN
 clkload74/ZN
 clkload75/Z
 clkload76/ZN
 clkload77/ZN
 clkload78/ZN
 clkload79/Z
 clkload8/Z
 clkload80/Z
 clkload81/Z
 clkload82/Z
 clkload83/Z
 clkload84/ZN
 clkload85/ZN
 clkload86/ZN
 clkload87/Z
 clkload88/Z
 clkload89/Z
 clkload9/ZN
 clkload90/Z
 clkload91/ZN
 clkload92/ZN
 clkload93/ZN
 clkload94/Z
 clkload95/Z
 clkload96/Z
 clkload97/Z
 clkload98/Z
 clkload99/Z
Found 0 partially unannotated drivers.

===========================================================================
max slew violation count 627
max fanout violation count 1
max cap violation count 11
============================================================================

===========================================================================
check_setup -verbose -unconstrained_endpoints -multiple_clock -no_clock -no_input_delay -loops -generated_clocks
===========================================================================
