Clock: clk_i
Sources: clk_i 
Generated: no
Virtual: yes
Propagated: no
Period: 100.000000

===========================================================================
report_clock_properties
============================================================================
Clock                   Period          Waveform
----------------------------------------------------
clk_i               100.000000    0.000000 50.000000

===========================================================================
report_clock_latency
============================================================================
Clock clk_i
rise -> rise
    min     max
0.000000 0.000000 source latency
4.906188         network latency _61480_/CLK
        5.617846 network latency _58213_/CLK
---------------
4.906188 5.617846 latency
        0.711657 skew

fall -> fall
    min     max
0.000000 0.000000 source latency
4.403013         network latency _61480_/CLK
        5.281312 network latency _59047_/CLK
---------------
4.403013 5.281312 latency
        0.878298 skew



===========================================================================
report_clock_min_period
============================================================================
clk_i period_min = 36.75 fmax = 27.21
