Net: _12226_
  Pin:   _35115_/I (gf180mcu_fd_sc_mcu7t5v0__buf_1)
    Layer: Via1
      Partial area ratio:    0.14
      Required ratio:   20.00 (Gate area) 
      Cumulative area ratio:    0.14
      Required ratio:    0.00 (Cumulative area) 

    Layer: Metal2
      Partial area ratio:    1.92
      Required ratio:    0.00 (Gate area) 
      Cumulative area ratio:    1.92
      Required ratio:    0.00 (Cumulative area) 
      Partial area ratio:    7.79
      Required ratio:  400.00 (Side area) 
      Cumulative area ratio:    7.79
      Required ratio:    0.00 (Cumulative side area) 

    Layer: Via2
      Partial area ratio:    0.27
      Required ratio:   20.00 (Gate area) 
      Cumulative area ratio:    0.41
      Required ratio:    0.00 (Cumulative area) 

    Layer: Metal3
      Partial area ratio:    5.13
      Required ratio:    0.00 (Gate area) 
      Cumulative area ratio:    7.05
      Required ratio:    0.00 (Cumulative area) 
      Partial area ratio:   20.19
      Required ratio:  400.00 (Side area) 
      Cumulative area ratio:   27.99
      Required ratio:    0.00 (Cumulative side area) 

    Layer: Via3
      Partial area ratio:    0.14
      Required ratio:   20.00 (Gate area) 
      Cumulative area ratio:    0.54
      Required ratio:    0.00 (Cumulative area) 

    Layer: Metal4
      Partial area ratio:  108.79
      Required ratio:    0.00 (Gate area) 
      Cumulative area ratio:  115.83
      Required ratio:    0.00 (Cumulative area) 
      Partial area ratio:  420.21
      Required ratio:  400.00 (Side area) (VIOLATED)
      Cumulative area ratio:  448.20
      Required ratio:    0.00 (Cumulative side area) 

    Layer: Via4
      Partial area ratio:    0.14
      Required ratio:   20.00 (Gate area) 
      Cumulative area ratio:    0.68
      Required ratio:    0.00 (Cumulative area) 

    Layer: Metal5
      Partial area ratio:    1.23
      Required ratio:    0.00 (Gate area) 
      Cumulative area ratio:  117.06
      Required ratio:    0.00 (Cumulative area) 
      Partial area ratio:    6.68
      Required ratio:  400.00 (Side area) 
      Cumulative area ratio:  454.88
      Required ratio:    0.00 (Cumulative side area) 


  Pin:   _35707_/A2 (gf180mcu_fd_sc_mcu7t5v0__nand4_1)
    Layer: Metal1
      Partial area ratio:    0.01
      Required ratio:    0.00 (Gate area) 
      Cumulative area ratio:    0.01
      Required ratio:    0.00 (Cumulative area) 
      Partial area ratio:    0.66
      Required ratio:  400.00 (Side area) 
      Cumulative area ratio:    0.66
      Required ratio:    0.00 (Cumulative side area) 

    Layer: Via1
      Partial area ratio:    0.07
      Required ratio:   20.00 (Gate area) 
      Cumulative area ratio:    0.07
      Required ratio:    0.00 (Cumulative area) 

    Layer: Metal2
      Partial area ratio:    0.84
      Required ratio:    0.00 (Gate area) 
      Cumulative area ratio:    0.85
      Required ratio:    0.00 (Cumulative area) 
      Partial area ratio:    3.55
      Required ratio:  400.00 (Side area) 
      Cumulative area ratio:    4.22
      Required ratio:    0.00 (Cumulative side area) 

    Layer: Via2
      Partial area ratio:    0.15
      Required ratio:   20.00 (Gate area) 
      Cumulative area ratio:    0.22
      Required ratio:    0.00 (Cumulative area) 

    Layer: Metal3
      Partial area ratio:    2.80
      Required ratio:    0.00 (Gate area) 
      Cumulative area ratio:    3.65
      Required ratio:    0.00 (Cumulative area) 
      Partial area ratio:   11.48
      Required ratio:  400.00 (Side area) 
      Cumulative area ratio:   15.70
      Required ratio:    0.00 (Cumulative side area) 

    Layer: Via3
      Partial area ratio:    0.15
      Required ratio:   20.00 (Gate area) 
      Cumulative area ratio:    0.37
      Required ratio:    0.00 (Cumulative area) 

    Layer: Metal4
      Partial area ratio:    0.72
      Required ratio:    0.00 (Gate area) 
      Cumulative area ratio:    4.38
      Required ratio:    0.00 (Cumulative area) 
      Partial area ratio:    2.83
      Required ratio:  400.00 (Side area) 
      Cumulative area ratio:   18.52
      Required ratio:    0.00 (Cumulative side area) 

    Layer: Via4
      Partial area ratio:    0.01
      Required ratio:    0.00 (Gate area) 
      Cumulative area ratio:    0.38
      Required ratio:    0.00 (Cumulative area) 

    Layer: Metal5
      Partial area ratio:    1.23
      Required ratio:    0.00 (Gate area) 
      Cumulative area ratio:    5.60
      Required ratio:    0.00 (Cumulative area) 
      Partial area ratio:    6.68
      Required ratio:  400.00 (Side area) 
      Cumulative area ratio:   25.20
      Required ratio:    0.00 (Cumulative side area) 


  Pin:   _35720_/A2 (gf180mcu_fd_sc_mcu7t5v0__nand4_1)
    Layer: Metal1
      Partial area ratio:    0.01
      Required ratio:    0.00 (Gate area) 
      Cumulative area ratio:    0.01
      Required ratio:    0.00 (Cumulative area) 
      Partial area ratio:    0.66
      Required ratio:  400.00 (Side area) 
      Cumulative area ratio:    0.66
      Required ratio:    0.00 (Cumulative side area) 

    Layer: Via1
      Partial area ratio:    0.07
      Required ratio:   20.00 (Gate area) 
      Cumulative area ratio:    0.07
      Required ratio:    0.00 (Cumulative area) 

    Layer: Metal2
      Partial area ratio:    2.21
      Required ratio:    0.00 (Gate area) 
      Cumulative area ratio:    2.22
      Required ratio:    0.00 (Cumulative area) 
      Partial area ratio:    8.85
      Required ratio:  400.00 (Side area) 
      Cumulative area ratio:    9.51
      Required ratio:    0.00 (Cumulative side area) 

    Layer: Via2
      Partial area ratio:    0.15
      Required ratio:   20.00 (Gate area) 
      Cumulative area ratio:    0.22
      Required ratio:    0.00 (Cumulative area) 

    Layer: Metal3
      Partial area ratio:    0.23
      Required ratio:    0.00 (Gate area) 
      Cumulative area ratio:    2.45
      Required ratio:    0.00 (Cumulative area) 
      Partial area ratio:    1.56
      Required ratio:  400.00 (Side area) 
      Cumulative area ratio:   11.07
      Required ratio:    0.00 (Cumulative side area) 

    Layer: Via3
      Partial area ratio:    0.07
      Required ratio:   20.00 (Gate area) 
      Cumulative area ratio:    0.30
      Required ratio:    0.00 (Cumulative area) 

    Layer: Metal4
      Partial area ratio:    7.86
      Required ratio:    0.00 (Gate area) 
      Cumulative area ratio:   10.31
      Required ratio:    0.00 (Cumulative area) 
      Partial area ratio:   30.66
      Required ratio:  400.00 (Side area) 
      Cumulative area ratio:   41.72
      Required ratio:    0.00 (Cumulative side area) 

    Layer: Via4
      Partial area ratio:    0.07
      Required ratio:   20.00 (Gate area) 
      Cumulative area ratio:    0.37
      Required ratio:    0.00 (Cumulative area) 

    Layer: Metal5
      Partial area ratio:    1.23
      Required ratio:    0.00 (Gate area) 
      Cumulative area ratio:   11.54
      Required ratio:    0.00 (Cumulative area) 
      Partial area ratio:    6.68
      Required ratio:  400.00 (Side area) 
      Cumulative area ratio:   48.41
      Required ratio:    0.00 (Cumulative side area) 


  Pin:   _40211_/A2 (gf180mcu_fd_sc_mcu7t5v0__nand2_1)
    Layer: Metal1
      Partial area ratio:    0.00
      Required ratio:    0.00 (Gate area) 
      Cumulative area ratio:    0.00
      Required ratio:    0.00 (Cumulative area) 
      Partial area ratio:    0.55
      Required ratio:  400.00 (Side area) 
      Cumulative area ratio:    0.55
      Required ratio:    0.00 (Cumulative side area) 

    Layer: Via1
      Partial area ratio:    0.06
      Required ratio:   20.00 (Gate area) 
      Cumulative area ratio:    0.06
      Required ratio:    0.00 (Cumulative area) 

    Layer: Metal2
      Partial area ratio:    0.95
      Required ratio:    0.00 (Gate area) 
      Cumulative area ratio:    0.96
      Required ratio:    0.00 (Cumulative area) 
      Partial area ratio:    3.96
      Required ratio:  400.00 (Side area) 
      Cumulative area ratio:    4.50
      Required ratio:    0.00 (Cumulative side area) 

    Layer: Via2
      Partial area ratio:    0.13
      Required ratio:   20.00 (Gate area) 
      Cumulative area ratio:    0.19
      Required ratio:    0.00 (Cumulative area) 

    Layer: Metal3
      Partial area ratio:    0.20
      Required ratio:    0.00 (Gate area) 
      Cumulative area ratio:    1.16
      Required ratio:    0.00 (Cumulative area) 
      Partial area ratio:    1.35
      Required ratio:  400.00 (Side area) 
      Cumulative area ratio:    5.85
      Required ratio:    0.00 (Cumulative side area) 

    Layer: Via3
      Partial area ratio:    0.06
      Required ratio:   20.00 (Gate area) 
      Cumulative area ratio:    0.26
      Required ratio:    0.00 (Cumulative area) 

    Layer: Metal4
      Partial area ratio:    0.72
      Required ratio:    0.00 (Gate area) 
      Cumulative area ratio:    1.88
      Required ratio:    0.00 (Cumulative area) 
      Partial area ratio:    2.83
      Required ratio:  400.00 (Side area) 
      Cumulative area ratio:    8.68
      Required ratio:    0.00 (Cumulative side area) 

    Layer: Via4
      Partial area ratio:    0.01
      Required ratio:    0.00 (Gate area) 
      Cumulative area ratio:    0.27
      Required ratio:    0.00 (Cumulative area) 

    Layer: Metal5
      Partial area ratio:    1.23
      Required ratio:    0.00 (Gate area) 
      Cumulative area ratio:    3.11
      Required ratio:    0.00 (Cumulative area) 
      Partial area ratio:    6.68
      Required ratio:  400.00 (Side area) 
      Cumulative area ratio:   15.36
      Required ratio:    0.00 (Cumulative side area) 


  Pin:   load_slew1178/I (gf180mcu_fd_sc_mcu7t5v0__buf_4)
    Layer: Via1
      Partial area ratio:    0.03
      Required ratio:   20.00 (Gate area) 
      Cumulative area ratio:    0.03
      Required ratio:    0.00 (Cumulative area) 

    Layer: Metal2
      Partial area ratio:    0.13
      Required ratio:    0.00 (Gate area) 
      Cumulative area ratio:    0.13
      Required ratio:    0.00 (Cumulative area) 
      Partial area ratio:    0.65
      Required ratio:  400.00 (Side area) 
      Cumulative area ratio:    0.65
      Required ratio:    0.00 (Cumulative side area) 

    Layer: Via2
      Partial area ratio:    0.06
      Required ratio:   20.00 (Gate area) 
      Cumulative area ratio:    0.09
      Required ratio:    0.00 (Cumulative area) 

    Layer: Metal3
      Partial area ratio:    0.55
      Required ratio:    0.00 (Gate area) 
      Cumulative area ratio:    0.68
      Required ratio:    0.00 (Cumulative area) 
      Partial area ratio:    2.19
      Required ratio:  400.00 (Side area) 
      Cumulative area ratio:    2.84
      Required ratio:    0.00 (Cumulative side area) 

    Layer: Via3
      Partial area ratio:    0.02
      Required ratio:    0.00 (Gate area) 
      Cumulative area ratio:    0.11
      Required ratio:    0.00 (Cumulative area) 

    Layer: Metal4
      Partial area ratio:    0.72
      Required ratio:    0.00 (Gate area) 
      Cumulative area ratio:    1.41
      Required ratio:    0.00 (Cumulative area) 
      Partial area ratio:    2.83
      Required ratio:  400.00 (Side area) 
      Cumulative area ratio:    5.67
      Required ratio:    0.00 (Cumulative side area) 

    Layer: Via4
      Partial area ratio:    0.01
      Required ratio:    0.00 (Gate area) 
      Cumulative area ratio:    0.12
      Required ratio:    0.00 (Cumulative area) 

    Layer: Metal5
      Partial area ratio:    1.23
      Required ratio:    0.00 (Gate area) 
      Cumulative area ratio:    2.63
      Required ratio:    0.00 (Cumulative area) 
      Partial area ratio:    6.68
      Required ratio:  400.00 (Side area) 
      Cumulative area ratio:   12.35
      Required ratio:    0.00 (Cumulative side area) 


  Pin:   load_slew1179/I (gf180mcu_fd_sc_mcu7t5v0__buf_4)
    Layer: Via1
      Partial area ratio:    0.03
      Required ratio:   20.00 (Gate area) 
      Cumulative area ratio:    0.03
      Required ratio:    0.00 (Cumulative area) 

    Layer: Metal2
      Partial area ratio:    0.13
      Required ratio:    0.00 (Gate area) 
      Cumulative area ratio:    0.13
      Required ratio:    0.00 (Cumulative area) 
      Partial area ratio:    0.65
      Required ratio:  400.00 (Side area) 
      Cumulative area ratio:    0.65
      Required ratio:    0.00 (Cumulative side area) 

    Layer: Via2
      Partial area ratio:    0.06
      Required ratio:   20.00 (Gate area) 
      Cumulative area ratio:    0.09
      Required ratio:    0.00 (Cumulative area) 

    Layer: Metal3
      Partial area ratio:    0.55
      Required ratio:    0.00 (Gate area) 
      Cumulative area ratio:    0.68
      Required ratio:    0.00 (Cumulative area) 
      Partial area ratio:    2.19
      Required ratio:  400.00 (Side area) 
      Cumulative area ratio:    2.84
      Required ratio:    0.00 (Cumulative side area) 

    Layer: Via3
      Partial area ratio:    0.02
      Required ratio:    0.00 (Gate area) 
      Cumulative area ratio:    0.11
      Required ratio:    0.00 (Cumulative area) 

    Layer: Metal4
      Partial area ratio:    0.72
      Required ratio:    0.00 (Gate area) 
      Cumulative area ratio:    1.41
      Required ratio:    0.00 (Cumulative area) 
      Partial area ratio:    2.83
      Required ratio:  400.00 (Side area) 
      Cumulative area ratio:    5.67
      Required ratio:    0.00 (Cumulative side area) 

    Layer: Via4
      Partial area ratio:    0.01
      Required ratio:    0.00 (Gate area) 
      Cumulative area ratio:    0.12
      Required ratio:    0.00 (Cumulative area) 

    Layer: Metal5
      Partial area ratio:    1.23
      Required ratio:    0.00 (Gate area) 
      Cumulative area ratio:    2.63
      Required ratio:    0.00 (Cumulative area) 
      Partial area ratio:    6.68
      Required ratio:  400.00 (Side area) 
      Cumulative area ratio:   12.35
      Required ratio:    0.00 (Cumulative side area) 



Net: net1600
  Pin:   i_core_v_mini_mcu.cpu_subsystem_i.hart_clock_gate_1_0.u_icg/TE (gf180mcu_fd_sc_mcu7t5v0__icgtp_1)
    Layer: Via1
      Partial area ratio:    0.10
      Required ratio:   20.00 (Gate area) 
      Cumulative area ratio:    0.10
      Required ratio:    0.00 (Cumulative area) 

    Layer: Metal2
      Partial area ratio:  109.17
      Required ratio:    0.00 (Gate area) 
      Cumulative area ratio:  109.17
      Required ratio:    0.00 (Cumulative area) 
      Partial area ratio:  421.53
      Required ratio:  400.00 (Side area) (VIOLATED)
      Cumulative area ratio:  421.53
      Required ratio:    0.00 (Cumulative side area) 

    Layer: Via2
      Partial area ratio:    0.19
      Required ratio:   20.00 (Gate area) 
      Cumulative area ratio:    0.29
      Required ratio:    0.00 (Cumulative area) 

    Layer: Metal3
      Partial area ratio:   17.12
      Required ratio:    0.00 (Gate area) 
      Cumulative area ratio:  126.29
      Required ratio:    0.00 (Cumulative area) 
      Partial area ratio:   66.88
      Required ratio:  400.00 (Side area) 
      Cumulative area ratio:  488.42
      Required ratio:    0.00 (Cumulative side area) 

    Layer: Via3
      Partial area ratio:    0.10
      Required ratio:   20.00 (Gate area) 
      Cumulative area ratio:    0.39
      Required ratio:    0.00 (Cumulative area) 

    Layer: Metal4
      Partial area ratio:   20.37
      Required ratio:    0.00 (Gate area) 
      Cumulative area ratio:  146.66
      Required ratio:    0.00 (Cumulative area) 
      Partial area ratio:   78.99
      Required ratio:  400.00 (Side area) 
      Cumulative area ratio:  567.41
      Required ratio:    0.00 (Cumulative side area) 

    Layer: Via4
      Partial area ratio:    0.10
      Required ratio:   20.00 (Gate area) 
      Cumulative area ratio:    0.48
      Required ratio:    0.00 (Cumulative area) 

    Layer: Metal5
      Partial area ratio:   16.36
      Required ratio:    0.00 (Gate area) 
      Cumulative area ratio:  163.02
      Required ratio:    0.00 (Cumulative area) 
      Partial area ratio:   88.67
      Required ratio:  400.00 (Side area) 
      Cumulative area ratio:  656.07
      Required ratio:    0.00 (Cumulative side area) 



Net: net1
  Pin:   _60430_/D (gf180mcu_fd_sc_mcu7t5v0__dffrnq_1)
    Layer: Via1
      Partial area ratio:    0.11
      Required ratio:   20.00 (Gate area) 
      Cumulative area ratio:    0.11
      Required ratio:    0.00 (Cumulative area) 

    Layer: Metal2
      Partial area ratio:  250.54
      Required ratio:    0.00 (Gate area) 
      Cumulative area ratio:  250.54
      Required ratio:    0.00 (Cumulative area) 
      Partial area ratio:  966.86
      Required ratio:  400.00 (Side area) (VIOLATED)
      Cumulative area ratio:  966.86
      Required ratio:    0.00 (Cumulative side area) 

    Layer: Via2
      Partial area ratio:    0.22
      Required ratio:   20.00 (Gate area) 
      Cumulative area ratio:    0.33
      Required ratio:    0.00 (Cumulative area) 

    Layer: Metal3
      Partial area ratio:    0.19
      Required ratio:    0.00 (Gate area) 
      Cumulative area ratio:  250.73
      Required ratio:    0.00 (Cumulative area) 
      Partial area ratio:    0.80
      Required ratio:  400.00 (Side area) 
      Cumulative area ratio:  967.66
      Required ratio:    0.00 (Cumulative side area) 



Net: i_core_v_mini_mcu.ao_peripheral_subsystem_i.spi_subsystem_i.obi_spimemio_i.flash_io3_do_o
  Pin:   _61285_/I (gf180mcu_fd_sc_mcu7t5v0__buf_1)
    Layer: Via1
      Partial area ratio:    0.14
      Required ratio:   20.00 (Gate area) 
      Cumulative area ratio:    0.14
      Required ratio:    0.00 (Cumulative area) 

    Layer: Metal2
      Partial area ratio:  108.37
      Required ratio:    0.00 (Gate area) 
      Cumulative area ratio:  108.37
      Required ratio:    0.00 (Cumulative area) 
      Partial area ratio:  418.62
      Required ratio:  400.00 (Side area) (VIOLATED)
      Cumulative area ratio:  418.62
      Required ratio:    0.00 (Cumulative side area) 

    Layer: Via2
      Partial area ratio:    0.27
      Required ratio:   20.00 (Gate area) 
      Cumulative area ratio:    0.41
      Required ratio:    0.00 (Cumulative area) 

    Layer: Metal3
      Partial area ratio:    0.38
      Required ratio:    0.00 (Gate area) 
      Cumulative area ratio:  108.75
      Required ratio:    0.00 (Cumulative area) 
      Partial area ratio:    1.53
      Required ratio:  400.00 (Side area) 
      Cumulative area ratio:  420.15
      Required ratio:    0.00 (Cumulative side area) 



Net: i_core_v_mini_mcu.cpu_subsystem_i.hart_clock_enable_1_0
  Pin:   i_core_v_mini_mcu.cpu_subsystem_i.hart_clock_gate_1_0.u_icg/E (gf180mcu_fd_sc_mcu7t5v0__icgtp_1)
    Layer: Via1
      Partial area ratio:    0.10
      Required ratio:   20.00 (Gate area) 
      Cumulative area ratio:    0.10
      Required ratio:    0.00 (Cumulative area) 

    Layer: Metal2
      Partial area ratio:  106.36
      Required ratio:    0.00 (Gate area) 
      Cumulative area ratio:  106.36
      Required ratio:    0.00 (Cumulative area) 
      Partial area ratio:  410.67
      Required ratio:  400.00 (Side area) (VIOLATED)
      Cumulative area ratio:  410.67
      Required ratio:    0.00 (Cumulative side area) 

    Layer: Via2
      Partial area ratio:    0.19
      Required ratio:   20.00 (Gate area) 
      Cumulative area ratio:    0.29
      Required ratio:    0.00 (Cumulative area) 

    Layer: Metal3
      Partial area ratio:   23.84
      Required ratio:    0.00 (Gate area) 
      Cumulative area ratio:  130.20
      Required ratio:    0.00 (Cumulative area) 
      Partial area ratio:   92.82
      Required ratio:  400.00 (Side area) 
      Cumulative area ratio:  503.50
      Required ratio:    0.00 (Cumulative side area) 

    Layer: Via3
      Partial area ratio:    0.10
      Required ratio:   20.00 (Gate area) 
      Cumulative area ratio:    0.39
      Required ratio:    0.00 (Cumulative area) 

    Layer: Metal4
      Partial area ratio:   23.73
      Required ratio:    0.00 (Gate area) 
      Cumulative area ratio:  153.93
      Required ratio:    0.00 (Cumulative area) 
      Partial area ratio:   91.96
      Required ratio:  400.00 (Side area) 
      Cumulative area ratio:  595.46
      Required ratio:    0.00 (Cumulative side area) 

    Layer: Via4
      Partial area ratio:    0.10
      Required ratio:   20.00 (Gate area) 
      Cumulative area ratio:    0.48
      Required ratio:    0.00 (Cumulative area) 

    Layer: Metal5
      Partial area ratio:    6.28
      Required ratio:    0.00 (Gate area) 
      Cumulative area ratio:  160.21
      Required ratio:    0.00 (Cumulative area) 
      Partial area ratio:   34.02
      Required ratio:  400.00 (Side area) 
      Cumulative area ratio:  629.48
      Required ratio:    0.00 (Cumulative side area) 



Net: net1596
  Pin:   fanout1534/I (gf180mcu_fd_sc_mcu7t5v0__dlyb_1)
    Layer: Via1
      Partial area ratio:    0.17
      Required ratio:   20.00 (Gate area) 
      Cumulative area ratio:    0.17
      Required ratio:    0.00 (Cumulative area) 

    Layer: Metal2
      Partial area ratio:  156.94
      Required ratio:    0.00 (Gate area) 
      Cumulative area ratio:  156.94
      Required ratio:    0.00 (Cumulative area) 
      Partial area ratio:  606.12
      Required ratio:  400.00 (Side area) (VIOLATED)
      Cumulative area ratio:  606.12
      Required ratio:    0.00 (Cumulative side area) 

    Layer: Via2
      Partial area ratio:    0.51
      Required ratio:   20.00 (Gate area) 
      Cumulative area ratio:    0.68
      Required ratio:    0.00 (Cumulative area) 

    Layer: Metal3
      Partial area ratio:    3.84
      Required ratio:    0.00 (Gate area) 
      Cumulative area ratio:  160.78
      Required ratio:    0.00 (Cumulative area) 
      Partial area ratio:   14.84
      Required ratio:  400.00 (Side area) 
      Cumulative area ratio:  620.95
      Required ratio:    0.00 (Cumulative side area) 


  Pin:   fanout1593/I (gf180mcu_fd_sc_mcu7t5v0__dlyb_1)
    Layer: Via1
      Partial area ratio:    0.17
      Required ratio:   20.00 (Gate area) 
      Cumulative area ratio:    0.17
      Required ratio:    0.00 (Cumulative area) 

    Layer: Metal2
      Partial area ratio:    2.98
      Required ratio:    0.00 (Gate area) 
      Cumulative area ratio:    2.98
      Required ratio:    0.00 (Cumulative area) 
      Partial area ratio:   12.27
      Required ratio:  400.00 (Side area) 
      Cumulative area ratio:   12.27
      Required ratio:    0.00 (Cumulative side area) 

    Layer: Via2
      Partial area ratio:    0.34
      Required ratio:   20.00 (Gate area) 
      Cumulative area ratio:    0.51
      Required ratio:    0.00 (Cumulative area) 

    Layer: Metal3
      Partial area ratio:    3.84
      Required ratio:    0.00 (Gate area) 
      Cumulative area ratio:    6.82
      Required ratio:    0.00 (Cumulative area) 
      Partial area ratio:   14.84
      Required ratio:  400.00 (Side area) 
      Cumulative area ratio:   27.10
      Required ratio:    0.00 (Cumulative side area) 



[INFO ANT-0002] Found 6 net violations.
[INFO ANT-0001] Found 6 pin violations.
